*** Using Compiler 'V6.22', folder: 'D:\keil5\ARM\ARMCLANG\Bin'
Build target 'Target 1'
compiling nnom_tensor.c...
compiling nnom_layers.c...
compiling nnom_avgpool.c...
compiling nnom_dense.c...
compiling nnom_local.c...
compiling nnom_flatten.c...
compiling nnom_activation.c...
compiling nnom_lambda.c...
compiling nnom_conv2d_trans.c...
compiling nnom_dw_conv2d.c...
compiling nnom_reshape.c...
compiling nnom_cropping.c...
compiling nnom_global_pool.c...
compiling nnom_output.c...
compiling nnom_sumpool.c...
compiling nnom_concat.c...
compiling nnom_matrix.c...
compiling nnom_baselayer.c...
compiling nnom_upsample.c...
compiling nnom_utils.c...
compiling nnom_gru_cell.c...
compiling nnom_maxpool.c...
compiling nnom_simple_cell.c...
compiling nnom_conv2d.c...
compiling nnom_softmax.c...
compiling CyberryPotter.c...
compiling nnom_zero_padding.c...
compiling nnom_lstm_cell.c...
compiling nnom_local_q15.c...
compiling nnom_input.c...
compiling nnom_rnn.c...
compiling nnom.c...
compiling Delay.c...
compiling SPI.c...
compiling IMU.c...
compiling IIC.c...
compiling LED.c...
compiling USART.c...
compiling MPU6050.c...
compiling button.c...
compiling new_study_IR.c...
compiling inv_mpu_dmp_motion_driver.c...
compiling inv_mpu.c...
compiling protocol.c...
compiling main.c...
compiling module0.c...
compiling module1.c...
compiling module2.c...
compiling module3.c...
compiling retarget_io.c...
compiling module4.c...
compiling module5.c...
compiling module6.c...
compiling module7.c...
compiling module8.c...
compiling module9.c...
compiling misc.c...
compiling module10.c...
compiling stm32f10x_adc.c...
compiling stm32f10x_bkp.c...
compiling stm32f10x_can.c...
compiling stm32f10x_cec.c...
compiling stm32f10x_crc.c...
compiling stm32f10x_dac.c...
compiling stm32f10x_dbgmcu.c...
compiling stm32f10x_dma.c...
compiling stm32f10x_exti.c...
compiling stm32f10x_flash.c...
compiling stm32f10x_fsmc.c...
compiling stm32f10x_gpio.c...
compiling stm32f10x_i2c.c...
compiling stm32f10x_iwdg.c...
compiling stm32f10x_pwr.c...
compiling stm32f10x_rcc.c...
compiling stm32f10x_rtc.c...
compiling stm32f10x_sdio.c...
compiling stm32f10x_spi.c...
compiling stm32f10x_wwdg.c...
compiling stm32f10x_usart.c...
compiling system_stm32f10x.c...
compiling stm32f10x_tim.c...
linking...
Program Size: Code=44940 RO-data=13952 RW-data=116 ZI-data=15716  
FromELF: creating hex file...
".\Objects\CyberryPotter.axf" - 0 Error(s), 0 Warning(s).
Build Time Elapsed:  00:00:18
