Archive member included to satisfy reference by file (symbol)

C:/Program Files (x86)/Arm GNU Toolchain arm-none-eabi/14.2 Rel1/bin/../lib/gcc/arm-none-eabi/14.2.1/thumb/v7-m/nofp\libgcc.a(_arm_muldf3.o)
                              build/IMU.o (__aeabi_dmul)
C:/Program Files (x86)/Arm GNU Toolchain arm-none-eabi/14.2 Rel1/bin/../lib/gcc/arm-none-eabi/14.2.1/thumb/v7-m/nofp\libgcc.a(_arm_mulsf3.o)
                              build/MPU6050.o (__aeabi_fmul)
C:/Program Files (x86)/Arm GNU Toolchain arm-none-eabi/14.2 Rel1/bin/../lib/gcc/arm-none-eabi/14.2.1/thumb/v7-m/nofp\libgcc.a(_arm_addsubdf3.o)
                              build/IMU.o (__aeabi_i2d)
C:/Program Files (x86)/Arm GNU Toolchain arm-none-eabi/14.2 Rel1/bin/../lib/gcc/arm-none-eabi/14.2.1/thumb/v7-m/nofp\libgcc.a(_arm_muldivdf3.o)
                              build/IMU.o (__aeabi_ddiv)
C:/Program Files (x86)/Arm GNU Toolchain arm-none-eabi/14.2 Rel1/bin/../lib/gcc/arm-none-eabi/14.2.1/thumb/v7-m/nofp\libgcc.a(_arm_fixdfsi.o)
                              build/main.o (__aeabi_d2iz)
C:/Program Files (x86)/Arm GNU Toolchain arm-none-eabi/14.2 Rel1/bin/../lib/gcc/arm-none-eabi/14.2.1/thumb/v7-m/nofp\libgcc.a(_arm_truncdfsf2.o)
                              build/IMU.o (__aeabi_d2f)
C:/Program Files (x86)/Arm GNU Toolchain arm-none-eabi/14.2 Rel1/bin/../lib/gcc/arm-none-eabi/14.2.1/thumb/v7-m/nofp\libgcc.a(_arm_addsubsf3.o)
                              build/inv_mpu.o (__aeabi_fsub)
C:/Program Files (x86)/Arm GNU Toolchain arm-none-eabi/14.2 Rel1/bin/../lib/gcc/arm-none-eabi/14.2.1/thumb/v7-m/nofp\libgcc.a(_arm_muldivsf3.o)
                              build/inv_mpu.o (__aeabi_fdiv)
C:/Program Files (x86)/Arm GNU Toolchain arm-none-eabi/14.2 Rel1/bin/../lib/gcc/arm-none-eabi/14.2.1/thumb/v7-m/nofp\libgcc.a(_arm_cmpsf2.o)
                              build/inv_mpu.o (__aeabi_fcmpeq)
C:/Program Files (x86)/Arm GNU Toolchain arm-none-eabi/14.2 Rel1/bin/../lib/gcc/arm-none-eabi/14.2.1/thumb/v7-m/nofp\libgcc.a(_arm_unordsf2.o)
                              build/nnom_activation.o (__aeabi_fcmpun)
C:/Program Files (x86)/Arm GNU Toolchain arm-none-eabi/14.2 Rel1/bin/../lib/gcc/arm-none-eabi/14.2.1/thumb/v7-m/nofp\libgcc.a(_arm_fixsfsi.o)
                              build/MPU6050.o (__aeabi_f2iz)
C:/Program Files (x86)/Arm GNU Toolchain arm-none-eabi/14.2 Rel1/bin/../lib/gcc/arm-none-eabi/14.2.1/thumb/v7-m/nofp\libgcc.a(_arm_fixunssfsi.o)
                              build/inv_mpu_dmp_motion_driver.o (__aeabi_f2uiz)
C:/Program Files (x86)/Arm GNU Toolchain arm-none-eabi/14.2 Rel1/bin/../lib/gcc/arm-none-eabi/14.2.1/thumb/v7-m/nofp\libgcc.a(_aeabi_ldivmod.o)
                              build/inv_mpu.o (__aeabi_ldivmod)
C:/Program Files (x86)/Arm GNU Toolchain arm-none-eabi/14.2 Rel1/bin/../lib/gcc/arm-none-eabi/14.2.1/thumb/v7-m/nofp\libgcc.a(_aeabi_uldivmod.o)
                              build/nnom_utils.o (__aeabi_uldivmod)
C:/Program Files (x86)/Arm GNU Toolchain arm-none-eabi/14.2 Rel1/bin/../lib/gcc/arm-none-eabi/14.2.1/thumb/v7-m/nofp\libgcc.a(_udivmoddi4.o)
                              C:/Program Files (x86)/Arm GNU Toolchain arm-none-eabi/14.2 Rel1/bin/../lib/gcc/arm-none-eabi/14.2.1/thumb/v7-m/nofp\libgcc.a(_aeabi_ldivmod.o) (__udivmoddi4)
C:/Program Files (x86)/Arm GNU Toolchain arm-none-eabi/14.2 Rel1/bin/../lib/gcc/arm-none-eabi/14.2.1/thumb/v7-m/nofp\libgcc.a(_dvmd_tls.o)
                              C:/Program Files (x86)/Arm GNU Toolchain arm-none-eabi/14.2 Rel1/bin/../lib/gcc/arm-none-eabi/14.2.1/thumb/v7-m/nofp\libgcc.a(_aeabi_ldivmod.o) (__aeabi_ldiv0)
C:/Program Files (x86)/Arm GNU Toolchain arm-none-eabi/14.2 Rel1/bin/../lib/gcc/arm-none-eabi/14.2.1/thumb/v7-m/nofp\libc_nano.a(libc_a-exit.o)
                              C:/Program Files (x86)/Arm GNU Toolchain arm-none-eabi/14.2 Rel1/bin/../lib/gcc/arm-none-eabi/14.2.1/thumb/v7-m/nofp/crt0.o (exit)
C:/Program Files (x86)/Arm GNU Toolchain arm-none-eabi/14.2 Rel1/bin/../lib/gcc/arm-none-eabi/14.2.1/thumb/v7-m/nofp\libc_nano.a(libc_a-findfp.o)
                              C:/Program Files (x86)/Arm GNU Toolchain arm-none-eabi/14.2 Rel1/bin/../lib/gcc/arm-none-eabi/14.2.1/thumb/v7-m/nofp\libc_nano.a(libc_a-exit.o) (__stdio_exit_handler)
C:/Program Files (x86)/Arm GNU Toolchain arm-none-eabi/14.2 Rel1/bin/../lib/gcc/arm-none-eabi/14.2.1/thumb/v7-m/nofp\libc_nano.a(libc_a-fwalk.o)
                              C:/Program Files (x86)/Arm GNU Toolchain arm-none-eabi/14.2 Rel1/bin/../lib/gcc/arm-none-eabi/14.2.1/thumb/v7-m/nofp\libc_nano.a(libc_a-findfp.o) (_fwalk_sglue)
C:/Program Files (x86)/Arm GNU Toolchain arm-none-eabi/14.2 Rel1/bin/../lib/gcc/arm-none-eabi/14.2.1/thumb/v7-m/nofp\libc_nano.a(libc_a-printf.o)
                              build/CyberryPotter.o (printf)
C:/Program Files (x86)/Arm GNU Toolchain arm-none-eabi/14.2 Rel1/bin/../lib/gcc/arm-none-eabi/14.2.1/thumb/v7-m/nofp\libc_nano.a(libc_a-putchar.o)
                              build/main.o (putchar)
[...]
Memory Configuration

Name             Origin             Length             Attributes
FLASH            0x08000000         0x00020000         xr
RAM              0x20000000         0x00005000         xrw
*default*        0x00000000         0xffffffff

Linker script and memory map

LOAD C:/Program Files (x86)/Arm GNU Toolchain arm-none-eabi/14.2 Rel1/bin/../lib/gcc/arm-none-eabi/14.2.1/thumb/v7-m/nofp/crti.o
LOAD C:/Program Files (x86)/Arm GNU Toolchain arm-none-eabi/14.2 Rel1/bin/../lib/gcc/arm-none-eabi/14.2.1/thumb/v7-m/nofp/crtbegin.o
LOAD C:/Program Files (x86)/Arm GNU Toolchain arm-none-eabi/14.2 Rel1/bin/../lib/gcc/arm-none-eabi/14.2.1/thumb/v7-m/nofp/crt0.o
LOAD build/system_stm32f10x.o
LOAD build/misc.o
LOAD build/stm32f10x_adc.o
LOAD build/stm32f10x_bkp.o
LOAD build/stm32f10x_can.o
LOAD build/stm32f10x_cec.o
LOAD build/stm32f10x_crc.o
LOAD build/stm32f10x_dac.o
LOAD build/stm32f10x_dbgmcu.o
LOAD build/stm32f10x_dma.o
LOAD build/stm32f10x_exti.o
LOAD build/stm32f10x_flash.o
LOAD build/stm32f10x_fsmc.o
LOAD build/stm32f10x_gpio.o
LOAD build/stm32f10x_i2c.o
LOAD build/stm32f10x_iwdg.o
LOAD build/stm32f10x_pwr.o
LOAD build/stm32f10x_rcc.o
LOAD build/stm32f10x_rtc.o
LOAD build/stm32f10x_sdio.o
LOAD build/stm32f10x_spi.o
LOAD build/stm32f10x_tim.o
LOAD build/stm32f10x_usart.o
LOAD build/stm32f10x_wwdg.o
LOAD build/CyberryPotter.o
LOAD build/Delay.o
LOAD build/IIC.o
LOAD build/IMU.o
LOAD build/main.o
LOAD build/MPU6050.o
LOAD build/inv_mpu.o
LOAD build/inv_mpu_dmp_motion_driver.o
LOAD build/SPI.o
LOAD build/USART.o
LOAD build/button.o
LOAD build/LED.o
LOAD build/new_study_IR.o
LOAD build/protocol.o
LOAD build/module0.o
LOAD build/module1.o
LOAD build/module2.o
LOAD build/module3.o
LOAD build/module4.o
LOAD build/module5.o
LOAD build/module6.o
LOAD build/module7.o
LOAD build/module8.o
LOAD build/module9.o
LOAD build/module10.o
LOAD build/nnom_local.o
LOAD build/nnom_local_q15.o
LOAD build/nnom.o
LOAD build/nnom_layers.o
LOAD build/nnom_tensor.o
LOAD build/nnom_utils.o
LOAD build/nnom_activation.o
LOAD build/nnom_avgpool.o
LOAD build/nnom_baselayer.o
LOAD build/nnom_concat.o
LOAD build/nnom_conv2d.o
LOAD build/nnom_conv2d_trans.o
LOAD build/nnom_cropping.o
LOAD build/nnom_dense.o
LOAD build/nnom_dw_conv2d.o
LOAD build/nnom_flatten.o
LOAD build/nnom_global_pool.o
LOAD build/nnom_gru_cell.o
LOAD build/nnom_input.o
LOAD build/nnom_lambda.o
LOAD build/nnom_lstm_cell.o
LOAD build/nnom_matrix.o
LOAD build/nnom_maxpool.o
LOAD build/nnom_output.o
LOAD build/nnom_reshape.o
LOAD build/nnom_rnn.o
LOAD build/nnom_simple_cell.o
LOAD build/nnom_softmax.o
LOAD build/nnom_sumpool.o
LOAD build/nnom_upsample.o
LOAD build/nnom_zero_padding.o
LOAD build/startup_stm32f103xb.o
START GROUP
LOAD C:/Program Files (x86)/Arm GNU Toolchain arm-none-eabi/14.2 Rel1/bin/../lib/gcc/arm-none-eabi/14.2.1/thumb/v7-m/nofp\libgcc.a
LOAD C:/Program Files (x86)/Arm GNU Toolchain arm-none-eabi/14.2 Rel1/bin/../lib/gcc/arm-none-eabi/14.2.1/thumb/v7-m/nofp\libc_nano.a
END GROUP
START GROUP
LOAD C:/Program Files (x86)/Arm GNU Toolchain arm-none-eabi/14.2 Rel1/bin/../lib/gcc/arm-none-eabi/14.2.1/thumb/v7-m/nofp\libgcc.a
LOAD C:/Program Files (x86)/Arm GNU Toolchain arm-none-eabi/14.2 Rel1/bin/../lib/gcc/arm-none-eabi/14.2.1/thumb/v7-m/nofp\libc_nano.a
LOAD C:/Program Files (x86)/Arm GNU Toolchain arm-none-eabi/14.2 Rel1/bin/../lib/gcc/arm-none-eabi/14.2.1/thumb/v7-m/nofp\libnosys.a
END GROUP
START GROUP
LOAD C:/Program Files (x86)/Arm GNU Toolchain arm-none-eabi/14.2 Rel1/bin/../lib/gcc/arm-none-eabi/14.2.1/thumb/v7-m/nofp\libgcc.a
LOAD C:/Program Files (x86)/Arm GNU Toolchain arm-none-eabi/14.2 Rel1/bin/../lib/gcc/arm-none-eabi/14.2.1/thumb/v7-m/nofp\libc_nano.a
LOAD C:/Program Files (x86)/Arm GNU Toolchain arm-none-eabi/14.2 Rel1/bin/../lib/gcc/arm-none-eabi/14.2.1/thumb/v7-m/nofp\libnosys.a
END GROUP
LOAD C:/Program Files (x86)/Arm GNU Toolchain arm-none-eabi/14.2 Rel1/bin/../lib/gcc/arm-none-eabi/14.2.1/thumb/v7-m/nofp/crtend.o
LOAD C:/Program Files (x86)/Arm GNU Toolchain arm-none-eabi/14.2 Rel1/bin/../lib/gcc/arm-none-eabi/14.2.1/thumb/v7-m/nofp/crtn.o
                0x20005000                        _estack = (ORIGIN (RAM) + LENGTH (RAM))
                0x00000200                        _Min_Heap_Size = 0x200
                0x00000400                        _Min_Stack_Size = 0x400

.isr_vector     0x08000000      0x10c
                0x08000000                        . = ALIGN (0x4)
 *(.isr_vector)
 .isr_vector    0x08000000      0x10c build/startup_stm32f103xb.o
                0x08000000                g_pfnVectors
                0x0800010c                        . = ALIGN (0x4)

.text           0x08000110     0x81b4
                0x08000110                        . = ALIGN (0x4)
 *(.text)
 .text          0x08000110      0x378 C:/Program Files (x86)/Arm GNU Toolchain arm-none-eabi/14.2 Rel1/bin/../lib/gcc/arm-none-eabi/14.2.1/thumb/v7-m/nofp\libgcc.a(_arm_addsubdf3.o)
                0x08000110                __aeabi_drsub
                0x08000118                __aeabi_dsub
                0x08000118                __subdf3
                0x0800011c                __aeabi_dadd
                0x0800011c                __adddf3
                0x08000394                __floatunsidf
                0x08000394                __aeabi_ui2d
                0x080003b4                __floatsidf
                0x080003b4                __aeabi_i2d
                0x080003d8                __aeabi_f2d
                0x080003d8                __extendsfdf2
                0x0800041c                __floatundidf
                0x0800041c                __aeabi_ul2d
                0x0800042c                __floatdidf
                0x0800042c                __aeabi_l2d
 .text          0x08000488      0x424 C:/Program Files (x86)/Arm GNU Toolchain arm-none-eabi/14.2 Rel1/bin/../lib/gcc/arm-none-eabi/14.2.1/thumb/v7-m/nofp\libgcc.a(_arm_muldivdf3.o)
                0x08000488                __aeabi_dmul
                0x08000488                __muldf3
                0x080006dc                __divdf3
                0x080006dc                __aeabi_ddiv
 .text          0x080008ac       0x50 C:/Program Files (x86)/Arm GNU Toolchain arm-none-eabi/14.2 Rel1/bin/../lib/gcc/arm-none-eabi/14.2.1/thumb/v7-m/nofp\libgcc.a(_arm_fixdfsi.o)
                0x080008ac                __aeabi_d2iz
                0x080008ac                __fixdfsi
 .text          0x080008fc       0xa0 C:/Program Files (x86)/Arm GNU Toolchain arm-none-eabi/14.2 Rel1/bin/../lib/gcc/arm-none-eabi/14.2.1/thumb/v7-m/nofp\libgcc.a(_arm_truncdfsf2.o)
                0x080008fc                __truncdfsf2
                0x080008fc                __aeabi_d2f
 .text          0x0800099c      0x21c C:/Program Files (x86)/Arm GNU Toolchain arm-none-eabi/14.2 Rel1/bin/../lib/gcc/arm-none-eabi/14.2.1/thumb/v7-m/nofp\libgcc.a(_arm_addsubsf3.o)
                0x0800099c                __aeabi_frsub
                0x080009a4                __subsf3
                0x080009a4                __aeabi_fsub
                0x080009a8                __aeabi_fadd
                0x080009a8                __addsf3
                0x08000b08                __aeabi_ui2f
                0x08000b08                __floatunsisf
                0x08000b10                __aeabi_i2f
                0x08000b10                __floatsisf
                0x08000b2c                __aeabi_ul2f
                0x08000b2c                __floatundisf
                0x08000b3c                __aeabi_l2f
                0x08000b3c                __floatdisf
 .text          0x08000bb8      0x2a0 C:/Program Files (x86)/Arm GNU Toolchain arm-none-eabi/14.2 Rel1/bin/../lib/gcc/arm-none-eabi/14.2.1/thumb/v7-m/nofp\libgcc.a(_arm_muldivsf3.o)
                0x08000bb8                __mulsf3
                0x08000bb8                __aeabi_fmul
                0x08000d20                __aeabi_fdiv
                0x08000d20                __divsf3
 .text          0x08000e58       0xec C:/Program Files (x86)/Arm GNU Toolchain arm-none-eabi/14.2 Rel1/bin/../lib/gcc/arm-none-eabi/14.2.1/thumb/v7-m/nofp\libgcc.a(_arm_cmpsf2.o)
                0x08000e58                __gesf2
                0x08000e58                __gtsf2
                0x08000e60                __lesf2
                0x08000e60                __ltsf2
                0x08000e68                __nesf2
                0x08000e68                __eqsf2
                0x08000e68                __cmpsf2
                0x08000ec8                __aeabi_cfrcmple
                0x08000ed0                __aeabi_cfcmpeq
                0x08000ed0                __aeabi_cfcmple
                0x08000ee0                __aeabi_fcmpeq
                0x08000ef4                __aeabi_fcmplt
                0x08000f08                __aeabi_fcmple
                0x08000f1c                __aeabi_fcmpge
                0x08000f30                __aeabi_fcmpgt
 .text          0x08000f44       0x4c C:/Program Files (x86)/Arm GNU Toolchain arm-none-eabi/14.2 Rel1/bin/../lib/gcc/arm-none-eabi/14.2.1/thumb/v7-m/nofp\libgcc.a(_arm_fixsfsi.o)
                0x08000f44                __aeabi_f2iz
                0x08000f44                __fixsfsi
 .text          0x08000f90       0x40 C:/Program Files (x86)/Arm GNU Toolchain arm-none-eabi/14.2 Rel1/bin/../lib/gcc/arm-none-eabi/14.2.1/thumb/v7-m/nofp\libgcc.a(_arm_fixunssfsi.o)
                0x08000f90                __fixunssfsi
                0x08000f90                __aeabi_f2uiz
 .text          0x08000fd0       0xa0 C:/Program Files (x86)/Arm GNU Toolchain arm-none-eabi/14.2 Rel1/bin/../lib/gcc/arm-none-eabi/14.2.1/thumb/v7-m/nofp\libgcc.a(_aeabi_ldivmod.o)
                0x08000fd0                __aeabi_ldivmod
 .text          0x08001070        0x4 C:/Program Files (x86)/Arm GNU Toolchain arm-none-eabi/14.2 Rel1/bin/../lib/gcc/arm-none-eabi/14.2.1/thumb/v7-m/nofp\libgcc.a(_dvmd_tls.o)
                0x08001070                __aeabi_idiv0
                0x08001070                __aeabi_ldiv0
 *(.text*)
 .text.deregister_tm_clones
                0x08001074       0x1c C:/Program Files (x86)/Arm GNU Toolchain arm-none-eabi/14.2 Rel1/bin/../lib/gcc/arm-none-eabi/14.2.1/thumb/v7-m/nofp/crtbegin.o
 .text.register_tm_clones
                0x08001090       0x24 C:/Program Files (x86)/Arm GNU Toolchain arm-none-eabi/14.2 Rel1/bin/../lib/gcc/arm-none-eabi/14.2.1/thumb/v7-m/nofp/crtbegin.o
 .text.__do_global_dtors_aux
                0x080010b4       0x28 C:/Program Files (x86)/Arm GNU Toolchain arm-none-eabi/14.2 Rel1/bin/../lib/gcc/arm-none-eabi/14.2.1/thumb/v7-m/nofp/crtbegin.o
 .text.frame_dummy
                0x080010dc       0x24 C:/Program Files (x86)/Arm GNU Toolchain arm-none-eabi/14.2 Rel1/bin/../lib/gcc/arm-none-eabi/14.2.1/thumb/v7-m/nofp/crtbegin.o
 .text.SystemInit
                0x08001100      0x104 build/system_stm32f10x.o
                0x08001100                SystemInit
 .text.NVIC_PriorityGroupConfig
                0x08001204       0x14 build/misc.o
                0x08001204                NVIC_PriorityGroupConfig
 .text.NVIC_Init
                0x08001218       0x68 build/misc.o
                0x08001218                NVIC_Init
 .text.EXTI_Init
                0x08001280       0x8c build/stm32f10x_exti.o
                0x08001280                EXTI_Init
 .text.EXTI_GetITStatus
                0x0800130c       0x1c build/stm32f10x_exti.o
                0x0800130c                EXTI_GetITStatus
 .text.EXTI_ClearITPendingBit
                0x08001328        0xc build/stm32f10x_exti.o
                0x08001328                EXTI_ClearITPendingBit
 .text.GPIO_Init
                0x08001334       0xae build/stm32f10x_gpio.o
                0x08001334                GPIO_Init
 .text.GPIO_ReadInputDataBit
                0x080013e2        0xc build/stm32f10x_gpio.o
                0x080013e2                GPIO_ReadInputDataBit
 .text.GPIO_SetBits
                0x080013ee        0x4 build/stm32f10x_gpio.o
                0x080013ee                GPIO_SetBits
 .text.GPIO_WriteBit
                0x080013f2        0xa build/stm32f10x_gpio.o
                0x080013f2                GPIO_WriteBit
 .text.GPIO_EXTILineConfig
                0x080013fc       0x2c build/stm32f10x_gpio.o
                0x080013fc                GPIO_EXTILineConfig
 .text.RCC_GetClocksFreq
                0x08001428       0x94 build/stm32f10x_rcc.o
                0x08001428                RCC_GetClocksFreq
 .text.RCC_APB2PeriphClockCmd
                0x080014bc       0x1c build/stm32f10x_rcc.o
                0x080014bc                RCC_APB2PeriphClockCmd
 .text.RCC_APB1PeriphClockCmd
                0x080014d8       0x1c build/stm32f10x_rcc.o
                0x080014d8                RCC_APB1PeriphClockCmd
 .text.TIM_TimeBaseInit
                0x080014f4       0xb8 build/stm32f10x_tim.o
                0x080014f4                TIM_TimeBaseInit
 .text.TIM_Cmd  0x080015ac       0x1c build/stm32f10x_tim.o
                0x080015ac                TIM_Cmd
 .text.TIM_ITConfig
                0x080015c8       0x18 build/stm32f10x_tim.o
                0x080015c8                TIM_ITConfig
 .text.TIM_ClearFlag
                0x080015e0        0x8 build/stm32f10x_tim.o
                0x080015e0                TIM_ClearFlag
 .text.TIM_GetITStatus
                0x080015e8       0x18 build/stm32f10x_tim.o
                0x080015e8                TIM_GetITStatus
 .text.TIM_ClearITPendingBit
                0x08001600        0x8 build/stm32f10x_tim.o
                0x08001600                TIM_ClearITPendingBit
 .text.USART_Init
                0x08001608       0xb4 build/stm32f10x_usart.o
                0x08001608                USART_Init
 .text.USART_Cmd
                0x080016bc       0x1c build/stm32f10x_usart.o
                0x080016bc                USART_Cmd
 .text.USART_ITConfig
                0x080016d8       0x34 build/stm32f10x_usart.o
                0x080016d8                USART_ITConfig
 .text.USART_SendData
                0x0800170c        0x8 build/stm32f10x_usart.o
                0x0800170c                USART_SendData
 .text.USART_GetFlagStatus
                0x08001714        0xe build/stm32f10x_usart.o
                0x08001714                USART_GetFlagStatus
 *fill*         0x08001722        0x2 
 .text.Module_None_Mode0_Handler
                0x08001724       0x10 build/CyberryPotter.o
                0x08001724                Module_None_Mode0_Handler
 .text.Module_None_Mode1_Handler
                0x08001734       0x10 build/CyberryPotter.o
                0x08001734                Module_None_Mode1_Handler
 .text.Module_Init
                0x08001744      0x1b0 build/CyberryPotter.o
                0x08001744                Module_Init
 .text.System_Init
                0x080018f4       0x3c build/CyberryPotter.o
                0x080018f4                System_Init
 .text.Cyberry_Potter_System_Status_Update
                0x08001930       0x34 build/CyberryPotter.o
                0x08001930                Cyberry_Potter_System_Status_Update
 .text.EXTI9_5_IRQHandler
                0x08001964       0x40 build/CyberryPotter.o
                0x08001964                EXTI9_5_IRQHandler
 .text.EXTI_Stop
                0x080019a4       0x10 build/CyberryPotter.o
                0x080019a4                EXTI_Stop
 .text.EXTI_Restore
                0x080019b4       0x10 build/CyberryPotter.o
                0x080019b4                EXTI_Restore
 .text.Delay_us
                0x080019c4       0x28 build/Delay.o
                0x080019c4                Delay_us
 .text.Delay_ms
                0x080019ec       0x1c build/Delay.o
                0x080019ec                Delay_ms
 .text.IIC1_W_SDA
                0x08001a08       0x18 build/IIC.o
 .text.IIC1_W_SCL
                0x08001a20       0x18 build/IIC.o
 .text.IIC1_Start
                0x08001a38       0x1c build/IIC.o
 .text.IIC1_Send_Byte
                0x08001a54       0x30 build/IIC.o
 .text.IIC1_Stop
                0x08001a84       0x16 build/IIC.o
 *fill*         0x08001a9a        0x2 
 .text.IIC1_Receive_Ack
                0x08001a9c       0x28 build/IIC.o
 .text.IIC1_Receive_Byte
                0x08001ac4       0x4c build/IIC.o
 .text.IIC1_Init
                0x08001b10       0x44 build/IIC.o
                0x08001b10                IIC1_Init
 .text.IIC1_write
                0x08001b54       0x44 build/IIC.o
                0x08001b54                IIC1_write
 .text.IIC1_read
                0x08001b98       0x8e build/IIC.o
                0x08001b98                IIC1_read
 *fill*         0x08001c26        0x2 
 .text.IMU_Sample_Start
                0x08001c28       0x24 build/IMU.o
                0x08001c28                IMU_Sample_Start
 .text.IMU_Sample_Stop
                0x08001c4c       0x24 build/IMU.o
                0x08001c4c                IMU_Sample_Stop
 .text.IMU_Get_Data
                0x08001c70      0x14c build/IMU.o
                0x08001c70                IMU_Get_Data
 .text.IMU_Init
                0x08001dbc       0x20 build/IMU.o
                0x08001dbc                IMU_Init
 .text.model_feed_data
                0x08001ddc       0x78 build/main.o
                0x08001ddc                model_feed_data
 *fill*         0x08001e54        0x4 
 .text.model_get_output
                0x08001e58      0x1b4 build/main.o
                0x08001e58                model_get_output
 .text.main     0x0800200c      0x19c build/main.o
                0x0800200c                main
 .text.inv_row_2_scale
                0x080021a8       0x38 build/MPU6050.o
 .text.MPU6050_Init
                0x080021e0      0x240 build/MPU6050.o
                0x080021e0                MPU6050_Init
 .text.set_int_enable
                0x08002420       0x8c build/inv_mpu.o
 .text.get_st_biases
                0x080024ac      0x480 build/inv_mpu.o
 .text.mpu_reset_fifo
                0x0800292c      0x1f0 build/inv_mpu.o
                0x0800292c                mpu_reset_fifo
 .text.mpu_get_gyro_fsr
                0x08002b1c       0x34 build/inv_mpu.o
                0x08002b1c                mpu_get_gyro_fsr
 .text.mpu_set_gyro_fsr
                0x08002b50       0x84 build/inv_mpu.o
                0x08002b50                mpu_set_gyro_fsr
 .text.mpu_get_accel_fsr
                0x08002bd4       0x3c build/inv_mpu.o
                0x08002bd4                mpu_get_accel_fsr
 .text.mpu_set_accel_fsr
                0x08002c10       0x80 build/inv_mpu.o
                0x08002c10                mpu_set_accel_fsr
 .text.mpu_get_lpf
                0x08002c90       0x38 build/inv_mpu.o
                0x08002c90                mpu_get_lpf
 .text.mpu_set_lpf
                0x08002cc8       0x78 build/inv_mpu.o
                0x08002cc8                mpu_set_lpf
 .text.mpu_get_sample_rate
                0x08002d40       0x1c build/inv_mpu.o
                0x08002d40                mpu_get_sample_rate
 .text.mpu_get_gyro_sens
                0x08002d5c       0x4c build/inv_mpu.o
                0x08002d5c                mpu_get_gyro_sens
 .text.mpu_get_accel_sens
                0x08002da8       0x44 build/inv_mpu.o
                0x08002da8                mpu_get_accel_sens
 .text.mpu_configure_fifo
                0x08002dec       0x58 build/inv_mpu.o
                0x08002dec                mpu_configure_fifo
 .text.mpu_set_bypass
                0x08002e44      0x154 build/inv_mpu.o
                0x08002e44                mpu_set_bypass
 .text.mpu_set_int_latched
                0x08002f98       0x6c build/inv_mpu.o
                0x08002f98                mpu_set_int_latched
 .text.mpu_lp_accel_mode
                0x08003004       0xdc build/inv_mpu.o
                0x08003004                mpu_lp_accel_mode
 .text.mpu_set_sample_rate
                0x080030e0       0xa0 build/inv_mpu.o
                0x080030e0                mpu_set_sample_rate
 .text.mpu_set_sensors
                0x08003180      0x11c build/inv_mpu.o
                0x08003180                mpu_set_sensors
 .text.mpu_init
                0x0800329c       0xf0 build/inv_mpu.o
                0x0800329c                mpu_init
 .text.mpu_write_mem
                0x0800338c       0x74 build/inv_mpu.o
                0x0800338c                mpu_write_mem
 .text.mpu_read_mem
                0x08003400       0x74 build/inv_mpu.o
                0x08003400                mpu_read_mem
 .text.mpu_load_firmware
                0x08003474       0xbc build/inv_mpu.o
                0x08003474                mpu_load_firmware
 .text.mpu_set_dmp_state
                0x08003530       0x94 build/inv_mpu.o
                0x08003530                mpu_set_dmp_state
 .text.mpu_run_self_test
                0x080035c4      0x36c build/inv_mpu.o
                0x080035c4                mpu_run_self_test
 .text.dmp_load_motion_driver_firmware
                0x08003930       0x18 build/inv_mpu_dmp_motion_driver.o
                0x08003930                dmp_load_motion_driver_firmware
 .text.dmp_set_orientation
                0x08003948      0x14c build/inv_mpu_dmp_motion_driver.o
                0x08003948                dmp_set_orientation
 .text.dmp_set_gyro_bias
                0x08003a94       0xec build/inv_mpu_dmp_motion_driver.o
                0x08003a94                dmp_set_gyro_bias
 .text.dmp_set_accel_bias
                0x08003b80       0xd4 build/inv_mpu_dmp_motion_driver.o
                0x08003b80                dmp_set_accel_bias
 .text.dmp_set_fifo_rate
                0x08003c54       0x68 build/inv_mpu_dmp_motion_driver.o
                0x08003c54                dmp_set_fifo_rate
 .text.dmp_set_tap_thresh
                0x08003cbc      0x1a4 build/inv_mpu_dmp_motion_driver.o
                0x08003cbc                dmp_set_tap_thresh
 .text.dmp_set_tap_axes
                0x08003e60       0x46 build/inv_mpu_dmp_motion_driver.o
                0x08003e60                dmp_set_tap_axes
 .text.dmp_set_tap_count
                0x08003ea6       0x2a build/inv_mpu_dmp_motion_driver.o
                0x08003ea6                dmp_set_tap_count
 .text.dmp_set_tap_time
                0x08003ed0       0x2c build/inv_mpu_dmp_motion_driver.o
                0x08003ed0                dmp_set_tap_time
 .text.dmp_set_tap_time_multi
                0x08003efc       0x2c build/inv_mpu_dmp_motion_driver.o
                0x08003efc                dmp_set_tap_time_multi
 .text.dmp_set_shake_reject_thresh
                0x08003f28       0x40 build/inv_mpu_dmp_motion_driver.o
                0x08003f28                dmp_set_shake_reject_thresh
 .text.dmp_set_shake_reject_time
                0x08003f68       0x2c build/inv_mpu_dmp_motion_driver.o
                0x08003f68                dmp_set_shake_reject_time
 .text.dmp_set_shake_reject_timeout
                0x08003f94       0x2c build/inv_mpu_dmp_motion_driver.o
                0x08003f94                dmp_set_shake_reject_timeout
 .text.dmp_enable_gyro_cal
                0x08003fc0       0x44 build/inv_mpu_dmp_motion_driver.o
                0x08003fc0                dmp_enable_gyro_cal
 .text.dmp_enable_lp_quat
                0x08004004       0x3c build/inv_mpu_dmp_motion_driver.o
                0x08004004                dmp_enable_lp_quat
 .text.dmp_enable_6x_lp_quat
                0x08004040       0x3c build/inv_mpu_dmp_motion_driver.o
                0x08004040                dmp_enable_6x_lp_quat
 .text.dmp_enable_feature
                0x0800407c      0x1cc build/inv_mpu_dmp_motion_driver.o
                0x0800407c                dmp_enable_feature
 .text.USART1_Init
                0x08004248       0xbc build/USART.o
                0x08004248                USART1_Init
 .text.Button_Status_Clear
                0x08004304        0xc build/button.o
                0x08004304                Button_Status_Clear
 .text.EXTI0_IRQHandler
                0x08004310       0x30 build/button.o
                0x08004310                EXTI0_IRQHandler
 .text.TIM4_IRQHandler
                0x08004340       0xc4 build/button.o
                0x08004340                TIM4_IRQHandler
 .text.Button_Init
                0x08004404       0xd8 build/button.o
                0x08004404                Button_Init
 .text.LED_Blink
                0x080044dc       0xb8 build/LED.o
                0x080044dc                LED_Blink
 .text.LED_Init
                0x08004594       0x48 build/LED.o
                0x08004594                LED_Init
 .text.USART2_Config
                0x080045dc       0x84 build/new_study_IR.o
                0x080045dc                USART2_Config
 .text.Uart_Send
                0x08004660       0x30 build/new_study_IR.o
                0x08004660                Uart_Send
 .text.IR_Learn_Pack
                0x08004690       0x24 build/protocol.o
                0x08004690                IR_Learn_Pack
 .text.IR_Send_Pack
                0x080046b4       0x24 build/protocol.o
                0x080046b4                IR_Send_Pack
 .text.print_model_name
                0x080046d8       0x2c build/module0.o
                0x080046d8                print_model_name
 .text.check_model
                0x08004704       0x2c build/module0.o
                0x08004704                check_model
 .text.handle_ir_signal
                0x08004730       0x68 build/module0.o
                0x08004730                handle_ir_signal
 .text.Module0_Init
                0x08004798        0x8 build/module0.o
                0x08004798                Module0_Init
 .text.Module0_Mode0_Handler
                0x080047a0        0xa build/module0.o
                0x080047a0                Module0_Mode0_Handler
 .text.Module0_Mode1_Handler
                0x080047aa        0xa build/module0.o
                0x080047aa                Module0_Mode1_Handler
 .text.Module1_Init
                0x080047b4       0x68 build/module1.o
                0x080047b4                Module1_Init
 .text.Module1_Mode0_Handler
                0x0800481c        0x2 build/module1.o
                0x0800481c                Module1_Mode0_Handler
 .text.Module1_Mode1_Handler
                0x0800481e        0x2 build/module1.o
                0x0800481e                Module1_Mode1_Handler
 .text.Module2_Init
                0x08004820       0x68 build/module2.o
                0x08004820                Module2_Init
 .text.Module2_Mode0_Handler
                0x08004888        0x2 build/module2.o
                0x08004888                Module2_Mode0_Handler
 .text.Module2_Mode1_Handler
                0x0800488a        0x2 build/module2.o
                0x0800488a                Module2_Mode1_Handler
 .text.Module3_Init
                0x0800488c       0x68 build/module3.o
                0x0800488c                Module3_Init
 .text.Module3_Mode0_Handler
                0x080048f4        0x2 build/module3.o
                0x080048f4                Module3_Mode0_Handler
 .text.Module3_Mode1_Handler
                0x080048f6        0x2 build/module3.o
                0x080048f6                Module3_Mode1_Handler
 .text.Module4_Init
                0x080048f8        0x2 build/module4.o
                0x080048f8                Module4_Init
 .text.Module4_Mode0_Handler
                0x080048fa        0x2 build/module4.o
                0x080048fa                Module4_Mode0_Handler
 .text.Module4_Mode1_Handler
                0x080048fc        0x2 build/module4.o
                0x080048fc                Module4_Mode1_Handler
 .text.Module5_Init
                0x080048fe        0x2 build/module5.o
                0x080048fe                Module5_Init
 .text.Module5_Mode0_Handler
                0x08004900        0x2 build/module5.o
                0x08004900                Module5_Mode0_Handler
 .text.Module5_Mode1_Handler
                0x08004902        0x2 build/module5.o
                0x08004902                Module5_Mode1_Handler
 .text.Module6_Init
                0x08004904        0x2 build/module6.o
                0x08004904                Module6_Init
 .text.Module6_Mode0_Handler
                0x08004906        0x2 build/module6.o
                0x08004906                Module6_Mode0_Handler
 .text.Module6_Mode1_Handler
                0x08004908        0x2 build/module6.o
                0x08004908                Module6_Mode1_Handler
 .text.Module7_Init
                0x0800490a        0x2 build/module7.o
                0x0800490a                Module7_Init
 .text.Module7_Mode0_Handler
                0x0800490c        0x2 build/module7.o
                0x0800490c                Module7_Mode0_Handler
 .text.Module7_Mode1_Handler
                0x0800490e        0x2 build/module7.o
                0x0800490e                Module7_Mode1_Handler
 .text.Module8_Init
                0x08004910        0x2 build/module8.o
                0x08004910                Module8_Init
 .text.Module8_Mode0_Handler
                0x08004912        0x2 build/module8.o
                0x08004912                Module8_Mode0_Handler
 .text.Module8_Mode1_Handler
                0x08004914        0x2 build/module8.o
                0x08004914                Module8_Mode1_Handler
 .text.Module9_Init
                0x08004916        0x2 build/module9.o
                0x08004916                Module9_Init
 .text.Module9_Mode0_Handler
                0x08004918        0x2 build/module9.o
                0x08004918                Module9_Mode0_Handler
 .text.Module9_Mode1_Handler
                0x0800491a        0x2 build/module9.o
                0x0800491a                Module9_Mode1_Handler
 .text.Module10_Init
                0x0800491c        0x2 build/module10.o
                0x0800491c                Module10_Init
 .text.Module10_Mode0_Handler
                0x0800491e        0x2 build/module10.o
                0x0800491e                Module10_Mode0_Handler
 .text.Module10_Mode1_Handler
                0x08004920        0x2 build/module10.o
                0x08004920                Module10_Mode1_Handler
 .text.local_avepool_q7_HWC
                0x08004922      0x174 build/nnom_local.o
                0x08004922                local_avepool_q7_HWC
 .text.local_maxpool_q7_HWC
                0x08004a96      0x174 build/nnom_local.o
                0x08004a96                local_maxpool_q7_HWC
 .text.local_convolve_HWC_q7_nonsquare
                0x08004c0a      0x288 build/nnom_local.o
                0x08004c0a                local_convolve_HWC_q7_nonsquare
 .text.local_fully_connected_q7_opt
                0x08004e92      0x2d8 build/nnom_local.o
                0x08004e92                local_fully_connected_q7_opt
 .text.local_softmax_q7
                0x0800516a       0x8a build/nnom_local.o
                0x0800516a                local_softmax_q7
 .text.local_leaky_relu_q7
                0x080051f4       0x2a build/nnom_local.o
                0x080051f4                local_leaky_relu_q7
 .text.local_avepool_q15_HWC
                0x0800521e      0x16a build/nnom_local_q15.o
                0x0800521e                local_avepool_q15_HWC
 .text.local_convolve_HWC_q15_nonsquare
                0x08005388      0x2bc build/nnom_local_q15.o
                0x08005388                local_convolve_HWC_q15_nonsquare
 .text.local_leaky_relu_q15
                0x08005644       0x2a build/nnom_local_q15.o
                0x08005644                local_leaky_relu_q15
 .text.find_last
                0x0800566e       0x18 build/nnom.o
 .text.model_active
                0x08005686        0x6 build/nnom.o
 .text.release_input_mem
                0x0800568c       0x24 build/nnom.o
 .text.model_add
                0x080056b0       0x34 build/nnom.o
 .text.allocate_block
                0x080056e4       0x2c build/nnom.o
 .text.io_mem_size
                0x08005710       0x1e build/nnom.o
 *fill*         0x0800572e        0x2 
 .text.print_memory_block_info
                0x08005730       0x58 build/nnom.o
 .text.release_comp_mem
                0x08005788       0x1a build/nnom.o
 *fill*         0x080057a2        0x2 
 .text.nnom_set_static_buf
                0x080057a4       0x1c build/nnom.o
                0x080057a4                nnom_set_static_buf
 .text.nnom_free
                0x080057c0        0x2 build/nnom.o
                0x080057c0                nnom_free
 .text.nnom_alignto
                0x080057c2       0x10 build/nnom.o
                0x080057c2                nnom_alignto
 *fill*         0x080057d2        0x2 
 .text.nnom_malloc
                0x080057d4       0x4c build/nnom.o
                0x080057d4                nnom_malloc
 .text.nnom_mem
                0x08005820       0x2c build/nnom.o
                0x08005820                nnom_mem
 .text.model_hook
                0x0800584c       0x58 build/nnom.o
 .text.model_mergex
                0x080058a4       0x36 build/nnom.o
 .text.model_merge
                0x080058da        0xe build/nnom.o
 .text.new_model
                0x080058e8       0x48 build/nnom.o
                0x080058e8                new_model
 .text.nnom_hook_length
                0x08005930       0x14 build/nnom.o
                0x08005930                nnom_hook_length
 .text.compile_layers
                0x08005944      0x3f4 build/nnom.o
                0x08005944                compile_layers
 .text.mem_analysis_result
                0x08005d38       0x3c build/nnom.o
                0x08005d38                mem_analysis_result
 .text.block_mem_set
                0x08005d74       0x2a build/nnom.o
                0x08005d74                block_mem_set
 .text.tensor_mem_set
                0x08005d9e       0x32 build/nnom.o
                0x08005d9e                tensor_mem_set
 .text.set_tailed_activation
                0x08005dd0       0x3c build/nnom.o
                0x08005dd0                set_tailed_activation
 .text.model_compile
                0x08005e0c      0x130 build/nnom.o
                0x08005e0c                model_compile
 .text.layer_run
                0x08005f3c       0x2c build/nnom.o
                0x08005f3c                layer_run
 .text.model_run_to
                0x08005f68       0x98 build/nnom.o
                0x08005f68                model_run_to
 .text.model_run
                0x08006000        0xa build/nnom.o
                0x08006000                model_run
 *fill*         0x0800600a        0x2 
 .text.check_model_version
                0x0800600c       0x58 build/nnom.o
                0x0800600c                check_model_version
 .text.shape    0x08006064        0x8 build/nnom_layers.o
                0x08006064                shape
 .text.kernel   0x0800606c        0xa build/nnom_layers.o
                0x0800606c                kernel
 .text.stride   0x08006076        0xa build/nnom_layers.o
                0x08006076                stride
 .text.dilation
                0x08006080        0xa build/nnom_layers.o
                0x08006080                dilation
 .text.io_init  0x0800608a        0x6 build/nnom_layers.o
                0x0800608a                io_init
 .text.tensor_size
                0x08006090       0x26 build/nnom_tensor.o
                0x08006090                tensor_size
 .text.tensor_get_num_channel
                0x080060b6       0x10 build/nnom_tensor.o
                0x080060b6                tensor_get_num_channel
 *fill*         0x080060c6        0x2 
 .text.new_tensor
                0x080060c8       0x68 build/nnom_tensor.o
                0x080060c8                new_tensor
 .text.delete_tensor
                0x08006130        0xc build/nnom_tensor.o
                0x08006130                delete_tensor
 .text.tensor_set_attr_v
                0x0800613c       0x28 build/nnom_tensor.o
                0x0800613c                tensor_set_attr_v
 .text.tensor_set_attr
                0x08006164       0x46 build/nnom_tensor.o
                0x08006164                tensor_set_attr
 .text.tensor_cpy_attr
                0x080061aa       0x4e build/nnom_tensor.o
                0x080061aa                tensor_cpy_attr
 .text.leaky_relu_run
                0x080061f8       0x3a build/nnom_activation.o
 *fill*         0x08006232        0x2 
 .text.act_leaky_relu
                0x08006234       0x30 build/nnom_activation.o
                0x08006234                act_leaky_relu
 .text.act_get_dec_bit
                0x08006264        0xc build/nnom_activation.o
                0x08006264                act_get_dec_bit
 .text.avgpool_build
                0x08006270        0xa build/nnom_avgpool.o
                0x08006270                avgpool_build
 .text.avgpool_run
                0x0800627a       0xb8 build/nnom_avgpool.o
                0x0800627a                avgpool_run
 *fill*         0x08006332        0x2 
 .text.AvgPool  0x08006334       0x44 build/nnom_avgpool.o
                0x08006334                AvgPool
 .text.avgpool_s
                0x08006378       0x7c build/nnom_avgpool.o
                0x08006378                avgpool_s
 .text.default_build
                0x080063f4       0x48 build/nnom_baselayer.o
                0x080063f4                default_build
 .text.conv2d_free
                0x0800643c       0x1c build/nnom_conv2d.o
                0x0800643c                conv2d_free
 .text.conv2d_run
                0x08006458      0x110 build/nnom_conv2d.o
                0x08006458                conv2d_run
 .text.conv2d_s
                0x08006568      0x14c build/nnom_conv2d.o
                0x08006568                conv2d_s
 .text.conv_output_length
                0x080066b4       0x1c build/nnom_conv2d.o
                0x080066b4                conv_output_length
 .text.conv2d_build
                0x080066d0      0x10c build/nnom_conv2d.o
                0x080066d0                conv2d_build
 .text.dense_build
                0x080067dc       0xda build/nnom_dense.o
                0x080067dc                dense_build
 .text.dense_free
                0x080068b6       0x1c build/nnom_dense.o
                0x080068b6                dense_free
 .text.dense_run
                0x080068d2       0x5e build/nnom_dense.o
                0x080068d2                dense_run
 .text.dense_s  0x08006930       0x74 build/nnom_dense.o
                0x08006930                dense_s
 .text.flatten_run
                0x080069a4        0x4 build/nnom_flatten.o
                0x080069a4                flatten_run
 .text.flatten_build
                0x080069a8       0x52 build/nnom_flatten.o
                0x080069a8                flatten_build
 *fill*         0x080069fa        0x2 
 .text.Flatten  0x080069fc       0x48 build/nnom_flatten.o
                0x080069fc                Flatten
 .text.flatten_s
                0x08006a44        0xe build/nnom_flatten.o
                0x08006a44                flatten_s
 .text.input_build
                0x08006a52       0x2c build/nnom_input.o
                0x08006a52                input_build
 .text.input_run
                0x08006a7e       0x1e build/nnom_input.o
                0x08006a7e                input_run
 .text.input_s  0x08006a9c       0xf4 build/nnom_input.o
                0x08006a9c                input_s
 .text.maxpool_build
                0x08006b90       0xde build/nnom_maxpool.o
                0x08006b90                maxpool_build
 .text.maxpool_run
                0x08006c6e       0x66 build/nnom_maxpool.o
                0x08006c6e                maxpool_run
 .text.MaxPool  0x08006cd4       0xac build/nnom_maxpool.o
                0x08006cd4                MaxPool
 .text.output_run
                0x08006d80       0x20 build/nnom_output.o
                0x08006d80                output_run
 .text.output_s
                0x08006da0       0x30 build/nnom_output.o
                0x08006da0                output_s
 .text.softmax_build
                0x08006dd0       0x3e build/nnom_softmax.o
                0x08006dd0                softmax_build
 .text.softmax_run
                0x08006e0e       0x24 build/nnom_softmax.o
                0x08006e0e                softmax_run
 *fill*         0x08006e32        0x2 
 .text.Softmax  0x08006e34       0x44 build/nnom_softmax.o
                0x08006e34                Softmax
 .text.softmax_s
                0x08006e78        0xe build/nnom_softmax.o
                0x08006e78                softmax_s
 *fill*         0x08006e86        0x2 
 .text.Reset_Handler
                0x08006e88       0x48 build/startup_stm32f103xb.o
                0x08006e88                Reset_Handler
 .text.Default_Handler
                0x08006ed0        0x2 build/startup_stm32f103xb.o
                0x08006ed0                EXTI2_IRQHandler
                0x08006ed0                DebugMon_Handler
                0x08006ed0                TIM1_CC_IRQHandler
                0x08006ed0                HardFault_Handler
                0x08006ed0                SysTick_Handler
                0x08006ed0                PVD_IRQHandler
                0x08006ed0                PendSV_Handler
                0x08006ed0                NMI_Handler
                0x08006ed0                EXTI3_IRQHandler
                0x08006ed0                I2C2_EV_IRQHandler
                0x08006ed0                UsageFault_Handler
                0x08006ed0                ADC1_2_IRQHandler
                0x08006ed0                SPI1_IRQHandler
                0x08006ed0                TAMPER_IRQHandler
                0x08006ed0                DMA1_Channel4_IRQHandler
                0x08006ed0                USART3_IRQHandler
                0x08006ed0                RTC_IRQHandler
                0x08006ed0                DMA1_Channel7_IRQHandler
                0x08006ed0                CAN1_RX1_IRQHandler
                0x08006ed0                I2C1_EV_IRQHandler
                0x08006ed0                DMA1_Channel6_IRQHandler
                0x08006ed0                TIM3_IRQHandler
                0x08006ed0                RCC_IRQHandler
                0x08006ed0                TIM1_TRG_COM_IRQHandler
                0x08006ed0                DMA1_Channel1_IRQHandler
                0x08006ed0                Default_Handler
                0x08006ed0                EXTI15_10_IRQHandler
                0x08006ed0                SPI2_IRQHandler
                0x08006ed0                MemManage_Handler
                0x08006ed0                SVC_Handler
                0x08006ed0                DMA1_Channel5_IRQHandler
                0x08006ed0                EXTI4_IRQHandler
                0x08006ed0                USB_LP_CAN1_RX0_IRQHandler
                0x08006ed0                USB_HP_CAN1_TX_IRQHandler
                0x08006ed0                DMA1_Channel3_IRQHandler
                0x08006ed0                TIM1_UP_IRQHandler
                0x08006ed0                WWDG_IRQHandler
                0x08006ed0                TIM2_IRQHandler
                0x08006ed0                TIM1_BRK_IRQHandler
                0x08006ed0                EXTI1_IRQHandler
                0x08006ed0                RTCAlarm_IRQHandler
                0x08006ed0                USART2_IRQHandler
                0x08006ed0                I2C2_ER_IRQHandler
                0x08006ed0                DMA1_Channel2_IRQHandler
                0x08006ed0                CAN1_SCE_IRQHandler
                0x08006ed0                FLASH_IRQHandler
                0x08006ed0                BusFault_Handler
                0x08006ed0                USART1_IRQHandler
                0x08006ed0                I2C1_ER_IRQHandler
                0x08006ed0                USBWakeUp_IRQHandler
 *fill*         0x08006ed2        0x2 
 .text.__udivmoddi4
                0x08006ed4      0x2f4 C:/Program Files (x86)/Arm GNU Toolchain arm-none-eabi/14.2 Rel1/bin/../lib/gcc/arm-none-eabi/14.2.1/thumb/v7-m/nofp\libgcc.a(_udivmoddi4.o)
                0x08006ed4                __udivmoddi4
 .text.std      0x080071c8       0x6c C:/Program Files (x86)/Arm GNU Toolchain arm-none-eabi/14.2 Rel1/bin/../lib/gcc/arm-none-eabi/14.2.1/thumb/v7-m/nofp\libc_nano.a(libc_a-findfp.o)
 .text.stdio_exit_handler
                0x08007234       0x18 C:/Program Files (x86)/Arm GNU Toolchain arm-none-eabi/14.2 Rel1/bin/../lib/gcc/arm-none-eabi/14.2.1/thumb/v7-m/nofp\libc_nano.a(libc_a-findfp.o)
 .text.cleanup_stdio
                0x0800724c       0x40 C:/Program Files (x86)/Arm GNU Toolchain arm-none-eabi/14.2 Rel1/bin/../lib/gcc/arm-none-eabi/14.2.1/thumb/v7-m/nofp\libc_nano.a(libc_a-findfp.o)
 .text.global_stdio_init.part.0
                0x0800728c       0x40 C:/Program Files (x86)/Arm GNU Toolchain arm-none-eabi/14.2 Rel1/bin/../lib/gcc/arm-none-eabi/14.2.1/thumb/v7-m/nofp\libc_nano.a(libc_a-findfp.o)
 .text.__sfp_lock_acquire
                0x080072cc        0xc C:/Program Files (x86)/Arm GNU Toolchain arm-none-eabi/14.2 Rel1/bin/../lib/gcc/arm-none-eabi/14.2.1/thumb/v7-m/nofp\libc_nano.a(libc_a-findfp.o)
                0x080072cc                __sfp_lock_acquire
 .text.__sfp_lock_release
                0x080072d8        0xc C:/Program Files (x86)/Arm GNU Toolchain arm-none-eabi/14.2 Rel1/bin/../lib/gcc/arm-none-eabi/14.2.1/thumb/v7-m/nofp\libc_nano.a(libc_a-findfp.o)
                0x080072d8                __sfp_lock_release
 .text.__sinit  0x080072e4       0x30 C:/Program Files (x86)/Arm GNU Toolchain arm-none-eabi/14.2 Rel1/bin/../lib/gcc/arm-none-eabi/14.2.1/thumb/v7-m/nofp\libc_nano.a(libc_a-findfp.o)
                0x080072e4                __sinit
 .text._fwalk_sglue
                0x08007314       0x3c C:/Program Files (x86)/Arm GNU Toolchain arm-none-eabi/14.2 Rel1/bin/../lib/gcc/arm-none-eabi/14.2.1/thumb/v7-m/nofp\libc_nano.a(libc_a-fwalk.o)
                0x08007314                _fwalk_sglue
 .text.printf   0x08007350       0x24 C:/Program Files (x86)/Arm GNU Toolchain arm-none-eabi/14.2 Rel1/bin/../lib/gcc/arm-none-eabi/14.2.1/thumb/v7-m/nofp\libc_nano.a(libc_a-printf.o)
                0x08007350                iprintf
                0x08007350                printf
 .text.putchar  0x08007374       0x10 C:/Program Files (x86)/Arm GNU Toolchain arm-none-eabi/14.2 Rel1/bin/../lib/gcc/arm-none-eabi/14.2.1/thumb/v7-m/nofp\libc_nano.a(libc_a-putchar.o)
                0x08007374                putchar
 .text._puts_r  0x08007384       0xaa C:/Program Files (x86)/Arm GNU Toolchain arm-none-eabi/14.2 Rel1/bin/../lib/gcc/arm-none-eabi/14.2.1/thumb/v7-m/nofp\libc_nano.a(libc_a-puts.o)
                0x08007384                _puts_r
 *fill*         0x0800742e        0x2 
 .text.puts     0x08007430       0x10 C:/Program Files (x86)/Arm GNU Toolchain arm-none-eabi/14.2 Rel1/bin/../lib/gcc/arm-none-eabi/14.2.1/thumb/v7-m/nofp\libc_nano.a(libc_a-puts.o)
                0x08007430                puts
 .text.__sread  0x08007440       0x22 C:/Program Files (x86)/Arm GNU Toolchain arm-none-eabi/14.2 Rel1/bin/../lib/gcc/arm-none-eabi/14.2.1/thumb/v7-m/nofp\libc_nano.a(libc_a-stdio.o)
                0x08007440                __sread
 .text.__swrite
                0x08007462       0x38 C:/Program Files (x86)/Arm GNU Toolchain arm-none-eabi/14.2 Rel1/bin/../lib/gcc/arm-none-eabi/14.2.1/thumb/v7-m/nofp\libc_nano.a(libc_a-stdio.o)
                0x08007462                __swrite
 .text.__sseek  0x0800749a       0x26 C:/Program Files (x86)/Arm GNU Toolchain arm-none-eabi/14.2 Rel1/bin/../lib/gcc/arm-none-eabi/14.2.1/thumb/v7-m/nofp\libc_nano.a(libc_a-stdio.o)
                0x0800749a                __sseek
 .text.__sclose
                0x080074c0        0x8 C:/Program Files (x86)/Arm GNU Toolchain arm-none-eabi/14.2 Rel1/bin/../lib/gcc/arm-none-eabi/14.2.1/thumb/v7-m/nofp\libc_nano.a(libc_a-stdio.o)
                0x080074c0                __sclose
 .text.__swbuf_r
                0x080074c8       0x7c C:/Program Files (x86)/Arm GNU Toolchain arm-none-eabi/14.2 Rel1/bin/../lib/gcc/arm-none-eabi/14.2.1/thumb/v7-m/nofp\libc_nano.a(libc_a-wbuf.o)
                0x080074c8                __swbuf_r
 .text.__swsetup_r
                0x08007544       0xa8 C:/Program Files (x86)/Arm GNU Toolchain arm-none-eabi/14.2 Rel1/bin/../lib/gcc/arm-none-eabi/14.2.1/thumb/v7-m/nofp\libc_nano.a(libc_a-wsetup.o)
                0x08007544                __swsetup_r
 .text.memcmp   0x080075ec       0x20 C:/Program Files (x86)/Arm GNU Toolchain arm-none-eabi/14.2 Rel1/bin/../lib/gcc/arm-none-eabi/14.2.1/thumb/v7-m/nofp\libc_nano.a(libc_a-memcmp.o)
                0x080075ec                memcmp
 .text.memset   0x0800760c       0x10 C:/Program Files (x86)/Arm GNU Toolchain arm-none-eabi/14.2 Rel1/bin/../lib/gcc/arm-none-eabi/14.2.1/thumb/v7-m/nofp\libc_nano.a(libc_a-memset.o)
                0x0800760c                memset
 .text._close_r
                0x0800761c       0x20 C:/Program Files (x86)/Arm GNU Toolchain arm-none-eabi/14.2 Rel1/bin/../lib/gcc/arm-none-eabi/14.2.1/thumb/v7-m/nofp\libc_nano.a(libc_a-closer.o)
                0x0800761c                _close_r
 .text._lseek_r
                0x0800763c       0x24 C:/Program Files (x86)/Arm GNU Toolchain arm-none-eabi/14.2 Rel1/bin/../lib/gcc/arm-none-eabi/14.2.1/thumb/v7-m/nofp\libc_nano.a(libc_a-lseekr.o)
                0x0800763c                _lseek_r
 .text._read_r  0x08007660       0x24 C:/Program Files (x86)/Arm GNU Toolchain arm-none-eabi/14.2 Rel1/bin/../lib/gcc/arm-none-eabi/14.2.1/thumb/v7-m/nofp\libc_nano.a(libc_a-readr.o)
                0x08007660                _read_r
 .text._write_r
                0x08007684       0x24 C:/Program Files (x86)/Arm GNU Toolchain arm-none-eabi/14.2 Rel1/bin/../lib/gcc/arm-none-eabi/14.2.1/thumb/v7-m/nofp\libc_nano.a(libc_a-writer.o)
                0x08007684                _write_r
 .text.__libc_init_array
                0x080076a8       0x48 C:/Program Files (x86)/Arm GNU Toolchain arm-none-eabi/14.2 Rel1/bin/../lib/gcc/arm-none-eabi/14.2.1/thumb/v7-m/nofp\libc_nano.a(libc_a-init.o)
                0x080076a8                __libc_init_array
 .text.__retarget_lock_init_recursive
                0x080076f0        0x2 C:/Program Files (x86)/Arm GNU Toolchain arm-none-eabi/14.2 Rel1/bin/../lib/gcc/arm-none-eabi/14.2.1/thumb/v7-m/nofp\libc_nano.a(libc_a-lock.o)
                0x080076f0                __retarget_lock_init_recursive
 .text.__retarget_lock_acquire_recursive
                0x080076f2        0x2 C:/Program Files (x86)/Arm GNU Toolchain arm-none-eabi/14.2 Rel1/bin/../lib/gcc/arm-none-eabi/14.2.1/thumb/v7-m/nofp\libc_nano.a(libc_a-lock.o)
                0x080076f2                __retarget_lock_acquire_recursive
 .text.__retarget_lock_release_recursive
                0x080076f4        0x2 C:/Program Files (x86)/Arm GNU Toolchain arm-none-eabi/14.2 Rel1/bin/../lib/gcc/arm-none-eabi/14.2.1/thumb/v7-m/nofp\libc_nano.a(libc_a-lock.o)
                0x080076f4                __retarget_lock_release_recursive
 .text.memcpy   0x080076f6       0x1c C:/Program Files (x86)/Arm GNU Toolchain arm-none-eabi/14.2 Rel1/bin/../lib/gcc/arm-none-eabi/14.2.1/thumb/v7-m/nofp\libc_nano.a(libc_a-memcpy-stub.o)
                0x080076f6                memcpy
 *fill*         0x08007712        0x2 
 .text._free_r  0x08007714       0x90 C:/Program Files (x86)/Arm GNU Toolchain arm-none-eabi/14.2 Rel1/bin/../lib/gcc/arm-none-eabi/14.2.1/thumb/v7-m/nofp\libc_nano.a(libc_a-freer.o)
                0x08007714                _free_r
 .text.sbrk_aligned
                0x080077a4       0x44 C:/Program Files (x86)/Arm GNU Toolchain arm-none-eabi/14.2 Rel1/bin/../lib/gcc/arm-none-eabi/14.2.1/thumb/v7-m/nofp\libc_nano.a(libc_a-mallocr.o)
 .text._malloc_r
                0x080077e8      0x100 C:/Program Files (x86)/Arm GNU Toolchain arm-none-eabi/14.2 Rel1/bin/../lib/gcc/arm-none-eabi/14.2.1/thumb/v7-m/nofp\libc_nano.a(libc_a-mallocr.o)
                0x080077e8                _malloc_r
 .text.__malloc_lock
                0x080078e8        0xc C:/Program Files (x86)/Arm GNU Toolchain arm-none-eabi/14.2 Rel1/bin/../lib/gcc/arm-none-eabi/14.2.1/thumb/v7-m/nofp\libc_nano.a(libc_a-mlock.o)
                0x080078e8                __malloc_lock
 .text.__malloc_unlock
                0x080078f4        0xc C:/Program Files (x86)/Arm GNU Toolchain arm-none-eabi/14.2 Rel1/bin/../lib/gcc/arm-none-eabi/14.2.1/thumb/v7-m/nofp\libc_nano.a(libc_a-mlock.o)
                0x080078f4                __malloc_unlock
 .text.__sfputc_r
                0x08007900       0x2a C:/Program Files (x86)/Arm GNU Toolchain arm-none-eabi/14.2 Rel1/bin/../lib/gcc/arm-none-eabi/14.2.1/thumb/v7-m/nofp\libc_nano.a(libc_a-nano-vfprintf.o)
 .text.__sfputs_r
                0x0800792a       0x24 C:/Program Files (x86)/Arm GNU Toolchain arm-none-eabi/14.2 Rel1/bin/../lib/gcc/arm-none-eabi/14.2.1/thumb/v7-m/nofp\libc_nano.a(libc_a-nano-vfprintf.o)
                0x0800792a                __sfputs_r
 *fill*         0x0800794e        0x2 
 .text._vfprintf_r
                0x08007950      0x230 C:/Program Files (x86)/Arm GNU Toolchain arm-none-eabi/14.2 Rel1/bin/../lib/gcc/arm-none-eabi/14.2.1/thumb/v7-m/nofp\libc_nano.a(libc_a-nano-vfprintf.o)
                0x08007950                _vfprintf_r
                0x08007950                _vfiprintf_r
 .text._printf_common
                0x08007b80       0xe4 C:/Program Files (x86)/Arm GNU Toolchain arm-none-eabi/14.2 Rel1/bin/../lib/gcc/arm-none-eabi/14.2.1/thumb/v7-m/nofp\libc_nano.a(libc_a-nano-vfprintf_i.o)
                0x08007b80                _printf_common
 .text._printf_i
                0x08007c64      0x240 C:/Program Files (x86)/Arm GNU Toolchain arm-none-eabi/14.2 Rel1/bin/../lib/gcc/arm-none-eabi/14.2.1/thumb/v7-m/nofp\libc_nano.a(libc_a-nano-vfprintf_i.o)
                0x08007c64                _printf_i
 .text.__sflush_r
                0x08007ea4       0xfc C:/Program Files (x86)/Arm GNU Toolchain arm-none-eabi/14.2 Rel1/bin/../lib/gcc/arm-none-eabi/14.2.1/thumb/v7-m/nofp\libc_nano.a(libc_a-fflush.o)
                0x08007ea4                __sflush_r
 .text._fflush_r
                0x08007fa0       0x50 C:/Program Files (x86)/Arm GNU Toolchain arm-none-eabi/14.2 Rel1/bin/../lib/gcc/arm-none-eabi/14.2.1/thumb/v7-m/nofp\libc_nano.a(libc_a-fflush.o)
                0x08007fa0                _fflush_r
 .text.__swhatbuf_r
                0x08007ff0       0x48 C:/Program Files (x86)/Arm GNU Toolchain arm-none-eabi/14.2 Rel1/bin/../lib/gcc/arm-none-eabi/14.2.1/thumb/v7-m/nofp\libc_nano.a(libc_a-makebuf.o)
                0x08007ff0                __swhatbuf_r
 .text.__smakebuf_r
                0x08008038       0x72 C:/Program Files (x86)/Arm GNU Toolchain arm-none-eabi/14.2 Rel1/bin/../lib/gcc/arm-none-eabi/14.2.1/thumb/v7-m/nofp\libc_nano.a(libc_a-makebuf.o)
                0x08008038                __smakebuf_r
 .text._putc_r  0x080080aa       0x68 C:/Program Files (x86)/Arm GNU Toolchain arm-none-eabi/14.2 Rel1/bin/../lib/gcc/arm-none-eabi/14.2.1/thumb/v7-m/nofp\libc_nano.a(libc_a-putc.o)
                0x080080aa                _putc_r
 *fill*         0x08008112        0x2 
 .text._fstat_r
                0x08008114       0x24 C:/Program Files (x86)/Arm GNU Toolchain arm-none-eabi/14.2 Rel1/bin/../lib/gcc/arm-none-eabi/14.2.1/thumb/v7-m/nofp\libc_nano.a(libc_a-fstatr.o)
                0x08008114                _fstat_r
 .text._isatty_r
                0x08008138       0x20 C:/Program Files (x86)/Arm GNU Toolchain arm-none-eabi/14.2 Rel1/bin/../lib/gcc/arm-none-eabi/14.2.1/thumb/v7-m/nofp\libc_nano.a(libc_a-isattyr.o)
                0x08008138                _isatty_r
 .text._sbrk_r  0x08008158       0x20 C:/Program Files (x86)/Arm GNU Toolchain arm-none-eabi/14.2 Rel1/bin/../lib/gcc/arm-none-eabi/14.2.1/thumb/v7-m/nofp\libc_nano.a(libc_a-sbrkr.o)
                0x08008158                _sbrk_r
 .text.memchr   0x08008178       0x1c C:/Program Files (x86)/Arm GNU Toolchain arm-none-eabi/14.2 Rel1/bin/../lib/gcc/arm-none-eabi/14.2.1/thumb/v7-m/nofp\libc_nano.a(libc_a-memchr-stub.o)
                0x08008178                memchr
 .text._close   0x08008194       0x10 C:/Program Files (x86)/Arm GNU Toolchain arm-none-eabi/14.2 Rel1/bin/../lib/gcc/arm-none-eabi/14.2.1/thumb/v7-m/nofp\libnosys.a(close.o)
                0x08008194                _close
 .text._fstat   0x080081a4       0x10 C:/Program Files (x86)/Arm GNU Toolchain arm-none-eabi/14.2 Rel1/bin/../lib/gcc/arm-none-eabi/14.2.1/thumb/v7-m/nofp\libnosys.a(fstat.o)
                0x080081a4                _fstat
 .text._isatty  0x080081b4       0x10 C:/Program Files (x86)/Arm GNU Toolchain arm-none-eabi/14.2 Rel1/bin/../lib/gcc/arm-none-eabi/14.2.1/thumb/v7-m/nofp\libnosys.a(isatty.o)
                0x080081b4                _isatty
 .text._lseek   0x080081c4       0x10 C:/Program Files (x86)/Arm GNU Toolchain arm-none-eabi/14.2 Rel1/bin/../lib/gcc/arm-none-eabi/14.2.1/thumb/v7-m/nofp\libnosys.a(lseek.o)
                0x080081c4                _lseek
 .text._read    0x080081d4       0x10 C:/Program Files (x86)/Arm GNU Toolchain arm-none-eabi/14.2 Rel1/bin/../lib/gcc/arm-none-eabi/14.2.1/thumb/v7-m/nofp\libnosys.a(read.o)
                0x080081d4                _read
 .text._sbrk    0x080081e4       0x1c C:/Program Files (x86)/Arm GNU Toolchain arm-none-eabi/14.2 Rel1/bin/../lib/gcc/arm-none-eabi/14.2.1/thumb/v7-m/nofp\libnosys.a(sbrk.o)
                0x080081e4                _sbrk
 .text._write   0x08008200       0x10 C:/Program Files (x86)/Arm GNU Toolchain arm-none-eabi/14.2 Rel1/bin/../lib/gcc/arm-none-eabi/14.2.1/thumb/v7-m/nofp\libnosys.a(write.o)
                0x08008200                _write
 .text.round    0x08008210       0x9c C:/Program Files (x86)/Arm GNU Toolchain arm-none-eabi/14.2 Rel1/bin/../lib/gcc/arm-none-eabi/14.2.1/thumb/v7-m/nofp\libm.a(libm_a-s_round.o)
                0x08008210                round
 *(.glue_7)
 .glue_7        0x080082ac        0x0 linker stubs
 *(.glue_7t)
 .glue_7t       0x080082ac        0x0 linker stubs
 *(.eh_frame)
 .eh_frame      0x080082ac        0x0 C:/Program Files (x86)/Arm GNU Toolchain arm-none-eabi/14.2 Rel1/bin/../lib/gcc/arm-none-eabi/14.2.1/thumb/v7-m/nofp/crtbegin.o
 *(.init)
 .init          0x080082ac        0x4 C:/Program Files (x86)/Arm GNU Toolchain arm-none-eabi/14.2 Rel1/bin/../lib/gcc/arm-none-eabi/14.2.1/thumb/v7-m/nofp/crti.o
                0x080082ac                _init
 .init          0x080082b0        0x8 C:/Program Files (x86)/Arm GNU Toolchain arm-none-eabi/14.2 Rel1/bin/../lib/gcc/arm-none-eabi/14.2.1/thumb/v7-m/nofp/crtn.o
 *(.fini)
 .fini          0x080082b8        0x4 C:/Program Files (x86)/Arm GNU Toolchain arm-none-eabi/14.2 Rel1/bin/../lib/gcc/arm-none-eabi/14.2.1/thumb/v7-m/nofp/crti.o
                0x080082b8                _fini
 .fini          0x080082bc        0x8 C:/Program Files (x86)/Arm GNU Toolchain arm-none-eabi/14.2 Rel1/bin/../lib/gcc/arm-none-eabi/14.2.1/thumb/v7-m/nofp/crtn.o
                0x080082c4                        . = ALIGN (0x4)
                0x080082c4                        _etext = .

.vfp11_veneer   0x080082c4        0x0
 .vfp11_veneer  0x080082c4        0x0 linker stubs

.v4_bx          0x080082c4        0x0
 .v4_bx         0x080082c4        0x0 linker stubs

.iplt           0x080082c4        0x0
 .iplt          0x080082c4        0x0 C:/Program Files (x86)/Arm GNU Toolchain arm-none-eabi/14.2 Rel1/bin/../lib/gcc/arm-none-eabi/14.2.1/thumb/v7-m/nofp/crtbegin.o

.rodata         0x080082c4     0x35a0
                0x080082c4                        . = ALIGN (0x4)
 *(.rodata)
 *(.rodata*)
 .rodata.ADCPrescTable
                0x080082c4        0x4 build/stm32f10x_rcc.o
 .rodata.APBAHBPrescTable
                0x080082c8       0x10 build/stm32f10x_rcc.o
 .rodata.Module_Init.str1.4
                0x080082d8      0x8c9 build/CyberryPotter.o
                                 0x2c (size before relaxing)
 .rodata.System_Init.str1.4
                0x08008ba1        0xe build/CyberryPotter.o
 .rodata.Cyberry_Potter_System_Status_Update.str1.4
                0x08008ba1       0x1e build/CyberryPotter.o
 .rodata.model_get_output.str1.4
                0x08008ba1       0xa9 build/main.o
 .rodata.main.str1.4
                0x08008ba1       0x19 build/main.o
 .rodata.str1.4
                0x08008ba1       0x50 build/main.o
 *fill*         0x08008ba1        0x3 
 .rodata.output0_config
                0x08008ba4        0x8 build/main.o
                0x08008ba4                output0_config
 .rodata.tensor_output0
                0x08008bac       0x14 build/main.o
                0x08008bac                tensor_output0
 .rodata.tensor_output0_offset
                0x08008bc0        0x4 build/main.o
                0x08008bc0                tensor_output0_offset
 .rodata.tensor_output0_dec
                0x08008bc4        0x4 build/main.o
                0x08008bc4                tensor_output0_dec
 .rodata.tensor_output0_dim
                0x08008bc8        0x2 build/main.o
                0x08008bc8                tensor_output0_dim
 *fill*         0x08008bca        0x2 
 .rodata.softmax_config
                0x08008bcc        0x4 build/main.o
                0x08008bcc                softmax_config
 .rodata.dense_config
                0x08008bd0       0x18 build/main.o
                0x08008bd0                dense_config
 .rodata.dense_bias_shift
                0x08008be8        0x4 build/main.o
                0x08008be8                dense_bias_shift
 .rodata.dense_output_shift
                0x08008bec        0x4 build/main.o
                0x08008bec                dense_output_shift
 .rodata.tensor_dense_bias_0
                0x08008bf0       0x14 build/main.o
                0x08008bf0                tensor_dense_bias_0
 .rodata.tensor_dense_bias_0_offset
                0x08008c04        0x4 build/main.o
                0x08008c04                tensor_dense_bias_0_offset
 .rodata.tensor_dense_bias_0_dec
                0x08008c08        0x4 build/main.o
                0x08008c08                tensor_dense_bias_0_dec
 .rodata.tensor_dense_bias_0_dim
                0x08008c0c        0x2 build/main.o
                0x08008c0c                tensor_dense_bias_0_dim
 *fill*         0x08008c0e        0x2 
 .rodata.tensor_dense_bias_0_data
                0x08008c10        0xd build/main.o
                0x08008c10                tensor_dense_bias_0_data
 *fill*         0x08008c1d        0x3 
 .rodata.tensor_dense_kernel_0
                0x08008c20       0x14 build/main.o
                0x08008c20                tensor_dense_kernel_0
 .rodata.tensor_dense_kernel_0_offset
                0x08008c34        0x4 build/main.o
                0x08008c34                tensor_dense_kernel_0_offset
 .rodata.tensor_dense_kernel_0_dec
                0x08008c38        0x4 build/main.o
                0x08008c38                tensor_dense_kernel_0_dec
 .rodata.tensor_dense_kernel_0_dim
                0x08008c3c        0x4 build/main.o
                0x08008c3c                tensor_dense_kernel_0_dim
 .rodata.tensor_dense_kernel_0_data
                0x08008c40      0xb6d build/main.o
                0x08008c40                tensor_dense_kernel_0_data
 *fill*         0x080097ad        0x3 
 .rodata.flatten_config
                0x080097b0        0x4 build/main.o
                0x080097b0                flatten_config
 .rodata.average_pooling2d_config
                0x080097b4       0x10 build/main.o
                0x080097b4                average_pooling2d_config
 .rodata.conv2d_1_config
                0x080097c4       0x28 build/main.o
                0x080097c4                conv2d_1_config
 .rodata.conv2d_1_bias_shift
                0x080097ec        0x4 build/main.o
                0x080097ec                conv2d_1_bias_shift
 .rodata.conv2d_1_output_shift
                0x080097f0        0x4 build/main.o
                0x080097f0                conv2d_1_output_shift
 .rodata.tensor_conv2d_1_bias_0
                0x080097f4       0x14 build/main.o
                0x080097f4                tensor_conv2d_1_bias_0
 .rodata.tensor_conv2d_1_bias_0_offset
                0x08009808        0x4 build/main.o
                0x08009808                tensor_conv2d_1_bias_0_offset
 .rodata.tensor_conv2d_1_bias_0_dec
                0x0800980c        0x4 build/main.o
                0x0800980c                tensor_conv2d_1_bias_0_dec
 .rodata.tensor_conv2d_1_bias_0_dim
                0x08009810        0x2 build/main.o
                0x08009810                tensor_conv2d_1_bias_0_dim
 *fill*         0x08009812        0x2 
 .rodata.tensor_conv2d_1_bias_0_data
                0x08009814        0xf build/main.o
                0x08009814                tensor_conv2d_1_bias_0_data
 *fill*         0x08009823        0x1 
 .rodata.tensor_conv2d_1_kernel_0
                0x08009824       0x14 build/main.o
                0x08009824                tensor_conv2d_1_kernel_0
 .rodata.tensor_conv2d_1_kernel_0_offset
                0x08009838        0x4 build/main.o
                0x08009838                tensor_conv2d_1_kernel_0_offset
 .rodata.tensor_conv2d_1_kernel_0_dec
                0x0800983c        0x4 build/main.o
                0x0800983c                tensor_conv2d_1_kernel_0_dec
 .rodata.tensor_conv2d_1_kernel_0_dim
                0x08009840        0x8 build/main.o
                0x08009840                tensor_conv2d_1_kernel_0_dim
 .rodata.tensor_conv2d_1_kernel_0_data
                0x08009848      0xfd2 build/main.o
                0x08009848                tensor_conv2d_1_kernel_0_data
 *fill*         0x0800a81a        0x2 
 .rodata.conv2d_config
                0x0800a81c       0x28 build/main.o
                0x0800a81c                conv2d_config
 .rodata.conv2d_bias_shift
                0x0800a844        0x4 build/main.o
                0x0800a844                conv2d_bias_shift
 .rodata.conv2d_output_shift
                0x0800a848        0x4 build/main.o
                0x0800a848                conv2d_output_shift
 .rodata.tensor_conv2d_bias_0
                0x0800a84c       0x14 build/main.o
                0x0800a84c                tensor_conv2d_bias_0
 .rodata.tensor_conv2d_bias_0_offset
                0x0800a860        0x4 build/main.o
                0x0800a860                tensor_conv2d_bias_0_offset
 .rodata.tensor_conv2d_bias_0_dec
                0x0800a864        0x4 build/main.o
                0x0800a864                tensor_conv2d_bias_0_dec
 .rodata.tensor_conv2d_bias_0_dim
                0x0800a868        0x2 build/main.o
                0x0800a868                tensor_conv2d_bias_0_dim
 *fill*         0x0800a86a        0x2 
 .rodata.tensor_conv2d_bias_0_data
                0x0800a86c       0x1e build/main.o
                0x0800a86c                tensor_conv2d_bias_0_data
 *fill*         0x0800a88a        0x2 
 .rodata.tensor_conv2d_kernel_0
                0x0800a88c       0x14 build/main.o
                0x0800a88c                tensor_conv2d_kernel_0
 .rodata.tensor_conv2d_kernel_0_offset
                0x0800a8a0        0x4 build/main.o
                0x0800a8a0                tensor_conv2d_kernel_0_offset
 .rodata.tensor_conv2d_kernel_0_dec
                0x0800a8a4        0x4 build/main.o
                0x0800a8a4                tensor_conv2d_kernel_0_dec
 .rodata.tensor_conv2d_kernel_0_dim
                0x0800a8a8        0x8 build/main.o
                0x0800a8a8                tensor_conv2d_kernel_0_dim
 .rodata.tensor_conv2d_kernel_0_data
                0x0800a8b0      0x10e build/main.o
                0x0800a8b0                tensor_conv2d_kernel_0_data
 *fill*         0x0800a9be        0x2 
 .rodata.input_1_config
                0x0800a9c0        0x8 build/main.o
                0x0800a9c0                input_1_config
 .rodata.tensor_input_1
                0x0800a9c8       0x14 build/main.o
                0x0800a9c8                tensor_input_1
 .rodata.tensor_input_1_offset
                0x0800a9dc        0x4 build/main.o
                0x0800a9dc                tensor_input_1_offset
 .rodata.tensor_input_1_dec
                0x0800a9e0        0x4 build/main.o
                0x0800a9e0                tensor_input_1_dec
 .rodata.tensor_input_1_dim
                0x0800a9e4        0x6 build/main.o
                0x0800a9e4                tensor_input_1_dim
 .rodata.MPU6050_Init.str1.4
                0x0800a9ea      0x163 build/MPU6050.o
 *fill*         0x0800a9ea        0x2 
 .rodata.test   0x0800a9ec       0x28 build/inv_mpu.o
                0x0800a9ec                test
 .rodata.hw     0x0800aa14        0xc build/inv_mpu.o
                0x0800aa14                hw
 .rodata.reg    0x0800aa20       0x1e build/inv_mpu.o
                0x0800aa20                reg
 .rodata.dmp_set_orientation.str1.4
                0x0800aa3e       0x10 build/inv_mpu_dmp_motion_driver.o
 .rodata.dmp_set_fifo_rate.str1.4
                0x0800aa3e        0xd build/inv_mpu_dmp_motion_driver.o
 .rodata.dmp_enable_gyro_cal.str1.4
                0x0800aa3e       0x16 build/inv_mpu_dmp_motion_driver.o
 *fill*         0x0800aa3e        0x2 
 .rodata.dmp_memory
                0x0800aa40      0xbf6 build/inv_mpu_dmp_motion_driver.o
 .rodata.USART1_Init.str1.4
                0x0800b636        0xb build/USART.o
 .rodata.Button_Init.str1.4
                0x0800b636        0xc build/button.o
 .rodata.print_model_name.str1.4
                0x0800b636       0x17 build/module0.o
 .rodata.handle_ir_signal.str1.4
                0x0800b636        0x9 build/module0.o
 *fill*         0x0800b636        0x2 
 .rodata.model_indices
                0x0800b638        0xc build/module0.o
                0x0800b638                model_indices
 .rodata.str1.4
                0x0800b644       0x81 build/module0.o
 .rodata.model_add.str1.4
                0x0800b644       0x44 build/nnom.o
 .rodata.allocate_block.str1.4
                0x0800b644       0x6b build/nnom.o
 .rodata.print_memory_block_info.str1.4
                0x0800b644        0xb build/nnom.o
 .rodata.nnom_malloc.str1.4
                0x0800b644       0xa7 build/nnom.o
 .rodata.compile_layers.str1.4
                0x0800b644       0x8e build/nnom.o
 .rodata.mem_analysis_result.str1.4
                0x0800b644       0x58 build/nnom.o
 .rodata.set_tailed_activation.str1.4
                0x0800b644       0x14 build/nnom.o
 .rodata.model_compile.str1.4
                0x0800b644      0x23a build/nnom.o
 .rodata.model_run_to.str1.4
                0x0800b644       0x62 build/nnom.o
 .rodata.check_model_version.str1.4
                0x0800b644       0x59 build/nnom.o
 .rodata.default_cell_names
                0x0800b644       0x20 build/nnom.o
                0x0800b644                default_cell_names
 .rodata.default_activation_names
                0x0800b664       0x40 build/nnom.o
                0x0800b664                default_activation_names
 .rodata.default_layer_names
                0x0800b6a4      0x18c build/nnom.o
                0x0800b6a4                default_layer_names
 .rodata.new_tensor.str1.4
                0x0800b830       0x21 build/nnom_tensor.o
 .rodata._vfprintf_r.str1.1
                0x0800b830       0x33 C:/Program Files (x86)/Arm GNU Toolchain arm-none-eabi/14.2 Rel1/bin/../lib/gcc/arm-none-eabi/14.2.1/thumb/v7-m/nofp\libc_nano.a(libc_a-nano-vfprintf.o)
                                 0x11 (size before relaxing)
 .rodata._printf_i.str1.1
                0x0800b863       0x22 C:/Program Files (x86)/Arm GNU Toolchain arm-none-eabi/14.2 Rel1/bin/../lib/gcc/arm-none-eabi/14.2.1/thumb/v7-m/nofp\libc_nano.a(libc_a-nano-vfprintf_i.o)
                0x0800b888                        . = ALIGN (0x4)
 *fill*         0x0800b863        0x1 

.ARM.extab
 *(.ARM.extab* .gnu.linkonce.armextab.*)

.ARM            0x0800b864        0x8
                0x0800b864                        __exidx_start = .
 *(.ARM.exidx*)
 .ARM.exidx.text.__udivmoddi4
                0x0800b864        0x8 C:/Program Files (x86)/Arm GNU Toolchain arm-none-eabi/14.2 Rel1/bin/../lib/gcc/arm-none-eabi/14.2.1/thumb/v7-m/nofp\libgcc.a(_udivmoddi4.o)
                0x0800b86c                        __exidx_end = .

.rel.dyn        0x0800b86c        0x0
 .rel.iplt      0x0800b86c        0x0 C:/Program Files (x86)/Arm GNU Toolchain arm-none-eabi/14.2 Rel1/bin/../lib/gcc/arm-none-eabi/14.2.1/thumb/v7-m/nofp/crtbegin.o

.preinit_array  0x0800b86c        0x0
                0x0800b86c                        PROVIDE (__preinit_array_start = .)
 *(.preinit_array*)
                0x0800b86c                        PROVIDE (__preinit_array_end = .)

.init_array     0x0800b86c        0x4
                0x0800b86c                        PROVIDE (__init_array_start = .)
 *(SORT_BY_NAME(.init_array.*))
 *(.init_array*)
 .init_array    0x0800b86c        0x4 C:/Program Files (x86)/Arm GNU Toolchain arm-none-eabi/14.2 Rel1/bin/../lib/gcc/arm-none-eabi/14.2.1/thumb/v7-m/nofp/crtbegin.o
                0x0800b870                        PROVIDE (__init_array_end = .)

.fini_array     0x0800b870        0x4
                [!provide]                        PROVIDE (__fini_array_start = .)
 *(SORT_BY_NAME(.fini_array.*))
 *(.fini_array*)
 .fini_array    0x0800b870        0x4 C:/Program Files (x86)/Arm GNU Toolchain arm-none-eabi/14.2 Rel1/bin/../lib/gcc/arm-none-eabi/14.2.1/thumb/v7-m/nofp/crtbegin.o
                [!provide]                        PROVIDE (__fini_array_end = .)
                0x0800b874                        _sidata = LOADADDR (.data)

.data           0x20000000       0xc8 load address 0x0800b874
                0x20000000                        . = ALIGN (0x4)
                0x20000000                        _sdata = .
 *(.data)
 *(.data*)
 .data.model_output
                0x20000000        0x1 build/main.o
                0x20000000                model_output
 *fill*         0x20000001        0x3 
 .data.gyro_orientation
                0x20000004        0x9 build/MPU6050.o
 *fill*         0x2000000d        0x3 
 .data.st       0x20000010       0x2c build/inv_mpu.o
 .data.model_names
                0x2000003c       0x30 build/module0.o
                0x2000003c                model_names
 .data.__sglue  0x2000006c        0xc C:/Program Files (x86)/Arm GNU Toolchain arm-none-eabi/14.2 Rel1/bin/../lib/gcc/arm-none-eabi/14.2.1/thumb/v7-m/nofp\libc_nano.a(libc_a-findfp.o)
                0x2000006c                __sglue
 .data._impure_ptr
                0x20000078        0x4 C:/Program Files (x86)/Arm GNU Toolchain arm-none-eabi/14.2 Rel1/bin/../lib/gcc/arm-none-eabi/14.2.1/thumb/v7-m/nofp\libc_nano.a(libc_a-impure.o)
                0x20000078                _impure_ptr
 .data._impure_data
                0x2000007c       0x4c C:/Program Files (x86)/Arm GNU Toolchain arm-none-eabi/14.2 Rel1/bin/../lib/gcc/arm-none-eabi/14.2.1/thumb/v7-m/nofp\libc_nano.a(libc_a-impure.o)
                0x2000007c                _impure_data
 *(.RamFunc)
 *(.RamFunc*)
                0x200000c8                        . = ALIGN (0x4)
                0x200000c8                        _edata = .

.tm_clone_table
                0x200000c8        0x0 load address 0x0800b93c
 .tm_clone_table
                0x200000c8        0x0 C:/Program Files (x86)/Arm GNU Toolchain arm-none-eabi/14.2 Rel1/bin/../lib/gcc/arm-none-eabi/14.2.1/thumb/v7-m/nofp/crtbegin.o
 .tm_clone_table
                0x200000c8        0x0 C:/Program Files (x86)/Arm GNU Toolchain arm-none-eabi/14.2 Rel1/bin/../lib/gcc/arm-none-eabi/14.2.1/thumb/v7-m/nofp/crtend.o

.igot.plt       0x200000c8        0x0 load address 0x0800b93c
 .igot.plt      0x200000c8        0x0 C:/Program Files (x86)/Arm GNU Toolchain arm-none-eabi/14.2 Rel1/bin/../lib/gcc/arm-none-eabi/14.2.1/thumb/v7-m/nofp/crtbegin.o
                0x200000c8                        . = ALIGN (0x4)

.bss            0x200000c8     0x3ac8 load address 0x0800b93c
                0x200000c8                        _sbss = .
                0x200000c8                        __bss_start__ = _sbss
 *(.bss)
 *(.bss*)
 .bss.completed.1
                0x200000c8        0x1 C:/Program Files (x86)/Arm GNU Toolchain arm-none-eabi/14.2 Rel1/bin/../lib/gcc/arm-none-eabi/14.2.1/thumb/v7-m/nofp/crtbegin.o
 *fill*         0x200000c9        0x3 
 .bss.object.0  0x200000cc       0x18 C:/Program Files (x86)/Arm GNU Toolchain arm-none-eabi/14.2 Rel1/bin/../lib/gcc/arm-none-eabi/14.2.1/thumb/v7-m/nofp/crtbegin.o
 .bss.i.0       0x200000e4        0x1 build/CyberryPotter.o
 *fill*         0x200000e5        0x3 
 .bss.Module    0x200000e8        0xc build/CyberryPotter.o
                0x200000e8                Module
 .bss.Cyberry_Potter
                0x200000f4        0x8 build/CyberryPotter.o
                0x200000f4                Cyberry_Potter
 .bss.IMU_bias  0x200000fc        0xc build/IMU.o
                0x200000fc                IMU_bias
 .bss.IMU       0x20000108      0xe1c build/IMU.o
                0x20000108                IMU
 .bss.model.0   0x20000f24       0x88 build/main.o
 .bss.model     0x20000fac        0x4 build/main.o
                0x20000fac                model
 .bss.static_buf
                0x20000fb0     0x2800 build/main.o
                0x20000fb0                static_buf
 .bss.nnom_output_data
                0x200037b0        0xd build/main.o
 *fill*         0x200037bd        0x3 
 .bss.nnom_input_data
                0x200037c0      0x1c2 build/main.o
 *fill*         0x20003982        0x2 
 .bss.dmp       0x20003984       0x10 build/inv_mpu_dmp_motion_driver.o
 .bss.previous_status
                0x20003994        0x1 build/button.o
 *fill*         0x20003995        0x1 
 .bss.time_hold_count_ms
                0x20003996        0x2 build/button.o
 .bss.time_release_count_ms
                0x20003998        0x2 build/button.o
 *fill*         0x2000399a        0x2 
 .bss.Button    0x2000399c        0x8 build/button.o
                0x2000399c                Button
 .bss.LED       0x200039a4        0x8 build/LED.o
                0x200039a4                LED
 .bss.buf       0x200039ac       0x80 build/module0.o
                0x200039ac                buf
 .bss.bufLen    0x20003a2c        0x2 build/module0.o
                0x20003a2c                bufLen
 *fill*         0x20003a2e        0x2 
 .bss.nnom_static_buf_curr
                0x20003a30        0x4 build/nnom.o
 .bss.nnom_static_buf_size
                0x20003a34        0x4 build/nnom.o
 .bss.nnom_static_buf
                0x20003a38        0x4 build/nnom.o
 .bss.nnom_memory_taken
                0x20003a3c        0x4 build/nnom.o
                0x20003a3c                nnom_memory_taken
 .bss.__sf      0x20003a40      0x138 C:/Program Files (x86)/Arm GNU Toolchain arm-none-eabi/14.2 Rel1/bin/../lib/gcc/arm-none-eabi/14.2.1/thumb/v7-m/nofp\libc_nano.a(libc_a-findfp.o)
                0x20003a40                __sf
 .bss.__stdio_exit_handler
                0x20003b78        0x4 C:/Program Files (x86)/Arm GNU Toolchain arm-none-eabi/14.2 Rel1/bin/../lib/gcc/arm-none-eabi/14.2.1/thumb/v7-m/nofp\libc_nano.a(libc_a-findfp.o)
                0x20003b78                __stdio_exit_handler
 .bss.errno     0x20003b7c        0x4 C:/Program Files (x86)/Arm GNU Toolchain arm-none-eabi/14.2 Rel1/bin/../lib/gcc/arm-none-eabi/14.2.1/thumb/v7-m/nofp\libc_nano.a(libc_a-reent.o)
                0x20003b7c                errno
 .bss.__lock___malloc_recursive_mutex
                0x20003b80        0x1 C:/Program Files (x86)/Arm GNU Toolchain arm-none-eabi/14.2 Rel1/bin/../lib/gcc/arm-none-eabi/14.2.1/thumb/v7-m/nofp\libc_nano.a(libc_a-lock.o)
                0x20003b80                __lock___malloc_recursive_mutex
 .bss.__lock___sfp_recursive_mutex
                0x20003b81        0x1 C:/Program Files (x86)/Arm GNU Toolchain arm-none-eabi/14.2 Rel1/bin/../lib/gcc/arm-none-eabi/14.2.1/thumb/v7-m/nofp\libc_nano.a(libc_a-lock.o)
                0x20003b81                __lock___sfp_recursive_mutex
 *fill*         0x20003b82        0x2 
 .bss.__malloc_sbrk_start
                0x20003b84        0x4 C:/Program Files (x86)/Arm GNU Toolchain arm-none-eabi/14.2 Rel1/bin/../lib/gcc/arm-none-eabi/14.2.1/thumb/v7-m/nofp\libc_nano.a(libc_a-mallocr.o)
                0x20003b84                __malloc_sbrk_start
 .bss.__malloc_free_list
                0x20003b88        0x4 C:/Program Files (x86)/Arm GNU Toolchain arm-none-eabi/14.2 Rel1/bin/../lib/gcc/arm-none-eabi/14.2.1/thumb/v7-m/nofp\libc_nano.a(libc_a-mallocr.o)
                0x20003b88                __malloc_free_list
 .bss.heap_end.0
                0x20003b8c        0x4 C:/Program Files (x86)/Arm GNU Toolchain arm-none-eabi/14.2 Rel1/bin/../lib/gcc/arm-none-eabi/14.2.1/thumb/v7-m/nofp\libnosys.a(sbrk.o)
 *(COMMON)
                0x20003b90                        . = ALIGN (0x4)
                0x20003b90                        _ebss = .
                0x20003b90                        __bss_end__ = _ebss

._user_heap_stack
                0x20003b90      0x600 load address 0x0800b93c
                0x20003b90                        . = ALIGN (0x8)
                0x20003b90                        PROVIDE (end = .)
                [!provide]                        PROVIDE (_end = .)
                0x20003d90                        . = (. + _Min_Heap_Size)
 *fill*         0x20003b90      0x200 
                0x20004190                        . = (. + _Min_Stack_Size)
 *fill*         0x20003d90      0x400 
                0x20004190                        . = ALIGN (0x8)

/DISCARD/
 libc.a(*)
 libm.a(*)
 libgcc.a(*)

.ARM.attributes
                0x00000000       0x29
 *(.ARM.attributes)
 .ARM.attributes
                0x00000000       0x1d C:/Program Files (x86)/Arm GNU Toolchain arm-none-eabi/14.2 Rel1/bin/../lib/gcc/arm-none-eabi/14.2.1/thumb/v7-m/nofp/crti.o
 .ARM.attributes
                0x0000001d       0x2d C:/Program Files (x86)/Arm GNU Toolchain arm-none-eabi/14.2 Rel1/bin/../lib/gcc/arm-none-eabi/14.2.1/thumb/v7-m/nofp/crtbegin.o
 .ARM.attributes
                0x0000004a       0x2d build/system_stm32f10x.o
 .ARM.attributes
                0x00000077       0x2d build/misc.o
 .ARM.attributes
                0x000000a4       0x2d build/stm32f10x_exti.o
 .ARM.attributes
                0x000000d1       0x2d build/stm32f10x_gpio.o
 .ARM.attributes
                0x000000fe       0x2d build/stm32f10x_rcc.o
 .ARM.attributes
                0x0000012b       0x2d build/stm32f10x_tim.o
 .ARM.attributes
                0x00000158       0x2d build/stm32f10x_usart.o
 .ARM.attributes
                0x00000185       0x2d build/CyberryPotter.o
 .ARM.attributes
                0x000001b2       0x2d build/Delay.o
 .ARM.attributes
                0x000001df       0x2d build/IIC.o
 .ARM.attributes
                0x0000020c       0x2d build/IMU.o
 .ARM.attributes
                0x00000239       0x2d build/main.o
 .ARM.attributes
                0x00000266       0x2d build/MPU6050.o
 .ARM.attributes
                0x00000293       0x2d build/inv_mpu.o
 .ARM.attributes
                0x000002c0       0x2d build/inv_mpu_dmp_motion_driver.o
 .ARM.attributes
                0x000002ed       0x2d build/USART.o
 .ARM.attributes
                0x0000031a       0x2d build/button.o
 .ARM.attributes
                0x00000347       0x2d build/LED.o
 .ARM.attributes
                0x00000374       0x2d build/new_study_IR.o
 .ARM.attributes
                0x000003a1       0x2d build/protocol.o
 .ARM.attributes
                0x000003ce       0x2d build/module0.o
 .ARM.attributes
                0x000003fb       0x2d build/module1.o
 .ARM.attributes
                0x00000428       0x2d build/module2.o
 .ARM.attributes
                0x00000455       0x2d build/module3.o
 .ARM.attributes
                0x00000482       0x2d build/module4.o
 .ARM.attributes
                0x000004af       0x2d build/module5.o
 .ARM.attributes
                0x000004dc       0x2d build/module6.o
 .ARM.attributes
                0x00000509       0x2d build/module7.o
 .ARM.attributes
                0x00000536       0x2d build/module8.o
 .ARM.attributes
                0x00000563       0x2d build/module9.o
 .ARM.attributes
                0x00000590       0x2d build/module10.o
 .ARM.attributes
                0x000005bd       0x2d build/nnom_local.o
 .ARM.attributes
                0x000005ea       0x2d build/nnom_local_q15.o
 .ARM.attributes
                0x00000617       0x2d build/nnom.o
 .ARM.attributes
                0x00000644       0x2d build/nnom_layers.o
 .ARM.attributes
                0x00000671       0x2d build/nnom_tensor.o
 .ARM.attributes
                0x0000069e       0x2d build/nnom_activation.o
 .ARM.attributes
                0x000006cb       0x2d build/nnom_avgpool.o
 .ARM.attributes
                0x000006f8       0x2d build/nnom_baselayer.o
 .ARM.attributes
                0x00000725       0x2d build/nnom_conv2d.o
 .ARM.attributes
                0x00000752       0x2d build/nnom_dense.o
 .ARM.attributes
                0x0000077f       0x2d build/nnom_flatten.o
 .ARM.attributes
                0x000007ac       0x2d build/nnom_input.o
 .ARM.attributes
                0x000007d9       0x2d build/nnom_maxpool.o
 .ARM.attributes
                0x00000806       0x2d build/nnom_output.o
 .ARM.attributes
                0x00000833       0x2d build/nnom_softmax.o
 .ARM.attributes
                0x00000860       0x21 build/startup_stm32f103xb.o
 .ARM.attributes
                0x00000881       0x1d C:/Program Files (x86)/Arm GNU Toolchain arm-none-eabi/14.2 Rel1/bin/../lib/gcc/arm-none-eabi/14.2.1/thumb/v7-m/nofp\libgcc.a(_arm_addsubdf3.o)
 .ARM.attributes
                0x0000089e       0x1d C:/Program Files (x86)/Arm GNU Toolchain arm-none-eabi/14.2 Rel1/bin/../lib/gcc/arm-none-eabi/14.2.1/thumb/v7-m/nofp\libgcc.a(_arm_muldivdf3.o)
 .ARM.attributes
                0x000008bb       0x1d C:/Program Files (x86)/Arm GNU Toolchain arm-none-eabi/14.2 Rel1/bin/../lib/gcc/arm-none-eabi/14.2.1/thumb/v7-m/nofp\libgcc.a(_arm_fixdfsi.o)
 .ARM.attributes
                0x000008d8       0x1d C:/Program Files (x86)/Arm GNU Toolchain arm-none-eabi/14.2 Rel1/bin/../lib/gcc/arm-none-eabi/14.2.1/thumb/v7-m/nofp\libgcc.a(_arm_truncdfsf2.o)
 .ARM.attributes
                0x000008f5       0x1d C:/Program Files (x86)/Arm GNU Toolchain arm-none-eabi/14.2 Rel1/bin/../lib/gcc/arm-none-eabi/14.2.1/thumb/v7-m/nofp\libgcc.a(_arm_addsubsf3.o)
 .ARM.attributes
                0x00000912       0x1d C:/Program Files (x86)/Arm GNU Toolchain arm-none-eabi/14.2 Rel1/bin/../lib/gcc/arm-none-eabi/14.2.1/thumb/v7-m/nofp\libgcc.a(_arm_muldivsf3.o)
 .ARM.attributes
                0x0000092f       0x1d C:/Program Files (x86)/Arm GNU Toolchain arm-none-eabi/14.2 Rel1/bin/../lib/gcc/arm-none-eabi/14.2.1/thumb/v7-m/nofp\libgcc.a(_arm_cmpsf2.o)
 .ARM.attributes
                0x0000094c       0x1d C:/Program Files (x86)/Arm GNU Toolchain arm-none-eabi/14.2 Rel1/bin/../lib/gcc/arm-none-eabi/14.2.1/thumb/v7-m/nofp\libgcc.a(_arm_fixsfsi.o)
 .ARM.attributes
                0x00000969       0x1d C:/Program Files (x86)/Arm GNU Toolchain arm-none-eabi/14.2 Rel1/bin/../lib/gcc/arm-none-eabi/14.2.1/thumb/v7-m/nofp\libgcc.a(_arm_fixunssfsi.o)
 .ARM.attributes
                0x00000986       0x1d C:/Program Files (x86)/Arm GNU Toolchain arm-none-eabi/14.2 Rel1/bin/../lib/gcc/arm-none-eabi/14.2.1/thumb/v7-m/nofp\libgcc.a(_aeabi_ldivmod.o)
 .ARM.attributes
                0x000009a3       0x2d C:/Program Files (x86)/Arm GNU Toolchain arm-none-eabi/14.2 Rel1/bin/../lib/gcc/arm-none-eabi/14.2.1/thumb/v7-m/nofp\libgcc.a(_udivmoddi4.o)
 .ARM.attributes
                0x000009d0       0x1d C:/Program Files (x86)/Arm GNU Toolchain arm-none-eabi/14.2 Rel1/bin/../lib/gcc/arm-none-eabi/14.2.1/thumb/v7-m/nofp\libgcc.a(_dvmd_tls.o)
 .ARM.attributes
                0x000009ed       0x2d C:/Program Files (x86)/Arm GNU Toolchain arm-none-eabi/14.2 Rel1/bin/../lib/gcc/arm-none-eabi/14.2.1/thumb/v7-m/nofp\libc_nano.a(libc_a-findfp.o)
 .ARM.attributes
                0x00000a1a       0x2d C:/Program Files (x86)/Arm GNU Toolchain arm-none-eabi/14.2 Rel1/bin/../lib/gcc/arm-none-eabi/14.2.1/thumb/v7-m/nofp\libc_nano.a(libc_a-fwalk.o)
 .ARM.attributes
                0x00000a47       0x2d C:/Program Files (x86)/Arm GNU Toolchain arm-none-eabi/14.2 Rel1/bin/../lib/gcc/arm-none-eabi/14.2.1/thumb/v7-m/nofp\libc_nano.a(libc_a-printf.o)
 .ARM.attributes
                0x00000a74       0x2d C:/Program Files (x86)/Arm GNU Toolchain arm-none-eabi/14.2 Rel1/bin/../lib/gcc/arm-none-eabi/14.2.1/thumb/v7-m/nofp\libc_nano.a(libc_a-putchar.o)
 .ARM.attributes
                0x00000aa1       0x2d C:/Program Files (x86)/Arm GNU Toolchain arm-none-eabi/14.2 Rel1/bin/../lib/gcc/arm-none-eabi/14.2.1/thumb/v7-m/nofp\libc_nano.a(libc_a-puts.o)
 .ARM.attributes
                0x00000ace       0x2d C:/Program Files (x86)/Arm GNU Toolchain arm-none-eabi/14.2 Rel1/bin/../lib/gcc/arm-none-eabi/14.2.1/thumb/v7-m/nofp\libc_nano.a(libc_a-stdio.o)
 .ARM.attributes
                0x00000afb       0x2d C:/Program Files (x86)/Arm GNU Toolchain arm-none-eabi/14.2 Rel1/bin/../lib/gcc/arm-none-eabi/14.2.1/thumb/v7-m/nofp\libc_nano.a(libc_a-wbuf.o)
 .ARM.attributes
                0x00000b28       0x2d C:/Program Files (x86)/Arm GNU Toolchain arm-none-eabi/14.2 Rel1/bin/../lib/gcc/arm-none-eabi/14.2.1/thumb/v7-m/nofp\libc_nano.a(libc_a-wsetup.o)
 .ARM.attributes
                0x00000b55       0x2d C:/Program Files (x86)/Arm GNU Toolchain arm-none-eabi/14.2 Rel1/bin/../lib/gcc/arm-none-eabi/14.2.1/thumb/v7-m/nofp\libc_nano.a(libc_a-memcmp.o)
 .ARM.attributes
                0x00000b82       0x2d C:/Program Files (x86)/Arm GNU Toolchain arm-none-eabi/14.2 Rel1/bin/../lib/gcc/arm-none-eabi/14.2.1/thumb/v7-m/nofp\libc_nano.a(libc_a-memset.o)
 .ARM.attributes
                0x00000baf       0x2d C:/Program Files (x86)/Arm GNU Toolchain arm-none-eabi/14.2 Rel1/bin/../lib/gcc/arm-none-eabi/14.2.1/thumb/v7-m/nofp\libc_nano.a(libc_a-closer.o)
 .ARM.attributes
                0x00000bdc       0x2d C:/Program Files (x86)/Arm GNU Toolchain arm-none-eabi/14.2 Rel1/bin/../lib/gcc/arm-none-eabi/14.2.1/thumb/v7-m/nofp\libc_nano.a(libc_a-reent.o)
 .ARM.attributes
                0x00000c09       0x2d C:/Program Files (x86)/Arm GNU Toolchain arm-none-eabi/14.2 Rel1/bin/../lib/gcc/arm-none-eabi/14.2.1/thumb/v7-m/nofp\libc_nano.a(libc_a-impure.o)
 .ARM.attributes
                0x00000c36       0x2d C:/Program Files (x86)/Arm GNU Toolchain arm-none-eabi/14.2 Rel1/bin/../lib/gcc/arm-none-eabi/14.2.1/thumb/v7-m/nofp\libc_nano.a(libc_a-lseekr.o)
 .ARM.attributes
                0x00000c63       0x2d C:/Program Files (x86)/Arm GNU Toolchain arm-none-eabi/14.2 Rel1/bin/../lib/gcc/arm-none-eabi/14.2.1/thumb/v7-m/nofp\libc_nano.a(libc_a-readr.o)
 .ARM.attributes
                0x00000c90       0x2d C:/Program Files (x86)/Arm GNU Toolchain arm-none-eabi/14.2 Rel1/bin/../lib/gcc/arm-none-eabi/14.2.1/thumb/v7-m/nofp\libc_nano.a(libc_a-writer.o)
 .ARM.attributes
                0x00000cbd       0x2d C:/Program Files (x86)/Arm GNU Toolchain arm-none-eabi/14.2 Rel1/bin/../lib/gcc/arm-none-eabi/14.2.1/thumb/v7-m/nofp\libc_nano.a(libc_a-init.o)
 .ARM.attributes
                0x00000cea       0x2d C:/Program Files (x86)/Arm GNU Toolchain arm-none-eabi/14.2 Rel1/bin/../lib/gcc/arm-none-eabi/14.2.1/thumb/v7-m/nofp\libc_nano.a(libc_a-lock.o)
 .ARM.attributes
                0x00000d17       0x2d C:/Program Files (x86)/Arm GNU Toolchain arm-none-eabi/14.2 Rel1/bin/../lib/gcc/arm-none-eabi/14.2.1/thumb/v7-m/nofp\libc_nano.a(libc_a-memcpy-stub.o)
 .ARM.attributes
                0x00000d44       0x2d C:/Program Files (x86)/Arm GNU Toolchain arm-none-eabi/14.2 Rel1/bin/../lib/gcc/arm-none-eabi/14.2.1/thumb/v7-m/nofp\libc_nano.a(libc_a-freer.o)
 .ARM.attributes
                0x00000d71       0x2d C:/Program Files (x86)/Arm GNU Toolchain arm-none-eabi/14.2 Rel1/bin/../lib/gcc/arm-none-eabi/14.2.1/thumb/v7-m/nofp\libc_nano.a(libc_a-mallocr.o)
 .ARM.attributes
                0x00000d9e       0x2d C:/Program Files (x86)/Arm GNU Toolchain arm-none-eabi/14.2 Rel1/bin/../lib/gcc/arm-none-eabi/14.2.1/thumb/v7-m/nofp\libc_nano.a(libc_a-mlock.o)
 .ARM.attributes
                0x00000dcb       0x2d C:/Program Files (x86)/Arm GNU Toolchain arm-none-eabi/14.2 Rel1/bin/../lib/gcc/arm-none-eabi/14.2.1/thumb/v7-m/nofp\libc_nano.a(libc_a-nano-vfprintf.o)
 .ARM.attributes
                0x00000df8       0x2d C:/Program Files (x86)/Arm GNU Toolchain arm-none-eabi/14.2 Rel1/bin/../lib/gcc/arm-none-eabi/14.2.1/thumb/v7-m/nofp\libc_nano.a(libc_a-nano-vfprintf_i.o)
 .ARM.attributes
                0x00000e25       0x2d C:/Program Files (x86)/Arm GNU Toolchain arm-none-eabi/14.2 Rel1/bin/../lib/gcc/arm-none-eabi/14.2.1/thumb/v7-m/nofp\libc_nano.a(libc_a-fflush.o)
 .ARM.attributes
                0x00000e52       0x2d C:/Program Files (x86)/Arm GNU Toolchain arm-none-eabi/14.2 Rel1/bin/../lib/gcc/arm-none-eabi/14.2.1/thumb/v7-m/nofp\libc_nano.a(libc_a-makebuf.o)
 .ARM.attributes
                0x00000e7f       0x2d C:/Program Files (x86)/Arm GNU Toolchain arm-none-eabi/14.2 Rel1/bin/../lib/gcc/arm-none-eabi/14.2.1/thumb/v7-m/nofp\libc_nano.a(libc_a-putc.o)
 .ARM.attributes
                0x00000eac       0x2d C:/Program Files (x86)/Arm GNU Toolchain arm-none-eabi/14.2 Rel1/bin/../lib/gcc/arm-none-eabi/14.2.1/thumb/v7-m/nofp\libc_nano.a(libc_a-fstatr.o)
 .ARM.attributes
                0x00000ed9       0x2d C:/Program Files (x86)/Arm GNU Toolchain arm-none-eabi/14.2 Rel1/bin/../lib/gcc/arm-none-eabi/14.2.1/thumb/v7-m/nofp\libc_nano.a(libc_a-isattyr.o)
 .ARM.attributes
                0x00000f06       0x2d C:/Program Files (x86)/Arm GNU Toolchain arm-none-eabi/14.2 Rel1/bin/../lib/gcc/arm-none-eabi/14.2.1/thumb/v7-m/nofp\libc_nano.a(libc_a-sbrkr.o)
 .ARM.attributes
                0x00000f33       0x2d C:/Program Files (x86)/Arm GNU Toolchain arm-none-eabi/14.2 Rel1/bin/../lib/gcc/arm-none-eabi/14.2.1/thumb/v7-m/nofp\libc_nano.a(libc_a-memchr-stub.o)
 .ARM.attributes
                0x00000f60       0x2d C:/Program Files (x86)/Arm GNU Toolchain arm-none-eabi/14.2 Rel1/bin/../lib/gcc/arm-none-eabi/14.2.1/thumb/v7-m/nofp\libnosys.a(close.o)
 .ARM.attributes
                0x00000f8d       0x2d C:/Program Files (x86)/Arm GNU Toolchain arm-none-eabi/14.2 Rel1/bin/../lib/gcc/arm-none-eabi/14.2.1/thumb/v7-m/nofp\libnosys.a(fstat.o)
 .ARM.attributes