ARM GAS  C:\Users\ihavenoK\AppData\Local\Temp\ccwaeiWg.s 			page 1


   1              		.cpu cortex-m3
   2              		.arch armv7-m
   3              		.fpu softvfp
   4              		.eabi_attribute 20, 1
   5              		.eabi_attribute 21, 1
   6              		.eabi_attribute 23, 3
   7              		.eabi_attribute 24, 1
   8              		.eabi_attribute 25, 1
   9              		.eabi_attribute 26, 1
  10              		.eabi_attribute 30, 1
  11              		.eabi_attribute 34, 1
  12              		.eabi_attribute 18, 4
  13              		.file	"CyberryPotter.c"
  14              		.text
  15              		.section	.text.Module_None_Mode0_Handler,"ax",%progbits
  16              		.align	1
  17              		.global	Module_None_Mode0_Handler
  18              		.syntax unified
  19              		.thumb
  20              		.thumb_func
  22              	Module_None_Mode0_Handler:
  23              		@ args = 0, pretend = 0, frame = 0
  24              		@ frame_needed = 0, uses_anonymous_args = 0
  25 0000 08B5     		push	{r3, lr}
  26 0002 024B     		ldr	r3, .L3
  27 0004 1B68     		ldr	r3, [r3]
  28 0006 0420     		movs	r0, #4
  29 0008 9847     		blx	r3
  30 000a 08BD     		pop	{r3, pc}
  31              	.L4:
  32              		.align	2
  33              	.L3:
  34 000c 00000000 		.word	LED
  36              		.section	.text.Module_None_Mode1_Handler,"ax",%progbits
  37              		.align	1
  38              		.global	Module_None_Mode1_Handler
  39              		.syntax unified
  40              		.thumb
  41              		.thumb_func
  43              	Module_None_Mode1_Handler:
  44              		@ args = 0, pretend = 0, frame = 0
  45              		@ frame_needed = 0, uses_anonymous_args = 0
  46 0000 08B5     		push	{r3, lr}
  47 0002 024B     		ldr	r3, .L7
  48 0004 1B68     		ldr	r3, [r3]
  49 0006 0320     		movs	r0, #3
  50 0008 9847     		blx	r3
  51 000a 08BD     		pop	{r3, pc}
  52              	.L8:
  53              		.align	2
  54              	.L7:
  55 000c 00000000 		.word	LED
  57              		.section	.rodata.Module_Init.str1.4,"aMS",%progbits,1
  58              		.align	2
  59              	.LC0:
  60 0000 4D6F6475 		.ascii	"Module Module_Type_0 Init\000"
  60      6C65204D 
ARM GAS  C:\Users\ihavenoK\AppData\Local\Temp\ccwaeiWg.s 			page 2


  60      6F64756C 
  60      655F5479 
  60      70655F30 
  61 001a 0000     		.align	2
  62              	.LC1:
  63 001c 4D6F6475 		.ascii	"Module %d Init\012\000"
  63      6C652025 
  63      6420496E 
  63      69740A00 
  64              		.section	.text.Module_Init,"ax",%progbits
  65              		.align	1
  66              		.global	Module_Init
  67              		.syntax unified
  68              		.thumb
  69              		.thumb_func
  71              	Module_Init:
  72              		@ args = 0, pretend = 0, frame = 0
  73              		@ frame_needed = 0, uses_anonymous_args = 0
  74 0000 10B5     		push	{r4, lr}
  75 0002 504B     		ldr	r3, .L26
  76 0004 1B78     		ldrb	r3, [r3]	@ zero_extendqisi2
  77 0006 5BB2     		sxtb	r3, r3
  78 0008 0133     		adds	r3, r3, #1
  79 000a 0B2B     		cmp	r3, #11
  80 000c 0CD8     		bhi	.L9
  81 000e DFE803F0 		tbb	[pc, r3]
  82              	.L12:
  83 0012 06       		.byte	(.L23-.L12)/2
  84 0013 0C       		.byte	(.L22-.L12)/2
  85 0014 17       		.byte	(.L21-.L12)/2
  86 0015 24       		.byte	(.L20-.L12)/2
  87 0016 31       		.byte	(.L19-.L12)/2
  88 0017 3E       		.byte	(.L18-.L12)/2
  89 0018 4B       		.byte	(.L17-.L12)/2
  90 0019 58       		.byte	(.L16-.L12)/2
  91 001a 65       		.byte	(.L15-.L12)/2
  92 001b 72       		.byte	(.L14-.L12)/2
  93 001c 7F       		.byte	(.L13-.L12)/2
  94 001d 8C       		.byte	(.L11-.L12)/2
  95              		.p2align 1
  96              	.L23:
  97 001e 494B     		ldr	r3, .L26
  98 0020 494A     		ldr	r2, .L26+4
  99 0022 5A60     		str	r2, [r3, #4]
 100 0024 494A     		ldr	r2, .L26+8
 101 0026 9A60     		str	r2, [r3, #8]
 102              	.L9:
 103 0028 10BD     		pop	{r4, pc}
 104              	.L22:
 105 002a FFF7FEFF 		bl	Module0_Init
 106 002e 4848     		ldr	r0, .L26+12
 107 0030 FFF7FEFF 		bl	puts
 108 0034 434B     		ldr	r3, .L26
 109 0036 474A     		ldr	r2, .L26+16
 110 0038 5A60     		str	r2, [r3, #4]
 111 003a 474A     		ldr	r2, .L26+20
 112 003c 9A60     		str	r2, [r3, #8]
ARM GAS  C:\Users\ihavenoK\AppData\Local\Temp\ccwaeiWg.s 			page 3


 113 003e F3E7     		b	.L9
 114              	.L21:
 115 0040 FFF7FEFF 		bl	Module1_Init
 116 0044 3F4C     		ldr	r4, .L26
 117 0046 2178     		ldrb	r1, [r4]	@ zero_extendqisi2
 118 0048 49B2     		sxtb	r1, r1
 119 004a 4448     		ldr	r0, .L26+24
 120 004c FFF7FEFF 		bl	printf
 121 0050 434B     		ldr	r3, .L26+28
 122 0052 6360     		str	r3, [r4, #4]
 123 0054 434B     		ldr	r3, .L26+32
 124 0056 A360     		str	r3, [r4, #8]
 125 0058 E6E7     		b	.L9
 126              	.L20:
 127 005a FFF7FEFF 		bl	Module2_Init
 128 005e 394C     		ldr	r4, .L26
 129 0060 2178     		ldrb	r1, [r4]	@ zero_extendqisi2
 130 0062 49B2     		sxtb	r1, r1
 131 0064 3D48     		ldr	r0, .L26+24
 132 0066 FFF7FEFF 		bl	printf
 133 006a 3F4B     		ldr	r3, .L26+36
 134 006c 6360     		str	r3, [r4, #4]
 135 006e 3F4B     		ldr	r3, .L26+40
 136 0070 A360     		str	r3, [r4, #8]
 137 0072 D9E7     		b	.L9
 138              	.L19:
 139 0074 FFF7FEFF 		bl	Module3_Init
 140 0078 324C     		ldr	r4, .L26
 141 007a 2178     		ldrb	r1, [r4]	@ zero_extendqisi2
 142 007c 49B2     		sxtb	r1, r1
 143 007e 3748     		ldr	r0, .L26+24
 144 0080 FFF7FEFF 		bl	printf
 145 0084 3A4B     		ldr	r3, .L26+44
 146 0086 6360     		str	r3, [r4, #4]
 147 0088 3A4B     		ldr	r3, .L26+48
 148 008a A360     		str	r3, [r4, #8]
 149 008c CCE7     		b	.L9
 150              	.L18:
 151 008e FFF7FEFF 		bl	Module4_Init
 152 0092 2C4C     		ldr	r4, .L26
 153 0094 2178     		ldrb	r1, [r4]	@ zero_extendqisi2
 154 0096 49B2     		sxtb	r1, r1
 155 0098 3048     		ldr	r0, .L26+24
 156 009a FFF7FEFF 		bl	printf
 157 009e 364B     		ldr	r3, .L26+52
 158 00a0 6360     		str	r3, [r4, #4]
 159 00a2 364B     		ldr	r3, .L26+56
 160 00a4 A360     		str	r3, [r4, #8]
 161 00a6 BFE7     		b	.L9
 162              	.L17:
 163 00a8 FFF7FEFF 		bl	Module5_Init
 164 00ac 254C     		ldr	r4, .L26
 165 00ae 2178     		ldrb	r1, [r4]	@ zero_extendqisi2
 166 00b0 49B2     		sxtb	r1, r1
 167 00b2 2A48     		ldr	r0, .L26+24
 168 00b4 FFF7FEFF 		bl	printf
 169 00b8 314B     		ldr	r3, .L26+60
ARM GAS  C:\Users\ihavenoK\AppData\Local\Temp\ccwaeiWg.s 			page 4


 170 00ba 6360     		str	r3, [r4, #4]
 171 00bc 314B     		ldr	r3, .L26+64
 172 00be A360     		str	r3, [r4, #8]
 173 00c0 B2E7     		b	.L9
 174              	.L16:
 175 00c2 FFF7FEFF 		bl	Module6_Init
 176 00c6 1F4C     		ldr	r4, .L26
 177 00c8 2178     		ldrb	r1, [r4]	@ zero_extendqisi2
 178 00ca 49B2     		sxtb	r1, r1
 179 00cc 2348     		ldr	r0, .L26+24
 180 00ce FFF7FEFF 		bl	printf
 181 00d2 2D4B     		ldr	r3, .L26+68
 182 00d4 6360     		str	r3, [r4, #4]
 183 00d6 2D4B     		ldr	r3, .L26+72
 184 00d8 A360     		str	r3, [r4, #8]
 185 00da A5E7     		b	.L9
 186              	.L15:
 187 00dc FFF7FEFF 		bl	Module7_Init
 188 00e0 184C     		ldr	r4, .L26
 189 00e2 2178     		ldrb	r1, [r4]	@ zero_extendqisi2
 190 00e4 49B2     		sxtb	r1, r1
 191 00e6 1D48     		ldr	r0, .L26+24
 192 00e8 FFF7FEFF 		bl	printf
 193 00ec 284B     		ldr	r3, .L26+76
 194 00ee 6360     		str	r3, [r4, #4]
 195 00f0 284B     		ldr	r3, .L26+80
 196 00f2 A360     		str	r3, [r4, #8]
 197 00f4 98E7     		b	.L9
 198              	.L14:
 199 00f6 FFF7FEFF 		bl	Module8_Init
 200 00fa 124C     		ldr	r4, .L26
 201 00fc 2178     		ldrb	r1, [r4]	@ zero_extendqisi2
 202 00fe 49B2     		sxtb	r1, r1
 203 0100 1648     		ldr	r0, .L26+24
 204 0102 FFF7FEFF 		bl	printf
 205 0106 244B     		ldr	r3, .L26+84
 206 0108 6360     		str	r3, [r4, #4]
 207 010a 244B     		ldr	r3, .L26+88
 208 010c A360     		str	r3, [r4, #8]
 209 010e 8BE7     		b	.L9
 210              	.L13:
 211 0110 FFF7FEFF 		bl	Module9_Init
 212 0114 0B4C     		ldr	r4, .L26
 213 0116 2178     		ldrb	r1, [r4]	@ zero_extendqisi2
 214 0118 49B2     		sxtb	r1, r1
 215 011a 1048     		ldr	r0, .L26+24
 216 011c FFF7FEFF 		bl	printf
 217 0120 1F4B     		ldr	r3, .L26+92
 218 0122 6360     		str	r3, [r4, #4]
 219 0124 1F4B     		ldr	r3, .L26+96
 220 0126 A360     		str	r3, [r4, #8]
 221 0128 7EE7     		b	.L9
 222              	.L11:
 223 012a FFF7FEFF 		bl	Module10_Init
 224 012e 054C     		ldr	r4, .L26
 225 0130 2178     		ldrb	r1, [r4]	@ zero_extendqisi2
 226 0132 49B2     		sxtb	r1, r1
ARM GAS  C:\Users\ihavenoK\AppData\Local\Temp\ccwaeiWg.s 			page 5


 227 0134 0948     		ldr	r0, .L26+24
 228 0136 FFF7FEFF 		bl	printf
 229 013a 1B4B     		ldr	r3, .L26+100
 230 013c 6360     		str	r3, [r4, #4]
 231 013e 1B4B     		ldr	r3, .L26+104
 232 0140 A360     		str	r3, [r4, #8]
 233 0142 71E7     		b	.L9
 234              	.L27:
 235              		.align	2
 236              	.L26:
 237 0144 00000000 		.word	Module
 238 0148 00000000 		.word	Module_None_Mode0_Handler
 239 014c 00000000 		.word	Module_None_Mode1_Handler
 240 0150 00000000 		.word	.LC0
 241 0154 00000000 		.word	Module0_Mode0_Handler
 242 0158 00000000 		.word	Module0_Mode1_Handler
 243 015c 1C000000 		.word	.LC1
 244 0160 00000000 		.word	Module1_Mode0_Handler
 245 0164 00000000 		.word	Module1_Mode1_Handler
 246 0168 00000000 		.word	Module2_Mode0_Handler
 247 016c 00000000 		.word	Module2_Mode1_Handler
 248 0170 00000000 		.word	Module3_Mode0_Handler
 249 0174 00000000 		.word	Module3_Mode1_Handler
 250 0178 00000000 		.word	Module4_Mode0_Handler
 251 017c 00000000 		.word	Module4_Mode1_Handler
 252 0180 00000000 		.word	Module5_Mode0_Handler
 253 0184 00000000 		.word	Module5_Mode1_Handler
 254 0188 00000000 		.word	Module6_Mode0_Handler
 255 018c 00000000 		.word	Module6_Mode1_Handler
 256 0190 00000000 		.word	Module7_Mode0_Handler
 257 0194 00000000 		.word	Module7_Mode1_Handler
 258 0198 00000000 		.word	Module8_Mode0_Handler
 259 019c 00000000 		.word	Module8_Mode1_Handler
 260 01a0 00000000 		.word	Module9_Mode0_Handler
 261 01a4 00000000 		.word	Module9_Mode1_Handler
 262 01a8 00000000 		.word	Module10_Mode0_Handler
 263 01ac 00000000 		.word	Module10_Mode1_Handler
 265              		.section	.rodata.System_Init.str1.4,"aMS",%progbits,1
 266              		.align	2
 267              	.LC2:
 268 0000 4D6F6475 		.ascii	"Module_Type_0\000"
 268      6C655F54 
 268      7970655F 
 268      3000
 269              		.section	.text.System_Init,"ax",%progbits
 270              		.align	1
 271              		.global	System_Init
 272              		.syntax unified
 273              		.thumb
 274              		.thumb_func
 276              	System_Init:
 277              		@ args = 0, pretend = 0, frame = 0
 278              		@ frame_needed = 0, uses_anonymous_args = 0
 279 0000 08B5     		push	{r3, lr}
 280 0002 FFF7FEFF 		bl	USART1_Init
 281 0006 FFF7FEFF 		bl	LED_Init
 282 000a FFF7FEFF 		bl	Button_Init
ARM GAS  C:\Users\ihavenoK\AppData\Local\Temp\ccwaeiWg.s 			page 6


 283 000e FFF7FEFF 		bl	IMU_Init
 284 0012 064B     		ldr	r3, .L30
 285 0014 064A     		ldr	r2, .L30+4
 286 0016 5A60     		str	r2, [r3, #4]
 287 0018 064A     		ldr	r2, .L30+8
 288 001a 9A60     		str	r2, [r3, #8]
 289 001c 0022     		movs	r2, #0
 290 001e 1A70     		strb	r2, [r3]
 291 0020 0548     		ldr	r0, .L30+12
 292 0022 FFF7FEFF 		bl	printf
 293 0026 FFF7FEFF 		bl	Module_Init
 294 002a 08BD     		pop	{r3, pc}
 295              	.L31:
 296              		.align	2
 297              	.L30:
 298 002c 00000000 		.word	Module
 299 0030 00000000 		.word	Module_None_Mode0_Handler
 300 0034 00000000 		.word	Module_None_Mode1_Handler
 301 0038 00000000 		.word	.LC2
 303              		.section	.rodata.Cyberry_Potter_System_Status_Update.str1.4,"aMS",%progbits,1
 304              		.align	2
 305              	.LC3:
 306 0000 53595354 		.ascii	"SYSTEM_MODE_1\000"
 306      454D5F4D 
 306      4F44455F 
 306      3100
 307 000e 0000     		.align	2
 308              	.LC4:
 309 0010 53595354 		.ascii	"SYSTEM_MODE_0\000"
 309      454D5F4D 
 309      4F44455F 
 309      3000
 310              		.section	.text.Cyberry_Potter_System_Status_Update,"ax",%progbits
 311              		.align	1
 312              		.global	Cyberry_Potter_System_Status_Update
 313              		.syntax unified
 314              		.thumb
 315              		.thumb_func
 317              	Cyberry_Potter_System_Status_Update:
 318              		@ args = 0, pretend = 0, frame = 0
 319              		@ frame_needed = 0, uses_anonymous_args = 0
 320 0000 08B5     		push	{r3, lr}
 321 0002 094B     		ldr	r3, .L37
 322 0004 1B78     		ldrb	r3, [r3]	@ zero_extendqisi2
 323 0006 43B1     		cbz	r3, .L33
 324 0008 012B     		cmp	r3, #1
 325 000a 0CD1     		bne	.L32
 326 000c 064B     		ldr	r3, .L37
 327 000e 0022     		movs	r2, #0
 328 0010 1A70     		strb	r2, [r3]
 329 0012 0648     		ldr	r0, .L37+4
 330 0014 FFF7FEFF 		bl	puts
 331 0018 05E0     		b	.L32
 332              	.L33:
 333 001a 034B     		ldr	r3, .L37
 334 001c 0122     		movs	r2, #1
 335 001e 1A70     		strb	r2, [r3]
ARM GAS  C:\Users\ihavenoK\AppData\Local\Temp\ccwaeiWg.s 			page 7


 336 0020 0348     		ldr	r0, .L37+8
 337 0022 FFF7FEFF 		bl	puts
 338              	.L32:
 339 0026 08BD     		pop	{r3, pc}
 340              	.L38:
 341              		.align	2
 342              	.L37:
 343 0028 00000000 		.word	Cyberry_Potter
 344 002c 10000000 		.word	.LC4
 345 0030 00000000 		.word	.LC3
 347              		.section	.text.EXTI9_5_IRQHandler,"ax",%progbits
 348              		.align	1
 349              		.global	EXTI9_5_IRQHandler
 350              		.syntax unified
 351              		.thumb
 352              		.thumb_func
 354              	EXTI9_5_IRQHandler:
 355              		@ args = 0, pretend = 0, frame = 0
 356              		@ frame_needed = 0, uses_anonymous_args = 0
 357 0000 10B5     		push	{r4, lr}
 358 0002 2020     		movs	r0, #32
 359 0004 FFF7FEFF 		bl	EXTI_GetITStatus
 360 0008 0128     		cmp	r0, #1
 361 000a 00D0     		beq	.L44
 362              	.L39:
 363 000c 10BD     		pop	{r4, pc}
 364              	.L44:
 365 000e 0A4C     		ldr	r4, .L45
 366 0010 2078     		ldrb	r0, [r4]	@ zero_extendqisi2
 367 0012 FFF7FEFF 		bl	IMU_Get_Data
 368 0016 2378     		ldrb	r3, [r4]	@ zero_extendqisi2
 369 0018 0133     		adds	r3, r3, #1
 370 001a DBB2     		uxtb	r3, r3
 371 001c 952B     		cmp	r3, #149
 372 001e 04D8     		bhi	.L41
 373 0020 2370     		strb	r3, [r4]
 374              	.L42:
 375 0022 2020     		movs	r0, #32
 376 0024 FFF7FEFF 		bl	EXTI_ClearITPendingBit
 377 0028 F0E7     		b	.L39
 378              	.L41:
 379 002a 034B     		ldr	r3, .L45
 380 002c 0022     		movs	r2, #0
 381 002e 1A70     		strb	r2, [r3]
 382 0030 024B     		ldr	r3, .L45+4
 383 0032 9B68     		ldr	r3, [r3, #8]
 384 0034 9847     		blx	r3
 385 0036 F4E7     		b	.L42
 386              	.L46:
 387              		.align	2
 388              	.L45:
 389 0038 00000000 		.word	i.0
 390 003c 00000000 		.word	IMU
 392              		.section	.text.EXTI_Stop,"ax",%progbits
 393              		.align	1
 394              		.global	EXTI_Stop
 395              		.syntax unified
ARM GAS  C:\Users\ihavenoK\AppData\Local\Temp\ccwaeiWg.s 			page 8


 396              		.thumb
 397              		.thumb_func
 399              	EXTI_Stop:
 400              		@ args = 0, pretend = 0, frame = 0
 401              		@ frame_needed = 0, uses_anonymous_args = 0
 402              		@ link register save eliminated.
 403 0000 024A     		ldr	r2, .L48
 404 0002 1368     		ldr	r3, [r2]
 405 0004 23F00103 		bic	r3, r3, #1
 406 0008 1360     		str	r3, [r2]
 407 000a 7047     		bx	lr
 408              	.L49:
 409              		.align	2
 410              	.L48:
 411 000c 00040140 		.word	1073808384
 413              		.section	.text.EXTI_Restore,"ax",%progbits
 414              		.align	1
 415              		.global	EXTI_Restore
 416              		.syntax unified
 417              		.thumb
 418              		.thumb_func
 420              	EXTI_Restore:
 421              		@ args = 0, pretend = 0, frame = 0
 422              		@ frame_needed = 0, uses_anonymous_args = 0
 423              		@ link register save eliminated.
 424 0000 024A     		ldr	r2, .L51
 425 0002 1368     		ldr	r3, [r2]
 426 0004 43F00103 		orr	r3, r3, #1
 427 0008 1360     		str	r3, [r2]
 428 000a 7047     		bx	lr
 429              	.L52:
 430              		.align	2
 431              	.L51:
 432 000c 00040140 		.word	1073808384
 434              		.section	.bss.i.0,"aw",%nobits
 437              	i.0:
 438 0000 00       		.space	1
 439              		.global	Module
 440              		.section	.bss.Module,"aw",%nobits
 441              		.align	2
 444              	Module:
 445 0000 00000000 		.space	12
 445      00000000 
 445      00000000 
 446              		.global	Cyberry_Potter
 447              		.section	.bss.Cyberry_Potter,"aw",%nobits
 448              		.align	2
 451              	Cyberry_Potter:
 452 0000 00000000 		.space	8
 452      00000000 
 453              		.ident	"GCC: (Arm GNU Toolchain 14.2.Rel1 (Build arm-14.52)) 14.2.1 20241119"
ARM GAS  C:\Users\ihavenoK\AppData\Local\Temp\ccwaeiWg.s 			page 9


DEFINED SYMBOLS
                            *ABS*:00000000 CyberryPotter.c
C:\Users\ihavenoK\AppData\Local\Temp\ccwaeiWg.s:16     .text.Module_None_Mode0_Handler:00000000 $t
C:\Users\ihavenoK\AppData\Local\Temp\ccwaeiWg.s:22     .text.Module_None_Mode0_Handler:00000000 Module_None_Mode0_Handler
C:\Users\ihavenoK\AppData\Local\Temp\ccwaeiWg.s:34     .text.Module_None_Mode0_Handler:0000000c $d
C:\Users\ihavenoK\AppData\Local\Temp\ccwaeiWg.s:37     .text.Module_None_Mode1_Handler:00000000 $t
C:\Users\ihavenoK\AppData\Local\Temp\ccwaeiWg.s:43     .text.Module_None_Mode1_Handler:00000000 Module_None_Mode1_Handler
C:\Users\ihavenoK\AppData\Local\Temp\ccwaeiWg.s:55     .text.Module_None_Mode1_Handler:0000000c $d
C:\Users\ihavenoK\AppData\Local\Temp\ccwaeiWg.s:58     .rodata.Module_Init.str1.4:00000000 $d
C:\Users\ihavenoK\AppData\Local\Temp\ccwaeiWg.s:65     .text.Module_Init:00000000 $t
C:\Users\ihavenoK\AppData\Local\Temp\ccwaeiWg.s:71     .text.Module_Init:00000000 Module_Init
C:\Users\ihavenoK\AppData\Local\Temp\ccwaeiWg.s:83     .text.Module_Init:00000012 $d
C:\Users\ihavenoK\AppData\Local\Temp\ccwaeiWg.s:95     .text.Module_Init:0000001e $t
C:\Users\ihavenoK\AppData\Local\Temp\ccwaeiWg.s:237    .text.Module_Init:00000144 $d
C:\Users\ihavenoK\AppData\Local\Temp\ccwaeiWg.s:444    .bss.Module:00000000 Module
C:\Users\ihavenoK\AppData\Local\Temp\ccwaeiWg.s:266    .rodata.System_Init.str1.4:00000000 $d
C:\Users\ihavenoK\AppData\Local\Temp\ccwaeiWg.s:270    .text.System_Init:00000000 $t
C:\Users\ihavenoK\AppData\Local\Temp\ccwaeiWg.s:276    .text.System_Init:00000000 System_Init
C:\Users\ihavenoK\AppData\Local\Temp\ccwaeiWg.s:298    .text.System_Init:0000002c $d
C:\Users\ihavenoK\AppData\Local\Temp\ccwaeiWg.s:304    .rodata.Cyberry_Potter_System_Status_Update.str1.4:00000000 $d
C:\Users\ihavenoK\AppData\Local\Temp\ccwaeiWg.s:311    .text.Cyberry_Potter_System_Status_Update:00000000 $t
C:\Users\ihavenoK\AppData\Local\Temp\ccwaeiWg.s:317    .text.Cyberry_Potter_System_Status_Update:00000000 Cyberry_Potter_System_Status_Update
C:\Users\ihavenoK\AppData\Local\Temp\ccwaeiWg.s:343    .text.Cyberry_Potter_System_Status_Update:00000028 $d
C:\Users\ihavenoK\AppData\Local\Temp\ccwaeiWg.s:451    .bss.Cyberry_Potter:00000000 Cyberry_Potter
C:\Users\ihavenoK\AppData\Local\Temp\ccwaeiWg.s:348    .text.EXTI9_5_IRQHandler:00000000 $t
C:\Users\ihavenoK\AppData\Local\Temp\ccwaeiWg.s:354    .text.EXTI9_5_IRQHandler:00000000 EXTI9_5_IRQHandler
C:\Users\ihavenoK\AppData\Local\Temp\ccwaeiWg.s:389    .text.EXTI9_5_IRQHandler:00000038 $d
C:\Users\ihavenoK\AppData\Local\Temp\ccwaeiWg.s:437    .bss.i.0:00000000 i.0
C:\Users\ihavenoK\AppData\Local\Temp\ccwaeiWg.s:393    .text.EXTI_Stop:00000000 $t
C:\Users\ihavenoK\AppData\Local\Temp\ccwaeiWg.s:399    .text.EXTI_Stop:00000000 EXTI_Stop
C:\Users\ihavenoK\AppData\Local\Temp\ccwaeiWg.s:411    .text.EXTI_Stop:0000000c $d
C:\Users\ihavenoK\AppData\Local\Temp\ccwaeiWg.s:414    .text.EXTI_Restore:00000000 $t
C:\Users\ihavenoK\AppData\Local\Temp\ccwaeiWg.s:420    .text.EXTI_Restore:00000000 EXTI_Restore
C:\Users\ihavenoK\AppData\Local\Temp\ccwaeiWg.s:432    .text.EXTI_Restore:0000000c $d
C:\Users\ihavenoK\AppData\Local\Temp\ccwaeiWg.s:438    .bss.i.0:00000000 $d
C:\Users\ihavenoK\AppData\Local\Temp\ccwaeiWg.s:441    .bss.Module:00000000 $d
C:\Users\ihavenoK\AppData\Local\Temp\ccwaeiWg.s:448    .bss.Cyberry_Potter:00000000 $d

UNDEFINED SYMBOLS
LED
Module0_Init
puts
Module1_Init
printf
Module2_Init
Module3_Init
Module4_Init
Module5_Init
Module6_Init
Module7_Init
Module8_Init
Module9_Init
Module10_Init
Module0_Mode0_Handler
Module0_Mode1_Handler
Module1_Mode0_Handler
Module1_Mode1_Handler
ARM GAS  C:\Users\ihavenoK\AppData\Local\Temp\ccwaeiWg.s 			page 10


Module2_Mode0_Handler
Module2_Mode1_Handler
Module3_Mode0_Handler
Module3_Mode1_Handler
Module4_Mode0_Handler
Module4_Mode1_Handler
Module5_Mode0_Handler
Module5_Mode1_Handler
Module6_Mode0_Handler
Module6_Mode1_Handler
Module7_Mode0_Handler
Module7_Mode1_Handler
Module8_Mode0_Handler
Module8_Mode1_Handler
Module9_Mode0_Handler
Module9_Mode1_Handler
Module10_Mode0_Handler
Module10_Mode1_Handler
USART1_Init
LED_Init
Button_Init
IMU_Init
EXTI_GetITStatus
IMU_Get_Data
EXTI_ClearITPendingBit
IMU
