ARM GAS  C:\Users\ihavenoK\AppData\Local\Temp\ccbf4Y28.s 			page 1


   1              		.cpu cortex-m3
   2              		.arch armv7-m
   3              		.fpu softvfp
   4              		.eabi_attribute 20, 1
   5              		.eabi_attribute 21, 1
   6              		.eabi_attribute 23, 3
   7              		.eabi_attribute 24, 1
   8              		.eabi_attribute 25, 1
   9              		.eabi_attribute 26, 1
  10              		.eabi_attribute 30, 1
  11              		.eabi_attribute 34, 1
  12              		.eabi_attribute 18, 4
  13              		.file	"IIC.c"
  14              		.text
  15              		.section	.text.IIC1_W_SDA,"ax",%progbits
  16              		.align	1
  17              		.syntax unified
  18              		.thumb
  19              		.thumb_func
  21              	IIC1_W_SDA:
  22              		@ args = 0, pretend = 0, frame = 0
  23              		@ frame_needed = 0, uses_anonymous_args = 0
  24 0000 08B5     		push	{r3, lr}
  25 0002 0246     		mov	r2, r0
  26 0004 8021     		movs	r1, #128
  27 0006 0348     		ldr	r0, .L3
  28 0008 FFF7FEFF 		bl	GPIO_WriteBit
  29 000c 0520     		movs	r0, #5
  30 000e FFF7FEFF 		bl	Delay_us
  31 0012 08BD     		pop	{r3, pc}
  32              	.L4:
  33              		.align	2
  34              	.L3:
  35 0014 000C0140 		.word	1073810432
  37              		.section	.text.IIC1_W_SCL,"ax",%progbits
  38              		.align	1
  39              		.syntax unified
  40              		.thumb
  41              		.thumb_func
  43              	IIC1_W_SCL:
  44              		@ args = 0, pretend = 0, frame = 0
  45              		@ frame_needed = 0, uses_anonymous_args = 0
  46 0000 08B5     		push	{r3, lr}
  47 0002 0246     		mov	r2, r0
  48 0004 4021     		movs	r1, #64
  49 0006 0348     		ldr	r0, .L7
  50 0008 FFF7FEFF 		bl	GPIO_WriteBit
  51 000c 0520     		movs	r0, #5
  52 000e FFF7FEFF 		bl	Delay_us
  53 0012 08BD     		pop	{r3, pc}
  54              	.L8:
  55              		.align	2
  56              	.L7:
  57 0014 000C0140 		.word	1073810432
  59              		.section	.text.IIC1_Start,"ax",%progbits
  60              		.align	1
  61              		.syntax unified
ARM GAS  C:\Users\ihavenoK\AppData\Local\Temp\ccbf4Y28.s 			page 2


  62              		.thumb
  63              		.thumb_func
  65              	IIC1_Start:
  66              		@ args = 0, pretend = 0, frame = 0
  67              		@ frame_needed = 0, uses_anonymous_args = 0
  68 0000 08B5     		push	{r3, lr}
  69 0002 0120     		movs	r0, #1
  70 0004 FFF7FEFF 		bl	IIC1_W_SDA
  71 0008 0120     		movs	r0, #1
  72 000a FFF7FEFF 		bl	IIC1_W_SCL
  73 000e 0020     		movs	r0, #0
  74 0010 FFF7FEFF 		bl	IIC1_W_SDA
  75 0014 0020     		movs	r0, #0
  76 0016 FFF7FEFF 		bl	IIC1_W_SCL
  77 001a 08BD     		pop	{r3, pc}
  79              		.section	.text.IIC1_Send_Byte,"ax",%progbits
  80              		.align	1
  81              		.syntax unified
  82              		.thumb
  83              		.thumb_func
  85              	IIC1_Send_Byte:
  86              		@ args = 0, pretend = 0, frame = 0
  87              		@ frame_needed = 0, uses_anonymous_args = 0
  88 0000 2DE9F041 		push	{r4, r5, r6, r7, r8, lr}
  89 0004 0546     		mov	r5, r0
  90 0006 0024     		movs	r4, #0
  91 0008 4FF08008 		mov	r8, #128
  92 000c 0127     		movs	r7, #1
  93 000e 2646     		mov	r6, r4
  94              	.L12:
  95 0010 48FA04F0 		asr	r0, r8, r4
  96 0014 2840     		ands	r0, r0, r5
  97 0016 FFF7FEFF 		bl	IIC1_W_SDA
  98 001a 3846     		mov	r0, r7
  99 001c FFF7FEFF 		bl	IIC1_W_SCL
 100 0020 3046     		mov	r0, r6
 101 0022 FFF7FEFF 		bl	IIC1_W_SCL
 102 0026 0134     		adds	r4, r4, #1
 103 0028 082C     		cmp	r4, #8
 104 002a F1D1     		bne	.L12
 105 002c BDE8F081 		pop	{r4, r5, r6, r7, r8, pc}
 107              		.section	.text.IIC1_Stop,"ax",%progbits
 108              		.align	1
 109              		.syntax unified
 110              		.thumb
 111              		.thumb_func
 113              	IIC1_Stop:
 114              		@ args = 0, pretend = 0, frame = 0
 115              		@ frame_needed = 0, uses_anonymous_args = 0
 116 0000 08B5     		push	{r3, lr}
 117 0002 0020     		movs	r0, #0
 118 0004 FFF7FEFF 		bl	IIC1_W_SDA
 119 0008 0120     		movs	r0, #1
 120 000a FFF7FEFF 		bl	IIC1_W_SCL
 121 000e 0120     		movs	r0, #1
 122 0010 FFF7FEFF 		bl	IIC1_W_SDA
 123 0014 08BD     		pop	{r3, pc}
ARM GAS  C:\Users\ihavenoK\AppData\Local\Temp\ccbf4Y28.s 			page 3


 125              		.section	.text.IIC2_W_SDA,"ax",%progbits
 126              		.align	1
 127              		.syntax unified
 128              		.thumb
 129              		.thumb_func
 131              	IIC2_W_SDA:
 132              		@ args = 0, pretend = 0, frame = 0
 133              		@ frame_needed = 0, uses_anonymous_args = 0
 134 0000 08B5     		push	{r3, lr}
 135 0002 0246     		mov	r2, r0
 136 0004 4FF40061 		mov	r1, #2048
 137 0008 0348     		ldr	r0, .L19
 138 000a FFF7FEFF 		bl	GPIO_WriteBit
 139 000e 0520     		movs	r0, #5
 140 0010 FFF7FEFF 		bl	Delay_us
 141 0014 08BD     		pop	{r3, pc}
 142              	.L20:
 143 0016 00BF     		.align	2
 144              	.L19:
 145 0018 000C0140 		.word	1073810432
 147              		.section	.text.IIC2_W_SCL,"ax",%progbits
 148              		.align	1
 149              		.syntax unified
 150              		.thumb
 151              		.thumb_func
 153              	IIC2_W_SCL:
 154              		@ args = 0, pretend = 0, frame = 0
 155              		@ frame_needed = 0, uses_anonymous_args = 0
 156 0000 08B5     		push	{r3, lr}
 157 0002 0246     		mov	r2, r0
 158 0004 4FF48061 		mov	r1, #1024
 159 0008 0348     		ldr	r0, .L23
 160 000a FFF7FEFF 		bl	GPIO_WriteBit
 161 000e 0520     		movs	r0, #5
 162 0010 FFF7FEFF 		bl	Delay_us
 163 0014 08BD     		pop	{r3, pc}
 164              	.L24:
 165 0016 00BF     		.align	2
 166              	.L23:
 167 0018 000C0140 		.word	1073810432
 169              		.section	.text.IIC2_Start,"ax",%progbits
 170              		.align	1
 171              		.syntax unified
 172              		.thumb
 173              		.thumb_func
 175              	IIC2_Start:
 176              		@ args = 0, pretend = 0, frame = 0
 177              		@ frame_needed = 0, uses_anonymous_args = 0
 178 0000 08B5     		push	{r3, lr}
 179 0002 0120     		movs	r0, #1
 180 0004 FFF7FEFF 		bl	IIC2_W_SDA
 181 0008 0120     		movs	r0, #1
 182 000a FFF7FEFF 		bl	IIC2_W_SCL
 183 000e 0020     		movs	r0, #0
 184 0010 FFF7FEFF 		bl	IIC2_W_SDA
 185 0014 0020     		movs	r0, #0
 186 0016 FFF7FEFF 		bl	IIC2_W_SCL
ARM GAS  C:\Users\ihavenoK\AppData\Local\Temp\ccbf4Y28.s 			page 4


 187 001a 08BD     		pop	{r3, pc}
 189              		.section	.text.IIC2_Send_Byte,"ax",%progbits
 190              		.align	1
 191              		.syntax unified
 192              		.thumb
 193              		.thumb_func
 195              	IIC2_Send_Byte:
 196              		@ args = 0, pretend = 0, frame = 0
 197              		@ frame_needed = 0, uses_anonymous_args = 0
 198 0000 2DE9F041 		push	{r4, r5, r6, r7, r8, lr}
 199 0004 0546     		mov	r5, r0
 200 0006 0024     		movs	r4, #0
 201 0008 4FF08008 		mov	r8, #128
 202 000c 0127     		movs	r7, #1
 203 000e 2646     		mov	r6, r4
 204              	.L28:
 205 0010 48FA04F0 		asr	r0, r8, r4
 206 0014 2840     		ands	r0, r0, r5
 207 0016 FFF7FEFF 		bl	IIC2_W_SDA
 208 001a 3846     		mov	r0, r7
 209 001c FFF7FEFF 		bl	IIC2_W_SCL
 210 0020 3046     		mov	r0, r6
 211 0022 FFF7FEFF 		bl	IIC2_W_SCL
 212 0026 0134     		adds	r4, r4, #1
 213 0028 082C     		cmp	r4, #8
 214 002a F1D1     		bne	.L28
 215 002c BDE8F081 		pop	{r4, r5, r6, r7, r8, pc}
 217              		.section	.text.IIC2_Stop,"ax",%progbits
 218              		.align	1
 219              		.syntax unified
 220              		.thumb
 221              		.thumb_func
 223              	IIC2_Stop:
 224              		@ args = 0, pretend = 0, frame = 0
 225              		@ frame_needed = 0, uses_anonymous_args = 0
 226 0000 08B5     		push	{r3, lr}
 227 0002 0020     		movs	r0, #0
 228 0004 FFF7FEFF 		bl	IIC2_W_SDA
 229 0008 0120     		movs	r0, #1
 230 000a FFF7FEFF 		bl	IIC2_W_SCL
 231 000e 0120     		movs	r0, #1
 232 0010 FFF7FEFF 		bl	IIC2_W_SDA
 233 0014 08BD     		pop	{r3, pc}
 235              		.section	.text.IIC1_Receive_Ack,"ax",%progbits
 236              		.align	1
 237              		.syntax unified
 238              		.thumb
 239              		.thumb_func
 241              	IIC1_Receive_Ack:
 242              		@ args = 0, pretend = 0, frame = 0
 243              		@ frame_needed = 0, uses_anonymous_args = 0
 244 0000 10B5     		push	{r4, lr}
 245 0002 0120     		movs	r0, #1
 246 0004 FFF7FEFF 		bl	IIC1_W_SDA
 247 0008 0120     		movs	r0, #1
 248 000a FFF7FEFF 		bl	IIC1_W_SCL
 249 000e 8021     		movs	r1, #128
ARM GAS  C:\Users\ihavenoK\AppData\Local\Temp\ccbf4Y28.s 			page 5


 250 0010 0448     		ldr	r0, .L35
 251 0012 FFF7FEFF 		bl	GPIO_ReadInputDataBit
 252 0016 0446     		mov	r4, r0
 253 0018 0020     		movs	r0, #0
 254 001a FFF7FEFF 		bl	IIC1_W_SCL
 255 001e 2046     		mov	r0, r4
 256 0020 10BD     		pop	{r4, pc}
 257              	.L36:
 258 0022 00BF     		.align	2
 259              	.L35:
 260 0024 000C0140 		.word	1073810432
 262              		.section	.text.IIC2_Receive_Ack,"ax",%progbits
 263              		.align	1
 264              		.syntax unified
 265              		.thumb
 266              		.thumb_func
 268              	IIC2_Receive_Ack:
 269              		@ args = 0, pretend = 0, frame = 0
 270              		@ frame_needed = 0, uses_anonymous_args = 0
 271 0000 10B5     		push	{r4, lr}
 272 0002 0120     		movs	r0, #1
 273 0004 FFF7FEFF 		bl	IIC2_W_SDA
 274 0008 0120     		movs	r0, #1
 275 000a FFF7FEFF 		bl	IIC2_W_SCL
 276 000e 4FF40061 		mov	r1, #2048
 277 0012 0448     		ldr	r0, .L39
 278 0014 FFF7FEFF 		bl	GPIO_ReadInputDataBit
 279 0018 0446     		mov	r4, r0
 280 001a 0020     		movs	r0, #0
 281 001c FFF7FEFF 		bl	IIC2_W_SCL
 282 0020 2046     		mov	r0, r4
 283 0022 10BD     		pop	{r4, pc}
 284              	.L40:
 285              		.align	2
 286              	.L39:
 287 0024 000C0140 		.word	1073810432
 289              		.section	.text.IIC2_Receive_Byte,"ax",%progbits
 290              		.align	1
 291              		.syntax unified
 292              		.thumb
 293              		.thumb_func
 295              	IIC2_Receive_Byte:
 296              		@ args = 0, pretend = 0, frame = 0
 297              		@ frame_needed = 0, uses_anonymous_args = 0
 298 0000 2DE9F041 		push	{r4, r5, r6, r7, r8, lr}
 299 0004 0120     		movs	r0, #1
 300 0006 FFF7FEFF 		bl	IIC2_W_SDA
 301 000a 0024     		movs	r4, #0
 302 000c 2546     		mov	r5, r4
 303 000e 4FF00108 		mov	r8, #1
 304 0012 0D4F     		ldr	r7, .L47
 305 0014 4FF40066 		mov	r6, #2048
 306 0018 05E0     		b	.L43
 307              	.L42:
 308 001a 0020     		movs	r0, #0
 309 001c FFF7FEFF 		bl	IIC2_W_SCL
 310 0020 0134     		adds	r4, r4, #1
ARM GAS  C:\Users\ihavenoK\AppData\Local\Temp\ccbf4Y28.s 			page 6


 311 0022 082C     		cmp	r4, #8
 312 0024 0DD0     		beq	.L46
 313              	.L43:
 314 0026 4046     		mov	r0, r8
 315 0028 FFF7FEFF 		bl	IIC2_W_SCL
 316 002c 3146     		mov	r1, r6
 317 002e 3846     		mov	r0, r7
 318 0030 FFF7FEFF 		bl	GPIO_ReadInputDataBit
 319 0034 0128     		cmp	r0, #1
 320 0036 F0D1     		bne	.L42
 321 0038 8023     		movs	r3, #128
 322 003a 2341     		asrs	r3, r3, r4
 323 003c 1D43     		orrs	r5, r5, r3
 324 003e EDB2     		uxtb	r5, r5
 325 0040 EBE7     		b	.L42
 326              	.L46:
 327 0042 2846     		mov	r0, r5
 328 0044 BDE8F081 		pop	{r4, r5, r6, r7, r8, pc}
 329              	.L48:
 330              		.align	2
 331              	.L47:
 332 0048 000C0140 		.word	1073810432
 334              		.section	.text.IIC1_Receive_Byte,"ax",%progbits
 335              		.align	1
 336              		.syntax unified
 337              		.thumb
 338              		.thumb_func
 340              	IIC1_Receive_Byte:
 341              		@ args = 0, pretend = 0, frame = 0
 342              		@ frame_needed = 0, uses_anonymous_args = 0
 343 0000 2DE9F041 		push	{r4, r5, r6, r7, r8, lr}
 344 0004 0120     		movs	r0, #1
 345 0006 FFF7FEFF 		bl	IIC1_W_SDA
 346 000a 0024     		movs	r4, #0
 347 000c 2546     		mov	r5, r4
 348 000e 4FF00108 		mov	r8, #1
 349 0012 0D4F     		ldr	r7, .L55
 350 0014 8026     		movs	r6, #128
 351 0016 05E0     		b	.L51
 352              	.L50:
 353 0018 0020     		movs	r0, #0
 354 001a FFF7FEFF 		bl	IIC1_W_SCL
 355 001e 0134     		adds	r4, r4, #1
 356 0020 082C     		cmp	r4, #8
 357 0022 0DD0     		beq	.L54
 358              	.L51:
 359 0024 4046     		mov	r0, r8
 360 0026 FFF7FEFF 		bl	IIC1_W_SCL
 361 002a 3146     		mov	r1, r6
 362 002c 3846     		mov	r0, r7
 363 002e FFF7FEFF 		bl	GPIO_ReadInputDataBit
 364 0032 0128     		cmp	r0, #1
 365 0034 F0D1     		bne	.L50
 366 0036 46FA04F3 		asr	r3, r6, r4
 367 003a 1D43     		orrs	r5, r5, r3
 368 003c EDB2     		uxtb	r5, r5
 369 003e EBE7     		b	.L50
ARM GAS  C:\Users\ihavenoK\AppData\Local\Temp\ccbf4Y28.s 			page 7


 370              	.L54:
 371 0040 2846     		mov	r0, r5
 372 0042 BDE8F081 		pop	{r4, r5, r6, r7, r8, pc}
 373              	.L56:
 374 0046 00BF     		.align	2
 375              	.L55:
 376 0048 000C0140 		.word	1073810432
 378              		.section	.text.IIC1_Init,"ax",%progbits
 379              		.align	1
 380              		.global	IIC1_Init
 381              		.syntax unified
 382              		.thumb
 383              		.thumb_func
 385              	IIC1_Init:
 386              		@ args = 0, pretend = 0, frame = 8
 387              		@ frame_needed = 0, uses_anonymous_args = 0
 388 0000 10B5     		push	{r4, lr}
 389 0002 82B0     		sub	sp, sp, #8
 390 0004 0121     		movs	r1, #1
 391 0006 0820     		movs	r0, #8
 392 0008 FFF7FEFF 		bl	RCC_APB2PeriphClockCmd
 393 000c 1423     		movs	r3, #20
 394 000e 8DF80730 		strb	r3, [sp, #7]
 395 0012 C023     		movs	r3, #192
 396 0014 ADF80430 		strh	r3, [sp, #4]	@ movhi
 397 0018 0323     		movs	r3, #3
 398 001a 8DF80630 		strb	r3, [sp, #6]
 399 001e 084C     		ldr	r4, .L59
 400 0020 01A9     		add	r1, sp, #4
 401 0022 2046     		mov	r0, r4
 402 0024 FFF7FEFF 		bl	GPIO_Init
 403 0028 0122     		movs	r2, #1
 404 002a 8021     		movs	r1, #128
 405 002c 2046     		mov	r0, r4
 406 002e FFF7FEFF 		bl	GPIO_WriteBit
 407 0032 0122     		movs	r2, #1
 408 0034 4021     		movs	r1, #64
 409 0036 2046     		mov	r0, r4
 410 0038 FFF7FEFF 		bl	GPIO_WriteBit
 411 003c 02B0     		add	sp, sp, #8
 412              		@ sp needed
 413 003e 10BD     		pop	{r4, pc}
 414              	.L60:
 415              		.align	2
 416              	.L59:
 417 0040 000C0140 		.word	1073810432
 419              		.section	.text.IIC2_Init,"ax",%progbits
 420              		.align	1
 421              		.global	IIC2_Init
 422              		.syntax unified
 423              		.thumb
 424              		.thumb_func
 426              	IIC2_Init:
 427              		@ args = 0, pretend = 0, frame = 8
 428              		@ frame_needed = 0, uses_anonymous_args = 0
 429 0000 10B5     		push	{r4, lr}
 430 0002 82B0     		sub	sp, sp, #8
ARM GAS  C:\Users\ihavenoK\AppData\Local\Temp\ccbf4Y28.s 			page 8


 431 0004 0121     		movs	r1, #1
 432 0006 0820     		movs	r0, #8
 433 0008 FFF7FEFF 		bl	RCC_APB2PeriphClockCmd
 434 000c 1423     		movs	r3, #20
 435 000e 8DF80730 		strb	r3, [sp, #7]
 436 0012 4FF44063 		mov	r3, #3072
 437 0016 ADF80430 		strh	r3, [sp, #4]	@ movhi
 438 001a 0323     		movs	r3, #3
 439 001c 8DF80630 		strb	r3, [sp, #6]
 440 0020 094C     		ldr	r4, .L63
 441 0022 01A9     		add	r1, sp, #4
 442 0024 2046     		mov	r0, r4
 443 0026 FFF7FEFF 		bl	GPIO_Init
 444 002a 0122     		movs	r2, #1
 445 002c 4FF40061 		mov	r1, #2048
 446 0030 2046     		mov	r0, r4
 447 0032 FFF7FEFF 		bl	GPIO_WriteBit
 448 0036 0122     		movs	r2, #1
 449 0038 4FF48061 		mov	r1, #1024
 450 003c 2046     		mov	r0, r4
 451 003e FFF7FEFF 		bl	GPIO_WriteBit
 452 0042 02B0     		add	sp, sp, #8
 453              		@ sp needed
 454 0044 10BD     		pop	{r4, pc}
 455              	.L64:
 456 0046 00BF     		.align	2
 457              	.L63:
 458 0048 000C0140 		.word	1073810432
 460              		.section	.text.IIC1_write,"ax",%progbits
 461              		.align	1
 462              		.global	IIC1_write
 463              		.syntax unified
 464              		.thumb
 465              		.thumb_func
 467              	IIC1_write:
 468              		@ args = 0, pretend = 0, frame = 0
 469              		@ frame_needed = 0, uses_anonymous_args = 0
 470 0000 F8B5     		push	{r3, r4, r5, r6, r7, lr}
 471 0002 0446     		mov	r4, r0
 472 0004 0F46     		mov	r7, r1
 473 0006 1646     		mov	r6, r2
 474 0008 1D46     		mov	r5, r3
 475 000a FFF7FEFF 		bl	IIC1_Start
 476 000e 6000     		lsls	r0, r4, #1
 477 0010 00F0FE00 		and	r0, r0, #254
 478 0014 FFF7FEFF 		bl	IIC1_Send_Byte
 479 0018 FFF7FEFF 		bl	IIC1_Receive_Ack
 480 001c 3846     		mov	r0, r7
 481 001e FFF7FEFF 		bl	IIC1_Send_Byte
 482 0022 FFF7FEFF 		bl	IIC1_Receive_Ack
 483 0026 4EB1     		cbz	r6, .L66
 484 0028 2C46     		mov	r4, r5
 485 002a 3544     		add	r5, r5, r6
 486              	.L67:
 487 002c 14F8010B 		ldrb	r0, [r4], #1	@ zero_extendqisi2
 488 0030 FFF7FEFF 		bl	IIC1_Send_Byte
 489 0034 FFF7FEFF 		bl	IIC1_Receive_Ack
ARM GAS  C:\Users\ihavenoK\AppData\Local\Temp\ccbf4Y28.s 			page 9


 490 0038 AC42     		cmp	r4, r5
 491 003a F7D1     		bne	.L67
 492              	.L66:
 493 003c FFF7FEFF 		bl	IIC1_Stop
 494 0040 0020     		movs	r0, #0
 495 0042 F8BD     		pop	{r3, r4, r5, r6, r7, pc}
 497              		.section	.text.IIC1_read,"ax",%progbits
 498              		.align	1
 499              		.global	IIC1_read
 500              		.syntax unified
 501              		.thumb
 502              		.thumb_func
 504              	IIC1_read:
 505              		@ args = 0, pretend = 0, frame = 0
 506              		@ frame_needed = 0, uses_anonymous_args = 0
 507 0000 2DE9F041 		push	{r4, r5, r6, r7, r8, lr}
 508 0004 0546     		mov	r5, r0
 509 0006 0E46     		mov	r6, r1
 510 0008 1746     		mov	r7, r2
 511 000a 1C46     		mov	r4, r3
 512 000c FFF7FEFF 		bl	IIC1_Start
 513 0010 6D00     		lsls	r5, r5, #1
 514 0012 EDB2     		uxtb	r5, r5
 515 0014 2846     		mov	r0, r5
 516 0016 FFF7FEFF 		bl	IIC1_Send_Byte
 517 001a FFF7FEFF 		bl	IIC1_Receive_Ack
 518 001e 3046     		mov	r0, r6
 519 0020 FFF7FEFF 		bl	IIC1_Send_Byte
 520 0024 FFF7FEFF 		bl	IIC1_Receive_Ack
 521 0028 FFF7FEFF 		bl	IIC1_Start
 522 002c 681C     		adds	r0, r5, #1
 523 002e C0B2     		uxtb	r0, r0
 524 0030 FFF7FEFF 		bl	IIC1_Send_Byte
 525 0034 FFF7FEFF 		bl	IIC1_Receive_Ack
 526 0038 27B3     		cbz	r7, .L71
 527 003a 7E1E     		subs	r6, r7, #1
 528 003c F6B2     		uxtb	r6, r6
 529 003e 2644     		add	r6, r6, r4
 530 0040 2744     		add	r7, r7, r4
 531 0042 0025     		movs	r5, #0
 532 0044 4FF00108 		mov	r8, #1
 533 0048 0EE0     		b	.L73
 534              	.L72:
 535 004a FFF7FEFF 		bl	IIC1_Receive_Byte
 536 004e 04F8010B 		strb	r0, [r4], #1
 537 0052 2846     		mov	r0, r5
 538 0054 FFF7FEFF 		bl	IIC1_W_SDA
 539 0058 4046     		mov	r0, r8
 540 005a FFF7FEFF 		bl	IIC1_W_SCL
 541 005e 2846     		mov	r0, r5
 542 0060 FFF7FEFF 		bl	IIC1_W_SCL
 543 0064 BC42     		cmp	r4, r7
 544 0066 0DD0     		beq	.L71
 545              	.L73:
 546 0068 A642     		cmp	r6, r4
 547 006a EED1     		bne	.L72
 548 006c FFF7FEFF 		bl	IIC1_Receive_Byte
ARM GAS  C:\Users\ihavenoK\AppData\Local\Temp\ccbf4Y28.s 			page 10


 549 0070 2070     		strb	r0, [r4]
 550 0072 0120     		movs	r0, #1
 551 0074 FFF7FEFF 		bl	IIC1_W_SDA
 552 0078 0120     		movs	r0, #1
 553 007a FFF7FEFF 		bl	IIC1_W_SCL
 554 007e 0020     		movs	r0, #0
 555 0080 FFF7FEFF 		bl	IIC1_W_SCL
 556              	.L71:
 557 0084 FFF7FEFF 		bl	IIC1_Stop
 558 0088 0020     		movs	r0, #0
 559 008a BDE8F081 		pop	{r4, r5, r6, r7, r8, pc}
 561              		.section	.text.IIC2_write,"ax",%progbits
 562              		.align	1
 563              		.global	IIC2_write
 564              		.syntax unified
 565              		.thumb
 566              		.thumb_func
 568              	IIC2_write:
 569              		@ args = 0, pretend = 0, frame = 0
 570              		@ frame_needed = 0, uses_anonymous_args = 0
 571 0000 F8B5     		push	{r3, r4, r5, r6, r7, lr}
 572 0002 0446     		mov	r4, r0
 573 0004 0F46     		mov	r7, r1
 574 0006 1646     		mov	r6, r2
 575 0008 1D46     		mov	r5, r3
 576 000a FFF7FEFF 		bl	IIC2_Start
 577 000e 6000     		lsls	r0, r4, #1
 578 0010 00F0FE00 		and	r0, r0, #254
 579 0014 FFF7FEFF 		bl	IIC2_Send_Byte
 580 0018 FFF7FEFF 		bl	IIC2_Receive_Ack
 581 001c 3846     		mov	r0, r7
 582 001e FFF7FEFF 		bl	IIC2_Send_Byte
 583 0022 FFF7FEFF 		bl	IIC2_Receive_Ack
 584 0026 4EB1     		cbz	r6, .L77
 585 0028 2C46     		mov	r4, r5
 586 002a 3544     		add	r5, r5, r6
 587              	.L78:
 588 002c 14F8010B 		ldrb	r0, [r4], #1	@ zero_extendqisi2
 589 0030 FFF7FEFF 		bl	IIC2_Send_Byte
 590 0034 FFF7FEFF 		bl	IIC2_Receive_Ack
 591 0038 AC42     		cmp	r4, r5
 592 003a F7D1     		bne	.L78
 593              	.L77:
 594 003c FFF7FEFF 		bl	IIC2_Stop
 595 0040 0020     		movs	r0, #0
 596 0042 F8BD     		pop	{r3, r4, r5, r6, r7, pc}
 598              		.section	.text.IIC2_read,"ax",%progbits
 599              		.align	1
 600              		.global	IIC2_read
 601              		.syntax unified
 602              		.thumb
 603              		.thumb_func
 605              	IIC2_read:
 606              		@ args = 0, pretend = 0, frame = 0
 607              		@ frame_needed = 0, uses_anonymous_args = 0
 608 0000 2DE9F041 		push	{r4, r5, r6, r7, r8, lr}
 609 0004 0546     		mov	r5, r0
ARM GAS  C:\Users\ihavenoK\AppData\Local\Temp\ccbf4Y28.s 			page 11


 610 0006 0E46     		mov	r6, r1
 611 0008 1746     		mov	r7, r2
 612 000a 1C46     		mov	r4, r3
 613 000c FFF7FEFF 		bl	IIC2_Start
 614 0010 6D00     		lsls	r5, r5, #1
 615 0012 EDB2     		uxtb	r5, r5
 616 0014 2846     		mov	r0, r5
 617 0016 FFF7FEFF 		bl	IIC2_Send_Byte
 618 001a FFF7FEFF 		bl	IIC2_Receive_Ack
 619 001e 3046     		mov	r0, r6
 620 0020 FFF7FEFF 		bl	IIC2_Send_Byte
 621 0024 FFF7FEFF 		bl	IIC2_Receive_Ack
 622 0028 FFF7FEFF 		bl	IIC2_Start
 623 002c 681C     		adds	r0, r5, #1
 624 002e C0B2     		uxtb	r0, r0
 625 0030 FFF7FEFF 		bl	IIC2_Send_Byte
 626 0034 FFF7FEFF 		bl	IIC2_Receive_Ack
 627 0038 27B3     		cbz	r7, .L82
 628 003a 7E1E     		subs	r6, r7, #1
 629 003c F6B2     		uxtb	r6, r6
 630 003e 2644     		add	r6, r6, r4
 631 0040 2744     		add	r7, r7, r4
 632 0042 0025     		movs	r5, #0
 633 0044 4FF00108 		mov	r8, #1
 634 0048 0EE0     		b	.L84
 635              	.L83:
 636 004a FFF7FEFF 		bl	IIC2_Receive_Byte
 637 004e 04F8010B 		strb	r0, [r4], #1
 638 0052 2846     		mov	r0, r5
 639 0054 FFF7FEFF 		bl	IIC2_W_SDA
 640 0058 4046     		mov	r0, r8
 641 005a FFF7FEFF 		bl	IIC2_W_SCL
 642 005e 2846     		mov	r0, r5
 643 0060 FFF7FEFF 		bl	IIC2_W_SCL
 644 0064 BC42     		cmp	r4, r7
 645 0066 0DD0     		beq	.L82
 646              	.L84:
 647 0068 A642     		cmp	r6, r4
 648 006a EED1     		bne	.L83
 649 006c FFF7FEFF 		bl	IIC2_Receive_Byte
 650 0070 2070     		strb	r0, [r4]
 651 0072 0120     		movs	r0, #1
 652 0074 FFF7FEFF 		bl	IIC2_W_SDA
 653 0078 0120     		movs	r0, #1
 654 007a FFF7FEFF 		bl	IIC2_W_SCL
 655 007e 0020     		movs	r0, #0
 656 0080 FFF7FEFF 		bl	IIC2_W_SCL
 657              	.L82:
 658 0084 FFF7FEFF 		bl	IIC2_Stop
 659 0088 0020     		movs	r0, #0
 660 008a BDE8F081 		pop	{r4, r5, r6, r7, r8, pc}
 662              		.ident	"GCC: (Arm GNU Toolchain 14.2.Rel1 (Build arm-14.52)) 14.2.1 20241119"
ARM GAS  C:\Users\ihavenoK\AppData\Local\Temp\ccbf4Y28.s 			page 12


DEFINED SYMBOLS
                            *ABS*:00000000 IIC.c
C:\Users\ihavenoK\AppData\Local\Temp\ccbf4Y28.s:16     .text.IIC1_W_SDA:00000000 $t
C:\Users\ihavenoK\AppData\Local\Temp\ccbf4Y28.s:21     .text.IIC1_W_SDA:00000000 IIC1_W_SDA
C:\Users\ihavenoK\AppData\Local\Temp\ccbf4Y28.s:35     .text.IIC1_W_SDA:00000014 $d
C:\Users\ihavenoK\AppData\Local\Temp\ccbf4Y28.s:38     .text.IIC1_W_SCL:00000000 $t
C:\Users\ihavenoK\AppData\Local\Temp\ccbf4Y28.s:43     .text.IIC1_W_SCL:00000000 IIC1_W_SCL
C:\Users\ihavenoK\AppData\Local\Temp\ccbf4Y28.s:57     .text.IIC1_W_SCL:00000014 $d
C:\Users\ihavenoK\AppData\Local\Temp\ccbf4Y28.s:60     .text.IIC1_Start:00000000 $t
C:\Users\ihavenoK\AppData\Local\Temp\ccbf4Y28.s:65     .text.IIC1_Start:00000000 IIC1_Start
C:\Users\ihavenoK\AppData\Local\Temp\ccbf4Y28.s:80     .text.IIC1_Send_Byte:00000000 $t
C:\Users\ihavenoK\AppData\Local\Temp\ccbf4Y28.s:85     .text.IIC1_Send_Byte:00000000 IIC1_Send_Byte
C:\Users\ihavenoK\AppData\Local\Temp\ccbf4Y28.s:108    .text.IIC1_Stop:00000000 $t
C:\Users\ihavenoK\AppData\Local\Temp\ccbf4Y28.s:113    .text.IIC1_Stop:00000000 IIC1_Stop
C:\Users\ihavenoK\AppData\Local\Temp\ccbf4Y28.s:126    .text.IIC2_W_SDA:00000000 $t
C:\Users\ihavenoK\AppData\Local\Temp\ccbf4Y28.s:131    .text.IIC2_W_SDA:00000000 IIC2_W_SDA
C:\Users\ihavenoK\AppData\Local\Temp\ccbf4Y28.s:145    .text.IIC2_W_SDA:00000018 $d
C:\Users\ihavenoK\AppData\Local\Temp\ccbf4Y28.s:148    .text.IIC2_W_SCL:00000000 $t
C:\Users\ihavenoK\AppData\Local\Temp\ccbf4Y28.s:153    .text.IIC2_W_SCL:00000000 IIC2_W_SCL
C:\Users\ihavenoK\AppData\Local\Temp\ccbf4Y28.s:167    .text.IIC2_W_SCL:00000018 $d
C:\Users\ihavenoK\AppData\Local\Temp\ccbf4Y28.s:170    .text.IIC2_Start:00000000 $t
C:\Users\ihavenoK\AppData\Local\Temp\ccbf4Y28.s:175    .text.IIC2_Start:00000000 IIC2_Start
C:\Users\ihavenoK\AppData\Local\Temp\ccbf4Y28.s:190    .text.IIC2_Send_Byte:00000000 $t
C:\Users\ihavenoK\AppData\Local\Temp\ccbf4Y28.s:195    .text.IIC2_Send_Byte:00000000 IIC2_Send_Byte
C:\Users\ihavenoK\AppData\Local\Temp\ccbf4Y28.s:218    .text.IIC2_Stop:00000000 $t
C:\Users\ihavenoK\AppData\Local\Temp\ccbf4Y28.s:223    .text.IIC2_Stop:00000000 IIC2_Stop
C:\Users\ihavenoK\AppData\Local\Temp\ccbf4Y28.s:236    .text.IIC1_Receive_Ack:00000000 $t
C:\Users\ihavenoK\AppData\Local\Temp\ccbf4Y28.s:241    .text.IIC1_Receive_Ack:00000000 IIC1_Receive_Ack
C:\Users\ihavenoK\AppData\Local\Temp\ccbf4Y28.s:260    .text.IIC1_Receive_Ack:00000024 $d
C:\Users\ihavenoK\AppData\Local\Temp\ccbf4Y28.s:263    .text.IIC2_Receive_Ack:00000000 $t
C:\Users\ihavenoK\AppData\Local\Temp\ccbf4Y28.s:268    .text.IIC2_Receive_Ack:00000000 IIC2_Receive_Ack
C:\Users\ihavenoK\AppData\Local\Temp\ccbf4Y28.s:287    .text.IIC2_Receive_Ack:00000024 $d
C:\Users\ihavenoK\AppData\Local\Temp\ccbf4Y28.s:290    .text.IIC2_Receive_Byte:00000000 $t
C:\Users\ihavenoK\AppData\Local\Temp\ccbf4Y28.s:295    .text.IIC2_Receive_Byte:00000000 IIC2_Receive_Byte
C:\Users\ihavenoK\AppData\Local\Temp\ccbf4Y28.s:332    .text.IIC2_Receive_Byte:00000048 $d
C:\Users\ihavenoK\AppData\Local\Temp\ccbf4Y28.s:335    .text.IIC1_Receive_Byte:00000000 $t
C:\Users\ihavenoK\AppData\Local\Temp\ccbf4Y28.s:340    .text.IIC1_Receive_Byte:00000000 IIC1_Receive_Byte
C:\Users\ihavenoK\AppData\Local\Temp\ccbf4Y28.s:376    .text.IIC1_Receive_Byte:00000048 $d
C:\Users\ihavenoK\AppData\Local\Temp\ccbf4Y28.s:379    .text.IIC1_Init:00000000 $t
C:\Users\ihavenoK\AppData\Local\Temp\ccbf4Y28.s:385    .text.IIC1_Init:00000000 IIC1_Init
C:\Users\ihavenoK\AppData\Local\Temp\ccbf4Y28.s:417    .text.IIC1_Init:00000040 $d
C:\Users\ihavenoK\AppData\Local\Temp\ccbf4Y28.s:420    .text.IIC2_Init:00000000 $t
C:\Users\ihavenoK\AppData\Local\Temp\ccbf4Y28.s:426    .text.IIC2_Init:00000000 IIC2_Init
C:\Users\ihavenoK\AppData\Local\Temp\ccbf4Y28.s:458    .text.IIC2_Init:00000048 $d
C:\Users\ihavenoK\AppData\Local\Temp\ccbf4Y28.s:461    .text.IIC1_write:00000000 $t
C:\Users\ihavenoK\AppData\Local\Temp\ccbf4Y28.s:467    .text.IIC1_write:00000000 IIC1_write
C:\Users\ihavenoK\AppData\Local\Temp\ccbf4Y28.s:498    .text.IIC1_read:00000000 $t
C:\Users\ihavenoK\AppData\Local\Temp\ccbf4Y28.s:504    .text.IIC1_read:00000000 IIC1_read
C:\Users\ihavenoK\AppData\Local\Temp\ccbf4Y28.s:562    .text.IIC2_write:00000000 $t
C:\Users\ihavenoK\AppData\Local\Temp\ccbf4Y28.s:568    .text.IIC2_write:00000000 IIC2_write
C:\Users\ihavenoK\AppData\Local\Temp\ccbf4Y28.s:599    .text.IIC2_read:00000000 $t
C:\Users\ihavenoK\AppData\Local\Temp\ccbf4Y28.s:605    .text.IIC2_read:00000000 IIC2_read

UNDEFINED SYMBOLS
GPIO_WriteBit
Delay_us
GPIO_ReadInputDataBit
ARM GAS  C:\Users\ihavenoK\AppData\Local\Temp\ccbf4Y28.s 			page 13


RCC_APB2PeriphClockCmd
GPIO_Init
