ARM GAS  C:\Users\ihavenoK\AppData\Local\Temp\ccaaMhtn.s 			page 1


   1              		.cpu cortex-m3
   2              		.arch armv7-m
   3              		.fpu softvfp
   4              		.eabi_attribute 20, 1
   5              		.eabi_attribute 21, 1
   6              		.eabi_attribute 23, 3
   7              		.eabi_attribute 24, 1
   8              		.eabi_attribute 25, 1
   9              		.eabi_attribute 26, 1
  10              		.eabi_attribute 30, 1
  11              		.eabi_attribute 34, 1
  12              		.eabi_attribute 18, 4
  13              		.file	"IMU.c"
  14              		.text
  15              		.section	.text.IMU_Sample_Start,"ax",%progbits
  16              		.align	1
  17              		.global	IMU_Sample_Start
  18              		.syntax unified
  19              		.thumb
  20              		.thumb_func
  22              	IMU_Sample_Start:
  23              		@ args = 0, pretend = 0, frame = 0
  24              		@ frame_needed = 0, uses_anonymous_args = 0
  25              		@ link register save eliminated.
  26 0000 064B     		ldr	r3, .L2
  27 0002 1A68     		ldr	r2, [r3]
  28 0004 22F00102 		bic	r2, r2, #1
  29 0008 1A60     		str	r2, [r3]
  30 000a 1A68     		ldr	r2, [r3]
  31 000c 42F02002 		orr	r2, r2, #32
  32 0010 1A60     		str	r2, [r3]
  33 0012 034B     		ldr	r3, .L2+4
  34 0014 0122     		movs	r2, #1
  35 0016 1A70     		strb	r2, [r3]
  36 0018 7047     		bx	lr
  37              	.L3:
  38 001a 00BF     		.align	2
  39              	.L2:
  40 001c 00040140 		.word	1073808384
  41 0020 00000000 		.word	IMU
  43              		.section	.text.IMU_Sample_Stop,"ax",%progbits
  44              		.align	1
  45              		.global	IMU_Sample_Stop
  46              		.syntax unified
  47              		.thumb
  48              		.thumb_func
  50              	IMU_Sample_Stop:
  51              		@ args = 0, pretend = 0, frame = 0
  52              		@ frame_needed = 0, uses_anonymous_args = 0
  53              		@ link register save eliminated.
  54 0000 064B     		ldr	r3, .L5
  55 0002 1A68     		ldr	r2, [r3]
  56 0004 42F00102 		orr	r2, r2, #1
  57 0008 1A60     		str	r2, [r3]
  58 000a 1A68     		ldr	r2, [r3]
  59 000c 22F02002 		bic	r2, r2, #32
  60 0010 1A60     		str	r2, [r3]
ARM GAS  C:\Users\ihavenoK\AppData\Local\Temp\ccaaMhtn.s 			page 2


  61 0012 034B     		ldr	r3, .L5+4
  62 0014 0222     		movs	r2, #2
  63 0016 1A70     		strb	r2, [r3]
  64 0018 7047     		bx	lr
  65              	.L6:
  66 001a 00BF     		.align	2
  67              	.L5:
  68 001c 00040140 		.word	1073808384
  69 0020 00000000 		.word	IMU
  71              		.section	.text.IMU_Get_Data,"ax",%progbits
  72              		.align	1
  73              		.global	IMU_Get_Data
  74              		.syntax unified
  75              		.thumb
  76              		.thumb_func
  78              	IMU_Get_Data:
  79              		@ args = 0, pretend = 0, frame = 16
  80              		@ frame_needed = 0, uses_anonymous_args = 0
  81 0000 2DE9F04F 		push	{r4, r5, r6, r7, r8, r9, r10, fp, lr}
  82 0004 85B0     		sub	sp, sp, #20
  83 0006 0446     		mov	r4, r0
  84 0008 02AB     		add	r3, sp, #8
  85 000a 0622     		movs	r2, #6
  86 000c 3B21     		movs	r1, #59
  87 000e 6820     		movs	r0, #104
  88 0010 FFF7FEFF 		bl	IIC1_read
  89 0014 9DF80A20 		ldrb	r2, [sp, #10]	@ zero_extendqisi2
  90 0018 494E     		ldr	r6, .L9+8
  91 001a 7388     		ldrh	r3, [r6, #2]
  92 001c C3EB0223 		rsb	r3, r3, r2, lsl #8
  93 0020 9DF80B90 		ldrb	r9, [sp, #11]	@ zero_extendqisi2
  94 0024 9944     		add	r9, r9, r3
  95 0026 0FFA89F9 		sxth	r9, r9
  96 002a 9DF80C20 		ldrb	r2, [sp, #12]	@ zero_extendqisi2
  97 002e B388     		ldrh	r3, [r6, #4]
  98 0030 C3EB0223 		rsb	r3, r3, r2, lsl #8
  99 0034 9DF80D80 		ldrb	r8, [sp, #13]	@ zero_extendqisi2
 100 0038 9844     		add	r8, r8, r3
 101 003a 0FFA88F8 		sxth	r8, r8
 102 003e 414F     		ldr	r7, .L9+12
 103 0040 04EB4405 		add	r5, r4, r4, lsl #1
 104 0044 07EB8505 		add	r5, r7, r5, lsl #2
 105 0048 9DF80820 		ldrb	r2, [sp, #8]	@ zero_extendqisi2
 106 004c 3388     		ldrh	r3, [r6]
 107 004e C3EB0223 		rsb	r3, r3, r2, lsl #8
 108 0052 9DF80900 		ldrb	r0, [sp, #9]	@ zero_extendqisi2
 109 0056 1844     		add	r0, r0, r3
 110 0058 00B2     		sxth	r0, r0
 111 005a FFF7FEFF 		bl	__aeabi_i2d
 112 005e 0022     		movs	r2, #0
 113 0060 394B     		ldr	r3, .L9+16
 114 0062 FFF7FEFF 		bl	__aeabi_dmul
 115 0066 FFF7FEFF 		bl	__aeabi_d2f
 116 006a E860     		str	r0, [r5, #12]	@ float
 117 006c 631C     		adds	r3, r4, #1
 118 006e 03EB4303 		add	r3, r3, r3, lsl #1
 119 0072 07EB830B 		add	fp, r7, r3, lsl #2
ARM GAS  C:\Users\ihavenoK\AppData\Local\Temp\ccaaMhtn.s 			page 3


 120 0076 4846     		mov	r0, r9
 121 0078 FFF7FEFF 		bl	__aeabi_i2d
 122 007c 0022     		movs	r2, #0
 123 007e 324B     		ldr	r3, .L9+16
 124 0080 FFF7FEFF 		bl	__aeabi_dmul
 125 0084 FFF7FEFF 		bl	__aeabi_d2f
 126 0088 CBF80400 		str	r0, [fp, #4]	@ float
 127 008c 4046     		mov	r0, r8
 128 008e FFF7FEFF 		bl	__aeabi_i2d
 129 0092 0022     		movs	r2, #0
 130 0094 2C4B     		ldr	r3, .L9+16
 131 0096 FFF7FEFF 		bl	__aeabi_dmul
 132 009a FFF7FEFF 		bl	__aeabi_d2f
 133 009e 6861     		str	r0, [r5, #20]	@ float
 134 00a0 6B46     		mov	r3, sp
 135 00a2 0622     		movs	r2, #6
 136 00a4 4321     		movs	r1, #67
 137 00a6 6820     		movs	r0, #104
 138 00a8 FFF7FEFF 		bl	IIC1_read
 139 00ac 9DF80220 		ldrb	r2, [sp, #2]	@ zero_extendqisi2
 140 00b0 7388     		ldrh	r3, [r6, #2]
 141 00b2 C3EB0223 		rsb	r3, r3, r2, lsl #8
 142 00b6 9DF80390 		ldrb	r9, [sp, #3]	@ zero_extendqisi2
 143 00ba 9944     		add	r9, r9, r3
 144 00bc 0FFA89F9 		sxth	r9, r9
 145 00c0 9DF80420 		ldrb	r2, [sp, #4]	@ zero_extendqisi2
 146 00c4 B388     		ldrh	r3, [r6, #4]
 147 00c6 C3EB0223 		rsb	r3, r3, r2, lsl #8
 148 00ca 9DF80580 		ldrb	r8, [sp, #5]	@ zero_extendqisi2
 149 00ce 9844     		add	r8, r8, r3
 150 00d0 0FFA88F8 		sxth	r8, r8
 151 00d4 9DF80020 		ldrb	r2, [sp]	@ zero_extendqisi2
 152 00d8 3388     		ldrh	r3, [r6]
 153 00da C3EB0223 		rsb	r3, r3, r2, lsl #8
 154 00de 9DF80100 		ldrb	r0, [sp, #1]	@ zero_extendqisi2
 155 00e2 1844     		add	r0, r0, r3
 156 00e4 00B2     		sxth	r0, r0
 157 00e6 FFF7FEFF 		bl	__aeabi_i2d
 158 00ea 13A3     		adr	r3, .L9
 159 00ec D3E90023 		ldrd	r2, [r3]
 160 00f0 FFF7FEFF 		bl	__aeabi_ddiv
 161 00f4 FFF7FEFF 		bl	__aeabi_d2f
 162 00f8 C5F81407 		str	r0, [r5, #1812]	@ float
 163 00fc 4846     		mov	r0, r9
 164 00fe FFF7FEFF 		bl	__aeabi_i2d
 165 0102 0DA3     		adr	r3, .L9
 166 0104 D3E90023 		ldrd	r2, [r3]
 167 0108 FFF7FEFF 		bl	__aeabi_ddiv
 168 010c FFF7FEFF 		bl	__aeabi_d2f
 169 0110 C5F81807 		str	r0, [r5, #1816]	@ float
 170 0114 4046     		mov	r0, r8
 171 0116 FFF7FEFF 		bl	__aeabi_i2d
 172 011a 07A3     		adr	r3, .L9
 173 011c D3E90023 		ldrd	r2, [r3]
 174 0120 FFF7FEFF 		bl	__aeabi_ddiv
 175 0124 FFF7FEFF 		bl	__aeabi_d2f
 176 0128 C5F81C07 		str	r0, [r5, #1820]	@ float
ARM GAS  C:\Users\ihavenoK\AppData\Local\Temp\ccaaMhtn.s 			page 4


 177 012c 05B0     		add	sp, sp, #20
 178              		@ sp needed
 179 012e BDE8F08F 		pop	{r4, r5, r6, r7, r8, r9, r10, fp, pc}
 180              	.L10:
 181 0132 00BFAFF3 		.align	3
 181      0080
 182              	.L9:
 183 0138 2121CA17 		.word	399122721
 184 013c 5C75B040 		.word	1085306204
 185 0140 00000000 		.word	IMU_bias
 186 0144 00000000 		.word	IMU
 187 0148 0000203F 		.word	1059061760
 189              		.section	.text.IMU_Init,"ax",%progbits
 190              		.align	1
 191              		.global	IMU_Init
 192              		.syntax unified
 193              		.thumb
 194              		.thumb_func
 196              	IMU_Init:
 197              		@ args = 0, pretend = 0, frame = 0
 198              		@ frame_needed = 0, uses_anonymous_args = 0
 199 0000 08B5     		push	{r3, lr}
 200 0002 FFF7FEFF 		bl	MPU6050_Init
 201 0006 034B     		ldr	r3, .L13
 202 0008 034A     		ldr	r2, .L13+4
 203 000a 5A60     		str	r2, [r3, #4]
 204 000c 034A     		ldr	r2, .L13+8
 205 000e 9A60     		str	r2, [r3, #8]
 206 0010 08BD     		pop	{r3, pc}
 207              	.L14:
 208 0012 00BF     		.align	2
 209              	.L13:
 210 0014 00000000 		.word	IMU
 211 0018 00000000 		.word	IMU_Sample_Start
 212 001c 00000000 		.word	IMU_Sample_Stop
 214              		.global	IMU_bias
 215              		.section	.bss.IMU_bias,"aw",%nobits
 216              		.align	2
 219              	IMU_bias:
 220 0000 00000000 		.space	12
 220      00000000 
 220      00000000 
 221              		.global	IMU
 222              		.section	.bss.IMU,"aw",%nobits
 223              		.align	2
 226              	IMU:
 227 0000 00000000 		.space	3612
 227      00000000 
 227      00000000 
 227      00000000 
 227      00000000 
 228              		.global	__aeabi_ddiv
 229              		.global	__aeabi_d2f
 230              		.global	__aeabi_dmul
 231              		.global	__aeabi_i2d
 232              		.ident	"GCC: (Arm GNU Toolchain 14.2.Rel1 (Build arm-14.52)) 14.2.1 20241119"
ARM GAS  C:\Users\ihavenoK\AppData\Local\Temp\ccaaMhtn.s 			page 5


DEFINED SYMBOLS
                            *ABS*:00000000 IMU.c
C:\Users\ihavenoK\AppData\Local\Temp\ccaaMhtn.s:16     .text.IMU_Sample_Start:00000000 $t
C:\Users\ihavenoK\AppData\Local\Temp\ccaaMhtn.s:22     .text.IMU_Sample_Start:00000000 IMU_Sample_Start
C:\Users\ihavenoK\AppData\Local\Temp\ccaaMhtn.s:40     .text.IMU_Sample_Start:0000001c $d
C:\Users\ihavenoK\AppData\Local\Temp\ccaaMhtn.s:226    .bss.IMU:00000000 IMU
C:\Users\ihavenoK\AppData\Local\Temp\ccaaMhtn.s:44     .text.IMU_Sample_Stop:00000000 $t
C:\Users\ihavenoK\AppData\Local\Temp\ccaaMhtn.s:50     .text.IMU_Sample_Stop:00000000 IMU_Sample_Stop
C:\Users\ihavenoK\AppData\Local\Temp\ccaaMhtn.s:68     .text.IMU_Sample_Stop:0000001c $d
C:\Users\ihavenoK\AppData\Local\Temp\ccaaMhtn.s:72     .text.IMU_Get_Data:00000000 $t
C:\Users\ihavenoK\AppData\Local\Temp\ccaaMhtn.s:78     .text.IMU_Get_Data:00000000 IMU_Get_Data
C:\Users\ihavenoK\AppData\Local\Temp\ccaaMhtn.s:183    .text.IMU_Get_Data:00000138 $d
C:\Users\ihavenoK\AppData\Local\Temp\ccaaMhtn.s:219    .bss.IMU_bias:00000000 IMU_bias
C:\Users\ihavenoK\AppData\Local\Temp\ccaaMhtn.s:190    .text.IMU_Init:00000000 $t
C:\Users\ihavenoK\AppData\Local\Temp\ccaaMhtn.s:196    .text.IMU_Init:00000000 IMU_Init
C:\Users\ihavenoK\AppData\Local\Temp\ccaaMhtn.s:210    .text.IMU_Init:00000014 $d
C:\Users\ihavenoK\AppData\Local\Temp\ccaaMhtn.s:216    .bss.IMU_bias:00000000 $d
C:\Users\ihavenoK\AppData\Local\Temp\ccaaMhtn.s:223    .bss.IMU:00000000 $d

UNDEFINED SYMBOLS
IIC1_read
__aeabi_i2d
__aeabi_dmul
__aeabi_d2f
__aeabi_ddiv
MPU6050_Init
