ARM GAS  C:\Users\ihavenoK\AppData\Local\Temp\ccXLLFIu.s 			page 1


   1              		.cpu cortex-m3
   2              		.arch armv7-m
   3              		.fpu softvfp
   4              		.eabi_attribute 20, 1
   5              		.eabi_attribute 21, 1
   6              		.eabi_attribute 23, 3
   7              		.eabi_attribute 24, 1
   8              		.eabi_attribute 25, 1
   9              		.eabi_attribute 26, 1
  10              		.eabi_attribute 30, 1
  11              		.eabi_attribute 34, 1
  12              		.eabi_attribute 18, 4
  13              		.file	"module3.c"
  14              		.text
  15              		.section	.text.Module3_Init,"ax",%progbits
  16              		.align	1
  17              		.global	Module3_Init
  18              		.syntax unified
  19              		.thumb
  20              		.thumb_func
  22              	Module3_Init:
  23              		@ args = 0, pretend = 0, frame = 8
  24              		@ frame_needed = 0, uses_anonymous_args = 0
  25 0000 2DE9F041 		push	{r4, r5, r6, r7, r8, lr}
  26 0004 82B0     		sub	sp, sp, #8
  27 0006 0121     		movs	r1, #1
  28 0008 0420     		movs	r0, #4
  29 000a FFF7FEFF 		bl	RCC_APB2PeriphClockCmd
  30 000e 0121     		movs	r1, #1
  31 0010 0820     		movs	r0, #8
  32 0012 FFF7FEFF 		bl	RCC_APB2PeriphClockCmd
  33 0016 1023     		movs	r3, #16
  34 0018 8DF80730 		strb	r3, [sp, #7]
  35 001c F027     		movs	r7, #240
  36 001e ADF80470 		strh	r7, [sp, #4]	@ movhi
  37 0022 0323     		movs	r3, #3
  38 0024 8DF80630 		strb	r3, [sp, #6]
  39 0028 0DF10408 		add	r8, sp, #4
  40 002c 0C4E     		ldr	r6, .L3
  41 002e 4146     		mov	r1, r8
  42 0030 3046     		mov	r0, r6
  43 0032 FFF7FEFF 		bl	GPIO_Init
  44 0036 40F60145 		movw	r5, #3073
  45 003a ADF80450 		strh	r5, [sp, #4]	@ movhi
  46 003e 094C     		ldr	r4, .L3+4
  47 0040 4146     		mov	r1, r8
  48 0042 2046     		mov	r0, r4
  49 0044 FFF7FEFF 		bl	GPIO_Init
  50 0048 3946     		mov	r1, r7
  51 004a 3046     		mov	r0, r6
  52 004c FFF7FEFF 		bl	GPIO_SetBits
  53 0050 2946     		mov	r1, r5
  54 0052 2046     		mov	r0, r4
  55 0054 FFF7FEFF 		bl	GPIO_SetBits
  56 0058 02B0     		add	sp, sp, #8
  57              		@ sp needed
  58 005a BDE8F081 		pop	{r4, r5, r6, r7, r8, pc}
ARM GAS  C:\Users\ihavenoK\AppData\Local\Temp\ccXLLFIu.s 			page 2


  59              	.L4:
  60 005e 00BF     		.align	2
  61              	.L3:
  62 0060 00080140 		.word	1073809408
  63 0064 000C0140 		.word	1073810432
  65              		.section	.text.Module3_Mode0_Handler,"ax",%progbits
  66              		.align	1
  67              		.global	Module3_Mode0_Handler
  68              		.syntax unified
  69              		.thumb
  70              		.thumb_func
  72              	Module3_Mode0_Handler:
  73              		@ args = 0, pretend = 0, frame = 0
  74              		@ frame_needed = 0, uses_anonymous_args = 0
  75              		@ link register save eliminated.
  76 0000 7047     		bx	lr
  78              		.section	.text.Module3_Mode1_Handler,"ax",%progbits
  79              		.align	1
  80              		.global	Module3_Mode1_Handler
  81              		.syntax unified
  82              		.thumb
  83              		.thumb_func
  85              	Module3_Mode1_Handler:
  86              		@ args = 0, pretend = 0, frame = 0
  87              		@ frame_needed = 0, uses_anonymous_args = 0
  88              		@ link register save eliminated.
  89 0000 7047     		bx	lr
  91              		.ident	"GCC: (Arm GNU Toolchain 14.2.Rel1 (Build arm-14.52)) 14.2.1 20241119"
ARM GAS  C:\Users\ihavenoK\AppData\Local\Temp\ccXLLFIu.s 			page 3


DEFINED SYMBOLS
                            *ABS*:00000000 module3.c
C:\Users\ihavenoK\AppData\Local\Temp\ccXLLFIu.s:16     .text.Module3_Init:00000000 $t
C:\Users\ihavenoK\AppData\Local\Temp\ccXLLFIu.s:22     .text.Module3_Init:00000000 Module3_Init
C:\Users\ihavenoK\AppData\Local\Temp\ccXLLFIu.s:62     .text.Module3_Init:00000060 $d
C:\Users\ihavenoK\AppData\Local\Temp\ccXLLFIu.s:66     .text.Module3_Mode0_Handler:00000000 $t
C:\Users\ihavenoK\AppData\Local\Temp\ccXLLFIu.s:72     .text.Module3_Mode0_Handler:00000000 Module3_Mode0_Handler
C:\Users\ihavenoK\AppData\Local\Temp\ccXLLFIu.s:79     .text.Module3_Mode1_Handler:00000000 $t
C:\Users\ihavenoK\AppData\Local\Temp\ccXLLFIu.s:85     .text.Module3_Mode1_Handler:00000000 Module3_Mode1_Handler

UNDEFINED SYMBOLS
RCC_APB2PeriphClockCmd
GPIO_Init
GPIO_SetBits
