ARM GAS  C:\Users\ihavenoK\AppData\Local\Temp\ccLqxHHn.s 			page 1


   1              		.cpu cortex-m3
   2              		.arch armv7-m
   3              		.fpu softvfp
   4              		.eabi_attribute 20, 1
   5              		.eabi_attribute 21, 1
   6              		.eabi_attribute 23, 3
   7              		.eabi_attribute 24, 1
   8              		.eabi_attribute 25, 1
   9              		.eabi_attribute 26, 1
  10              		.eabi_attribute 30, 1
  11              		.eabi_attribute 34, 1
  12              		.eabi_attribute 18, 4
  13              		.file	"MPU6050.c"
  14              		.text
  15              		.section	.text.inv_row_2_scale,"ax",%progbits
  16              		.align	1
  17              		.syntax unified
  18              		.thumb
  19              		.thumb_func
  21              	inv_row_2_scale:
  22              		@ args = 0, pretend = 0, frame = 0
  23              		@ frame_needed = 0, uses_anonymous_args = 0
  24              		@ link register save eliminated.
  25 0000 90F90030 		ldrsb	r3, [r0]
  26 0004 002B     		cmp	r3, #0
  27 0006 01DD     		ble	.L9
  28 0008 0020     		movs	r0, #0
  29 000a 7047     		bx	lr
  30              	.L9:
  31 000c 0EDB     		blt	.L4
  32 000e 90F90130 		ldrsb	r3, [r0, #1]
  33 0012 002B     		cmp	r3, #0
  34 0014 01DD     		ble	.L10
  35 0016 0120     		movs	r0, #1
  36 0018 7047     		bx	lr
  37              	.L10:
  38 001a 09DB     		blt	.L6
  39 001c 90F90230 		ldrsb	r3, [r0, #2]
  40 0020 002B     		cmp	r3, #0
  41 0022 07DC     		bgt	.L7
  42 0024 ACBF     		ite	ge
  43 0026 0720     		movge	r0, #7
  44 0028 0620     		movlt	r0, #6
  45 002a 7047     		bx	lr
  46              	.L4:
  47 002c 0420     		movs	r0, #4
  48 002e 7047     		bx	lr
  49              	.L6:
  50 0030 0520     		movs	r0, #5
  51 0032 7047     		bx	lr
  52              	.L7:
  53 0034 0220     		movs	r0, #2
  54 0036 7047     		bx	lr
  56              		.section	.rodata.MPU6050_Init.str1.4,"aMS",%progbits,1
  57              		.align	2
  58              	.LC0:
  59 0000 6D70755F 		.ascii	"mpu_set_sensor complete ......\015\000"
ARM GAS  C:\Users\ihavenoK\AppData\Local\Temp\ccLqxHHn.s 			page 2


  59      7365745F 
  59      73656E73 
  59      6F722063 
  59      6F6D706C 
  60              		.align	2
  61              	.LC1:
  62 0020 6D70755F 		.ascii	"mpu_configure_fifo complete ......\015\000"
  62      636F6E66 
  62      69677572 
  62      655F6669 
  62      666F2063 
  63              		.align	2
  64              	.LC2:
  65 0044 6D70755F 		.ascii	"mpu_set_sample_rate complete ......\015\000"
  65      7365745F 
  65      73616D70 
  65      6C655F72 
  65      61746520 
  66 0069 000000   		.align	2
  67              	.LC3:
  68 006c 646D705F 		.ascii	"dmp_load_motion_driver_firmware complete ......\015"
  68      6C6F6164 
  68      5F6D6F74 
  68      696F6E5F 
  68      64726976 
  69 009c 00       		.ascii	"\000"
  70 009d 000000   		.align	2
  71              	.LC4:
  72 00a0 646D705F 		.ascii	"dmp_set_orientation complete ......\015\000"
  72      7365745F 
  72      6F726965 
  72      6E746174 
  72      696F6E20 
  73 00c5 000000   		.align	2
  74              	.LC5:
  75 00c8 646D705F 		.ascii	"dmp_enable_feature complete ......\015\000"
  75      656E6162 
  75      6C655F66 
  75      65617475 
  75      72652063 
  76              		.align	2
  77              	.LC6:
  78 00ec 646D705F 		.ascii	"dmp_set_fifo_rate complete ......\015\000"
  78      7365745F 
  78      6669666F 
  78      5F726174 
  78      6520636F 
  79 010f 00       		.align	2
  80              	.LC7:
  81 0110 6D70755F 		.ascii	"mpu_set_dmp_state complete ......\015\000"
  81      7365745F 
  81      646D705F 
  81      73746174 
  81      6520636F 
  82 0133 00       		.align	2
  83              	.LC8:
  84 0134 646D705F 		.ascii	"dmp_set_gyro_bias ......\015\000"
ARM GAS  C:\Users\ihavenoK\AppData\Local\Temp\ccLqxHHn.s 			page 3


  84      7365745F 
  84      6779726F 
  84      5F626961 
  84      73202E2E 
  85 014e 0000     		.align	2
  86              	.LC9:
  87 0150 646D7020 		.ascii	"dmp init complete\015\000"
  87      696E6974 
  87      20636F6D 
  87      706C6574 
  87      650D00
  88              		.section	.text.MPU6050_Init,"ax",%progbits
  89              		.align	1
  90              		.global	MPU6050_Init
  91              		.syntax unified
  92              		.thumb
  93              		.thumb_func
  95              	MPU6050_Init:
  96              		@ args = 0, pretend = 0, frame = 56
  97              		@ frame_needed = 0, uses_anonymous_args = 0
  98 0000 70B5     		push	{r4, r5, r6, lr}
  99 0002 8EB0     		sub	sp, sp, #56
 100 0004 0121     		movs	r1, #1
 101 0006 0920     		movs	r0, #9
 102 0008 FFF7FEFF 		bl	RCC_APB2PeriphClockCmd
 103 000c 4823     		movs	r3, #72
 104 000e 8DF83730 		strb	r3, [sp, #55]
 105 0012 2024     		movs	r4, #32
 106 0014 ADF83440 		strh	r4, [sp, #52]	@ movhi
 107 0018 0323     		movs	r3, #3
 108 001a 8DF83630 		strb	r3, [sp, #54]
 109 001e 0DA9     		add	r1, sp, #52
 110 0020 7848     		ldr	r0, .L38
 111 0022 FFF7FEFF 		bl	GPIO_Init
 112 0026 0521     		movs	r1, #5
 113 0028 0120     		movs	r0, #1
 114 002a FFF7FEFF 		bl	GPIO_EXTILineConfig
 115 002e 0B94     		str	r4, [sp, #44]
 116 0030 0124     		movs	r4, #1
 117 0032 8DF83240 		strb	r4, [sp, #50]
 118 0036 0025     		movs	r5, #0
 119 0038 8DF83050 		strb	r5, [sp, #48]
 120 003c 0C23     		movs	r3, #12
 121 003e 8DF83130 		strb	r3, [sp, #49]
 122 0042 0BA8     		add	r0, sp, #44
 123 0044 FFF7FEFF 		bl	EXTI_Init
 124 0048 1723     		movs	r3, #23
 125 004a 8DF82830 		strb	r3, [sp, #40]
 126 004e 8DF82B40 		strb	r4, [sp, #43]
 127 0052 0623     		movs	r3, #6
 128 0054 8DF82930 		strb	r3, [sp, #41]
 129 0058 8DF82A30 		strb	r3, [sp, #42]
 130 005c 0AA8     		add	r0, sp, #40
 131 005e FFF7FEFF 		bl	NVIC_Init
 132 0062 694A     		ldr	r2, .L38+4
 133 0064 1368     		ldr	r3, [r2]
 134 0066 23F02003 		bic	r3, r3, #32
ARM GAS  C:\Users\ihavenoK\AppData\Local\Temp\ccLqxHHn.s 			page 4


 135 006a 1360     		str	r3, [r2]
 136 006c FFF7FEFF 		bl	IIC1_Init
 137 0070 0995     		str	r5, [sp, #36]
 138 0072 8DF82050 		strb	r5, [sp, #32]
 139 0076 08AB     		add	r3, sp, #32
 140 0078 2246     		mov	r2, r4
 141 007a 7521     		movs	r1, #117
 142 007c 6820     		movs	r0, #104
 143 007e FFF7FEFF 		bl	IIC1_read
 144 0082 9DF82030 		ldrb	r3, [sp, #32]	@ zero_extendqisi2
 145 0086 682B     		cmp	r3, #104
 146 0088 05D1     		bne	.L26
 147 008a 0020     		movs	r0, #0
 148 008c FFF7FEFF 		bl	mpu_init
 149 0090 70B1     		cbz	r0, .L27
 150              	.L11:
 151 0092 0EB0     		add	sp, sp, #56
 152              		@ sp needed
 153 0094 70BD     		pop	{r4, r5, r6, pc}
 154              	.L26:
 155              		.syntax unified
 156              	@ 186 "D:/keil5/ARM/PACK/ARM/CMSIS/6.2.0/CMSIS/Core/Include/cmsis_gcc.h" 1
 157 0096 BFF34F8F 		dsb 0xF
 158              	@ 0 "" 2
 159              		.thumb
 160              		.syntax unified
 161 009a 5C49     		ldr	r1, .L38+8
 162 009c CA68     		ldr	r2, [r1, #12]
 163 009e 02F4E062 		and	r2, r2, #1792
 164 00a2 5B4B     		ldr	r3, .L38+12
 165 00a4 1343     		orrs	r3, r3, r2
 166 00a6 CB60     		str	r3, [r1, #12]
 167              		.syntax unified
 168              	@ 186 "D:/keil5/ARM/PACK/ARM/CMSIS/6.2.0/CMSIS/Core/Include/cmsis_gcc.h" 1
 169 00a8 BFF34F8F 		dsb 0xF
 170              	@ 0 "" 2
 171              		.thumb
 172              		.syntax unified
 173              	.L13:
 174              		.syntax unified
 175              	@ 1877 "D:/keil5/ARM/PACK/ARM/CMSIS/6.2.0/CMSIS/Core/Include/core_cm3.h" 1
 176 00ac 00BF     		nop
 177              	@ 0 "" 2
 178              		.thumb
 179              		.syntax unified
 180 00ae FDE7     		b	.L13
 181              	.L27:
 182 00b0 7820     		movs	r0, #120
 183 00b2 FFF7FEFF 		bl	mpu_set_sensors
 184 00b6 0028     		cmp	r0, #0
 185 00b8 48D0     		beq	.L28
 186              	.L15:
 187 00ba 7820     		movs	r0, #120
 188 00bc FFF7FEFF 		bl	mpu_configure_fifo
 189 00c0 0028     		cmp	r0, #0
 190 00c2 47D0     		beq	.L29
 191              	.L16:
ARM GAS  C:\Users\ihavenoK\AppData\Local\Temp\ccLqxHHn.s 			page 5


 192 00c4 6420     		movs	r0, #100
 193 00c6 FFF7FEFF 		bl	mpu_set_sample_rate
 194 00ca 0028     		cmp	r0, #0
 195 00cc 46D0     		beq	.L30
 196              	.L17:
 197 00ce FFF7FEFF 		bl	dmp_load_motion_driver_firmware
 198 00d2 0028     		cmp	r0, #0
 199 00d4 46D0     		beq	.L31
 200              	.L18:
 201 00d6 4F4E     		ldr	r6, .L38+16
 202 00d8 3046     		mov	r0, r6
 203 00da FFF7FEFF 		bl	inv_row_2_scale
 204 00de 0446     		mov	r4, r0
 205 00e0 F01C     		adds	r0, r6, #3
 206 00e2 FFF7FEFF 		bl	inv_row_2_scale
 207 00e6 0546     		mov	r5, r0
 208 00e8 B01D     		adds	r0, r6, #6
 209 00ea FFF7FEFF 		bl	inv_row_2_scale
 210 00ee 8301     		lsls	r3, r0, #6
 211 00f0 43EAC500 		orr	r0, r3, r5, lsl #3
 212 00f4 2043     		orrs	r0, r0, r4
 213 00f6 80B2     		uxth	r0, r0
 214 00f8 FFF7FEFF 		bl	dmp_set_orientation
 215 00fc 0028     		cmp	r0, #0
 216 00fe 35D0     		beq	.L32
 217              	.L19:
 218 0100 40F27310 		movw	r0, #371
 219 0104 FFF7FEFF 		bl	dmp_enable_feature
 220 0108 0028     		cmp	r0, #0
 221 010a 33D0     		beq	.L33
 222              	.L20:
 223 010c 6420     		movs	r0, #100
 224 010e FFF7FEFF 		bl	dmp_set_fifo_rate
 225 0112 0028     		cmp	r0, #0
 226 0114 32D0     		beq	.L34
 227              	.L21:
 228 0116 05A9     		add	r1, sp, #20
 229 0118 02A8     		add	r0, sp, #8
 230 011a FFF7FEFF 		bl	mpu_run_self_test
 231 011e 0728     		cmp	r0, #7
 232 0120 30D0     		beq	.L35
 233              	.L22:
 234 0122 0020     		movs	r0, #0
 235 0124 FFF7FEFF 		bl	mpu_set_dmp_state
 236 0128 0028     		cmp	r0, #0
 237 012a 63D0     		beq	.L36
 238              	.L23:
 239 012c 09A8     		add	r0, sp, #36
 240 012e FFF7FEFF 		bl	dmp_set_gyro_bias
 241 0132 0028     		cmp	r0, #0
 242 0134 62D0     		beq	.L37
 243              	.L24:
 244 0136 0420     		movs	r0, #4
 245 0138 FFF7FEFF 		bl	mpu_set_accel_fsr
 246 013c 4FF4FA70 		mov	r0, #500
 247 0140 FFF7FEFF 		bl	mpu_set_gyro_fsr
 248 0144 3448     		ldr	r0, .L38+20
ARM GAS  C:\Users\ihavenoK\AppData\Local\Temp\ccLqxHHn.s 			page 6


 249 0146 FFF7FEFF 		bl	puts
 250 014a A2E7     		b	.L11
 251              	.L28:
 252 014c 3348     		ldr	r0, .L38+24
 253 014e FFF7FEFF 		bl	puts
 254 0152 B2E7     		b	.L15
 255              	.L29:
 256 0154 3248     		ldr	r0, .L38+28
 257 0156 FFF7FEFF 		bl	puts
 258 015a B3E7     		b	.L16
 259              	.L30:
 260 015c 3148     		ldr	r0, .L38+32
 261 015e FFF7FEFF 		bl	puts
 262 0162 B4E7     		b	.L17
 263              	.L31:
 264 0164 3048     		ldr	r0, .L38+36
 265 0166 FFF7FEFF 		bl	puts
 266 016a B4E7     		b	.L18
 267              	.L32:
 268 016c 2F48     		ldr	r0, .L38+40
 269 016e FFF7FEFF 		bl	puts
 270 0172 C5E7     		b	.L19
 271              	.L33:
 272 0174 2E48     		ldr	r0, .L38+44
 273 0176 FFF7FEFF 		bl	puts
 274 017a C7E7     		b	.L20
 275              	.L34:
 276 017c 2D48     		ldr	r0, .L38+48
 277 017e FFF7FEFF 		bl	puts
 278 0182 C8E7     		b	.L21
 279              	.L35:
 280 0184 01A8     		add	r0, sp, #4
 281 0186 FFF7FEFF 		bl	mpu_get_gyro_sens
 282 018a 019C     		ldr	r4, [sp, #4]	@ float
 283 018c 0298     		ldr	r0, [sp, #8]
 284 018e FFF7FEFF 		bl	__aeabi_i2f
 285 0192 2146     		mov	r1, r4
 286 0194 FFF7FEFF 		bl	__aeabi_fmul
 287 0198 FFF7FEFF 		bl	__aeabi_f2iz
 288 019c 0290     		str	r0, [sp, #8]
 289 019e 0398     		ldr	r0, [sp, #12]
 290 01a0 FFF7FEFF 		bl	__aeabi_i2f
 291 01a4 2146     		mov	r1, r4
 292 01a6 FFF7FEFF 		bl	__aeabi_fmul
 293 01aa FFF7FEFF 		bl	__aeabi_f2iz
 294 01ae 0390     		str	r0, [sp, #12]
 295 01b0 0498     		ldr	r0, [sp, #16]
 296 01b2 FFF7FEFF 		bl	__aeabi_i2f
 297 01b6 2146     		mov	r1, r4
 298 01b8 FFF7FEFF 		bl	__aeabi_fmul
 299 01bc FFF7FEFF 		bl	__aeabi_f2iz
 300 01c0 0490     		str	r0, [sp, #16]
 301 01c2 02A8     		add	r0, sp, #8
 302 01c4 FFF7FEFF 		bl	dmp_set_gyro_bias
 303 01c8 0DF10200 		add	r0, sp, #2
 304 01cc FFF7FEFF 		bl	mpu_get_accel_sens
 305 01d0 BDF80220 		ldrh	r2, [sp, #2]
ARM GAS  C:\Users\ihavenoK\AppData\Local\Temp\ccLqxHHn.s 			page 7


 306 01d4 059B     		ldr	r3, [sp, #20]
 307 01d6 02FB03F3 		mul	r3, r2, r3
 308 01da 0593     		str	r3, [sp, #20]
 309 01dc 069B     		ldr	r3, [sp, #24]
 310 01de 02FB03F3 		mul	r3, r2, r3
 311 01e2 0693     		str	r3, [sp, #24]
 312 01e4 079B     		ldr	r3, [sp, #28]
 313 01e6 02FB03F3 		mul	r3, r2, r3
 314 01ea 0793     		str	r3, [sp, #28]
 315 01ec 05A8     		add	r0, sp, #20
 316 01ee FFF7FEFF 		bl	dmp_set_accel_bias
 317 01f2 96E7     		b	.L22
 318              	.L36:
 319 01f4 1048     		ldr	r0, .L38+52
 320 01f6 FFF7FEFF 		bl	puts
 321 01fa 97E7     		b	.L23
 322              	.L37:
 323 01fc 0F48     		ldr	r0, .L38+56
 324 01fe FFF7FEFF 		bl	puts
 325 0202 98E7     		b	.L24
 326              	.L39:
 327              		.align	2
 328              	.L38:
 329 0204 000C0140 		.word	1073810432
 330 0208 00040140 		.word	1073808384
 331 020c 00ED00E0 		.word	-536810240
 332 0210 0400FA05 		.word	100270084
 333 0214 00000000 		.word	gyro_orientation
 334 0218 50010000 		.word	.LC9
 335 021c 00000000 		.word	.LC0
 336 0220 20000000 		.word	.LC1
 337 0224 44000000 		.word	.LC2
 338 0228 6C000000 		.word	.LC3
 339 022c A0000000 		.word	.LC4
 340 0230 C8000000 		.word	.LC5
 341 0234 EC000000 		.word	.LC6
 342 0238 10010000 		.word	.LC7
 343 023c 34010000 		.word	.LC8
 345              		.section	.data.gyro_orientation,"aw"
 346              		.align	2
 349              	gyro_orientation:
 350 0000 FF000000 		.ascii	"\377\000\000\000\377\000\000\000\001"
 350      FF000000 
 350      01
 351              		.global	__aeabi_f2iz
 352              		.global	__aeabi_fmul
 353              		.global	__aeabi_i2f
 354              		.ident	"GCC: (Arm GNU Toolchain 14.2.Rel1 (Build arm-14.52)) 14.2.1 20241119"
ARM GAS  C:\Users\ihavenoK\AppData\Local\Temp\ccLqxHHn.s 			page 8


DEFINED SYMBOLS
                            *ABS*:00000000 MPU6050.c
C:\Users\ihavenoK\AppData\Local\Temp\ccLqxHHn.s:16     .text.inv_row_2_scale:00000000 $t
C:\Users\ihavenoK\AppData\Local\Temp\ccLqxHHn.s:21     .text.inv_row_2_scale:00000000 inv_row_2_scale
C:\Users\ihavenoK\AppData\Local\Temp\ccLqxHHn.s:57     .rodata.MPU6050_Init.str1.4:00000000 $d
C:\Users\ihavenoK\AppData\Local\Temp\ccLqxHHn.s:89     .text.MPU6050_Init:00000000 $t
C:\Users\ihavenoK\AppData\Local\Temp\ccLqxHHn.s:95     .text.MPU6050_Init:00000000 MPU6050_Init
C:\Users\ihavenoK\AppData\Local\Temp\ccLqxHHn.s:329    .text.MPU6050_Init:00000204 $d
C:\Users\ihavenoK\AppData\Local\Temp\ccLqxHHn.s:349    .data.gyro_orientation:00000000 gyro_orientation
C:\Users\ihavenoK\AppData\Local\Temp\ccLqxHHn.s:346    .data.gyro_orientation:00000000 $d

UNDEFINED SYMBOLS
RCC_APB2PeriphClockCmd
GPIO_Init
GPIO_EXTILineConfig
EXTI_Init
NVIC_Init
IIC1_Init
IIC1_read
mpu_init
mpu_set_sensors
mpu_configure_fifo
mpu_set_sample_rate
dmp_load_motion_driver_firmware
dmp_set_orientation
dmp_enable_feature
dmp_set_fifo_rate
mpu_run_self_test
mpu_set_dmp_state
dmp_set_gyro_bias
mpu_set_accel_fsr
mpu_set_gyro_fsr
puts
mpu_get_gyro_sens
__aeabi_i2f
__aeabi_fmul
__aeabi_f2iz
mpu_get_accel_sens
dmp_set_accel_bias
