ARM GAS  C:\Users\ihavenoK\AppData\Local\Temp\cceJVsA8.s 			page 1


   1              		.cpu cortex-m3
   2              		.arch armv7-m
   3              		.fpu softvfp
   4              		.eabi_attribute 20, 1
   5              		.eabi_attribute 21, 1
   6              		.eabi_attribute 23, 3
   7              		.eabi_attribute 24, 1
   8              		.eabi_attribute 25, 1
   9              		.eabi_attribute 26, 1
  10              		.eabi_attribute 30, 1
  11              		.eabi_attribute 34, 1
  12              		.eabi_attribute 18, 4
  13              		.file	"nnom_maxpool.c"
  14              		.text
  15              		.section	.text.maxpool_build,"ax",%progbits
  16              		.align	1
  17              		.global	maxpool_build
  18              		.syntax unified
  19              		.thumb
  20              		.thumb_func
  22              	maxpool_build:
  23              		@ args = 0, pretend = 0, frame = 0
  24              		@ frame_needed = 0, uses_anonymous_args = 0
  25 0000 70B5     		push	{r4, r5, r6, lr}
  26 0002 0446     		mov	r4, r0
  27 0004 036A     		ldr	r3, [r0, #32]
  28 0006 1A68     		ldr	r2, [r3]
  29 0008 D268     		ldr	r2, [r2, #12]
  30 000a DA60     		str	r2, [r3, #12]
  31 000c 036A     		ldr	r3, [r0, #32]
  32 000e D868     		ldr	r0, [r3, #12]
  33 0010 467C     		ldrb	r6, [r0, #17]	@ zero_extendqisi2
  34 0012 FFF7FEFF 		bl	tensor_get_num_channel
  35 0016 0246     		mov	r2, r0
  36 0018 656A     		ldr	r5, [r4, #36]
  37 001a 3146     		mov	r1, r6
  38 001c 0020     		movs	r0, #0
  39 001e FFF7FEFF 		bl	new_tensor
  40 0022 E860     		str	r0, [r5, #12]
  41 0024 226A     		ldr	r2, [r4, #32]
  42 0026 636A     		ldr	r3, [r4, #36]
  43 0028 D168     		ldr	r1, [r2, #12]
  44 002a D868     		ldr	r0, [r3, #12]
  45 002c FFF7FEFF 		bl	tensor_cpy_attr
  46 0030 6369     		ldr	r3, [r4, #20]
  47 0032 3BB1     		cbz	r3, .L2
  48 0034 626A     		ldr	r2, [r4, #36]
  49 0036 D268     		ldr	r2, [r2, #12]
  50 0038 9568     		ldr	r5, [r2, #8]
  51 003a 2968     		ldr	r1, [r5]
  52 003c 187A     		ldrb	r0, [r3, #8]	@ zero_extendqisi2
  53 003e FFF7FEFF 		bl	act_get_dec_bit
  54 0042 2860     		str	r0, [r5]
  55              	.L2:
  56 0044 94F84230 		ldrb	r3, [r4, #66]	@ zero_extendqisi2
  57 0048 012B     		cmp	r3, #1
  58 004a 25D0     		beq	.L6
ARM GAS  C:\Users\ihavenoK\AppData\Local\Temp\cceJVsA8.s 			page 2


  59 004c E28E     		ldrh	r2, [r4, #54]
  60 004e 636A     		ldr	r3, [r4, #36]
  61 0050 DB68     		ldr	r3, [r3, #12]
  62 0052 5968     		ldr	r1, [r3, #4]
  63 0054 236A     		ldr	r3, [r4, #32]
  64 0056 DB68     		ldr	r3, [r3, #12]
  65 0058 5B68     		ldr	r3, [r3, #4]
  66 005a 1B88     		ldrh	r3, [r3]
  67 005c 208E     		ldrh	r0, [r4, #48]
  68 005e 1B1A     		subs	r3, r3, r0
  69 0060 1344     		add	r3, r3, r2
  70 0062 93FBF2F3 		sdiv	r3, r3, r2
  71 0066 0B80     		strh	r3, [r1]	@ movhi
  72 0068 228F     		ldrh	r2, [r4, #56]
  73 006a 636A     		ldr	r3, [r4, #36]
  74 006c DB68     		ldr	r3, [r3, #12]
  75 006e 5968     		ldr	r1, [r3, #4]
  76 0070 236A     		ldr	r3, [r4, #32]
  77 0072 DB68     		ldr	r3, [r3, #12]
  78 0074 5B68     		ldr	r3, [r3, #4]
  79 0076 5B88     		ldrh	r3, [r3, #2]
  80 0078 608E     		ldrh	r0, [r4, #50]
  81 007a 1B1A     		subs	r3, r3, r0
  82 007c 1344     		add	r3, r3, r2
  83 007e 93FBF2F3 		sdiv	r3, r3, r2
  84 0082 4B80     		strh	r3, [r1, #2]	@ movhi
  85 0084 636A     		ldr	r3, [r4, #36]
  86 0086 DB68     		ldr	r3, [r3, #12]
  87 0088 5B68     		ldr	r3, [r3, #4]
  88 008a 226A     		ldr	r2, [r4, #32]
  89 008c D268     		ldr	r2, [r2, #12]
  90 008e 5268     		ldr	r2, [r2, #4]
  91 0090 9288     		ldrh	r2, [r2, #4]
  92 0092 9A80     		strh	r2, [r3, #4]	@ movhi
  93              	.L4:
  94 0094 0020     		movs	r0, #0
  95 0096 70BD     		pop	{r4, r5, r6, pc}
  96              	.L6:
  97 0098 E28E     		ldrh	r2, [r4, #54]
  98 009a 636A     		ldr	r3, [r4, #36]
  99 009c DB68     		ldr	r3, [r3, #12]
 100 009e 5968     		ldr	r1, [r3, #4]
 101 00a0 236A     		ldr	r3, [r4, #32]
 102 00a2 DB68     		ldr	r3, [r3, #12]
 103 00a4 5B68     		ldr	r3, [r3, #4]
 104 00a6 1B88     		ldrh	r3, [r3]
 105 00a8 1344     		add	r3, r3, r2
 106 00aa 013B     		subs	r3, r3, #1
 107 00ac 93FBF2F3 		sdiv	r3, r3, r2
 108 00b0 0B80     		strh	r3, [r1]	@ movhi
 109 00b2 228F     		ldrh	r2, [r4, #56]
 110 00b4 636A     		ldr	r3, [r4, #36]
 111 00b6 DB68     		ldr	r3, [r3, #12]
 112 00b8 5968     		ldr	r1, [r3, #4]
 113 00ba 236A     		ldr	r3, [r4, #32]
 114 00bc DB68     		ldr	r3, [r3, #12]
 115 00be 5B68     		ldr	r3, [r3, #4]
ARM GAS  C:\Users\ihavenoK\AppData\Local\Temp\cceJVsA8.s 			page 3


 116 00c0 5B88     		ldrh	r3, [r3, #2]
 117 00c2 1344     		add	r3, r3, r2
 118 00c4 013B     		subs	r3, r3, #1
 119 00c6 93FBF2F3 		sdiv	r3, r3, r2
 120 00ca 4B80     		strh	r3, [r1, #2]	@ movhi
 121 00cc 636A     		ldr	r3, [r4, #36]
 122 00ce DB68     		ldr	r3, [r3, #12]
 123 00d0 5B68     		ldr	r3, [r3, #4]
 124 00d2 226A     		ldr	r2, [r4, #32]
 125 00d4 D268     		ldr	r2, [r2, #12]
 126 00d6 5268     		ldr	r2, [r2, #4]
 127 00d8 9288     		ldrh	r2, [r2, #4]
 128 00da 9A80     		strh	r2, [r3, #4]	@ movhi
 129 00dc DAE7     		b	.L4
 131              		.section	.text.maxpool_run,"ax",%progbits
 132              		.align	1
 133              		.global	maxpool_run
 134              		.syntax unified
 135              		.thumb
 136              		.thumb_func
 138              	maxpool_run:
 139              		@ args = 0, pretend = 0, frame = 0
 140              		@ frame_needed = 0, uses_anonymous_args = 0
 141 0000 70B5     		push	{r4, r5, r6, lr}
 142 0002 8AB0     		sub	sp, sp, #40
 143 0004 8446     		mov	ip, r0
 144 0006 436A     		ldr	r3, [r0, #36]
 145 0008 DC68     		ldr	r4, [r3, #12]
 146 000a 637C     		ldrb	r3, [r4, #17]	@ zero_extendqisi2
 147 000c 012B     		cmp	r3, #1
 148 000e 27D0     		beq	.L9
 149 0010 6368     		ldr	r3, [r4, #4]
 150 0012 5E88     		ldrh	r6, [r3, #2]
 151 0014 1D88     		ldrh	r5, [r3]
 152              	.L8:
 153 0016 DCF82030 		ldr	r3, [ip, #32]
 154 001a D868     		ldr	r0, [r3, #12]
 155 001c 4168     		ldr	r1, [r0, #4]
 156 001e 8B88     		ldrh	r3, [r1, #4]
 157 0020 0A88     		ldrh	r2, [r1]
 158 0022 4988     		ldrh	r1, [r1, #2]
 159 0024 0068     		ldr	r0, [r0]
 160 0026 2468     		ldr	r4, [r4]
 161 0028 0994     		str	r4, [sp, #36]
 162 002a 0024     		movs	r4, #0
 163 002c 0894     		str	r4, [sp, #32]
 164 002e 0795     		str	r5, [sp, #28]
 165 0030 0696     		str	r6, [sp, #24]
 166 0032 BCF83650 		ldrh	r5, [ip, #54]
 167 0036 0595     		str	r5, [sp, #20]
 168 0038 BCF83850 		ldrh	r5, [ip, #56]
 169 003c 0495     		str	r5, [sp, #16]
 170 003e BCF83C50 		ldrh	r5, [ip, #60]
 171 0042 0395     		str	r5, [sp, #12]
 172 0044 BCF83E50 		ldrh	r5, [ip, #62]
 173 0048 0295     		str	r5, [sp, #8]
 174 004a BCF83050 		ldrh	r5, [ip, #48]
ARM GAS  C:\Users\ihavenoK\AppData\Local\Temp\cceJVsA8.s 			page 4


 175 004e 0195     		str	r5, [sp, #4]
 176 0050 BCF83250 		ldrh	r5, [ip, #50]
 177 0054 0095     		str	r5, [sp]
 178 0056 FFF7FEFF 		bl	local_maxpool_q7_HWC
 179 005a 2046     		mov	r0, r4
 180 005c 0AB0     		add	sp, sp, #40
 181              		@ sp needed
 182 005e 70BD     		pop	{r4, r5, r6, pc}
 183              	.L9:
 184 0060 0125     		movs	r5, #1
 185 0062 2E46     		mov	r6, r5
 186 0064 D7E7     		b	.L8
 188              		.section	.text.MaxPool,"ax",%progbits
 189              		.align	1
 190              		.global	MaxPool
 191              		.syntax unified
 192              		.thumb
 193              		.thumb_func
 195              	MaxPool:
 196              		@ args = 4, pretend = 0, frame = 16
 197              		@ frame_needed = 0, uses_anonymous_args = 0
 198 0000 30B5     		push	{r4, r5, lr}
 199 0002 85B0     		sub	sp, sp, #20
 200 0004 04AC     		add	r4, sp, #16
 201 0006 04E90300 		stmdb	r4, {r0, r1}
 202 000a CDE90023 		strd	r2, r3, [sp]
 203 000e 9DF82050 		ldrb	r5, [sp, #32]	@ zero_extendqisi2
 204 0012 8C20     		movs	r0, #140
 205 0014 FFF7FEFF 		bl	nnom_mem
 206 0018 0446     		mov	r4, r0
 207 001a 70B3     		cbz	r0, .L11
 208 001c 1323     		movs	r3, #19
 209 001e 0377     		strb	r3, [r0, #28]
 210 0020 204B     		ldr	r3, .L16
 211 0022 4360     		str	r3, [r0, #4]
 212 0024 204B     		ldr	r3, .L16+4
 213 0026 8360     		str	r3, [r0, #8]
 214 0028 0123     		movs	r3, #1
 215 002a 80F86030 		strb	r3, [r0, #96]
 216 002e 80F87C30 		strb	r3, [r0, #124]
 217 0032 80F88830 		strb	r3, [r0, #136]
 218 0036 00F14801 		add	r1, r0, #72
 219 003a FFF7FEFF 		bl	io_init
 220 003e 2062     		str	r0, [r4, #32]
 221 0040 04F16401 		add	r1, r4, #100
 222 0044 2046     		mov	r0, r4
 223 0046 FFF7FEFF 		bl	io_init
 224 004a 6062     		str	r0, [r4, #36]
 225 004c 04F18003 		add	r3, r4, #128
 226 0050 2361     		str	r3, [r4, #16]
 227 0052 04AB     		add	r3, sp, #16
 228 0054 13E90300 		ldmdb	r3, {r0, r1}
 229 0058 2063     		str	r0, [r4, #48]
 230 005a A186     		strh	r1, [r4, #52]	@ movhi
 231 005c 0098     		ldr	r0, [sp]
 232 005e C4F83600 		str	r0, [r4, #54]	@ unaligned
 233 0062 BDF80430 		ldrh	r3, [sp, #4]	@ unaligned
ARM GAS  C:\Users\ihavenoK\AppData\Local\Temp\cceJVsA8.s 			page 5


 234 0066 6387     		strh	r3, [r4, #58]	@ unaligned
 235 0068 84F84250 		strb	r5, [r4, #66]
 236 006c 012D     		cmp	r5, #1
 237 006e 07D0     		beq	.L15
 238 0070 0023     		movs	r3, #0
 239 0072 A387     		strh	r3, [r4, #60]	@ movhi
 240 0074 E387     		strh	r3, [r4, #62]	@ movhi
 241 0076 A4F84030 		strh	r3, [r4, #64]	@ movhi
 242              	.L11:
 243 007a 2046     		mov	r0, r4
 244 007c 05B0     		add	sp, sp, #20
 245              		@ sp needed
 246 007e 30BD     		pop	{r4, r5, pc}
 247              	.L15:
 248 0080 BDF80830 		ldrh	r3, [sp, #8]
 249 0084 013B     		subs	r3, r3, #1
 250 0086 03EBD373 		add	r3, r3, r3, lsr #31
 251 008a 5B10     		asrs	r3, r3, #1
 252 008c A387     		strh	r3, [r4, #60]	@ movhi
 253 008e BDF80A30 		ldrh	r3, [sp, #10]
 254 0092 013B     		subs	r3, r3, #1
 255 0094 03EBD373 		add	r3, r3, r3, lsr #31
 256 0098 5B10     		asrs	r3, r3, #1
 257 009a E387     		strh	r3, [r4, #62]	@ movhi
 258 009c 0123     		movs	r3, #1
 259 009e A4F84030 		strh	r3, [r4, #64]	@ movhi
 260 00a2 EAE7     		b	.L11
 261              	.L17:
 262              		.align	2
 263              	.L16:
 264 00a4 00000000 		.word	maxpool_run
 265 00a8 00000000 		.word	maxpool_build
 267              		.section	.text.maxpool_s,"ax",%progbits
 268              		.align	1
 269              		.global	maxpool_s
 270              		.syntax unified
 271              		.thumb
 272              		.thumb_func
 274              	maxpool_s:
 275              		@ args = 0, pretend = 0, frame = 32
 276              		@ frame_needed = 0, uses_anonymous_args = 0
 277 0000 70B5     		push	{r4, r5, r6, lr}
 278 0002 8AB0     		sub	sp, sp, #40
 279 0004 0446     		mov	r4, r0
 280 0006 90F90C30 		ldrsb	r3, [r0, #12]
 281 000a 012B     		cmp	r3, #1
 282 000c 1BD0     		beq	.L23
 283 000e 06AD     		add	r5, sp, #24
 284 0010 90F90920 		ldrsb	r2, [r0, #9]
 285 0014 90F90810 		ldrsb	r1, [r0, #8]
 286 0018 2846     		mov	r0, r5
 287 001a FFF7FEFF 		bl	kernel
 288 001e 08AE     		add	r6, sp, #32
 289 0020 94F90B20 		ldrsb	r2, [r4, #11]
 290 0024 94F90A10 		ldrsb	r1, [r4, #10]
 291 0028 3046     		mov	r0, r6
 292 002a FFF7FEFF 		bl	stride
ARM GAS  C:\Users\ihavenoK\AppData\Local\Temp\cceJVsA8.s 			page 6


 293 002e 2379     		ldrb	r3, [r4, #4]	@ zero_extendqisi2
 294 0030 0093     		str	r3, [sp]
 295 0032 96E80C00 		ldm	r6, {r2, r3}
 296 0036 95E80300 		ldm	r5, {r0, r1}
 297 003a FFF7FEFF 		bl	MaxPool
 298              	.L20:
 299 003e 00B1     		cbz	r0, .L18
 300 0040 8461     		str	r4, [r0, #24]
 301              	.L18:
 302 0042 0AB0     		add	sp, sp, #40
 303              		@ sp needed
 304 0044 70BD     		pop	{r4, r5, r6, pc}
 305              	.L23:
 306 0046 02AD     		add	r5, sp, #8
 307 0048 90F90820 		ldrsb	r2, [r0, #8]
 308 004c 0121     		movs	r1, #1
 309 004e 2846     		mov	r0, r5
 310 0050 FFF7FEFF 		bl	kernel
 311 0054 04AE     		add	r6, sp, #16
 312 0056 94F90A20 		ldrsb	r2, [r4, #10]
 313 005a 0121     		movs	r1, #1
 314 005c 3046     		mov	r0, r6
 315 005e FFF7FEFF 		bl	stride
 316 0062 2379     		ldrb	r3, [r4, #4]	@ zero_extendqisi2
 317 0064 0093     		str	r3, [sp]
 318 0066 96E80C00 		ldm	r6, {r2, r3}
 319 006a 95E80300 		ldm	r5, {r0, r1}
 320 006e FFF7FEFF 		bl	MaxPool
 321 0072 E4E7     		b	.L20
 323              		.ident	"GCC: (Arm GNU Toolchain 14.2.Rel1 (Build arm-14.52)) 14.2.1 20241119"
ARM GAS  C:\Users\ihavenoK\AppData\Local\Temp\cceJVsA8.s 			page 7


DEFINED SYMBOLS
                            *ABS*:00000000 nnom_maxpool.c
C:\Users\ihavenoK\AppData\Local\Temp\cceJVsA8.s:16     .text.maxpool_build:00000000 $t
C:\Users\ihavenoK\AppData\Local\Temp\cceJVsA8.s:22     .text.maxpool_build:00000000 maxpool_build
C:\Users\ihavenoK\AppData\Local\Temp\cceJVsA8.s:132    .text.maxpool_run:00000000 $t
C:\Users\ihavenoK\AppData\Local\Temp\cceJVsA8.s:138    .text.maxpool_run:00000000 maxpool_run
C:\Users\ihavenoK\AppData\Local\Temp\cceJVsA8.s:189    .text.MaxPool:00000000 $t
C:\Users\ihavenoK\AppData\Local\Temp\cceJVsA8.s:195    .text.MaxPool:00000000 MaxPool
C:\Users\ihavenoK\AppData\Local\Temp\cceJVsA8.s:264    .text.MaxPool:000000a4 $d
C:\Users\ihavenoK\AppData\Local\Temp\cceJVsA8.s:268    .text.maxpool_s:00000000 $t
C:\Users\ihavenoK\AppData\Local\Temp\cceJVsA8.s:274    .text.maxpool_s:00000000 maxpool_s

UNDEFINED SYMBOLS
tensor_get_num_channel
new_tensor
tensor_cpy_attr
act_get_dec_bit
local_maxpool_q7_HWC
nnom_mem
io_init
kernel
stride
