ARM GAS  C:\Users\ihavenoK\AppData\Local\Temp\ccOoBuGP.s 			page 1


   1              		.cpu cortex-m3
   2              		.arch armv7-m
   3              		.fpu softvfp
   4              		.eabi_attribute 20, 1
   5              		.eabi_attribute 21, 1
   6              		.eabi_attribute 23, 3
   7              		.eabi_attribute 24, 1
   8              		.eabi_attribute 25, 1
   9              		.eabi_attribute 26, 1
  10              		.eabi_attribute 30, 1
  11              		.eabi_attribute 34, 1
  12              		.eabi_attribute 18, 4
  13              		.file	"nnom_baselayer.c"
  14              		.text
  15              		.section	.text.default_build,"ax",%progbits
  16              		.align	1
  17              		.global	default_build
  18              		.syntax unified
  19              		.thumb
  20              		.thumb_func
  22              	default_build:
  23              		@ args = 0, pretend = 0, frame = 0
  24              		@ frame_needed = 0, uses_anonymous_args = 0
  25 0000 70B5     		push	{r4, r5, r6, lr}
  26 0002 0446     		mov	r4, r0
  27 0004 036A     		ldr	r3, [r0, #32]
  28 0006 1A68     		ldr	r2, [r3]
  29 0008 D268     		ldr	r2, [r2, #12]
  30 000a DA60     		str	r2, [r3, #12]
  31 000c 036A     		ldr	r3, [r0, #32]
  32 000e D868     		ldr	r0, [r3, #12]
  33 0010 467C     		ldrb	r6, [r0, #17]	@ zero_extendqisi2
  34 0012 FFF7FEFF 		bl	tensor_get_num_channel
  35 0016 0246     		mov	r2, r0
  36 0018 656A     		ldr	r5, [r4, #36]
  37 001a 3146     		mov	r1, r6
  38 001c 0020     		movs	r0, #0
  39 001e FFF7FEFF 		bl	new_tensor
  40 0022 E860     		str	r0, [r5, #12]
  41 0024 226A     		ldr	r2, [r4, #32]
  42 0026 636A     		ldr	r3, [r4, #36]
  43 0028 D168     		ldr	r1, [r2, #12]
  44 002a D868     		ldr	r0, [r3, #12]
  45 002c FFF7FEFF 		bl	tensor_cpy_attr
  46 0030 6369     		ldr	r3, [r4, #20]
  47 0032 3BB1     		cbz	r3, .L2
  48 0034 626A     		ldr	r2, [r4, #36]
  49 0036 D268     		ldr	r2, [r2, #12]
  50 0038 9468     		ldr	r4, [r2, #8]
  51 003a 2168     		ldr	r1, [r4]
  52 003c 187A     		ldrb	r0, [r3, #8]	@ zero_extendqisi2
  53 003e FFF7FEFF 		bl	act_get_dec_bit
  54 0042 2060     		str	r0, [r4]
  55              	.L2:
  56 0044 0020     		movs	r0, #0
  57 0046 70BD     		pop	{r4, r5, r6, pc}
  59              		.section	.text.default_run,"ax",%progbits
ARM GAS  C:\Users\ihavenoK\AppData\Local\Temp\ccOoBuGP.s 			page 2


  60              		.align	1
  61              		.global	default_run
  62              		.syntax unified
  63              		.thumb
  64              		.thumb_func
  66              	default_run:
  67              		@ args = 0, pretend = 0, frame = 0
  68              		@ frame_needed = 0, uses_anonymous_args = 0
  69 0000 38B5     		push	{r3, r4, r5, lr}
  70 0002 436A     		ldr	r3, [r0, #36]
  71 0004 1A7E     		ldrb	r2, [r3, #24]	@ zero_extendqisi2
  72 0006 0AB9     		cbnz	r2, .L7
  73              	.L5:
  74 0008 0020     		movs	r0, #0
  75 000a 38BD     		pop	{r3, r4, r5, pc}
  76              	.L7:
  77 000c DB68     		ldr	r3, [r3, #12]
  78 000e 1C68     		ldr	r4, [r3]
  79 0010 036A     		ldr	r3, [r0, #32]
  80 0012 D868     		ldr	r0, [r3, #12]
  81 0014 0568     		ldr	r5, [r0]
  82 0016 FFF7FEFF 		bl	tensor_size_byte
  83 001a 0246     		mov	r2, r0
  84 001c 2946     		mov	r1, r5
  85 001e 2046     		mov	r0, r4
  86 0020 FFF7FEFF 		bl	memcpy
  87 0024 F0E7     		b	.L5
  89              		.section	.text.BaseLayer,"ax",%progbits
  90              		.align	1
  91              		.global	BaseLayer
  92              		.syntax unified
  93              		.thumb
  94              		.thumb_func
  96              	BaseLayer:
  97              		@ args = 0, pretend = 0, frame = 0
  98              		@ frame_needed = 0, uses_anonymous_args = 0
  99 0000 10B5     		push	{r4, lr}
 100 0002 7820     		movs	r0, #120
 101 0004 FFF7FEFF 		bl	nnom_mem
 102 0008 0446     		mov	r4, r0
 103 000a A8B1     		cbz	r0, .L8
 104 000c 0123     		movs	r3, #1
 105 000e 0377     		strb	r3, [r0, #28]
 106 0010 0A4A     		ldr	r2, .L11
 107 0012 4260     		str	r2, [r0, #4]
 108 0014 0A4A     		ldr	r2, .L11+4
 109 0016 8260     		str	r2, [r0, #8]
 110 0018 80F85830 		strb	r3, [r0, #88]
 111 001c 0023     		movs	r3, #0
 112 001e 80F87430 		strb	r3, [r0, #116]
 113 0022 00F14001 		add	r1, r0, #64
 114 0026 FFF7FEFF 		bl	io_init
 115 002a 2062     		str	r0, [r4, #32]
 116 002c 04F15C01 		add	r1, r4, #92
 117 0030 2046     		mov	r0, r4
 118 0032 FFF7FEFF 		bl	io_init
 119 0036 6062     		str	r0, [r4, #36]
ARM GAS  C:\Users\ihavenoK\AppData\Local\Temp\ccOoBuGP.s 			page 3


 120              	.L8:
 121 0038 2046     		mov	r0, r4
 122 003a 10BD     		pop	{r4, pc}
 123              	.L12:
 124              		.align	2
 125              	.L11:
 126 003c 00000000 		.word	default_run
 127 0040 00000000 		.word	default_build
 129              		.section	.text.baselayer_s,"ax",%progbits
 130              		.align	1
 131              		.global	baselayer_s
 132              		.syntax unified
 133              		.thumb
 134              		.thumb_func
 136              	baselayer_s:
 137              		@ args = 0, pretend = 0, frame = 0
 138              		@ frame_needed = 0, uses_anonymous_args = 0
 139 0000 10B5     		push	{r4, lr}
 140 0002 0446     		mov	r4, r0
 141 0004 FFF7FEFF 		bl	BaseLayer
 142 0008 00B1     		cbz	r0, .L13
 143 000a 8461     		str	r4, [r0, #24]
 144              	.L13:
 145 000c 10BD     		pop	{r4, pc}
 147              		.ident	"GCC: (Arm GNU Toolchain 14.2.Rel1 (Build arm-14.52)) 14.2.1 20241119"
ARM GAS  C:\Users\ihavenoK\AppData\Local\Temp\ccOoBuGP.s 			page 4


DEFINED SYMBOLS
                            *ABS*:00000000 nnom_baselayer.c
C:\Users\ihavenoK\AppData\Local\Temp\ccOoBuGP.s:16     .text.default_build:00000000 $t
C:\Users\ihavenoK\AppData\Local\Temp\ccOoBuGP.s:22     .text.default_build:00000000 default_build
C:\Users\ihavenoK\AppData\Local\Temp\ccOoBuGP.s:60     .text.default_run:00000000 $t
C:\Users\ihavenoK\AppData\Local\Temp\ccOoBuGP.s:66     .text.default_run:00000000 default_run
C:\Users\ihavenoK\AppData\Local\Temp\ccOoBuGP.s:90     .text.BaseLayer:00000000 $t
C:\Users\ihavenoK\AppData\Local\Temp\ccOoBuGP.s:96     .text.BaseLayer:00000000 BaseLayer
C:\Users\ihavenoK\AppData\Local\Temp\ccOoBuGP.s:126    .text.BaseLayer:0000003c $d
C:\Users\ihavenoK\AppData\Local\Temp\ccOoBuGP.s:130    .text.baselayer_s:00000000 $t
C:\Users\ihavenoK\AppData\Local\Temp\ccOoBuGP.s:136    .text.baselayer_s:00000000 baselayer_s

UNDEFINED SYMBOLS
tensor_get_num_channel
new_tensor
tensor_cpy_attr
act_get_dec_bit
tensor_size_byte
memcpy
nnom_mem
io_init
