ARM GAS  C:\Users\ihavenoK\AppData\Local\Temp\ccEakH2B.s 			page 1


   1              		.cpu cortex-m3
   2              		.arch armv7-m
   3              		.fpu softvfp
   4              		.eabi_attribute 20, 1
   5              		.eabi_attribute 21, 1
   6              		.eabi_attribute 23, 3
   7              		.eabi_attribute 24, 1
   8              		.eabi_attribute 25, 1
   9              		.eabi_attribute 26, 1
  10              		.eabi_attribute 30, 1
  11              		.eabi_attribute 34, 1
  12              		.eabi_attribute 18, 4
  13              		.file	"nnom_matrix.c"
  14              		.text
  15              		.section	.text.matrix_build,"ax",%progbits
  16              		.align	1
  17              		.global	matrix_build
  18              		.syntax unified
  19              		.thumb
  20              		.thumb_func
  22              	matrix_build:
  23              		@ args = 0, pretend = 0, frame = 0
  24              		@ frame_needed = 0, uses_anonymous_args = 0
  25 0000 70B5     		push	{r4, r5, r6, lr}
  26 0002 0446     		mov	r4, r0
  27 0004 036A     		ldr	r3, [r0, #32]
  28 0006 2BB1     		cbz	r3, .L2
  29              	.L3:
  30 0008 1A68     		ldr	r2, [r3]
  31 000a D268     		ldr	r2, [r2, #12]
  32 000c DA60     		str	r2, [r3, #12]
  33 000e 9B68     		ldr	r3, [r3, #8]
  34 0010 002B     		cmp	r3, #0
  35 0012 F9D1     		bne	.L3
  36              	.L2:
  37 0014 236A     		ldr	r3, [r4, #32]
  38 0016 D868     		ldr	r0, [r3, #12]
  39 0018 467C     		ldrb	r6, [r0, #17]	@ zero_extendqisi2
  40 001a FFF7FEFF 		bl	tensor_get_num_channel
  41 001e 0246     		mov	r2, r0
  42 0020 656A     		ldr	r5, [r4, #36]
  43 0022 3146     		mov	r1, r6
  44 0024 0020     		movs	r0, #0
  45 0026 FFF7FEFF 		bl	new_tensor
  46 002a E860     		str	r0, [r5, #12]
  47 002c 226A     		ldr	r2, [r4, #32]
  48 002e 636A     		ldr	r3, [r4, #36]
  49 0030 D168     		ldr	r1, [r2, #12]
  50 0032 D868     		ldr	r0, [r3, #12]
  51 0034 FFF7FEFF 		bl	tensor_cpy_attr
  52 0038 6369     		ldr	r3, [r4, #20]
  53 003a 3BB1     		cbz	r3, .L4
  54 003c 626A     		ldr	r2, [r4, #36]
  55 003e D268     		ldr	r2, [r2, #12]
  56 0040 9468     		ldr	r4, [r2, #8]
  57 0042 2168     		ldr	r1, [r4]
  58 0044 187A     		ldrb	r0, [r3, #8]	@ zero_extendqisi2
ARM GAS  C:\Users\ihavenoK\AppData\Local\Temp\ccEakH2B.s 			page 2


  59 0046 FFF7FEFF 		bl	act_get_dec_bit
  60 004a 2060     		str	r0, [r4]
  61              	.L4:
  62 004c 0020     		movs	r0, #0
  63 004e 70BD     		pop	{r4, r5, r6, pc}
  65              		.section	.text.add_run,"ax",%progbits
  66              		.align	1
  67              		.global	add_run
  68              		.syntax unified
  69              		.thumb
  70              		.thumb_func
  72              	add_run:
  73              		@ args = 0, pretend = 0, frame = 32
  74              		@ frame_needed = 0, uses_anonymous_args = 0
  75 0000 F0B5     		push	{r4, r5, r6, r7, lr}
  76 0002 8BB0     		sub	sp, sp, #44
  77 0004 0546     		mov	r5, r0
  78 0006 046A     		ldr	r4, [r0, #32]
  79 0008 436A     		ldr	r3, [r0, #36]
  80 000a D868     		ldr	r0, [r3, #12]
  81 000c FFF7FEFF 		bl	tensor_size
  82 0010 0646     		mov	r6, r0
  83 0012 B5F93070 		ldrsh	r7, [r5, #48]
  84 0016 286A     		ldr	r0, [r5, #32]
  85 0018 FFF7FEFF 		bl	nnom_io_length
  86 001c 0228     		cmp	r0, #2
  87 001e 17D0     		beq	.L8
  88 0020 0346     		mov	r3, r0
  89 0022 48B1     		cbz	r0, .L10
  90 0024 02A9     		add	r1, sp, #8
  91 0026 01EB800C 		add	ip, r1, r0, lsl #2
  92              	.L12:
  93 002a E268     		ldr	r2, [r4, #12]
  94 002c 1268     		ldr	r2, [r2]
  95 002e 41F8042B 		str	r2, [r1], #4
  96 0032 A468     		ldr	r4, [r4, #8]
  97 0034 6145     		cmp	r1, ip
  98 0036 F8D1     		bne	.L12
  99              	.L10:
 100 0038 6A6A     		ldr	r2, [r5, #36]
 101 003a D268     		ldr	r2, [r2, #12]
 102 003c 1068     		ldr	r0, [r2]
 103 003e 02AA     		add	r2, sp, #8
 104 0040 0092     		str	r2, [sp]
 105 0042 3246     		mov	r2, r6
 106 0044 3946     		mov	r1, r7
 107 0046 FFF7FEFF 		bl	local_multiple_add_q7
 108              	.L11:
 109 004a 0020     		movs	r0, #0
 110 004c 0BB0     		add	sp, sp, #44
 111              		@ sp needed
 112 004e F0BD     		pop	{r4, r5, r6, r7, pc}
 113              	.L8:
 114 0050 2B6A     		ldr	r3, [r5, #32]
 115 0052 6A6A     		ldr	r2, [r5, #36]
 116 0054 D268     		ldr	r2, [r2, #12]
 117 0056 1268     		ldr	r2, [r2]
ARM GAS  C:\Users\ihavenoK\AppData\Local\Temp\ccEakH2B.s 			page 3


 118 0058 9968     		ldr	r1, [r3, #8]
 119 005a C968     		ldr	r1, [r1, #12]
 120 005c 0968     		ldr	r1, [r1]
 121 005e DB68     		ldr	r3, [r3, #12]
 122 0060 1868     		ldr	r0, [r3]
 123 0062 0096     		str	r6, [sp]
 124 0064 BBB2     		uxth	r3, r7
 125 0066 FFF7FEFF 		bl	local_add_q7
 126 006a EEE7     		b	.L11
 128              		.section	.text.sub_run,"ax",%progbits
 129              		.align	1
 130              		.global	sub_run
 131              		.syntax unified
 132              		.thumb
 133              		.thumb_func
 135              	sub_run:
 136              		@ args = 0, pretend = 0, frame = 32
 137              		@ frame_needed = 0, uses_anonymous_args = 0
 138 0000 F0B5     		push	{r4, r5, r6, r7, lr}
 139 0002 8BB0     		sub	sp, sp, #44
 140 0004 0546     		mov	r5, r0
 141 0006 046A     		ldr	r4, [r0, #32]
 142 0008 436A     		ldr	r3, [r0, #36]
 143 000a D868     		ldr	r0, [r3, #12]
 144 000c FFF7FEFF 		bl	tensor_size
 145 0010 0646     		mov	r6, r0
 146 0012 B5F93070 		ldrsh	r7, [r5, #48]
 147 0016 286A     		ldr	r0, [r5, #32]
 148 0018 FFF7FEFF 		bl	nnom_io_length
 149 001c 0228     		cmp	r0, #2
 150 001e 17D0     		beq	.L16
 151 0020 0346     		mov	r3, r0
 152 0022 48B1     		cbz	r0, .L18
 153 0024 02A9     		add	r1, sp, #8
 154 0026 01EB800C 		add	ip, r1, r0, lsl #2
 155              	.L20:
 156 002a E268     		ldr	r2, [r4, #12]
 157 002c 1268     		ldr	r2, [r2]
 158 002e 41F8042B 		str	r2, [r1], #4
 159 0032 A468     		ldr	r4, [r4, #8]
 160 0034 6145     		cmp	r1, ip
 161 0036 F8D1     		bne	.L20
 162              	.L18:
 163 0038 6A6A     		ldr	r2, [r5, #36]
 164 003a D268     		ldr	r2, [r2, #12]
 165 003c 1068     		ldr	r0, [r2]
 166 003e 02AA     		add	r2, sp, #8
 167 0040 0092     		str	r2, [sp]
 168 0042 3246     		mov	r2, r6
 169 0044 3946     		mov	r1, r7
 170 0046 FFF7FEFF 		bl	local_multiple_sub_q7
 171              	.L19:
 172 004a 0020     		movs	r0, #0
 173 004c 0BB0     		add	sp, sp, #44
 174              		@ sp needed
 175 004e F0BD     		pop	{r4, r5, r6, r7, pc}
 176              	.L16:
ARM GAS  C:\Users\ihavenoK\AppData\Local\Temp\ccEakH2B.s 			page 4


 177 0050 2B6A     		ldr	r3, [r5, #32]
 178 0052 6A6A     		ldr	r2, [r5, #36]
 179 0054 D268     		ldr	r2, [r2, #12]
 180 0056 1268     		ldr	r2, [r2]
 181 0058 9968     		ldr	r1, [r3, #8]
 182 005a C968     		ldr	r1, [r1, #12]
 183 005c 0968     		ldr	r1, [r1]
 184 005e DB68     		ldr	r3, [r3, #12]
 185 0060 1868     		ldr	r0, [r3]
 186 0062 0096     		str	r6, [sp]
 187 0064 BBB2     		uxth	r3, r7
 188 0066 FFF7FEFF 		bl	local_sub_q7
 189 006a EEE7     		b	.L19
 191              		.section	.text.mult_run,"ax",%progbits
 192              		.align	1
 193              		.global	mult_run
 194              		.syntax unified
 195              		.thumb
 196              		.thumb_func
 198              	mult_run:
 199              		@ args = 0, pretend = 0, frame = 32
 200              		@ frame_needed = 0, uses_anonymous_args = 0
 201 0000 F0B5     		push	{r4, r5, r6, r7, lr}
 202 0002 8BB0     		sub	sp, sp, #44
 203 0004 0546     		mov	r5, r0
 204 0006 046A     		ldr	r4, [r0, #32]
 205 0008 436A     		ldr	r3, [r0, #36]
 206 000a D868     		ldr	r0, [r3, #12]
 207 000c FFF7FEFF 		bl	tensor_size
 208 0010 0646     		mov	r6, r0
 209 0012 B5F93070 		ldrsh	r7, [r5, #48]
 210 0016 286A     		ldr	r0, [r5, #32]
 211 0018 FFF7FEFF 		bl	nnom_io_length
 212 001c 0228     		cmp	r0, #2
 213 001e 17D0     		beq	.L24
 214 0020 0346     		mov	r3, r0
 215 0022 48B1     		cbz	r0, .L26
 216 0024 02A9     		add	r1, sp, #8
 217 0026 01EB800C 		add	ip, r1, r0, lsl #2
 218              	.L28:
 219 002a E268     		ldr	r2, [r4, #12]
 220 002c 1268     		ldr	r2, [r2]
 221 002e 41F8042B 		str	r2, [r1], #4
 222 0032 A468     		ldr	r4, [r4, #8]
 223 0034 6145     		cmp	r1, ip
 224 0036 F8D1     		bne	.L28
 225              	.L26:
 226 0038 6A6A     		ldr	r2, [r5, #36]
 227 003a D268     		ldr	r2, [r2, #12]
 228 003c 1068     		ldr	r0, [r2]
 229 003e 02AA     		add	r2, sp, #8
 230 0040 0092     		str	r2, [sp]
 231 0042 3246     		mov	r2, r6
 232 0044 3946     		mov	r1, r7
 233 0046 FFF7FEFF 		bl	local_multiple_mult_q7
 234              	.L27:
 235 004a 0020     		movs	r0, #0
ARM GAS  C:\Users\ihavenoK\AppData\Local\Temp\ccEakH2B.s 			page 5


 236 004c 0BB0     		add	sp, sp, #44
 237              		@ sp needed
 238 004e F0BD     		pop	{r4, r5, r6, r7, pc}
 239              	.L24:
 240 0050 2B6A     		ldr	r3, [r5, #32]
 241 0052 6A6A     		ldr	r2, [r5, #36]
 242 0054 D268     		ldr	r2, [r2, #12]
 243 0056 1268     		ldr	r2, [r2]
 244 0058 9968     		ldr	r1, [r3, #8]
 245 005a C968     		ldr	r1, [r1, #12]
 246 005c 0968     		ldr	r1, [r1]
 247 005e DB68     		ldr	r3, [r3, #12]
 248 0060 1868     		ldr	r0, [r3]
 249 0062 0096     		str	r6, [sp]
 250 0064 BBB2     		uxth	r3, r7
 251 0066 FFF7FEFF 		bl	local_mult_q7
 252 006a EEE7     		b	.L27
 254              		.section	.text._same_shape_matrix_layer,"ax",%progbits
 255              		.align	1
 256              		.global	_same_shape_matrix_layer
 257              		.syntax unified
 258              		.thumb
 259              		.thumb_func
 261              	_same_shape_matrix_layer:
 262              		@ args = 0, pretend = 0, frame = 0
 263              		@ frame_needed = 0, uses_anonymous_args = 0
 264 0000 10B5     		push	{r4, lr}
 265 0002 6C20     		movs	r0, #108
 266 0004 FFF7FEFF 		bl	nnom_mem
 267 0008 0446     		mov	r4, r0
 268 000a 88B1     		cbz	r0, .L31
 269 000c 094B     		ldr	r3, .L34
 270 000e 8360     		str	r3, [r0, #8]
 271 0010 0123     		movs	r3, #1
 272 0012 80F84C30 		strb	r3, [r0, #76]
 273 0016 80F86830 		strb	r3, [r0, #104]
 274 001a 00F13401 		add	r1, r0, #52
 275 001e FFF7FEFF 		bl	io_init
 276 0022 2062     		str	r0, [r4, #32]
 277 0024 04F15001 		add	r1, r4, #80
 278 0028 2046     		mov	r0, r4
 279 002a FFF7FEFF 		bl	io_init
 280 002e 6062     		str	r0, [r4, #36]
 281              	.L31:
 282 0030 2046     		mov	r0, r4
 283 0032 10BD     		pop	{r4, pc}
 284              	.L35:
 285              		.align	2
 286              	.L34:
 287 0034 00000000 		.word	matrix_build
 289              		.section	.text.Add,"ax",%progbits
 290              		.align	1
 291              		.global	Add
 292              		.syntax unified
 293              		.thumb
 294              		.thumb_func
 296              	Add:
ARM GAS  C:\Users\ihavenoK\AppData\Local\Temp\ccEakH2B.s 			page 6


 297              		@ args = 0, pretend = 0, frame = 0
 298              		@ frame_needed = 0, uses_anonymous_args = 0
 299 0000 10B5     		push	{r4, lr}
 300 0002 0446     		mov	r4, r0
 301 0004 FFF7FEFF 		bl	_same_shape_matrix_layer
 302 0008 0346     		mov	r3, r0
 303 000a 20B1     		cbz	r0, .L36
 304 000c 1E22     		movs	r2, #30
 305 000e 0277     		strb	r2, [r0, #28]
 306 0010 024A     		ldr	r2, .L39
 307 0012 4260     		str	r2, [r0, #4]
 308 0014 0486     		strh	r4, [r0, #48]	@ movhi
 309              	.L36:
 310 0016 1846     		mov	r0, r3
 311 0018 10BD     		pop	{r4, pc}
 312              	.L40:
 313 001a 00BF     		.align	2
 314              	.L39:
 315 001c 00000000 		.word	add_run
 317              		.section	.text.add_s,"ax",%progbits
 318              		.align	1
 319              		.global	add_s
 320              		.syntax unified
 321              		.thumb
 322              		.thumb_func
 324              	add_s:
 325              		@ args = 0, pretend = 0, frame = 0
 326              		@ frame_needed = 0, uses_anonymous_args = 0
 327 0000 10B5     		push	{r4, lr}
 328 0002 0446     		mov	r4, r0
 329 0004 B0F90400 		ldrsh	r0, [r0, #4]
 330 0008 FFF7FEFF 		bl	Add
 331 000c 00B1     		cbz	r0, .L41
 332 000e 8461     		str	r4, [r0, #24]
 333              	.L41:
 334 0010 10BD     		pop	{r4, pc}
 336              		.section	.text.Sub,"ax",%progbits
 337              		.align	1
 338              		.global	Sub
 339              		.syntax unified
 340              		.thumb
 341              		.thumb_func
 343              	Sub:
 344              		@ args = 0, pretend = 0, frame = 0
 345              		@ frame_needed = 0, uses_anonymous_args = 0
 346 0000 10B5     		push	{r4, lr}
 347 0002 0446     		mov	r4, r0
 348 0004 FFF7FEFF 		bl	_same_shape_matrix_layer
 349 0008 0346     		mov	r3, r0
 350 000a 20B1     		cbz	r0, .L44
 351 000c 1F22     		movs	r2, #31
 352 000e 0277     		strb	r2, [r0, #28]
 353 0010 024A     		ldr	r2, .L47
 354 0012 4260     		str	r2, [r0, #4]
 355 0014 0486     		strh	r4, [r0, #48]	@ movhi
 356              	.L44:
 357 0016 1846     		mov	r0, r3
ARM GAS  C:\Users\ihavenoK\AppData\Local\Temp\ccEakH2B.s 			page 7


 358 0018 10BD     		pop	{r4, pc}
 359              	.L48:
 360 001a 00BF     		.align	2
 361              	.L47:
 362 001c 00000000 		.word	sub_run
 364              		.section	.text.sub_s,"ax",%progbits
 365              		.align	1
 366              		.global	sub_s
 367              		.syntax unified
 368              		.thumb
 369              		.thumb_func
 371              	sub_s:
 372              		@ args = 0, pretend = 0, frame = 0
 373              		@ frame_needed = 0, uses_anonymous_args = 0
 374 0000 10B5     		push	{r4, lr}
 375 0002 0446     		mov	r4, r0
 376 0004 B0F90400 		ldrsh	r0, [r0, #4]
 377 0008 FFF7FEFF 		bl	Sub
 378 000c 00B1     		cbz	r0, .L49
 379 000e 8461     		str	r4, [r0, #24]
 380              	.L49:
 381 0010 10BD     		pop	{r4, pc}
 383              		.section	.text.Mult,"ax",%progbits
 384              		.align	1
 385              		.global	Mult
 386              		.syntax unified
 387              		.thumb
 388              		.thumb_func
 390              	Mult:
 391              		@ args = 0, pretend = 0, frame = 0
 392              		@ frame_needed = 0, uses_anonymous_args = 0
 393 0000 10B5     		push	{r4, lr}
 394 0002 0446     		mov	r4, r0
 395 0004 FFF7FEFF 		bl	_same_shape_matrix_layer
 396 0008 0346     		mov	r3, r0
 397 000a 20B1     		cbz	r0, .L52
 398 000c 2022     		movs	r2, #32
 399 000e 0277     		strb	r2, [r0, #28]
 400 0010 024A     		ldr	r2, .L55
 401 0012 4260     		str	r2, [r0, #4]
 402 0014 0486     		strh	r4, [r0, #48]	@ movhi
 403              	.L52:
 404 0016 1846     		mov	r0, r3
 405 0018 10BD     		pop	{r4, pc}
 406              	.L56:
 407 001a 00BF     		.align	2
 408              	.L55:
 409 001c 00000000 		.word	mult_run
 411              		.section	.text.mult_s,"ax",%progbits
 412              		.align	1
 413              		.global	mult_s
 414              		.syntax unified
 415              		.thumb
 416              		.thumb_func
 418              	mult_s:
 419              		@ args = 0, pretend = 0, frame = 0
 420              		@ frame_needed = 0, uses_anonymous_args = 0
ARM GAS  C:\Users\ihavenoK\AppData\Local\Temp\ccEakH2B.s 			page 8


 421 0000 10B5     		push	{r4, lr}
 422 0002 0446     		mov	r4, r0
 423 0004 B0F90400 		ldrsh	r0, [r0, #4]
 424 0008 FFF7FEFF 		bl	Mult
 425 000c 00B1     		cbz	r0, .L57
 426 000e 8461     		str	r4, [r0, #24]
 427              	.L57:
 428 0010 10BD     		pop	{r4, pc}
 430              		.ident	"GCC: (Arm GNU Toolchain 14.2.Rel1 (Build arm-14.52)) 14.2.1 20241119"
ARM GAS  C:\Users\ihavenoK\AppData\Local\Temp\ccEakH2B.s 			page 9


DEFINED SYMBOLS
                            *ABS*:00000000 nnom_matrix.c
C:\Users\ihavenoK\AppData\Local\Temp\ccEakH2B.s:16     .text.matrix_build:00000000 $t
C:\Users\ihavenoK\AppData\Local\Temp\ccEakH2B.s:22     .text.matrix_build:00000000 matrix_build
C:\Users\ihavenoK\AppData\Local\Temp\ccEakH2B.s:66     .text.add_run:00000000 $t
C:\Users\ihavenoK\AppData\Local\Temp\ccEakH2B.s:72     .text.add_run:00000000 add_run
C:\Users\ihavenoK\AppData\Local\Temp\ccEakH2B.s:129    .text.sub_run:00000000 $t
C:\Users\ihavenoK\AppData\Local\Temp\ccEakH2B.s:135    .text.sub_run:00000000 sub_run
C:\Users\ihavenoK\AppData\Local\Temp\ccEakH2B.s:192    .text.mult_run:00000000 $t
C:\Users\ihavenoK\AppData\Local\Temp\ccEakH2B.s:198    .text.mult_run:00000000 mult_run
C:\Users\ihavenoK\AppData\Local\Temp\ccEakH2B.s:255    .text._same_shape_matrix_layer:00000000 $t
C:\Users\ihavenoK\AppData\Local\Temp\ccEakH2B.s:261    .text._same_shape_matrix_layer:00000000 _same_shape_matrix_layer
C:\Users\ihavenoK\AppData\Local\Temp\ccEakH2B.s:287    .text._same_shape_matrix_layer:00000034 $d
C:\Users\ihavenoK\AppData\Local\Temp\ccEakH2B.s:290    .text.Add:00000000 $t
C:\Users\ihavenoK\AppData\Local\Temp\ccEakH2B.s:296    .text.Add:00000000 Add
C:\Users\ihavenoK\AppData\Local\Temp\ccEakH2B.s:315    .text.Add:0000001c $d
C:\Users\ihavenoK\AppData\Local\Temp\ccEakH2B.s:318    .text.add_s:00000000 $t
C:\Users\ihavenoK\AppData\Local\Temp\ccEakH2B.s:324    .text.add_s:00000000 add_s
C:\Users\ihavenoK\AppData\Local\Temp\ccEakH2B.s:337    .text.Sub:00000000 $t
C:\Users\ihavenoK\AppData\Local\Temp\ccEakH2B.s:343    .text.Sub:00000000 Sub
C:\Users\ihavenoK\AppData\Local\Temp\ccEakH2B.s:362    .text.Sub:0000001c $d
C:\Users\ihavenoK\AppData\Local\Temp\ccEakH2B.s:365    .text.sub_s:00000000 $t
C:\Users\ihavenoK\AppData\Local\Temp\ccEakH2B.s:371    .text.sub_s:00000000 sub_s
C:\Users\ihavenoK\AppData\Local\Temp\ccEakH2B.s:384    .text.Mult:00000000 $t
C:\Users\ihavenoK\AppData\Local\Temp\ccEakH2B.s:390    .text.Mult:00000000 Mult
C:\Users\ihavenoK\AppData\Local\Temp\ccEakH2B.s:409    .text.Mult:0000001c $d
C:\Users\ihavenoK\AppData\Local\Temp\ccEakH2B.s:412    .text.mult_s:00000000 $t
C:\Users\ihavenoK\AppData\Local\Temp\ccEakH2B.s:418    .text.mult_s:00000000 mult_s

UNDEFINED SYMBOLS
tensor_get_num_channel
new_tensor
tensor_cpy_attr
act_get_dec_bit
tensor_size
nnom_io_length
local_multiple_add_q7
local_add_q7
local_multiple_sub_q7
local_sub_q7
local_multiple_mult_q7
local_mult_q7
nnom_mem
io_init
