ARM GAS  C:\Users\ihavenoK\AppData\Local\Temp\ccUunQjJ.s 			page 1


   1              		.cpu cortex-m3
   2              		.arch armv7-m
   3              		.fpu softvfp
   4              		.eabi_attribute 20, 1
   5              		.eabi_attribute 21, 1
   6              		.eabi_attribute 23, 3
   7              		.eabi_attribute 24, 1
   8              		.eabi_attribute 25, 1
   9              		.eabi_attribute 26, 1
  10              		.eabi_attribute 30, 1
  11              		.eabi_attribute 34, 1
  12              		.eabi_attribute 18, 4
  13              		.file	"nnom_zero_padding.c"
  14              		.text
  15              		.section	.text.zero_padding_build,"ax",%progbits
  16              		.align	1
  17              		.global	zero_padding_build
  18              		.syntax unified
  19              		.thumb
  20              		.thumb_func
  22              	zero_padding_build:
  23              		@ args = 0, pretend = 0, frame = 0
  24              		@ frame_needed = 0, uses_anonymous_args = 0
  25 0000 70B5     		push	{r4, r5, r6, lr}
  26 0002 0446     		mov	r4, r0
  27 0004 036A     		ldr	r3, [r0, #32]
  28 0006 1A68     		ldr	r2, [r3]
  29 0008 D268     		ldr	r2, [r2, #12]
  30 000a DA60     		str	r2, [r3, #12]
  31 000c 036A     		ldr	r3, [r0, #32]
  32 000e D868     		ldr	r0, [r3, #12]
  33 0010 467C     		ldrb	r6, [r0, #17]	@ zero_extendqisi2
  34 0012 FFF7FEFF 		bl	tensor_get_num_channel
  35 0016 0246     		mov	r2, r0
  36 0018 656A     		ldr	r5, [r4, #36]
  37 001a 3146     		mov	r1, r6
  38 001c 0020     		movs	r0, #0
  39 001e FFF7FEFF 		bl	new_tensor
  40 0022 E860     		str	r0, [r5, #12]
  41 0024 226A     		ldr	r2, [r4, #32]
  42 0026 636A     		ldr	r3, [r4, #36]
  43 0028 D168     		ldr	r1, [r2, #12]
  44 002a D868     		ldr	r0, [r3, #12]
  45 002c FFF7FEFF 		bl	tensor_cpy_attr
  46 0030 6369     		ldr	r3, [r4, #20]
  47 0032 3BB1     		cbz	r3, .L2
  48 0034 626A     		ldr	r2, [r4, #36]
  49 0036 D268     		ldr	r2, [r2, #12]
  50 0038 9568     		ldr	r5, [r2, #8]
  51 003a 2968     		ldr	r1, [r5]
  52 003c 187A     		ldrb	r0, [r3, #8]	@ zero_extendqisi2
  53 003e FFF7FEFF 		bl	act_get_dec_bit
  54 0042 2860     		str	r0, [r5]
  55              	.L2:
  56 0044 636A     		ldr	r3, [r4, #36]
  57 0046 DB68     		ldr	r3, [r3, #12]
  58 0048 5A68     		ldr	r2, [r3, #4]
ARM GAS  C:\Users\ihavenoK\AppData\Local\Temp\ccUunQjJ.s 			page 2


  59 004a 236A     		ldr	r3, [r4, #32]
  60 004c DB68     		ldr	r3, [r3, #12]
  61 004e 5968     		ldr	r1, [r3, #4]
  62 0050 A38E     		ldrh	r3, [r4, #52]
  63 0052 E08E     		ldrh	r0, [r4, #54]
  64 0054 0344     		add	r3, r3, r0
  65 0056 4988     		ldrh	r1, [r1, #2]
  66 0058 0B44     		add	r3, r3, r1
  67 005a 5380     		strh	r3, [r2, #2]	@ movhi
  68 005c 636A     		ldr	r3, [r4, #36]
  69 005e DB68     		ldr	r3, [r3, #12]
  70 0060 5A68     		ldr	r2, [r3, #4]
  71 0062 236A     		ldr	r3, [r4, #32]
  72 0064 DB68     		ldr	r3, [r3, #12]
  73 0066 5968     		ldr	r1, [r3, #4]
  74 0068 238E     		ldrh	r3, [r4, #48]
  75 006a 608E     		ldrh	r0, [r4, #50]
  76 006c 0344     		add	r3, r3, r0
  77 006e 0988     		ldrh	r1, [r1]
  78 0070 0B44     		add	r3, r3, r1
  79 0072 1380     		strh	r3, [r2]	@ movhi
  80 0074 636A     		ldr	r3, [r4, #36]
  81 0076 DB68     		ldr	r3, [r3, #12]
  82 0078 5B68     		ldr	r3, [r3, #4]
  83 007a 226A     		ldr	r2, [r4, #32]
  84 007c D268     		ldr	r2, [r2, #12]
  85 007e 5268     		ldr	r2, [r2, #4]
  86 0080 9288     		ldrh	r2, [r2, #4]
  87 0082 9A80     		strh	r2, [r3, #4]	@ movhi
  88 0084 0020     		movs	r0, #0
  89 0086 70BD     		pop	{r4, r5, r6, pc}
  91              		.section	.text.zero_padding_run,"ax",%progbits
  92              		.align	1
  93              		.global	zero_padding_run
  94              		.syntax unified
  95              		.thumb
  96              		.thumb_func
  98              	zero_padding_run:
  99              		@ args = 0, pretend = 0, frame = 0
 100              		@ frame_needed = 0, uses_anonymous_args = 0
 101 0000 70B5     		push	{r4, r5, r6, lr}
 102 0002 88B0     		sub	sp, sp, #32
 103 0004 8446     		mov	ip, r0
 104 0006 036A     		ldr	r3, [r0, #32]
 105 0008 D868     		ldr	r0, [r3, #12]
 106 000a 4168     		ldr	r1, [r0, #4]
 107 000c DCF82430 		ldr	r3, [ip, #36]
 108 0010 DC68     		ldr	r4, [r3, #12]
 109 0012 6568     		ldr	r5, [r4, #4]
 110 0014 8B88     		ldrh	r3, [r1, #4]
 111 0016 0A88     		ldrh	r2, [r1]
 112 0018 4988     		ldrh	r1, [r1, #2]
 113 001a 0068     		ldr	r0, [r0]
 114 001c 2E88     		ldrh	r6, [r5]
 115 001e 0696     		str	r6, [sp, #24]
 116 0020 6D88     		ldrh	r5, [r5, #2]
 117 0022 0595     		str	r5, [sp, #20]
ARM GAS  C:\Users\ihavenoK\AppData\Local\Temp\ccUunQjJ.s 			page 3


 118 0024 2468     		ldr	r4, [r4]
 119 0026 0494     		str	r4, [sp, #16]
 120 0028 BCF83640 		ldrh	r4, [ip, #54]
 121 002c 0394     		str	r4, [sp, #12]
 122 002e BCF83440 		ldrh	r4, [ip, #52]
 123 0032 0294     		str	r4, [sp, #8]
 124 0034 BCF83240 		ldrh	r4, [ip, #50]
 125 0038 0194     		str	r4, [sp, #4]
 126 003a BCF83040 		ldrh	r4, [ip, #48]
 127 003e 0094     		str	r4, [sp]
 128 0040 FFF7FEFF 		bl	local_zero_padding_HWC_q7
 129 0044 0020     		movs	r0, #0
 130 0046 08B0     		add	sp, sp, #32
 131              		@ sp needed
 132 0048 70BD     		pop	{r4, r5, r6, pc}
 134              		.section	.text.ZeroPadding,"ax",%progbits
 135              		.align	1
 136              		.global	ZeroPadding
 137              		.syntax unified
 138              		.thumb
 139              		.thumb_func
 141              	ZeroPadding:
 142              		@ args = 0, pretend = 0, frame = 8
 143              		@ frame_needed = 0, uses_anonymous_args = 0
 144 0000 10B5     		push	{r4, lr}
 145 0002 82B0     		sub	sp, sp, #8
 146 0004 02AB     		add	r3, sp, #8
 147 0006 03E90300 		stmdb	r3, {r0, r1}
 148 000a 7020     		movs	r0, #112
 149 000c FFF7FEFF 		bl	nnom_mem
 150 0010 0446     		mov	r4, r0
 151 0012 E0B1     		cbz	r0, .L6
 152 0014 0923     		movs	r3, #9
 153 0016 0377     		strb	r3, [r0, #28]
 154 0018 0123     		movs	r3, #1
 155 001a 80F85030 		strb	r3, [r0, #80]
 156 001e 80F86C30 		strb	r3, [r0, #108]
 157 0022 00F13801 		add	r1, r0, #56
 158 0026 FFF7FEFF 		bl	io_init
 159 002a 2062     		str	r0, [r4, #32]
 160 002c 04F15401 		add	r1, r4, #84
 161 0030 2046     		mov	r0, r4
 162 0032 FFF7FEFF 		bl	io_init
 163 0036 6062     		str	r0, [r4, #36]
 164 0038 064B     		ldr	r3, .L9
 165 003a 6360     		str	r3, [r4, #4]
 166 003c 064B     		ldr	r3, .L9+4
 167 003e A360     		str	r3, [r4, #8]
 168 0040 04F13003 		add	r3, r4, #48
 169 0044 02AA     		add	r2, sp, #8
 170 0046 12E90300 		ldmdb	r2, {r0, r1}
 171 004a 83E80300 		stm	r3, {r0, r1}
 172              	.L6:
 173 004e 2046     		mov	r0, r4
 174 0050 02B0     		add	sp, sp, #8
 175              		@ sp needed
 176 0052 10BD     		pop	{r4, pc}
ARM GAS  C:\Users\ihavenoK\AppData\Local\Temp\ccUunQjJ.s 			page 4


 177              	.L10:
 178              		.align	2
 179              	.L9:
 180 0054 00000000 		.word	zero_padding_run
 181 0058 00000000 		.word	zero_padding_build
 183              		.section	.text.zeropadding_s,"ax",%progbits
 184              		.align	1
 185              		.global	zeropadding_s
 186              		.syntax unified
 187              		.thumb
 188              		.thumb_func
 190              	zeropadding_s:
 191              		@ args = 0, pretend = 0, frame = 0
 192              		@ frame_needed = 0, uses_anonymous_args = 0
 193 0000 10B5     		push	{r4, lr}
 194 0002 0446     		mov	r4, r0
 195 0004 031D     		adds	r3, r0, #4
 196 0006 93E80300 		ldm	r3, {r0, r1}
 197 000a FFF7FEFF 		bl	ZeroPadding
 198 000e 00B1     		cbz	r0, .L11
 199 0010 8461     		str	r4, [r0, #24]
 200              	.L11:
 201 0012 10BD     		pop	{r4, pc}
 203              		.ident	"GCC: (Arm GNU Toolchain 14.2.Rel1 (Build arm-14.52)) 14.2.1 20241119"
ARM GAS  C:\Users\ihavenoK\AppData\Local\Temp\ccUunQjJ.s 			page 5


DEFINED SYMBOLS
                            *ABS*:00000000 nnom_zero_padding.c
C:\Users\ihavenoK\AppData\Local\Temp\ccUunQjJ.s:16     .text.zero_padding_build:00000000 $t
C:\Users\ihavenoK\AppData\Local\Temp\ccUunQjJ.s:22     .text.zero_padding_build:00000000 zero_padding_build
C:\Users\ihavenoK\AppData\Local\Temp\ccUunQjJ.s:92     .text.zero_padding_run:00000000 $t
C:\Users\ihavenoK\AppData\Local\Temp\ccUunQjJ.s:98     .text.zero_padding_run:00000000 zero_padding_run
C:\Users\ihavenoK\AppData\Local\Temp\ccUunQjJ.s:135    .text.ZeroPadding:00000000 $t
C:\Users\ihavenoK\AppData\Local\Temp\ccUunQjJ.s:141    .text.ZeroPadding:00000000 ZeroPadding
C:\Users\ihavenoK\AppData\Local\Temp\ccUunQjJ.s:180    .text.ZeroPadding:00000054 $d
C:\Users\ihavenoK\AppData\Local\Temp\ccUunQjJ.s:184    .text.zeropadding_s:00000000 $t
C:\Users\ihavenoK\AppData\Local\Temp\ccUunQjJ.s:190    .text.zeropadding_s:00000000 zeropadding_s

UNDEFINED SYMBOLS
tensor_get_num_channel
new_tensor
tensor_cpy_attr
act_get_dec_bit
local_zero_padding_HWC_q7
nnom_mem
io_init
