ARM GAS  C:\Users\ihavenoK\AppData\Local\Temp\ccXioEmM.s 			page 1


   1              		.cpu cortex-m3
   2              		.arch armv7-m
   3              		.fpu softvfp
   4              		.eabi_attribute 20, 1
   5              		.eabi_attribute 21, 1
   6              		.eabi_attribute 23, 3
   7              		.eabi_attribute 24, 1
   8              		.eabi_attribute 25, 1
   9              		.eabi_attribute 26, 1
  10              		.eabi_attribute 30, 1
  11              		.eabi_attribute 34, 1
  12              		.eabi_attribute 18, 4
  13              		.file	"nnom_sumpool.c"
  14              		.text
  15              		.section	.text.sumpool_build,"ax",%progbits
  16              		.align	1
  17              		.global	sumpool_build
  18              		.syntax unified
  19              		.thumb
  20              		.thumb_func
  22              	sumpool_build:
  23              		@ args = 0, pretend = 0, frame = 0
  24              		@ frame_needed = 0, uses_anonymous_args = 0
  25 0000 10B5     		push	{r4, lr}
  26 0002 0446     		mov	r4, r0
  27 0004 FFF7FEFF 		bl	maxpool_build
  28 0008 636A     		ldr	r3, [r4, #36]
  29 000a D868     		ldr	r0, [r3, #12]
  30 000c FFF7FEFF 		bl	tensor_size
  31 0010 2369     		ldr	r3, [r4, #16]
  32 0012 8000     		lsls	r0, r0, #2
  33 0014 5860     		str	r0, [r3, #4]
  34 0016 0020     		movs	r0, #0
  35 0018 10BD     		pop	{r4, pc}
  37              		.section	.text.sumpool_run,"ax",%progbits
  38              		.align	1
  39              		.global	sumpool_run
  40              		.syntax unified
  41              		.thumb
  42              		.thumb_func
  44              	sumpool_run:
  45              		@ args = 0, pretend = 0, frame = 0
  46              		@ frame_needed = 0, uses_anonymous_args = 0
  47 0000 70B5     		push	{r4, r5, r6, lr}
  48 0002 8AB0     		sub	sp, sp, #40
  49 0004 8446     		mov	ip, r0
  50 0006 436A     		ldr	r3, [r0, #36]
  51 0008 DC68     		ldr	r4, [r3, #12]
  52 000a 637C     		ldrb	r3, [r4, #17]	@ zero_extendqisi2
  53 000c 012B     		cmp	r3, #1
  54 000e 2AD0     		beq	.L5
  55 0010 6368     		ldr	r3, [r4, #4]
  56 0012 5E88     		ldrh	r6, [r3, #2]
  57 0014 1D88     		ldrh	r5, [r3]
  58              	.L4:
  59 0016 DCF82030 		ldr	r3, [ip, #32]
  60 001a D868     		ldr	r0, [r3, #12]
ARM GAS  C:\Users\ihavenoK\AppData\Local\Temp\ccXioEmM.s 			page 2


  61 001c 4168     		ldr	r1, [r0, #4]
  62 001e 8B88     		ldrh	r3, [r1, #4]
  63 0020 0A88     		ldrh	r2, [r1]
  64 0022 4988     		ldrh	r1, [r1, #2]
  65 0024 0068     		ldr	r0, [r0]
  66 0026 2468     		ldr	r4, [r4]
  67 0028 0994     		str	r4, [sp, #36]
  68 002a DCF81040 		ldr	r4, [ip, #16]
  69 002e 2468     		ldr	r4, [r4]
  70 0030 2468     		ldr	r4, [r4]
  71 0032 0894     		str	r4, [sp, #32]
  72 0034 0795     		str	r5, [sp, #28]
  73 0036 0696     		str	r6, [sp, #24]
  74 0038 BCF83640 		ldrh	r4, [ip, #54]
  75 003c 0594     		str	r4, [sp, #20]
  76 003e BCF83840 		ldrh	r4, [ip, #56]
  77 0042 0494     		str	r4, [sp, #16]
  78 0044 BCF83C40 		ldrh	r4, [ip, #60]
  79 0048 0394     		str	r4, [sp, #12]
  80 004a BCF83E40 		ldrh	r4, [ip, #62]
  81 004e 0294     		str	r4, [sp, #8]
  82 0050 BCF83040 		ldrh	r4, [ip, #48]
  83 0054 0194     		str	r4, [sp, #4]
  84 0056 BCF83240 		ldrh	r4, [ip, #50]
  85 005a 0094     		str	r4, [sp]
  86 005c FFF7FEFF 		bl	local_sumpool_q7_HWC
  87 0060 0020     		movs	r0, #0
  88 0062 0AB0     		add	sp, sp, #40
  89              		@ sp needed
  90 0064 70BD     		pop	{r4, r5, r6, pc}
  91              	.L5:
  92 0066 0125     		movs	r5, #1
  93 0068 2E46     		mov	r6, r5
  94 006a D4E7     		b	.L4
  96              		.section	.text.SumPool,"ax",%progbits
  97              		.align	1
  98              		.global	SumPool
  99              		.syntax unified
 100              		.thumb
 101              		.thumb_func
 103              	SumPool:
 104              		@ args = 4, pretend = 0, frame = 16
 105              		@ frame_needed = 0, uses_anonymous_args = 0
 106 0000 00B5     		push	{lr}
 107 0002 87B0     		sub	sp, sp, #28
 108 0004 0DF1100C 		add	ip, sp, #16
 109 0008 8CE80300 		stm	ip, {r0, r1}
 110 000c 02A9     		add	r1, sp, #8
 111 000e 81E80C00 		stm	r1, {r2, r3}
 112 0012 9DF82030 		ldrb	r3, [sp, #32]	@ zero_extendqisi2
 113 0016 0093     		str	r3, [sp]
 114 0018 91E80C00 		ldm	r1, {r2, r3}
 115 001c 9CE80300 		ldm	ip, {r0, r1}
 116 0020 FFF7FEFF 		bl	MaxPool
 117 0024 0346     		mov	r3, r0
 118 0026 28B1     		cbz	r0, .L7
 119 0028 1722     		movs	r2, #23
ARM GAS  C:\Users\ihavenoK\AppData\Local\Temp\ccXioEmM.s 			page 3


 120 002a 0277     		strb	r2, [r0, #28]
 121 002c 034A     		ldr	r2, .L10
 122 002e 4260     		str	r2, [r0, #4]
 123 0030 034A     		ldr	r2, .L10+4
 124 0032 8260     		str	r2, [r0, #8]
 125              	.L7:
 126 0034 1846     		mov	r0, r3
 127 0036 07B0     		add	sp, sp, #28
 128              		@ sp needed
 129 0038 5DF804FB 		ldr	pc, [sp], #4
 130              	.L11:
 131              		.align	2
 132              	.L10:
 133 003c 00000000 		.word	sumpool_run
 134 0040 00000000 		.word	sumpool_build
 136              		.section	.text.sumpool_s,"ax",%progbits
 137              		.align	1
 138              		.global	sumpool_s
 139              		.syntax unified
 140              		.thumb
 141              		.thumb_func
 143              	sumpool_s:
 144              		@ args = 0, pretend = 0, frame = 32
 145              		@ frame_needed = 0, uses_anonymous_args = 0
 146 0000 70B5     		push	{r4, r5, r6, lr}
 147 0002 8AB0     		sub	sp, sp, #40
 148 0004 0446     		mov	r4, r0
 149 0006 90F90C30 		ldrsb	r3, [r0, #12]
 150 000a 012B     		cmp	r3, #1
 151 000c 1FD0     		beq	.L17
 152 000e 06AD     		add	r5, sp, #24
 153 0010 90F90920 		ldrsb	r2, [r0, #9]
 154 0014 90F90810 		ldrsb	r1, [r0, #8]
 155 0018 2846     		mov	r0, r5
 156 001a FFF7FEFF 		bl	kernel
 157 001e 08AE     		add	r6, sp, #32
 158 0020 94F90B20 		ldrsb	r2, [r4, #11]
 159 0024 94F90A10 		ldrsb	r1, [r4, #10]
 160 0028 3046     		mov	r0, r6
 161 002a FFF7FEFF 		bl	stride
 162 002e 2379     		ldrb	r3, [r4, #4]	@ zero_extendqisi2
 163 0030 0093     		str	r3, [sp]
 164 0032 96E80C00 		ldm	r6, {r2, r3}
 165 0036 95E80300 		ldm	r5, {r0, r1}
 166 003a FFF7FEFF 		bl	SumPool
 167              	.L14:
 168 003e 20B1     		cbz	r0, .L12
 169 0040 8461     		str	r4, [r0, #24]
 170 0042 B4F90630 		ldrsh	r3, [r4, #6]
 171 0046 A0F84430 		strh	r3, [r0, #68]	@ movhi
 172              	.L12:
 173 004a 0AB0     		add	sp, sp, #40
 174              		@ sp needed
 175 004c 70BD     		pop	{r4, r5, r6, pc}
 176              	.L17:
 177 004e 02AD     		add	r5, sp, #8
 178 0050 90F90820 		ldrsb	r2, [r0, #8]
ARM GAS  C:\Users\ihavenoK\AppData\Local\Temp\ccXioEmM.s 			page 4


 179 0054 0121     		movs	r1, #1
 180 0056 2846     		mov	r0, r5
 181 0058 FFF7FEFF 		bl	kernel
 182 005c 04AE     		add	r6, sp, #16
 183 005e 94F90A20 		ldrsb	r2, [r4, #10]
 184 0062 0121     		movs	r1, #1
 185 0064 3046     		mov	r0, r6
 186 0066 FFF7FEFF 		bl	stride
 187 006a 2379     		ldrb	r3, [r4, #4]	@ zero_extendqisi2
 188 006c 0093     		str	r3, [sp]
 189 006e 96E80C00 		ldm	r6, {r2, r3}
 190 0072 95E80300 		ldm	r5, {r0, r1}
 191 0076 FFF7FEFF 		bl	SumPool
 192 007a E0E7     		b	.L14
 194              		.ident	"GCC: (Arm GNU Toolchain 14.2.Rel1 (Build arm-14.52)) 14.2.1 20241119"
ARM GAS  C:\Users\ihavenoK\AppData\Local\Temp\ccXioEmM.s 			page 5


DEFINED SYMBOLS
                            *ABS*:00000000 nnom_sumpool.c
C:\Users\ihavenoK\AppData\Local\Temp\ccXioEmM.s:16     .text.sumpool_build:00000000 $t
C:\Users\ihavenoK\AppData\Local\Temp\ccXioEmM.s:22     .text.sumpool_build:00000000 sumpool_build
C:\Users\ihavenoK\AppData\Local\Temp\ccXioEmM.s:38     .text.sumpool_run:00000000 $t
C:\Users\ihavenoK\AppData\Local\Temp\ccXioEmM.s:44     .text.sumpool_run:00000000 sumpool_run
C:\Users\ihavenoK\AppData\Local\Temp\ccXioEmM.s:97     .text.SumPool:00000000 $t
C:\Users\ihavenoK\AppData\Local\Temp\ccXioEmM.s:103    .text.SumPool:00000000 SumPool
C:\Users\ihavenoK\AppData\Local\Temp\ccXioEmM.s:133    .text.SumPool:0000003c $d
C:\Users\ihavenoK\AppData\Local\Temp\ccXioEmM.s:137    .text.sumpool_s:00000000 $t
C:\Users\ihavenoK\AppData\Local\Temp\ccXioEmM.s:143    .text.sumpool_s:00000000 sumpool_s

UNDEFINED SYMBOLS
maxpool_build
tensor_size
local_sumpool_q7_HWC
MaxPool
kernel
stride
