ARM GAS  C:\Users\ihavenoK\AppData\Local\Temp\ccV5cLNa.s 			page 1


   1              		.cpu cortex-m3
   2              		.arch armv7-m
   3              		.fpu softvfp
   4              		.eabi_attribute 20, 1
   5              		.eabi_attribute 21, 1
   6              		.eabi_attribute 23, 3
   7              		.eabi_attribute 24, 1
   8              		.eabi_attribute 25, 1
   9              		.eabi_attribute 26, 1
  10              		.eabi_attribute 30, 1
  11              		.eabi_attribute 34, 1
  12              		.eabi_attribute 18, 4
  13              		.file	"nnom_concat.c"
  14              		.text
  15              		.section	.text.concat_build,"ax",%progbits
  16              		.align	1
  17              		.global	concat_build
  18              		.syntax unified
  19              		.thumb
  20              		.thumb_func
  22              	concat_build:
  23              		@ args = 0, pretend = 0, frame = 0
  24              		@ frame_needed = 0, uses_anonymous_args = 0
  25 0000 F8B5     		push	{r3, r4, r5, r6, r7, lr}
  26 0002 0546     		mov	r5, r0
  27 0004 036A     		ldr	r3, [r0, #32]
  28 0006 2BB1     		cbz	r3, .L2
  29              	.L3:
  30 0008 1A68     		ldr	r2, [r3]
  31 000a D268     		ldr	r2, [r2, #12]
  32 000c DA60     		str	r2, [r3, #12]
  33 000e 9B68     		ldr	r3, [r3, #8]
  34 0010 002B     		cmp	r3, #0
  35 0012 F9D1     		bne	.L3
  36              	.L2:
  37 0014 2B6A     		ldr	r3, [r5, #32]
  38 0016 D868     		ldr	r0, [r3, #12]
  39 0018 467C     		ldrb	r6, [r0, #17]	@ zero_extendqisi2
  40 001a FFF7FEFF 		bl	tensor_get_num_channel
  41 001e 0246     		mov	r2, r0
  42 0020 6C6A     		ldr	r4, [r5, #36]
  43 0022 3146     		mov	r1, r6
  44 0024 0020     		movs	r0, #0
  45 0026 FFF7FEFF 		bl	new_tensor
  46 002a E060     		str	r0, [r4, #12]
  47 002c 2A6A     		ldr	r2, [r5, #32]
  48 002e 6B6A     		ldr	r3, [r5, #36]
  49 0030 D168     		ldr	r1, [r2, #12]
  50 0032 D868     		ldr	r0, [r3, #12]
  51 0034 FFF7FEFF 		bl	tensor_cpy_attr
  52 0038 95F93030 		ldrsb	r3, [r5, #48]
  53 003c 002B     		cmp	r3, #0
  54 003e 0DDB     		blt	.L20
  55 0040 002B     		cmp	r3, #0
  56 0042 C4BF     		itt	gt
  57 0044 03F1FF33 		addgt	r3, r3, #-1
  58 0048 85F83030 		strbgt	r3, [r5, #48]
ARM GAS  C:\Users\ihavenoK\AppData\Local\Temp\ccV5cLNa.s 			page 2


  59              	.L5:
  60 004c 2B6A     		ldr	r3, [r5, #32]
  61 004e DB68     		ldr	r3, [r3, #12]
  62 0050 5E7C     		ldrb	r6, [r3, #17]	@ zero_extendqisi2
  63 0052 002E     		cmp	r6, #0
  64 0054 41D0     		beq	.L14
  65 0056 0021     		movs	r1, #0
  66 0058 0846     		mov	r0, r1
  67 005a 26E0     		b	.L13
  68              	.L20:
  69 005c 2A6A     		ldr	r2, [r5, #32]
  70 005e D268     		ldr	r2, [r2, #12]
  71 0060 527C     		ldrb	r2, [r2, #17]	@ zero_extendqisi2
  72 0062 1344     		add	r3, r3, r2
  73 0064 85F83030 		strb	r3, [r5, #48]
  74 0068 F0E7     		b	.L5
  75              	.L22:
  76 006a 6B6A     		ldr	r3, [r5, #36]
  77 006c DB68     		ldr	r3, [r3, #12]
  78 006e 5B68     		ldr	r3, [r3, #4]
  79 0070 0022     		movs	r2, #0
  80 0072 5A52     		strh	r2, [r3, r1]	@ movhi
  81 0074 2B6A     		ldr	r3, [r5, #32]
  82 0076 A3B1     		cbz	r3, .L8
  83              	.L9:
  84 0078 6A6A     		ldr	r2, [r5, #36]
  85 007a D268     		ldr	r2, [r2, #12]
  86 007c 5468     		ldr	r4, [r2, #4]
  87 007e DA68     		ldr	r2, [r3, #12]
  88 0080 5268     		ldr	r2, [r2, #4]
  89 0082 525A     		ldrh	r2, [r2, r1]
  90 0084 34F801C0 		ldrh	ip, [r4, r1]
  91 0088 6244     		add	r2, r2, ip
  92 008a 6252     		strh	r2, [r4, r1]	@ movhi
  93 008c 9B68     		ldr	r3, [r3, #8]
  94 008e 002B     		cmp	r3, #0
  95 0090 F2D1     		bne	.L9
  96 0092 06E0     		b	.L8
  97              	.L11:
  98 0094 FB68     		ldr	r3, [r7, #12]
  99 0096 5B68     		ldr	r3, [r3, #4]
 100 0098 5A5A     		ldrh	r2, [r3, r1]
 101 009a 6B6A     		ldr	r3, [r5, #36]
 102 009c DB68     		ldr	r3, [r3, #12]
 103 009e 5B68     		ldr	r3, [r3, #4]
 104 00a0 5A52     		strh	r2, [r3, r1]	@ movhi
 105              	.L8:
 106 00a2 0130     		adds	r0, r0, #1
 107 00a4 0231     		adds	r1, r1, #2
 108 00a6 B042     		cmp	r0, r6
 109 00a8 15D0     		beq	.L21
 110              	.L13:
 111 00aa 95F93030 		ldrsb	r3, [r5, #48]
 112 00ae 8342     		cmp	r3, r0
 113 00b0 DBD0     		beq	.L22
 114 00b2 2F6A     		ldr	r7, [r5, #32]
 115 00b4 3B46     		mov	r3, r7
ARM GAS  C:\Users\ihavenoK\AppData\Local\Temp\ccV5cLNa.s 			page 3


 116              	.L10:
 117 00b6 002B     		cmp	r3, #0
 118 00b8 ECD0     		beq	.L11
 119 00ba 9A68     		ldr	r2, [r3, #8]
 120 00bc 002A     		cmp	r2, #0
 121 00be E9D0     		beq	.L11
 122 00c0 DB68     		ldr	r3, [r3, #12]
 123 00c2 5C68     		ldr	r4, [r3, #4]
 124 00c4 D368     		ldr	r3, [r2, #12]
 125 00c6 5B68     		ldr	r3, [r3, #4]
 126 00c8 34F801C0 		ldrh	ip, [r4, r1]
 127 00cc 5B5A     		ldrh	r3, [r3, r1]
 128 00ce 9C45     		cmp	ip, r3
 129 00d0 05D1     		bne	.L15
 130 00d2 1346     		mov	r3, r2
 131 00d4 EFE7     		b	.L10
 132              	.L21:
 133 00d6 0020     		movs	r0, #0
 134 00d8 03E0     		b	.L6
 135              	.L14:
 136 00da 0020     		movs	r0, #0
 137 00dc 01E0     		b	.L6
 138              	.L15:
 139 00de 4FF0FF30 		mov	r0, #-1
 140              	.L6:
 141 00e2 F8BD     		pop	{r3, r4, r5, r6, r7, pc}
 143              		.section	.text.concat_run,"ax",%progbits
 144              		.align	1
 145              		.global	concat_run
 146              		.syntax unified
 147              		.thumb
 148              		.thumb_func
 150              	concat_run:
 151              		@ args = 0, pretend = 0, frame = 8
 152              		@ frame_needed = 0, uses_anonymous_args = 0
 153 0000 2DE9F04F 		push	{r4, r5, r6, r7, r8, r9, r10, fp, lr}
 154 0004 83B0     		sub	sp, sp, #12
 155 0006 8346     		mov	fp, r0
 156 0008 036A     		ldr	r3, [r0, #32]
 157 000a DB68     		ldr	r3, [r3, #12]
 158 000c 9F7C     		ldrb	r7, [r3, #18]	@ zero_extendqisi2
 159 000e FA08     		lsrs	r2, r7, #3
 160 0010 0092     		str	r2, [sp]
 161 0012 426A     		ldr	r2, [r0, #36]
 162 0014 D268     		ldr	r2, [r2, #12]
 163 0016 1568     		ldr	r5, [r2]
 164 0018 93F81190 		ldrb	r9, [r3, #17]	@ zero_extendqisi2
 165 001c 90F93040 		ldrsb	r4, [r0, #48]
 166 0020 002C     		cmp	r4, #0
 167 0022 36DD     		ble	.L32
 168 0024 5B68     		ldr	r3, [r3, #4]
 169 0026 03EB4404 		add	r4, r3, r4, lsl #1
 170 002a 0122     		movs	r2, #1
 171              	.L25:
 172 002c 33F8021B 		ldrh	r1, [r3], #2
 173 0030 01FB02F2 		mul	r2, r1, r2
 174 0034 A342     		cmp	r3, r4
ARM GAS  C:\Users\ihavenoK\AppData\Local\Temp\ccV5cLNa.s 			page 4


 175 0036 F9D1     		bne	.L25
 176 0038 3AB3     		cbz	r2, .L26
 177              	.L24:
 178 003a 0192     		str	r2, [sp, #4]
 179 003c 4FEA4908 		lsl	r8, r9, #1
 180 0040 0027     		movs	r7, #0
 181              	.L31:
 182 0042 BA46     		mov	r10, r7
 183 0044 DBF82060 		ldr	r6, [fp, #32]
 184 0048 DEB1     		cbz	r6, .L27
 185              	.L30:
 186 004a 9BF93030 		ldrsb	r3, [fp, #48]
 187 004e 4B45     		cmp	r3, r9
 188 0050 21DA     		bge	.L33
 189 0052 F268     		ldr	r2, [r6, #12]
 190 0054 5168     		ldr	r1, [r2, #4]
 191 0056 01EB4303 		add	r3, r1, r3, lsl #1
 192 005a 4144     		add	r1, r1, r8
 193 005c 009C     		ldr	r4, [sp]
 194              	.L29:
 195 005e 33F8022B 		ldrh	r2, [r3], #2
 196 0062 02FB04F4 		mul	r4, r2, r4
 197 0066 8B42     		cmp	r3, r1
 198 0068 F9D1     		bne	.L29
 199              	.L28:
 200 006a F368     		ldr	r3, [r6, #12]
 201 006c 1968     		ldr	r1, [r3]
 202 006e 2246     		mov	r2, r4
 203 0070 04FB0A11 		mla	r1, r4, r10, r1
 204 0074 2846     		mov	r0, r5
 205 0076 FFF7FEFF 		bl	memcpy
 206 007a 2544     		add	r5, r5, r4
 207 007c B668     		ldr	r6, [r6, #8]
 208 007e 002E     		cmp	r6, #0
 209 0080 E3D1     		bne	.L30
 210              	.L27:
 211 0082 0137     		adds	r7, r7, #1
 212 0084 019B     		ldr	r3, [sp, #4]
 213 0086 9F42     		cmp	r7, r3
 214 0088 DBD1     		bne	.L31
 215              	.L26:
 216 008a 0020     		movs	r0, #0
 217 008c 03B0     		add	sp, sp, #12
 218              		@ sp needed
 219 008e BDE8F08F 		pop	{r4, r5, r6, r7, r8, r9, r10, fp, pc}
 220              	.L32:
 221 0092 0122     		movs	r2, #1
 222 0094 D1E7     		b	.L24
 223              	.L33:
 224 0096 009C     		ldr	r4, [sp]
 225 0098 E7E7     		b	.L28
 227              		.section	.text.Concat,"ax",%progbits
 228              		.align	1
 229              		.global	Concat
 230              		.syntax unified
 231              		.thumb
 232              		.thumb_func
ARM GAS  C:\Users\ihavenoK\AppData\Local\Temp\ccV5cLNa.s 			page 5


 234              	Concat:
 235              		@ args = 0, pretend = 0, frame = 0
 236              		@ frame_needed = 0, uses_anonymous_args = 0
 237 0000 38B5     		push	{r3, r4, r5, lr}
 238 0002 0546     		mov	r5, r0
 239 0004 6C20     		movs	r0, #108
 240 0006 FFF7FEFF 		bl	nnom_mem
 241 000a 0446     		mov	r4, r0
 242 000c B8B1     		cbz	r0, .L39
 243 000e 1D23     		movs	r3, #29
 244 0010 0377     		strb	r3, [r0, #28]
 245 0012 0C4B     		ldr	r3, .L42
 246 0014 4360     		str	r3, [r0, #4]
 247 0016 0C4B     		ldr	r3, .L42+4
 248 0018 8360     		str	r3, [r0, #8]
 249 001a 0123     		movs	r3, #1
 250 001c 80F84C30 		strb	r3, [r0, #76]
 251 0020 80F86830 		strb	r3, [r0, #104]
 252 0024 00F13401 		add	r1, r0, #52
 253 0028 FFF7FEFF 		bl	io_init
 254 002c 2062     		str	r0, [r4, #32]
 255 002e 04F15001 		add	r1, r4, #80
 256 0032 2046     		mov	r0, r4
 257 0034 FFF7FEFF 		bl	io_init
 258 0038 6062     		str	r0, [r4, #36]
 259 003a 84F83050 		strb	r5, [r4, #48]
 260              	.L39:
 261 003e 2046     		mov	r0, r4
 262 0040 38BD     		pop	{r3, r4, r5, pc}
 263              	.L43:
 264 0042 00BF     		.align	2
 265              	.L42:
 266 0044 00000000 		.word	concat_run
 267 0048 00000000 		.word	concat_build
 269              		.section	.text.concat_s,"ax",%progbits
 270              		.align	1
 271              		.global	concat_s
 272              		.syntax unified
 273              		.thumb
 274              		.thumb_func
 276              	concat_s:
 277              		@ args = 0, pretend = 0, frame = 0
 278              		@ frame_needed = 0, uses_anonymous_args = 0
 279 0000 10B5     		push	{r4, lr}
 280 0002 0446     		mov	r4, r0
 281 0004 90F90400 		ldrsb	r0, [r0, #4]
 282 0008 FFF7FEFF 		bl	Concat
 283 000c 00B1     		cbz	r0, .L44
 284 000e 8461     		str	r4, [r0, #24]
 285              	.L44:
 286 0010 10BD     		pop	{r4, pc}
 288              		.ident	"GCC: (Arm GNU Toolchain 14.2.Rel1 (Build arm-14.52)) 14.2.1 20241119"
ARM GAS  C:\Users\ihavenoK\AppData\Local\Temp\ccV5cLNa.s 			page 6


DEFINED SYMBOLS
                            *ABS*:00000000 nnom_concat.c
C:\Users\ihavenoK\AppData\Local\Temp\ccV5cLNa.s:16     .text.concat_build:00000000 $t
C:\Users\ihavenoK\AppData\Local\Temp\ccV5cLNa.s:22     .text.concat_build:00000000 concat_build
C:\Users\ihavenoK\AppData\Local\Temp\ccV5cLNa.s:144    .text.concat_run:00000000 $t
C:\Users\ihavenoK\AppData\Local\Temp\ccV5cLNa.s:150    .text.concat_run:00000000 concat_run
C:\Users\ihavenoK\AppData\Local\Temp\ccV5cLNa.s:228    .text.Concat:00000000 $t
C:\Users\ihavenoK\AppData\Local\Temp\ccV5cLNa.s:234    .text.Concat:00000000 Concat
C:\Users\ihavenoK\AppData\Local\Temp\ccV5cLNa.s:266    .text.Concat:00000044 $d
C:\Users\ihavenoK\AppData\Local\Temp\ccV5cLNa.s:270    .text.concat_s:00000000 $t
C:\Users\ihavenoK\AppData\Local\Temp\ccV5cLNa.s:276    .text.concat_s:00000000 concat_s

UNDEFINED SYMBOLS
tensor_get_num_channel
new_tensor
tensor_cpy_attr
memcpy
nnom_mem
io_init
