ARM GAS  C:\Users\ihavenoK\AppData\Local\Temp\ccPv1cIw.s 			page 1


   1              		.cpu cortex-m3
   2              		.arch armv7-m
   3              		.fpu softvfp
   4              		.eabi_attribute 20, 1
   5              		.eabi_attribute 21, 1
   6              		.eabi_attribute 23, 3
   7              		.eabi_attribute 24, 1
   8              		.eabi_attribute 25, 1
   9              		.eabi_attribute 26, 1
  10              		.eabi_attribute 30, 1
  11              		.eabi_attribute 34, 1
  12              		.eabi_attribute 18, 4
  13              		.file	"nnom_output.c"
  14              		.text
  15              		.section	.text.output_run,"ax",%progbits
  16              		.align	1
  17              		.global	output_run
  18              		.syntax unified
  19              		.thumb
  20              		.thumb_func
  22              	output_run:
  23              		@ args = 0, pretend = 0, frame = 0
  24              		@ frame_needed = 0, uses_anonymous_args = 0
  25 0000 38B5     		push	{r3, r4, r5, lr}
  26 0002 C46B     		ldr	r4, [r0, #60]
  27 0004 036A     		ldr	r3, [r0, #32]
  28 0006 DB68     		ldr	r3, [r3, #12]
  29 0008 1D68     		ldr	r5, [r3]
  30 000a 436A     		ldr	r3, [r0, #36]
  31 000c D868     		ldr	r0, [r3, #12]
  32 000e FFF7FEFF 		bl	tensor_size
  33 0012 0246     		mov	r2, r0
  34 0014 2946     		mov	r1, r5
  35 0016 2046     		mov	r0, r4
  36 0018 FFF7FEFF 		bl	memcpy
  37 001c 0020     		movs	r0, #0
  38 001e 38BD     		pop	{r3, r4, r5, pc}
  40              		.section	.text.output_s,"ax",%progbits
  41              		.align	1
  42              		.global	output_s
  43              		.syntax unified
  44              		.thumb
  45              		.thumb_func
  47              	output_s:
  48              		@ args = 0, pretend = 0, frame = 0
  49              		@ frame_needed = 0, uses_anonymous_args = 0
  50 0000 38B5     		push	{r3, r4, r5, lr}
  51 0002 0546     		mov	r5, r0
  52 0004 FFF7FEFF 		bl	input_s
  53 0008 0446     		mov	r4, r0
  54 000a 50B1     		cbz	r0, .L3
  55 000c 8561     		str	r5, [r0, #24]
  56 000e 0323     		movs	r3, #3
  57 0010 0377     		strb	r3, [r0, #28]
  58 0012 054B     		ldr	r3, .L6
  59 0014 4360     		str	r3, [r0, #4]
  60 0016 054B     		ldr	r3, .L6+4
ARM GAS  C:\Users\ihavenoK\AppData\Local\Temp\ccPv1cIw.s 			page 2


  61 0018 8360     		str	r3, [r0, #8]
  62 001a 036A     		ldr	r3, [r0, #32]
  63 001c D868     		ldr	r0, [r3, #12]
  64 001e FFF7FEFF 		bl	nnom_free
  65              	.L3:
  66 0022 2046     		mov	r0, r4
  67 0024 38BD     		pop	{r3, r4, r5, pc}
  68              	.L7:
  69 0026 00BF     		.align	2
  70              	.L6:
  71 0028 00000000 		.word	output_run
  72 002c 00000000 		.word	default_build
  74              		.section	.text.Output,"ax",%progbits
  75              		.align	1
  76              		.global	Output
  77              		.syntax unified
  78              		.thumb
  79              		.thumb_func
  81              	Output:
  82              		@ args = 0, pretend = 0, frame = 8
  83              		@ frame_needed = 0, uses_anonymous_args = 0
  84 0000 10B5     		push	{r4, lr}
  85 0002 82B0     		sub	sp, sp, #8
  86 0004 CDE90001 		strd	r0, r1, [sp]
  87 0008 DDE90001 		ldrd	r0, r1, [sp]
  88 000c FFF7FEFF 		bl	Input
  89 0010 0446     		mov	r4, r0
  90 0012 48B1     		cbz	r0, .L8
  91 0014 0323     		movs	r3, #3
  92 0016 0377     		strb	r3, [r0, #28]
  93 0018 054B     		ldr	r3, .L11
  94 001a 4360     		str	r3, [r0, #4]
  95 001c 054B     		ldr	r3, .L11+4
  96 001e 8360     		str	r3, [r0, #8]
  97 0020 036A     		ldr	r3, [r0, #32]
  98 0022 D868     		ldr	r0, [r3, #12]
  99 0024 FFF7FEFF 		bl	nnom_free
 100              	.L8:
 101 0028 2046     		mov	r0, r4
 102 002a 02B0     		add	sp, sp, #8
 103              		@ sp needed
 104 002c 10BD     		pop	{r4, pc}
 105              	.L12:
 106 002e 00BF     		.align	2
 107              	.L11:
 108 0030 00000000 		.word	output_run
 109 0034 00000000 		.word	default_build
 111              		.ident	"GCC: (Arm GNU Toolchain 14.2.Rel1 (Build arm-14.52)) 14.2.1 20241119"
ARM GAS  C:\Users\ihavenoK\AppData\Local\Temp\ccPv1cIw.s 			page 3


DEFINED SYMBOLS
                            *ABS*:00000000 nnom_output.c
C:\Users\ihavenoK\AppData\Local\Temp\ccPv1cIw.s:16     .text.output_run:00000000 $t
C:\Users\ihavenoK\AppData\Local\Temp\ccPv1cIw.s:22     .text.output_run:00000000 output_run
C:\Users\ihavenoK\AppData\Local\Temp\ccPv1cIw.s:41     .text.output_s:00000000 $t
C:\Users\ihavenoK\AppData\Local\Temp\ccPv1cIw.s:47     .text.output_s:00000000 output_s
C:\Users\ihavenoK\AppData\Local\Temp\ccPv1cIw.s:71     .text.output_s:00000028 $d
C:\Users\ihavenoK\AppData\Local\Temp\ccPv1cIw.s:75     .text.Output:00000000 $t
C:\Users\ihavenoK\AppData\Local\Temp\ccPv1cIw.s:81     .text.Output:00000000 Output
C:\Users\ihavenoK\AppData\Local\Temp\ccPv1cIw.s:108    .text.Output:00000030 $d

UNDEFINED SYMBOLS
tensor_size
memcpy
input_s
nnom_free
default_build
Input
