ARM GAS  C:\Users\ihavenoK\AppData\Local\Temp\ccHa4Jef.s 			page 1


   1              		.cpu cortex-m3
   2              		.arch armv7-m
   3              		.fpu softvfp
   4              		.eabi_attribute 20, 1
   5              		.eabi_attribute 21, 1
   6              		.eabi_attribute 23, 3
   7              		.eabi_attribute 24, 1
   8              		.eabi_attribute 25, 1
   9              		.eabi_attribute 26, 1
  10              		.eabi_attribute 30, 1
  11              		.eabi_attribute 34, 1
  12              		.eabi_attribute 18, 4
  13              		.file	"nnom_conv2d_trans.c"
  14              		.text
  15              		.section	.text.conv2d_trans_run,"ax",%progbits
  16              		.align	1
  17              		.global	conv2d_trans_run
  18              		.syntax unified
  19              		.thumb
  20              		.thumb_func
  22              	conv2d_trans_run:
  23              		@ args = 0, pretend = 0, frame = 0
  24              		@ frame_needed = 0, uses_anonymous_args = 0
  25 0000 F0B5     		push	{r4, r5, r6, r7, lr}
  26 0002 93B0     		sub	sp, sp, #76
  27 0004 8446     		mov	ip, r0
  28 0006 036A     		ldr	r3, [r0, #32]
  29 0008 D868     		ldr	r0, [r3, #12]
  30 000a 4168     		ldr	r1, [r0, #4]
  31 000c DCF82430 		ldr	r3, [ip, #36]
  32 0010 DE68     		ldr	r6, [r3, #12]
  33 0012 7568     		ldr	r5, [r6, #4]
  34 0014 8B88     		ldrh	r3, [r1, #4]
  35 0016 0A88     		ldrh	r2, [r1]
  36 0018 4988     		ldrh	r1, [r1, #2]
  37 001a 0068     		ldr	r0, [r0]
  38 001c 0024     		movs	r4, #0
  39 001e 1194     		str	r4, [sp, #68]
  40 0020 1094     		str	r4, [sp, #64]
  41 0022 2F88     		ldrh	r7, [r5]
  42 0024 0F97     		str	r7, [sp, #60]
  43 0026 6F88     		ldrh	r7, [r5, #2]
  44 0028 0E97     		str	r7, [sp, #56]
  45 002a 3668     		ldr	r6, [r6]
  46 002c 0D96     		str	r6, [sp, #52]
  47 002e DCF85860 		ldr	r6, [ip, #88]
  48 0032 3688     		ldrh	r6, [r6]
  49 0034 0C96     		str	r6, [sp, #48]
  50 0036 DCF85C60 		ldr	r6, [ip, #92]
  51 003a 3688     		ldrh	r6, [r6]
  52 003c 0B96     		str	r6, [sp, #44]
  53 003e DCF85460 		ldr	r6, [ip, #84]
  54 0042 3668     		ldr	r6, [r6]
  55 0044 0A96     		str	r6, [sp, #40]
  56 0046 BCF84260 		ldrh	r6, [ip, #66]
  57 004a 0996     		str	r6, [sp, #36]
  58 004c BCF84460 		ldrh	r6, [ip, #68]
ARM GAS  C:\Users\ihavenoK\AppData\Local\Temp\ccHa4Jef.s 			page 2


  59 0050 0896     		str	r6, [sp, #32]
  60 0052 BCF83660 		ldrh	r6, [ip, #54]
  61 0056 0796     		str	r6, [sp, #28]
  62 0058 BCF83860 		ldrh	r6, [ip, #56]
  63 005c 0696     		str	r6, [sp, #24]
  64 005e BCF83C60 		ldrh	r6, [ip, #60]
  65 0062 0596     		str	r6, [sp, #20]
  66 0064 BCF83E60 		ldrh	r6, [ip, #62]
  67 0068 0496     		str	r6, [sp, #16]
  68 006a BCF83060 		ldrh	r6, [ip, #48]
  69 006e 0396     		str	r6, [sp, #12]
  70 0070 BCF83260 		ldrh	r6, [ip, #50]
  71 0074 0296     		str	r6, [sp, #8]
  72 0076 AD88     		ldrh	r5, [r5, #4]
  73 0078 0195     		str	r5, [sp, #4]
  74 007a DCF85050 		ldr	r5, [ip, #80]
  75 007e 2D68     		ldr	r5, [r5]
  76 0080 0095     		str	r5, [sp]
  77 0082 FFF7FEFF 		bl	local_conv_trans_HWC_q7_nonsquare
  78 0086 2046     		mov	r0, r4
  79 0088 13B0     		add	sp, sp, #76
  80              		@ sp needed
  81 008a F0BD     		pop	{r4, r5, r6, r7, pc}
  83              		.section	.text.conv2d_trans_build,"ax",%progbits
  84              		.align	1
  85              		.global	conv2d_trans_build
  86              		.syntax unified
  87              		.thumb
  88              		.thumb_func
  90              	conv2d_trans_build:
  91              		@ args = 0, pretend = 0, frame = 0
  92              		@ frame_needed = 0, uses_anonymous_args = 0
  93 0000 70B5     		push	{r4, r5, r6, lr}
  94 0002 0446     		mov	r4, r0
  95 0004 036A     		ldr	r3, [r0, #32]
  96 0006 1A68     		ldr	r2, [r3]
  97 0008 D268     		ldr	r2, [r2, #12]
  98 000a DA60     		str	r2, [r3, #12]
  99 000c 456A     		ldr	r5, [r0, #36]
 100 000e 036A     		ldr	r3, [r0, #32]
 101 0010 DB68     		ldr	r3, [r3, #12]
 102 0012 C26C     		ldr	r2, [r0, #76]
 103 0014 597C     		ldrb	r1, [r3, #17]	@ zero_extendqisi2
 104 0016 0020     		movs	r0, #0
 105 0018 FFF7FEFF 		bl	new_tensor
 106 001c E860     		str	r0, [r5, #12]
 107 001e 226A     		ldr	r2, [r4, #32]
 108 0020 636A     		ldr	r3, [r4, #36]
 109 0022 D168     		ldr	r1, [r2, #12]
 110 0024 D868     		ldr	r0, [r3, #12]
 111 0026 FFF7FEFF 		bl	tensor_cpy_attr
 112 002a 636A     		ldr	r3, [r4, #36]
 113 002c DB68     		ldr	r3, [r3, #12]
 114 002e 9A68     		ldr	r2, [r3, #8]
 115 0030 236A     		ldr	r3, [r4, #32]
 116 0032 DB68     		ldr	r3, [r3, #12]
 117 0034 9B68     		ldr	r3, [r3, #8]
ARM GAS  C:\Users\ihavenoK\AppData\Local\Temp\ccHa4Jef.s 			page 3


 118 0036 216D     		ldr	r1, [r4, #80]
 119 0038 8968     		ldr	r1, [r1, #8]
 120 003a 1B68     		ldr	r3, [r3]
 121 003c 0968     		ldr	r1, [r1]
 122 003e 0B44     		add	r3, r3, r1
 123 0040 A16D     		ldr	r1, [r4, #88]
 124 0042 0968     		ldr	r1, [r1]
 125 0044 5B1A     		subs	r3, r3, r1
 126 0046 1360     		str	r3, [r2]
 127 0048 6369     		ldr	r3, [r4, #20]
 128 004a 3BB1     		cbz	r3, .L4
 129 004c 626A     		ldr	r2, [r4, #36]
 130 004e D268     		ldr	r2, [r2, #12]
 131 0050 9568     		ldr	r5, [r2, #8]
 132 0052 2968     		ldr	r1, [r5]
 133 0054 187A     		ldrb	r0, [r3, #8]	@ zero_extendqisi2
 134 0056 FFF7FEFF 		bl	act_get_dec_bit
 135 005a 2860     		str	r0, [r5]
 136              	.L4:
 137 005c E28E     		ldrh	r2, [r4, #54]
 138 005e 236A     		ldr	r3, [r4, #32]
 139 0060 DB68     		ldr	r3, [r3, #12]
 140 0062 5B68     		ldr	r3, [r3, #4]
 141 0064 1B88     		ldrh	r3, [r3]
 142 0066 02FB03F3 		mul	r3, r2, r3
 143 006a 94F84810 		ldrb	r1, [r4, #72]	@ zero_extendqisi2
 144 006e 11B9     		cbnz	r1, .L5
 145 0070 218E     		ldrh	r1, [r4, #48]
 146 0072 8A1A     		subs	r2, r1, r2
 147 0074 1344     		add	r3, r3, r2
 148              	.L5:
 149 0076 626A     		ldr	r2, [r4, #36]
 150 0078 D268     		ldr	r2, [r2, #12]
 151 007a 5268     		ldr	r2, [r2, #4]
 152 007c 1380     		strh	r3, [r2]	@ movhi
 153 007e 228F     		ldrh	r2, [r4, #56]
 154 0080 236A     		ldr	r3, [r4, #32]
 155 0082 DB68     		ldr	r3, [r3, #12]
 156 0084 5B68     		ldr	r3, [r3, #4]
 157 0086 5B88     		ldrh	r3, [r3, #2]
 158 0088 02FB03F3 		mul	r3, r2, r3
 159 008c 94F84810 		ldrb	r1, [r4, #72]	@ zero_extendqisi2
 160 0090 11B9     		cbnz	r1, .L6
 161 0092 618E     		ldrh	r1, [r4, #50]
 162 0094 8A1A     		subs	r2, r1, r2
 163 0096 1344     		add	r3, r3, r2
 164              	.L6:
 165 0098 626A     		ldr	r2, [r4, #36]
 166 009a D268     		ldr	r2, [r2, #12]
 167 009c 5268     		ldr	r2, [r2, #4]
 168 009e 5380     		strh	r3, [r2, #2]	@ movhi
 169 00a0 636A     		ldr	r3, [r4, #36]
 170 00a2 DB68     		ldr	r3, [r3, #12]
 171 00a4 5B68     		ldr	r3, [r3, #4]
 172 00a6 E26C     		ldr	r2, [r4, #76]
 173 00a8 9A80     		strh	r2, [r3, #4]	@ movhi
 174 00aa 94F84830 		ldrb	r3, [r4, #72]	@ zero_extendqisi2
ARM GAS  C:\Users\ihavenoK\AppData\Local\Temp\ccHa4Jef.s 			page 4


 175 00ae 012B     		cmp	r3, #1
 176 00b0 18D0     		beq	.L10
 177 00b2 0023     		movs	r3, #0
 178 00b4 A387     		strh	r3, [r4, #60]	@ movhi
 179              	.L8:
 180 00b6 E387     		strh	r3, [r4, #62]	@ movhi
 181 00b8 0026     		movs	r6, #0
 182 00ba A4F84060 		strh	r6, [r4, #64]	@ movhi
 183 00be 236A     		ldr	r3, [r4, #32]
 184 00c0 DB68     		ldr	r3, [r3, #12]
 185 00c2 5B68     		ldr	r3, [r3, #4]
 186 00c4 9D88     		ldrh	r5, [r3, #4]
 187 00c6 638E     		ldrh	r3, [r4, #50]
 188 00c8 228E     		ldrh	r2, [r4, #48]
 189 00ca 02FB03F3 		mul	r3, r2, r3
 190 00ce 03FB05F5 		mul	r5, r3, r5
 191 00d2 636A     		ldr	r3, [r4, #36]
 192 00d4 D868     		ldr	r0, [r3, #12]
 193 00d6 FFF7FEFF 		bl	tensor_size
 194 00da 00FB05F5 		mul	r5, r0, r5
 195 00de A562     		str	r5, [r4, #40]
 196 00e0 3046     		mov	r0, r6
 197 00e2 70BD     		pop	{r4, r5, r6, pc}
 198              	.L10:
 199 00e4 238E     		ldrh	r3, [r4, #48]
 200 00e6 E28E     		ldrh	r2, [r4, #54]
 201 00e8 9B1A     		subs	r3, r3, r2
 202 00ea 03EBD373 		add	r3, r3, r3, lsr #31
 203 00ee 5B10     		asrs	r3, r3, #1
 204 00f0 A387     		strh	r3, [r4, #60]	@ movhi
 205 00f2 638E     		ldrh	r3, [r4, #50]
 206 00f4 228F     		ldrh	r2, [r4, #56]
 207 00f6 9B1A     		subs	r3, r3, r2
 208 00f8 03EBD373 		add	r3, r3, r3, lsr #31
 209 00fc C3F34F03 		ubfx	r3, r3, #1, #16
 210 0100 D9E7     		b	.L8
 212              		.section	.text.conv2d_trans_s,"ax",%progbits
 213              		.align	1
 214              		.global	conv2d_trans_s
 215              		.syntax unified
 216              		.thumb
 217              		.thumb_func
 219              	conv2d_trans_s:
 220              		@ args = 0, pretend = 0, frame = 0
 221              		@ frame_needed = 0, uses_anonymous_args = 0
 222 0000 08B5     		push	{r3, lr}
 223 0002 FFF7FEFF 		bl	conv2d_s
 224 0006 0346     		mov	r3, r0
 225 0008 28B1     		cbz	r0, .L11
 226 000a 0622     		movs	r2, #6
 227 000c 0277     		strb	r2, [r0, #28]
 228 000e 034A     		ldr	r2, .L14
 229 0010 4260     		str	r2, [r0, #4]
 230 0012 034A     		ldr	r2, .L14+4
 231 0014 8260     		str	r2, [r0, #8]
 232              	.L11:
 233 0016 1846     		mov	r0, r3
ARM GAS  C:\Users\ihavenoK\AppData\Local\Temp\ccHa4Jef.s 			page 5


 234 0018 08BD     		pop	{r3, pc}
 235              	.L15:
 236 001a 00BF     		.align	2
 237              	.L14:
 238 001c 00000000 		.word	conv2d_trans_run
 239 0020 00000000 		.word	conv2d_trans_build
 241              		.section	.text.Conv2DTrans,"ax",%progbits
 242              		.align	1
 243              		.global	Conv2DTrans
 244              		.syntax unified
 245              		.thumb
 246              		.thumb_func
 248              	Conv2DTrans:
 249              		@ args = 32, pretend = 8, frame = 8
 250              		@ frame_needed = 0, uses_anonymous_args = 0
 251 0000 82B0     		sub	sp, sp, #8
 252 0002 00B5     		push	{lr}
 253 0004 89B0     		sub	sp, sp, #36
 254 0006 8646     		mov	lr, r0
 255 0008 0DF1180C 		add	ip, sp, #24
 256 000c 8CE80600 		stm	ip, {r1, r2}
 257 0010 119A     		ldr	r2, [sp, #68]
 258 0012 0592     		str	r2, [sp, #20]
 259 0014 109A     		ldr	r2, [sp, #64]
 260 0016 0492     		str	r2, [sp, #16]
 261 0018 9DF83C20 		ldrb	r2, [sp, #60]	@ zero_extendqisi2
 262 001c 0392     		str	r2, [sp, #12]
 263 001e 0DAA     		add	r2, sp, #52
 264 0020 92E80300 		ldm	r2, {r0, r1}
 265 0024 0190     		str	r0, [sp, #4]
 266 0026 ADF80810 		strh	r1, [sp, #8]	@ movhi
 267 002a BDF83020 		ldrh	r2, [sp, #48]
 268 002e ADF80020 		strh	r2, [sp]	@ movhi
 269 0032 9CE80600 		ldm	ip, {r1, r2}
 270 0036 7046     		mov	r0, lr
 271 0038 FFF7FEFF 		bl	Conv2D
 272 003c 0346     		mov	r3, r0
 273 003e 28B1     		cbz	r0, .L16
 274 0040 0622     		movs	r2, #6
 275 0042 0277     		strb	r2, [r0, #28]
 276 0044 044A     		ldr	r2, .L19
 277 0046 4260     		str	r2, [r0, #4]
 278 0048 044A     		ldr	r2, .L19+4
 279 004a 8260     		str	r2, [r0, #8]
 280              	.L16:
 281 004c 1846     		mov	r0, r3
 282 004e 09B0     		add	sp, sp, #36
 283              		@ sp needed
 284 0050 5DF804EB 		ldr	lr, [sp], #4
 285 0054 02B0     		add	sp, sp, #8
 286 0056 7047     		bx	lr
 287              	.L20:
 288              		.align	2
 289              	.L19:
 290 0058 00000000 		.word	conv2d_trans_run
 291 005c 00000000 		.word	conv2d_trans_build
 293              		.section	.text.conv_trans_output_length,"ax",%progbits
ARM GAS  C:\Users\ihavenoK\AppData\Local\Temp\ccHa4Jef.s 			page 6


 294              		.align	1
 295              		.global	conv_trans_output_length
 296              		.syntax unified
 297              		.thumb
 298              		.thumb_func
 300              	conv_trans_output_length:
 301              		@ args = 4, pretend = 0, frame = 0
 302              		@ frame_needed = 0, uses_anonymous_args = 0
 303              		@ link register save eliminated.
 304 0000 03FB00F0 		mul	r0, r3, r0
 305 0004 0AB9     		cbnz	r2, .L21
 306 0006 C91A     		subs	r1, r1, r3
 307 0008 0844     		add	r0, r0, r1
 308              	.L21:
 309 000a 7047     		bx	lr
 311              		.ident	"GCC: (Arm GNU Toolchain 14.2.Rel1 (Build arm-14.52)) 14.2.1 20241119"
ARM GAS  C:\Users\ihavenoK\AppData\Local\Temp\ccHa4Jef.s 			page 7


DEFINED SYMBOLS
                            *ABS*:00000000 nnom_conv2d_trans.c
C:\Users\ihavenoK\AppData\Local\Temp\ccHa4Jef.s:16     .text.conv2d_trans_run:00000000 $t
C:\Users\ihavenoK\AppData\Local\Temp\ccHa4Jef.s:22     .text.conv2d_trans_run:00000000 conv2d_trans_run
C:\Users\ihavenoK\AppData\Local\Temp\ccHa4Jef.s:84     .text.conv2d_trans_build:00000000 $t
C:\Users\ihavenoK\AppData\Local\Temp\ccHa4Jef.s:90     .text.conv2d_trans_build:00000000 conv2d_trans_build
C:\Users\ihavenoK\AppData\Local\Temp\ccHa4Jef.s:213    .text.conv2d_trans_s:00000000 $t
C:\Users\ihavenoK\AppData\Local\Temp\ccHa4Jef.s:219    .text.conv2d_trans_s:00000000 conv2d_trans_s
C:\Users\ihavenoK\AppData\Local\Temp\ccHa4Jef.s:238    .text.conv2d_trans_s:0000001c $d
C:\Users\ihavenoK\AppData\Local\Temp\ccHa4Jef.s:242    .text.Conv2DTrans:00000000 $t
C:\Users\ihavenoK\AppData\Local\Temp\ccHa4Jef.s:248    .text.Conv2DTrans:00000000 Conv2DTrans
C:\Users\ihavenoK\AppData\Local\Temp\ccHa4Jef.s:290    .text.Conv2DTrans:00000058 $d
C:\Users\ihavenoK\AppData\Local\Temp\ccHa4Jef.s:294    .text.conv_trans_output_length:00000000 $t
C:\Users\ihavenoK\AppData\Local\Temp\ccHa4Jef.s:300    .text.conv_trans_output_length:00000000 conv_trans_output_length

UNDEFINED SYMBOLS
local_conv_trans_HWC_q7_nonsquare
new_tensor
tensor_cpy_attr
act_get_dec_bit
tensor_size
conv2d_s
Conv2D
