ARM GAS  C:\Users\ihavenoK\AppData\Local\Temp\ccyS1pz1.s 			page 1


   1              		.cpu cortex-m3
   2              		.arch armv7-m
   3              		.fpu softvfp
   4              		.eabi_attribute 20, 1
   5              		.eabi_attribute 21, 1
   6              		.eabi_attribute 23, 3
   7              		.eabi_attribute 24, 1
   8              		.eabi_attribute 25, 1
   9              		.eabi_attribute 26, 1
  10              		.eabi_attribute 30, 1
  11              		.eabi_attribute 34, 1
  12              		.eabi_attribute 18, 4
  13              		.file	"nnom_simple_cell.c"
  14              		.text
  15              		.section	.text.simple_cell_free,"ax",%progbits
  16              		.align	1
  17              		.global	simple_cell_free
  18              		.syntax unified
  19              		.thumb
  20              		.thumb_func
  22              	simple_cell_free:
  23              		@ args = 0, pretend = 0, frame = 0
  24              		@ frame_needed = 0, uses_anonymous_args = 0
  25              		@ link register save eliminated.
  26 0000 0020     		movs	r0, #0
  27 0002 7047     		bx	lr
  29              		.section	.text.simple_cell_build,"ax",%progbits
  30              		.align	1
  31              		.global	simple_cell_build
  32              		.syntax unified
  33              		.thumb
  34              		.thumb_func
  36              	simple_cell_build:
  37              		@ args = 0, pretend = 0, frame = 0
  38              		@ frame_needed = 0, uses_anonymous_args = 0
  39              		@ link register save eliminated.
  40 0000 0346     		mov	r3, r0
  41 0002 C068     		ldr	r0, [r0, #12]
  42 0004 1A69     		ldr	r2, [r3, #16]
  43 0006 127F     		ldrb	r2, [r2, #28]	@ zero_extendqisi2
  44 0008 043A     		subs	r2, r2, #4
  45 000a D2B2     		uxtb	r2, r2
  46 000c 012A     		cmp	r2, #1
  47 000e 2ED8     		bhi	.L4
  48 0010 30B4     		push	{r4, r5}
  49 0012 996C     		ldr	r1, [r3, #72]
  50 0014 DA6C     		ldr	r2, [r3, #76]
  51 0016 9142     		cmp	r1, r2
  52 0018 A8BF     		it	ge
  53 001a 1146     		movge	r1, r2
  54 001c 1A6C     		ldr	r2, [r3, #64]
  55 001e 9268     		ldr	r2, [r2, #8]
  56 0020 1268     		ldr	r2, [r2]
  57 0022 1C6D     		ldr	r4, [r3, #80]
  58 0024 2244     		add	r2, r2, r4
  59 0026 521A     		subs	r2, r2, r1
  60 0028 9A65     		str	r2, [r3, #88]
ARM GAS  C:\Users\ihavenoK\AppData\Local\Temp\ccyS1pz1.s 			page 2


  61 002a DC6B     		ldr	r4, [r3, #60]
  62 002c 026A     		ldr	r2, [r0, #32]
  63 002e D268     		ldr	r2, [r2, #12]
  64 0030 9268     		ldr	r2, [r2, #8]
  65 0032 A568     		ldr	r5, [r4, #8]
  66 0034 1268     		ldr	r2, [r2]
  67 0036 2D68     		ldr	r5, [r5]
  68 0038 2A44     		add	r2, r2, r5
  69 003a 521A     		subs	r2, r2, r1
  70 003c 5A65     		str	r2, [r3, #84]
  71 003e 026A     		ldr	r2, [r0, #32]
  72 0040 D268     		ldr	r2, [r2, #12]
  73 0042 9268     		ldr	r2, [r2, #8]
  74 0044 A168     		ldr	r1, [r4, #8]
  75 0046 1268     		ldr	r2, [r2]
  76 0048 0968     		ldr	r1, [r1]
  77 004a 0A44     		add	r2, r2, r1
  78 004c 596C     		ldr	r1, [r3, #68]
  79 004e 8968     		ldr	r1, [r1, #8]
  80 0050 0968     		ldr	r1, [r1]
  81 0052 521A     		subs	r2, r2, r1
  82 0054 DA65     		str	r2, [r3, #92]
  83 0056 1A8E     		ldrh	r2, [r3, #48]
  84 0058 DA62     		str	r2, [r3, #44]
  85 005a 0020     		movs	r0, #0
  86 005c 9862     		str	r0, [r3, #40]
  87 005e 5C8E     		ldrh	r4, [r3, #50]
  88 0060 02FB02F1 		mul	r1, r2, r2
  89 0064 02FB0412 		mla	r2, r2, r4, r1
  90 0068 5A63     		str	r2, [r3, #52]
  91 006a 30BC     		pop	{r4, r5}
  92 006c 7047     		bx	lr
  93              	.L4:
  94 006e 4FF0FF30 		mov	r0, #-1
  95 0072 7047     		bx	lr
  97              		.section	.text.simple_cell_run,"ax",%progbits
  98              		.align	1
  99              		.global	simple_cell_run
 100              		.syntax unified
 101              		.thumb
 102              		.thumb_func
 104              	simple_cell_run:
 105              		@ args = 0, pretend = 0, frame = 0
 106              		@ frame_needed = 0, uses_anonymous_args = 0
 107 0000 70B5     		push	{r4, r5, r6, lr}
 108 0002 86B0     		sub	sp, sp, #24
 109 0004 0446     		mov	r4, r0
 110 0006 856C     		ldr	r5, [r0, #72]
 111 0008 C36C     		ldr	r3, [r0, #76]
 112 000a 9D42     		cmp	r5, r3
 113 000c A8BF     		it	ge
 114 000e 1D46     		movge	r5, r3
 115 0010 C5F10705 		rsb	r5, r5, #7
 116 0014 028E     		ldrh	r2, [r0, #48]
 117 0016 036C     		ldr	r3, [r0, #64]
 118 0018 1968     		ldr	r1, [r3]
 119 001a C369     		ldr	r3, [r0, #28]
ARM GAS  C:\Users\ihavenoK\AppData\Local\Temp\ccyS1pz1.s 			page 3


 120 001c 0193     		str	r3, [sp, #4]
 121 001e B0F85830 		ldrh	r3, [r0, #88]
 122 0022 0093     		str	r3, [sp]
 123 0024 1346     		mov	r3, r2
 124 0026 006A     		ldr	r0, [r0, #32]
 125 0028 FFF7FEFF 		bl	local_dot_q7_opt
 126 002c E36B     		ldr	r3, [r4, #60]
 127 002e 1968     		ldr	r1, [r3]
 128 0030 0026     		movs	r6, #0
 129 0032 0496     		str	r6, [sp, #16]
 130 0034 236A     		ldr	r3, [r4, #32]
 131 0036 0393     		str	r3, [sp, #12]
 132 0038 636C     		ldr	r3, [r4, #68]
 133 003a 1B68     		ldr	r3, [r3]
 134 003c 0293     		str	r3, [sp, #8]
 135 003e B4F85430 		ldrh	r3, [r4, #84]
 136 0042 0193     		str	r3, [sp, #4]
 137 0044 B4F85C30 		ldrh	r3, [r4, #92]
 138 0048 0093     		str	r3, [sp]
 139 004a 238E     		ldrh	r3, [r4, #48]
 140 004c 628E     		ldrh	r2, [r4, #50]
 141 004e A069     		ldr	r0, [r4, #24]
 142 0050 FFF7FEFF 		bl	local_fully_connected_q7_opt
 143 0054 238E     		ldrh	r3, [r4, #48]
 144 0056 0093     		str	r3, [sp]
 145 0058 3346     		mov	r3, r6
 146 005a 626A     		ldr	r2, [r4, #36]
 147 005c E169     		ldr	r1, [r4, #28]
 148 005e 206A     		ldr	r0, [r4, #32]
 149 0060 FFF7FEFF 		bl	local_add_q7
 150 0064 94F83830 		ldrb	r3, [r4, #56]	@ zero_extendqisi2
 151 0068 042B     		cmp	r3, #4
 152 006a 0CD0     		beq	.L13
 153 006c 2AB2     		sxth	r2, r5
 154 006e 218E     		ldrh	r1, [r4, #48]
 155 0070 606A     		ldr	r0, [r4, #36]
 156 0072 FFF7FEFF 		bl	local_sigmoid_q7
 157              	.L11:
 158 0076 228E     		ldrh	r2, [r4, #48]
 159 0078 616A     		ldr	r1, [r4, #36]
 160 007a E069     		ldr	r0, [r4, #28]
 161 007c FFF7FEFF 		bl	memcpy
 162 0080 0020     		movs	r0, #0
 163 0082 06B0     		add	sp, sp, #24
 164              		@ sp needed
 165 0084 70BD     		pop	{r4, r5, r6, pc}
 166              	.L13:
 167 0086 2AB2     		sxth	r2, r5
 168 0088 218E     		ldrh	r1, [r4, #48]
 169 008a 606A     		ldr	r0, [r4, #36]
 170 008c FFF7FEFF 		bl	local_tanh_q7
 171 0090 F1E7     		b	.L11
 173              		.section	.text.simple_cell_s,"ax",%progbits
 174              		.align	1
 175              		.global	simple_cell_s
 176              		.syntax unified
 177              		.thumb
ARM GAS  C:\Users\ihavenoK\AppData\Local\Temp\ccyS1pz1.s 			page 4


 178              		.thumb_func
 180              	simple_cell_s:
 181              		@ args = 0, pretend = 0, frame = 0
 182              		@ frame_needed = 0, uses_anonymous_args = 0
 183 0000 10B5     		push	{r4, lr}
 184 0002 0446     		mov	r4, r0
 185 0004 6020     		movs	r0, #96
 186 0006 FFF7FEFF 		bl	nnom_mem
 187 000a 0346     		mov	r3, r0
 188 000c C8B1     		cbz	r0, .L14
 189 000e 0E4A     		ldr	r2, .L17
 190 0010 0260     		str	r2, [r0]
 191 0012 0E4A     		ldr	r2, .L17+4
 192 0014 4260     		str	r2, [r0, #4]
 193 0016 0E4A     		ldr	r2, .L17+8
 194 0018 8260     		str	r2, [r0, #8]
 195 001a 0461     		str	r4, [r0, #16]
 196 001c E28B     		ldrh	r2, [r4, #30]
 197 001e 0286     		strh	r2, [r0, #48]	@ movhi
 198 0020 0122     		movs	r2, #1
 199 0022 0275     		strb	r2, [r0, #20]
 200 0024 E268     		ldr	r2, [r4, #12]
 201 0026 4264     		str	r2, [r0, #68]
 202 0028 6268     		ldr	r2, [r4, #4]
 203 002a C263     		str	r2, [r0, #60]
 204 002c A268     		ldr	r2, [r4, #8]
 205 002e 0264     		str	r2, [r0, #64]
 206 0030 227F     		ldrb	r2, [r4, #28]	@ zero_extendqisi2
 207 0032 80F83820 		strb	r2, [r0, #56]
 208 0036 2269     		ldr	r2, [r4, #16]
 209 0038 8264     		str	r2, [r0, #72]
 210 003a 6269     		ldr	r2, [r4, #20]
 211 003c C264     		str	r2, [r0, #76]
 212 003e A269     		ldr	r2, [r4, #24]
 213 0040 0265     		str	r2, [r0, #80]
 214              	.L14:
 215 0042 1846     		mov	r0, r3
 216 0044 10BD     		pop	{r4, pc}
 217              	.L18:
 218 0046 00BF     		.align	2
 219              	.L17:
 220 0048 00000000 		.word	simple_cell_run
 221 004c 00000000 		.word	simple_cell_build
 222 0050 00000000 		.word	simple_cell_free
 224              		.ident	"GCC: (Arm GNU Toolchain 14.2.Rel1 (Build arm-14.52)) 14.2.1 20241119"
ARM GAS  C:\Users\ihavenoK\AppData\Local\Temp\ccyS1pz1.s 			page 5


DEFINED SYMBOLS
                            *ABS*:00000000 nnom_simple_cell.c
C:\Users\ihavenoK\AppData\Local\Temp\ccyS1pz1.s:16     .text.simple_cell_free:00000000 $t
C:\Users\ihavenoK\AppData\Local\Temp\ccyS1pz1.s:22     .text.simple_cell_free:00000000 simple_cell_free
C:\Users\ihavenoK\AppData\Local\Temp\ccyS1pz1.s:30     .text.simple_cell_build:00000000 $t
C:\Users\ihavenoK\AppData\Local\Temp\ccyS1pz1.s:36     .text.simple_cell_build:00000000 simple_cell_build
C:\Users\ihavenoK\AppData\Local\Temp\ccyS1pz1.s:98     .text.simple_cell_run:00000000 $t
C:\Users\ihavenoK\AppData\Local\Temp\ccyS1pz1.s:104    .text.simple_cell_run:00000000 simple_cell_run
C:\Users\ihavenoK\AppData\Local\Temp\ccyS1pz1.s:174    .text.simple_cell_s:00000000 $t
C:\Users\ihavenoK\AppData\Local\Temp\ccyS1pz1.s:180    .text.simple_cell_s:00000000 simple_cell_s
C:\Users\ihavenoK\AppData\Local\Temp\ccyS1pz1.s:220    .text.simple_cell_s:00000048 $d

UNDEFINED SYMBOLS
local_dot_q7_opt
local_fully_connected_q7_opt
local_add_q7
local_sigmoid_q7
memcpy
local_tanh_q7
nnom_mem
