ARM GAS  C:\Users\ihavenoK\AppData\Local\Temp\ccdvClub.s 			page 1


   1              		.cpu cortex-m3
   2              		.arch armv7-m
   3              		.fpu softvfp
   4              		.eabi_attribute 20, 1
   5              		.eabi_attribute 21, 1
   6              		.eabi_attribute 23, 3
   7              		.eabi_attribute 24, 1
   8              		.eabi_attribute 25, 1
   9              		.eabi_attribute 26, 1
  10              		.eabi_attribute 30, 1
  11              		.eabi_attribute 34, 1
  12              		.eabi_attribute 18, 4
  13              		.file	"nnom_lstm_cell.c"
  14              		.text
  15              		.section	.text.lstm_cell_free,"ax",%progbits
  16              		.align	1
  17              		.global	lstm_cell_free
  18              		.syntax unified
  19              		.thumb
  20              		.thumb_func
  22              	lstm_cell_free:
  23              		@ args = 0, pretend = 0, frame = 0
  24              		@ frame_needed = 0, uses_anonymous_args = 0
  25              		@ link register save eliminated.
  26 0000 0020     		movs	r0, #0
  27 0002 7047     		bx	lr
  29              		.section	.text.lstm_cell_q7_q15_build,"ax",%progbits
  30              		.align	1
  31              		.global	lstm_cell_q7_q15_build
  32              		.syntax unified
  33              		.thumb
  34              		.thumb_func
  36              	lstm_cell_q7_q15_build:
  37              		@ args = 0, pretend = 0, frame = 0
  38              		@ frame_needed = 0, uses_anonymous_args = 0
  39              		@ link register save eliminated.
  40 0000 30B4     		push	{r4, r5}
  41 0002 C168     		ldr	r1, [r0, #12]
  42 0004 446C     		ldr	r4, [r0, #68]
  43 0006 C36B     		ldr	r3, [r0, #60]
  44 0008 9B68     		ldr	r3, [r3, #8]
  45 000a 1B68     		ldr	r3, [r3]
  46 000c 826C     		ldr	r2, [r0, #72]
  47 000e 1344     		add	r3, r3, r2
  48 0010 1B1B     		subs	r3, r3, r4
  49 0012 4365     		str	r3, [r0, #84]
  50 0014 826B     		ldr	r2, [r0, #56]
  51 0016 0B6A     		ldr	r3, [r1, #32]
  52 0018 DB68     		ldr	r3, [r3, #12]
  53 001a 9B68     		ldr	r3, [r3, #8]
  54 001c 9568     		ldr	r5, [r2, #8]
  55 001e 1B68     		ldr	r3, [r3]
  56 0020 2D68     		ldr	r5, [r5]
  57 0022 2B44     		add	r3, r3, r5
  58 0024 1B1B     		subs	r3, r3, r4
  59 0026 0365     		str	r3, [r0, #80]
  60 0028 0B6A     		ldr	r3, [r1, #32]
ARM GAS  C:\Users\ihavenoK\AppData\Local\Temp\ccdvClub.s 			page 2


  61 002a DB68     		ldr	r3, [r3, #12]
  62 002c 9B68     		ldr	r3, [r3, #8]
  63 002e 9268     		ldr	r2, [r2, #8]
  64 0030 1B68     		ldr	r3, [r3]
  65 0032 1268     		ldr	r2, [r2]
  66 0034 1344     		add	r3, r3, r2
  67 0036 026C     		ldr	r2, [r0, #64]
  68 0038 9268     		ldr	r2, [r2, #8]
  69 003a 1268     		ldr	r2, [r2]
  70 003c 9B1A     		subs	r3, r3, r2
  71 003e C365     		str	r3, [r0, #92]
  72 0040 028E     		ldrh	r2, [r0, #48]
  73 0042 9300     		lsls	r3, r2, #2
  74 0044 C362     		str	r3, [r0, #44]
  75 0046 B0F832C0 		ldrh	ip, [r0, #50]
  76 004a 02EB4201 		add	r1, r2, r2, lsl #1
  77 004e 0CEB8101 		add	r1, ip, r1, lsl #2
  78 0052 4900     		lsls	r1, r1, #1
  79 0054 8162     		str	r1, [r0, #40]
  80 0056 02FB02F1 		mul	r1, r2, r2
  81 005a 0CFB0211 		mla	r1, ip, r2, r1
  82 005e 1344     		add	r3, r3, r2
  83 0060 5B00     		lsls	r3, r3, #1
  84 0062 03EB8103 		add	r3, r3, r1, lsl #2
  85 0066 4363     		str	r3, [r0, #52]
  86 0068 0020     		movs	r0, #0
  87 006a 30BC     		pop	{r4, r5}
  88 006c 7047     		bx	lr
  90              		.section	.text.lstm_cell_q7_q15_run,"ax",%progbits
  91              		.align	1
  92              		.global	lstm_cell_q7_q15_run
  93              		.syntax unified
  94              		.thumb
  95              		.thumb_func
  97              	lstm_cell_q7_q15_run:
  98              		@ args = 0, pretend = 0, frame = 24
  99              		@ frame_needed = 0, uses_anonymous_args = 0
 100 0000 2DE9F04F 		push	{r4, r5, r6, r7, r8, r9, r10, fp, lr}
 101 0004 8DB0     		sub	sp, sp, #52
 102 0006 0446     		mov	r4, r0
 103 0008 436C     		ldr	r3, [r0, #68]
 104 000a C3F10703 		rsb	r3, r3, #7
 105 000e 0A93     		str	r3, [sp, #40]
 106 0010 D0F820B0 		ldr	fp, [r0, #32]
 107 0014 B0F83080 		ldrh	r8, [r0, #48]
 108 0018 0BEB4802 		add	r2, fp, r8, lsl #1
 109 001c 0B92     		str	r2, [sp, #44]
 110 001e D0F82490 		ldr	r9, [r0, #36]
 111 0022 09EB4806 		add	r6, r9, r8, lsl #1
 112 0026 0996     		str	r6, [sp, #36]
 113 0028 C368     		ldr	r3, [r0, #12]
 114 002a 1B69     		ldr	r3, [r3, #16]
 115 002c 1B68     		ldr	r3, [r3]
 116 002e 1E68     		ldr	r6, [r3]
 117 0030 06EBC80A 		add	r10, r6, r8, lsl #3
 118 0034 06EB0817 		add	r7, r6, r8, lsl #4
 119 0038 07EBC808 		add	r8, r7, r8, lsl #3
ARM GAS  C:\Users\ihavenoK\AppData\Local\Temp\ccdvClub.s 			page 3


 120 003c 428E     		ldrh	r2, [r0, #50]
 121 003e 4146     		mov	r1, r8
 122 0040 8069     		ldr	r0, [r0, #24]
 123 0042 FFF7FEFF 		bl	local_q7_to_q15
 124 0046 238E     		ldrh	r3, [r4, #48]
 125 0048 9B00     		lsls	r3, r3, #2
 126 004a 9BB2     		uxth	r3, r3
 127 004c A26B     		ldr	r2, [r4, #56]
 128 004e 1168     		ldr	r1, [r2]
 129 0050 0025     		movs	r5, #0
 130 0052 0495     		str	r5, [sp, #16]
 131 0054 CDF80CA0 		str	r10, [sp, #12]
 132 0058 226C     		ldr	r2, [r4, #64]
 133 005a 1268     		ldr	r2, [r2]
 134 005c 0292     		str	r2, [sp, #8]
 135 005e B4F85020 		ldrh	r2, [r4, #80]
 136 0062 0192     		str	r2, [sp, #4]
 137 0064 E26D     		ldr	r2, [r4, #92]
 138 0066 0832     		adds	r2, r2, #8
 139 0068 92B2     		uxth	r2, r2
 140 006a 0092     		str	r2, [sp]
 141 006c 628E     		ldrh	r2, [r4, #50]
 142 006e 4046     		mov	r0, r8
 143 0070 FFF7FEFF 		bl	local_fully_connected_mat_q7_vec_q15_opt
 144 0074 228E     		ldrh	r2, [r4, #48]
 145 0076 9300     		lsls	r3, r2, #2
 146 0078 9BB2     		uxth	r3, r3
 147 007a E16B     		ldr	r1, [r4, #60]
 148 007c 0968     		ldr	r1, [r1]
 149 007e 0495     		str	r5, [sp, #16]
 150 0080 0397     		str	r7, [sp, #12]
 151 0082 0295     		str	r5, [sp, #8]
 152 0084 B4F85400 		ldrh	r0, [r4, #84]
 153 0088 0190     		str	r0, [sp, #4]
 154 008a 0095     		str	r5, [sp]
 155 008c 5846     		mov	r0, fp
 156 008e FFF7FEFF 		bl	local_fully_connected_mat_q7_vec_q15_opt
 157 0092 238E     		ldrh	r3, [r4, #48]
 158 0094 9B00     		lsls	r3, r3, #2
 159 0096 0093     		str	r3, [sp]
 160 0098 2B46     		mov	r3, r5
 161 009a 3246     		mov	r2, r6
 162 009c 3946     		mov	r1, r7
 163 009e 5046     		mov	r0, r10
 164 00a0 FFF7FEFF 		bl	local_add_q15
 165 00a4 218E     		ldrh	r1, [r4, #48]
 166 00a6 06EB4103 		add	r3, r6, r1, lsl #1
 167 00aa 0793     		str	r3, [sp, #28]
 168 00ac 06EB810B 		add	fp, r6, r1, lsl #2
 169 00b0 0BEB4102 		add	r2, fp, r1, lsl #1
 170 00b4 0892     		str	r2, [sp, #32]
 171 00b6 BDF82880 		ldrh	r8, [sp, #40]
 172 00ba 4246     		mov	r2, r8
 173 00bc 3046     		mov	r0, r6
 174 00be FFF7FEFF 		bl	local_sigmoid_q15
 175 00c2 4246     		mov	r2, r8
 176 00c4 218E     		ldrh	r1, [r4, #48]
ARM GAS  C:\Users\ihavenoK\AppData\Local\Temp\ccdvClub.s 			page 4


 177 00c6 0798     		ldr	r0, [sp, #28]
 178 00c8 FFF7FEFF 		bl	local_sigmoid_q15
 179 00cc 4246     		mov	r2, r8
 180 00ce 218E     		ldrh	r1, [r4, #48]
 181 00d0 0898     		ldr	r0, [sp, #32]
 182 00d2 FFF7FEFF 		bl	local_sigmoid_q15
 183 00d6 4246     		mov	r2, r8
 184 00d8 218E     		ldrh	r1, [r4, #48]
 185 00da 5846     		mov	r0, fp
 186 00dc FFF7FEFF 		bl	local_tanh_q15
 187 00e0 E36C     		ldr	r3, [r4, #76]
 188 00e2 C3F11603 		rsb	r3, r3, #22
 189 00e6 228E     		ldrh	r2, [r4, #48]
 190 00e8 0092     		str	r2, [sp]
 191 00ea 9BB2     		uxth	r3, r3
 192 00ec 5246     		mov	r2, r10
 193 00ee 5946     		mov	r1, fp
 194 00f0 3046     		mov	r0, r6
 195 00f2 FFF7FEFF 		bl	local_mult_q15
 196 00f6 238E     		ldrh	r3, [r4, #48]
 197 00f8 0093     		str	r3, [sp]
 198 00fa 0F23     		movs	r3, #15
 199 00fc 4A46     		mov	r2, r9
 200 00fe 0B99     		ldr	r1, [sp, #44]
 201 0100 0798     		ldr	r0, [sp, #28]
 202 0102 FFF7FEFF 		bl	local_mult_q15
 203 0106 238E     		ldrh	r3, [r4, #48]
 204 0108 0093     		str	r3, [sp]
 205 010a 2B46     		mov	r3, r5
 206 010c 099E     		ldr	r6, [sp, #36]
 207 010e 3246     		mov	r2, r6
 208 0110 4946     		mov	r1, r9
 209 0112 5046     		mov	r0, r10
 210 0114 FFF7FEFF 		bl	local_add_q15
 211 0118 228E     		ldrh	r2, [r4, #48]
 212 011a 5200     		lsls	r2, r2, #1
 213 011c 3146     		mov	r1, r6
 214 011e 3846     		mov	r0, r7
 215 0120 FFF7FEFF 		bl	memcpy
 216 0124 E26C     		ldr	r2, [r4, #76]
 217 0126 C2F10702 		rsb	r2, r2, #7
 218 012a 92B2     		uxth	r2, r2
 219 012c 218E     		ldrh	r1, [r4, #48]
 220 012e 3846     		mov	r0, r7
 221 0130 FFF7FEFF 		bl	local_tanh_q15
 222 0134 238E     		ldrh	r3, [r4, #48]
 223 0136 0093     		str	r3, [sp]
 224 0138 0F23     		movs	r3, #15
 225 013a 4A46     		mov	r2, r9
 226 013c 3946     		mov	r1, r7
 227 013e 0898     		ldr	r0, [sp, #32]
 228 0140 FFF7FEFF 		bl	local_mult_q15
 229 0144 238E     		ldrh	r3, [r4, #48]
 230 0146 0822     		movs	r2, #8
 231 0148 E169     		ldr	r1, [r4, #28]
 232 014a 4846     		mov	r0, r9
 233 014c FFF7FEFF 		bl	local_q15_to_q7
ARM GAS  C:\Users\ihavenoK\AppData\Local\Temp\ccdvClub.s 			page 5


 234 0150 2846     		mov	r0, r5
 235 0152 0DB0     		add	sp, sp, #52
 236              		@ sp needed
 237 0154 BDE8F08F 		pop	{r4, r5, r6, r7, r8, r9, r10, fp, pc}
 239              		.section	.text.lstm_cell_s,"ax",%progbits
 240              		.align	1
 241              		.global	lstm_cell_s
 242              		.syntax unified
 243              		.thumb
 244              		.thumb_func
 246              	lstm_cell_s:
 247              		@ args = 0, pretend = 0, frame = 0
 248              		@ frame_needed = 0, uses_anonymous_args = 0
 249 0000 10B5     		push	{r4, lr}
 250 0002 0446     		mov	r4, r0
 251 0004 6020     		movs	r0, #96
 252 0006 FFF7FEFF 		bl	nnom_mem
 253 000a 0346     		mov	r3, r0
 254 000c B0B1     		cbz	r0, .L6
 255 000e 0C4A     		ldr	r2, .L9
 256 0010 0260     		str	r2, [r0]
 257 0012 0C4A     		ldr	r2, .L9+4
 258 0014 4260     		str	r2, [r0, #4]
 259 0016 0C4A     		ldr	r2, .L9+8
 260 0018 8260     		str	r2, [r0, #8]
 261 001a 0461     		str	r4, [r0, #16]
 262 001c A28B     		ldrh	r2, [r4, #28]
 263 001e 0286     		strh	r2, [r0, #48]	@ movhi
 264 0020 0322     		movs	r2, #3
 265 0022 0275     		strb	r2, [r0, #20]
 266 0024 E268     		ldr	r2, [r4, #12]
 267 0026 0264     		str	r2, [r0, #64]
 268 0028 6268     		ldr	r2, [r4, #4]
 269 002a 8263     		str	r2, [r0, #56]
 270 002c A268     		ldr	r2, [r4, #8]
 271 002e C263     		str	r2, [r0, #60]
 272 0030 A269     		ldr	r2, [r4, #24]
 273 0032 C264     		str	r2, [r0, #76]
 274 0034 6269     		ldr	r2, [r4, #20]
 275 0036 8264     		str	r2, [r0, #72]
 276 0038 2269     		ldr	r2, [r4, #16]
 277 003a 4264     		str	r2, [r0, #68]
 278              	.L6:
 279 003c 1846     		mov	r0, r3
 280 003e 10BD     		pop	{r4, pc}
 281              	.L10:
 282              		.align	2
 283              	.L9:
 284 0040 00000000 		.word	lstm_cell_q7_q15_run
 285 0044 00000000 		.word	lstm_cell_q7_q15_build
 286 0048 00000000 		.word	lstm_cell_free
 288              		.ident	"GCC: (Arm GNU Toolchain 14.2.Rel1 (Build arm-14.52)) 14.2.1 20241119"
ARM GAS  C:\Users\ihavenoK\AppData\Local\Temp\ccdvClub.s 			page 6


DEFINED SYMBOLS
                            *ABS*:00000000 nnom_lstm_cell.c
C:\Users\ihavenoK\AppData\Local\Temp\ccdvClub.s:16     .text.lstm_cell_free:00000000 $t
C:\Users\ihavenoK\AppData\Local\Temp\ccdvClub.s:22     .text.lstm_cell_free:00000000 lstm_cell_free
C:\Users\ihavenoK\AppData\Local\Temp\ccdvClub.s:30     .text.lstm_cell_q7_q15_build:00000000 $t
C:\Users\ihavenoK\AppData\Local\Temp\ccdvClub.s:36     .text.lstm_cell_q7_q15_build:00000000 lstm_cell_q7_q15_build
C:\Users\ihavenoK\AppData\Local\Temp\ccdvClub.s:91     .text.lstm_cell_q7_q15_run:00000000 $t
C:\Users\ihavenoK\AppData\Local\Temp\ccdvClub.s:97     .text.lstm_cell_q7_q15_run:00000000 lstm_cell_q7_q15_run
C:\Users\ihavenoK\AppData\Local\Temp\ccdvClub.s:240    .text.lstm_cell_s:00000000 $t
C:\Users\ihavenoK\AppData\Local\Temp\ccdvClub.s:246    .text.lstm_cell_s:00000000 lstm_cell_s
C:\Users\ihavenoK\AppData\Local\Temp\ccdvClub.s:284    .text.lstm_cell_s:00000040 $d

UNDEFINED SYMBOLS
local_q7_to_q15
local_fully_connected_mat_q7_vec_q15_opt
local_add_q15
local_sigmoid_q15
local_tanh_q15
local_mult_q15
memcpy
local_q15_to_q7
nnom_mem
