ARM GAS  C:\Users\ihavenoK\AppData\Local\Temp\ccN3UmOk.s 			page 1


   1              		.cpu cortex-m3
   2              		.arch armv7-m
   3              		.fpu softvfp
   4              		.eabi_attribute 20, 1
   5              		.eabi_attribute 21, 1
   6              		.eabi_attribute 23, 3
   7              		.eabi_attribute 24, 1
   8              		.eabi_attribute 25, 1
   9              		.eabi_attribute 26, 1
  10              		.eabi_attribute 30, 1
  11              		.eabi_attribute 34, 1
  12              		.eabi_attribute 18, 4
  13              		.file	"nnom_upsample.c"
  14              		.text
  15              		.section	.text.upsample_build,"ax",%progbits
  16              		.align	1
  17              		.global	upsample_build
  18              		.syntax unified
  19              		.thumb
  20              		.thumb_func
  22              	upsample_build:
  23              		@ args = 0, pretend = 0, frame = 0
  24              		@ frame_needed = 0, uses_anonymous_args = 0
  25 0000 70B5     		push	{r4, r5, r6, lr}
  26 0002 0446     		mov	r4, r0
  27 0004 036A     		ldr	r3, [r0, #32]
  28 0006 1A68     		ldr	r2, [r3]
  29 0008 D268     		ldr	r2, [r2, #12]
  30 000a DA60     		str	r2, [r3, #12]
  31 000c 036A     		ldr	r3, [r0, #32]
  32 000e D868     		ldr	r0, [r3, #12]
  33 0010 467C     		ldrb	r6, [r0, #17]	@ zero_extendqisi2
  34 0012 FFF7FEFF 		bl	tensor_get_num_channel
  35 0016 0246     		mov	r2, r0
  36 0018 656A     		ldr	r5, [r4, #36]
  37 001a 3146     		mov	r1, r6
  38 001c 0020     		movs	r0, #0
  39 001e FFF7FEFF 		bl	new_tensor
  40 0022 E860     		str	r0, [r5, #12]
  41 0024 226A     		ldr	r2, [r4, #32]
  42 0026 636A     		ldr	r3, [r4, #36]
  43 0028 D168     		ldr	r1, [r2, #12]
  44 002a D868     		ldr	r0, [r3, #12]
  45 002c FFF7FEFF 		bl	tensor_cpy_attr
  46 0030 6369     		ldr	r3, [r4, #20]
  47 0032 3BB1     		cbz	r3, .L2
  48 0034 626A     		ldr	r2, [r4, #36]
  49 0036 D268     		ldr	r2, [r2, #12]
  50 0038 9568     		ldr	r5, [r2, #8]
  51 003a 2968     		ldr	r1, [r5]
  52 003c 187A     		ldrb	r0, [r3, #8]	@ zero_extendqisi2
  53 003e FFF7FEFF 		bl	act_get_dec_bit
  54 0042 2860     		str	r0, [r5]
  55              	.L2:
  56 0044 636A     		ldr	r3, [r4, #36]
  57 0046 DB68     		ldr	r3, [r3, #12]
  58 0048 5A68     		ldr	r2, [r3, #4]
ARM GAS  C:\Users\ihavenoK\AppData\Local\Temp\ccN3UmOk.s 			page 2


  59 004a 236A     		ldr	r3, [r4, #32]
  60 004c DB68     		ldr	r3, [r3, #12]
  61 004e 5B68     		ldr	r3, [r3, #4]
  62 0050 1B88     		ldrh	r3, [r3]
  63 0052 218E     		ldrh	r1, [r4, #48]
  64 0054 01FB03F3 		mul	r3, r1, r3
  65 0058 1380     		strh	r3, [r2]	@ movhi
  66 005a 636A     		ldr	r3, [r4, #36]
  67 005c DB68     		ldr	r3, [r3, #12]
  68 005e 5A68     		ldr	r2, [r3, #4]
  69 0060 236A     		ldr	r3, [r4, #32]
  70 0062 DB68     		ldr	r3, [r3, #12]
  71 0064 5B68     		ldr	r3, [r3, #4]
  72 0066 5B88     		ldrh	r3, [r3, #2]
  73 0068 618E     		ldrh	r1, [r4, #50]
  74 006a 01FB03F3 		mul	r3, r1, r3
  75 006e 5380     		strh	r3, [r2, #2]	@ movhi
  76 0070 0020     		movs	r0, #0
  77 0072 70BD     		pop	{r4, r5, r6, pc}
  79              		.section	.text.upsample_run,"ax",%progbits
  80              		.align	1
  81              		.global	upsample_run
  82              		.syntax unified
  83              		.thumb
  84              		.thumb_func
  86              	upsample_run:
  87              		@ args = 0, pretend = 0, frame = 0
  88              		@ frame_needed = 0, uses_anonymous_args = 0
  89 0000 70B5     		push	{r4, r5, r6, lr}
  90 0002 86B0     		sub	sp, sp, #24
  91 0004 8446     		mov	ip, r0
  92 0006 036A     		ldr	r3, [r0, #32]
  93 0008 D868     		ldr	r0, [r3, #12]
  94 000a 4168     		ldr	r1, [r0, #4]
  95 000c DCF82430 		ldr	r3, [ip, #36]
  96 0010 DC68     		ldr	r4, [r3, #12]
  97 0012 6568     		ldr	r5, [r4, #4]
  98 0014 8B88     		ldrh	r3, [r1, #4]
  99 0016 0A88     		ldrh	r2, [r1]
 100 0018 4988     		ldrh	r1, [r1, #2]
 101 001a 0068     		ldr	r0, [r0]
 102 001c 2468     		ldr	r4, [r4]
 103 001e 0594     		str	r4, [sp, #20]
 104 0020 0024     		movs	r4, #0
 105 0022 0494     		str	r4, [sp, #16]
 106 0024 2E88     		ldrh	r6, [r5]
 107 0026 0396     		str	r6, [sp, #12]
 108 0028 6D88     		ldrh	r5, [r5, #2]
 109 002a 0295     		str	r5, [sp, #8]
 110 002c BCF83050 		ldrh	r5, [ip, #48]
 111 0030 0195     		str	r5, [sp, #4]
 112 0032 BCF83250 		ldrh	r5, [ip, #50]
 113 0036 0095     		str	r5, [sp]
 114 0038 FFF7FEFF 		bl	local_up_sampling_q7_HWC
 115 003c 2046     		mov	r0, r4
 116 003e 06B0     		add	sp, sp, #24
 117              		@ sp needed
ARM GAS  C:\Users\ihavenoK\AppData\Local\Temp\ccN3UmOk.s 			page 3


 118 0040 70BD     		pop	{r4, r5, r6, pc}
 120              		.section	.text.UpSample,"ax",%progbits
 121              		.align	1
 122              		.global	UpSample
 123              		.syntax unified
 124              		.thumb
 125              		.thumb_func
 127              	UpSample:
 128              		@ args = 0, pretend = 0, frame = 8
 129              		@ frame_needed = 0, uses_anonymous_args = 0
 130 0000 10B5     		push	{r4, lr}
 131 0002 82B0     		sub	sp, sp, #8
 132 0004 02AB     		add	r3, sp, #8
 133 0006 03E90300 		stmdb	r3, {r0, r1}
 134 000a 7020     		movs	r0, #112
 135 000c FFF7FEFF 		bl	nnom_mem
 136 0010 0446     		mov	r4, r0
 137 0012 D0B1     		cbz	r0, .L6
 138 0014 1923     		movs	r3, #25
 139 0016 0377     		strb	r3, [r0, #28]
 140 0018 0123     		movs	r3, #1
 141 001a 80F85030 		strb	r3, [r0, #80]
 142 001e 80F86C30 		strb	r3, [r0, #108]
 143 0022 00F13801 		add	r1, r0, #56
 144 0026 FFF7FEFF 		bl	io_init
 145 002a 2062     		str	r0, [r4, #32]
 146 002c 04F15401 		add	r1, r4, #84
 147 0030 2046     		mov	r0, r4
 148 0032 FFF7FEFF 		bl	io_init
 149 0036 6062     		str	r0, [r4, #36]
 150 0038 054B     		ldr	r3, .L9
 151 003a 6360     		str	r3, [r4, #4]
 152 003c 054B     		ldr	r3, .L9+4
 153 003e A360     		str	r3, [r4, #8]
 154 0040 02AB     		add	r3, sp, #8
 155 0042 13E90300 		ldmdb	r3, {r0, r1}
 156 0046 2063     		str	r0, [r4, #48]
 157 0048 A186     		strh	r1, [r4, #52]	@ movhi
 158              	.L6:
 159 004a 2046     		mov	r0, r4
 160 004c 02B0     		add	sp, sp, #8
 161              		@ sp needed
 162 004e 10BD     		pop	{r4, pc}
 163              	.L10:
 164              		.align	2
 165              	.L9:
 166 0050 00000000 		.word	upsample_run
 167 0054 00000000 		.word	upsample_build
 169              		.section	.text.upsample_s,"ax",%progbits
 170              		.align	1
 171              		.global	upsample_s
 172              		.syntax unified
 173              		.thumb
 174              		.thumb_func
 176              	upsample_s:
 177              		@ args = 0, pretend = 0, frame = 8
 178              		@ frame_needed = 0, uses_anonymous_args = 0
ARM GAS  C:\Users\ihavenoK\AppData\Local\Temp\ccN3UmOk.s 			page 4


 179 0000 30B5     		push	{r4, r5, lr}
 180 0002 83B0     		sub	sp, sp, #12
 181 0004 0446     		mov	r4, r0
 182 0006 C288     		ldrh	r2, [r0, #6]
 183 0008 8188     		ldrh	r1, [r0, #4]
 184 000a 6846     		mov	r0, sp
 185 000c FFF7FEFF 		bl	kernel
 186 0010 DDE90001 		ldrd	r0, r1, [sp]
 187 0014 FFF7FEFF 		bl	UpSample
 188 0018 00B1     		cbz	r0, .L11
 189 001a 8461     		str	r4, [r0, #24]
 190              	.L11:
 191 001c 03B0     		add	sp, sp, #12
 192              		@ sp needed
 193 001e 30BD     		pop	{r4, r5, pc}
 195              		.ident	"GCC: (Arm GNU Toolchain 14.2.Rel1 (Build arm-14.52)) 14.2.1 20241119"
ARM GAS  C:\Users\ihavenoK\AppData\Local\Temp\ccN3UmOk.s 			page 5


DEFINED SYMBOLS
                            *ABS*:00000000 nnom_upsample.c
C:\Users\ihavenoK\AppData\Local\Temp\ccN3UmOk.s:16     .text.upsample_build:00000000 $t
C:\Users\ihavenoK\AppData\Local\Temp\ccN3UmOk.s:22     .text.upsample_build:00000000 upsample_build
C:\Users\ihavenoK\AppData\Local\Temp\ccN3UmOk.s:80     .text.upsample_run:00000000 $t
C:\Users\ihavenoK\AppData\Local\Temp\ccN3UmOk.s:86     .text.upsample_run:00000000 upsample_run
C:\Users\ihavenoK\AppData\Local\Temp\ccN3UmOk.s:121    .text.UpSample:00000000 $t
C:\Users\ihavenoK\AppData\Local\Temp\ccN3UmOk.s:127    .text.UpSample:00000000 UpSample
C:\Users\ihavenoK\AppData\Local\Temp\ccN3UmOk.s:166    .text.UpSample:00000050 $d
C:\Users\ihavenoK\AppData\Local\Temp\ccN3UmOk.s:170    .text.upsample_s:00000000 $t
C:\Users\ihavenoK\AppData\Local\Temp\ccN3UmOk.s:176    .text.upsample_s:00000000 upsample_s

UNDEFINED SYMBOLS
tensor_get_num_channel
new_tensor
tensor_cpy_attr
act_get_dec_bit
local_up_sampling_q7_HWC
nnom_mem
io_init
kernel
