ARM GAS  C:\Users\ihavenoK\AppData\Local\Temp\cc699W1j.s 			page 1


   1              		.cpu cortex-m3
   2              		.arch armv7-m
   3              		.fpu softvfp
   4              		.eabi_attribute 20, 1
   5              		.eabi_attribute 21, 1
   6              		.eabi_attribute 23, 3
   7              		.eabi_attribute 24, 1
   8              		.eabi_attribute 25, 1
   9              		.eabi_attribute 26, 1
  10              		.eabi_attribute 30, 1
  11              		.eabi_attribute 34, 1
  12              		.eabi_attribute 18, 4
  13              		.file	"protocol.c"
  14              		.text
  15              		.section	.text.IR_Learn_Pack,"ax",%progbits
  16              		.align	1
  17              		.global	IR_Learn_Pack
  18              		.syntax unified
  19              		.thumb
  20              		.thumb_func
  22              	IR_Learn_Pack:
  23              		@ args = 0, pretend = 0, frame = 0
  24              		@ frame_needed = 0, uses_anonymous_args = 0
  25              		@ link register save eliminated.
  26 0000 0346     		mov	r3, r0
  27 0002 6822     		movs	r2, #104
  28 0004 0270     		strb	r2, [r0]
  29 0006 0820     		movs	r0, #8
  30 0008 5870     		strb	r0, [r3, #1]
  31 000a 0022     		movs	r2, #0
  32 000c 9A70     		strb	r2, [r3, #2]
  33 000e FF22     		movs	r2, #255
  34 0010 DA70     		strb	r2, [r3, #3]
  35 0012 1022     		movs	r2, #16
  36 0014 1A71     		strb	r2, [r3, #4]
  37 0016 5971     		strb	r1, [r3, #5]
  38 0018 01F20F11 		addw	r1, r1, #271
  39 001c 9971     		strb	r1, [r3, #6]
  40 001e 1622     		movs	r2, #22
  41 0020 DA71     		strb	r2, [r3, #7]
  42 0022 7047     		bx	lr
  44              		.section	.text.IR_Send_Pack,"ax",%progbits
  45              		.align	1
  46              		.global	IR_Send_Pack
  47              		.syntax unified
  48              		.thumb
  49              		.thumb_func
  51              	IR_Send_Pack:
  52              		@ args = 0, pretend = 0, frame = 0
  53              		@ frame_needed = 0, uses_anonymous_args = 0
  54              		@ link register save eliminated.
  55 0000 0346     		mov	r3, r0
  56 0002 6822     		movs	r2, #104
  57 0004 0270     		strb	r2, [r0]
  58 0006 0820     		movs	r0, #8
  59 0008 5870     		strb	r0, [r3, #1]
  60 000a 0022     		movs	r2, #0
ARM GAS  C:\Users\ihavenoK\AppData\Local\Temp\cc699W1j.s 			page 2


  61 000c 9A70     		strb	r2, [r3, #2]
  62 000e FF22     		movs	r2, #255
  63 0010 DA70     		strb	r2, [r3, #3]
  64 0012 1222     		movs	r2, #18
  65 0014 1A71     		strb	r2, [r3, #4]
  66 0016 5971     		strb	r1, [r3, #5]
  67 0018 01F21111 		addw	r1, r1, #273
  68 001c 9971     		strb	r1, [r3, #6]
  69 001e 1622     		movs	r2, #22
  70 0020 DA71     		strb	r2, [r3, #7]
  71 0022 7047     		bx	lr
  73              		.ident	"GCC: (Arm GNU Toolchain 14.2.Rel1 (Build arm-14.52)) 14.2.1 20241119"
ARM GAS  C:\Users\ihavenoK\AppData\Local\Temp\cc699W1j.s 			page 3


DEFINED SYMBOLS
                            *ABS*:00000000 protocol.c
C:\Users\ihavenoK\AppData\Local\Temp\cc699W1j.s:16     .text.IR_Learn_Pack:00000000 $t
C:\Users\ihavenoK\AppData\Local\Temp\cc699W1j.s:22     .text.IR_Learn_Pack:00000000 IR_Learn_Pack
C:\Users\ihavenoK\AppData\Local\Temp\cc699W1j.s:45     .text.IR_Send_Pack:00000000 $t
C:\Users\ihavenoK\AppData\Local\Temp\cc699W1j.s:51     .text.IR_Send_Pack:00000000 IR_Send_Pack

NO UNDEFINED SYMBOLS
