ARM GAS  C:\Users\ihavenoK\AppData\Local\Temp\ccoGNpvX.s 			page 1


   1              		.cpu cortex-m3
   2              		.arch armv7-m
   3              		.fpu softvfp
   4              		.eabi_attribute 20, 1
   5              		.eabi_attribute 21, 1
   6              		.eabi_attribute 23, 3
   7              		.eabi_attribute 24, 1
   8              		.eabi_attribute 25, 1
   9              		.eabi_attribute 26, 1
  10              		.eabi_attribute 30, 1
  11              		.eabi_attribute 34, 1
  12              		.eabi_attribute 18, 4
  13              		.file	"stm32f10x_fsmc.c"
  14              		.text
  15              		.section	.text.FSMC_NORSRAMDeInit,"ax",%progbits
  16              		.align	1
  17              		.global	FSMC_NORSRAMDeInit
  18              		.syntax unified
  19              		.thumb
  20              		.thumb_func
  22              	FSMC_NORSRAMDeInit:
  23              		@ args = 0, pretend = 0, frame = 0
  24              		@ frame_needed = 0, uses_anonymous_args = 0
  25              		@ link register save eliminated.
  26 0000 0346     		mov	r3, r0
  27 0002 80B9     		cbnz	r0, .L2
  28 0004 4FF02042 		mov	r2, #-1610612736
  29 0008 43F2DB01 		movw	r1, #12507
  30 000c 1160     		str	r1, [r2]
  31              	.L3:
  32 000e 581C     		adds	r0, r3, #1
  33 0010 6FF07042 		mvn	r2, #-268435456
  34 0014 4FF02041 		mov	r1, #-1610612736
  35 0018 41F82020 		str	r2, [r1, r0, lsl #2]
  36 001c 9B00     		lsls	r3, r3, #2
  37 001e 0B44     		add	r3, r3, r1
  38 0020 C3F80421 		str	r2, [r3, #260]
  39 0024 7047     		bx	lr
  40              	.L2:
  41 0026 4FF02042 		mov	r2, #-1610612736
  42 002a 43F2D201 		movw	r1, #12498
  43 002e 42F82010 		str	r1, [r2, r0, lsl #2]
  44 0032 ECE7     		b	.L3
  46              		.section	.text.FSMC_NANDDeInit,"ax",%progbits
  47              		.align	1
  48              		.global	FSMC_NANDDeInit
  49              		.syntax unified
  50              		.thumb
  51              		.thumb_func
  53              	FSMC_NANDDeInit:
  54              		@ args = 0, pretend = 0, frame = 0
  55              		@ frame_needed = 0, uses_anonymous_args = 0
  56              		@ link register save eliminated.
  57 0000 1028     		cmp	r0, #16
  58 0002 0ED0     		beq	.L7
  59 0004 4FF02043 		mov	r3, #-1610612736
  60 0008 1822     		movs	r2, #24
ARM GAS  C:\Users\ihavenoK\AppData\Local\Temp\ccoGNpvX.s 			page 2


  61 000a C3F88020 		str	r2, [r3, #128]
  62 000e 4022     		movs	r2, #64
  63 0010 C3F88420 		str	r2, [r3, #132]
  64 0014 4FF0FC32 		mov	r2, #-50529028
  65 0018 C3F88820 		str	r2, [r3, #136]
  66 001c C3F88C20 		str	r2, [r3, #140]
  67 0020 7047     		bx	lr
  68              	.L7:
  69 0022 4FF02043 		mov	r3, #-1610612736
  70 0026 1822     		movs	r2, #24
  71 0028 1A66     		str	r2, [r3, #96]
  72 002a 4022     		movs	r2, #64
  73 002c 5A66     		str	r2, [r3, #100]
  74 002e 4FF0FC32 		mov	r2, #-50529028
  75 0032 9A66     		str	r2, [r3, #104]
  76 0034 DA66     		str	r2, [r3, #108]
  77 0036 7047     		bx	lr
  79              		.section	.text.FSMC_PCCARDDeInit,"ax",%progbits
  80              		.align	1
  81              		.global	FSMC_PCCARDDeInit
  82              		.syntax unified
  83              		.thumb
  84              		.thumb_func
  86              	FSMC_PCCARDDeInit:
  87              		@ args = 0, pretend = 0, frame = 0
  88              		@ frame_needed = 0, uses_anonymous_args = 0
  89              		@ link register save eliminated.
  90 0000 4FF02043 		mov	r3, #-1610612736
  91 0004 1822     		movs	r2, #24
  92 0006 C3F8A020 		str	r2, [r3, #160]
  93 000a 0022     		movs	r2, #0
  94 000c C3F8A420 		str	r2, [r3, #164]
  95 0010 4FF0FC32 		mov	r2, #-50529028
  96 0014 C3F8A820 		str	r2, [r3, #168]
  97 0018 C3F8AC20 		str	r2, [r3, #172]
  98 001c C3F8B020 		str	r2, [r3, #176]
  99 0020 7047     		bx	lr
 101              		.section	.text.FSMC_NORSRAMInit,"ax",%progbits
 102              		.align	1
 103              		.global	FSMC_NORSRAMInit
 104              		.syntax unified
 105              		.thumb
 106              		.thumb_func
 108              	FSMC_NORSRAMInit:
 109              		@ args = 0, pretend = 0, frame = 0
 110              		@ frame_needed = 0, uses_anonymous_args = 0
 111              		@ link register save eliminated.
 112 0000 10B4     		push	{r4}
 113 0002 0268     		ldr	r2, [r0]
 114 0004 4368     		ldr	r3, [r0, #4]
 115 0006 8168     		ldr	r1, [r0, #8]
 116 0008 0B43     		orrs	r3, r3, r1
 117 000a C168     		ldr	r1, [r0, #12]
 118 000c 0B43     		orrs	r3, r3, r1
 119 000e 0169     		ldr	r1, [r0, #16]
 120 0010 0B43     		orrs	r3, r3, r1
 121 0012 4169     		ldr	r1, [r0, #20]
ARM GAS  C:\Users\ihavenoK\AppData\Local\Temp\ccoGNpvX.s 			page 3


 122 0014 0B43     		orrs	r3, r3, r1
 123 0016 8169     		ldr	r1, [r0, #24]
 124 0018 0B43     		orrs	r3, r3, r1
 125 001a C169     		ldr	r1, [r0, #28]
 126 001c 0B43     		orrs	r3, r3, r1
 127 001e 016A     		ldr	r1, [r0, #32]
 128 0020 0B43     		orrs	r3, r3, r1
 129 0022 416A     		ldr	r1, [r0, #36]
 130 0024 0B43     		orrs	r3, r3, r1
 131 0026 816A     		ldr	r1, [r0, #40]
 132 0028 0B43     		orrs	r3, r3, r1
 133 002a C16A     		ldr	r1, [r0, #44]
 134 002c 0B43     		orrs	r3, r3, r1
 135 002e 016B     		ldr	r1, [r0, #48]
 136 0030 0B43     		orrs	r3, r3, r1
 137 0032 4FF02041 		mov	r1, #-1610612736
 138 0036 41F82230 		str	r3, [r1, r2, lsl #2]
 139 003a 8368     		ldr	r3, [r0, #8]
 140 003c 082B     		cmp	r3, #8
 141 003e 26D0     		beq	.L14
 142              	.L10:
 143 0040 426B     		ldr	r2, [r0, #52]
 144 0042 0168     		ldr	r1, [r0]
 145 0044 0131     		adds	r1, r1, #1
 146 0046 1368     		ldr	r3, [r2]
 147 0048 9469     		ldr	r4, [r2, #24]
 148 004a 2343     		orrs	r3, r3, r4
 149 004c 5468     		ldr	r4, [r2, #4]
 150 004e 43EA0413 		orr	r3, r3, r4, lsl #4
 151 0052 9468     		ldr	r4, [r2, #8]
 152 0054 43EA0423 		orr	r3, r3, r4, lsl #8
 153 0058 D468     		ldr	r4, [r2, #12]
 154 005a 43EA0443 		orr	r3, r3, r4, lsl #16
 155 005e 1469     		ldr	r4, [r2, #16]
 156 0060 43EA0453 		orr	r3, r3, r4, lsl #20
 157 0064 5269     		ldr	r2, [r2, #20]
 158 0066 43EA0263 		orr	r3, r3, r2, lsl #24
 159 006a 4FF02042 		mov	r2, #-1610612736
 160 006e 42F82130 		str	r3, [r2, r1, lsl #2]
 161 0072 C36A     		ldr	r3, [r0, #44]
 162 0074 B3F5804F 		cmp	r3, #16384
 163 0078 13D0     		beq	.L15
 164 007a 0368     		ldr	r3, [r0]
 165 007c 9B00     		lsls	r3, r3, #2
 166 007e 03F12043 		add	r3, r3, #-1610612736
 167 0082 6FF07042 		mvn	r2, #-268435456
 168 0086 C3F80421 		str	r2, [r3, #260]
 169              	.L9:
 170 008a 10BC     		pop	{r4}
 171 008c 7047     		bx	lr
 172              	.L14:
 173 008e 0168     		ldr	r1, [r0]
 174 0090 4FF02042 		mov	r2, #-1610612736
 175 0094 52F82130 		ldr	r3, [r2, r1, lsl #2]
 176 0098 43F04003 		orr	r3, r3, #64
 177 009c 42F82130 		str	r3, [r2, r1, lsl #2]
 178 00a0 CEE7     		b	.L10
ARM GAS  C:\Users\ihavenoK\AppData\Local\Temp\ccoGNpvX.s 			page 4


 179              	.L15:
 180 00a2 816B     		ldr	r1, [r0, #56]
 181 00a4 0268     		ldr	r2, [r0]
 182 00a6 0B68     		ldr	r3, [r1]
 183 00a8 8869     		ldr	r0, [r1, #24]
 184 00aa 0343     		orrs	r3, r3, r0
 185 00ac 4868     		ldr	r0, [r1, #4]
 186 00ae 43EA0013 		orr	r3, r3, r0, lsl #4
 187 00b2 8868     		ldr	r0, [r1, #8]
 188 00b4 43EA0023 		orr	r3, r3, r0, lsl #8
 189 00b8 0869     		ldr	r0, [r1, #16]
 190 00ba 43EA0053 		orr	r3, r3, r0, lsl #20
 191 00be 4969     		ldr	r1, [r1, #20]
 192 00c0 43EA0163 		orr	r3, r3, r1, lsl #24
 193 00c4 9200     		lsls	r2, r2, #2
 194 00c6 02F12042 		add	r2, r2, #-1610612736
 195 00ca C2F80431 		str	r3, [r2, #260]
 196 00ce DCE7     		b	.L9
 198              		.section	.text.FSMC_NANDInit,"ax",%progbits
 199              		.align	1
 200              		.global	FSMC_NANDInit
 201              		.syntax unified
 202              		.thumb
 203              		.thumb_func
 205              	FSMC_NANDInit:
 206              		@ args = 0, pretend = 0, frame = 0
 207              		@ frame_needed = 0, uses_anonymous_args = 0
 208              		@ link register save eliminated.
 209 0000 30B4     		push	{r4, r5}
 210 0002 4368     		ldr	r3, [r0, #4]
 211 0004 8268     		ldr	r2, [r0, #8]
 212 0006 1343     		orrs	r3, r3, r2
 213 0008 8269     		ldr	r2, [r0, #24]
 214 000a 43EA4233 		orr	r3, r3, r2, lsl #13
 215 000e C268     		ldr	r2, [r0, #12]
 216 0010 1343     		orrs	r3, r3, r2
 217 0012 0269     		ldr	r2, [r0, #16]
 218 0014 1343     		orrs	r3, r3, r2
 219 0016 4269     		ldr	r2, [r0, #20]
 220 0018 43EA4223 		orr	r3, r3, r2, lsl #9
 221 001c 43F00803 		orr	r3, r3, #8
 222 0020 C469     		ldr	r4, [r0, #28]
 223 0022 A268     		ldr	r2, [r4, #8]
 224 0024 1104     		lsls	r1, r2, #16
 225 0026 6268     		ldr	r2, [r4, #4]
 226 0028 41EA0221 		orr	r1, r1, r2, lsl #8
 227 002c 2268     		ldr	r2, [r4]
 228 002e 1143     		orrs	r1, r1, r2
 229 0030 E268     		ldr	r2, [r4, #12]
 230 0032 41EA0261 		orr	r1, r1, r2, lsl #24
 231 0036 046A     		ldr	r4, [r0, #32]
 232 0038 A268     		ldr	r2, [r4, #8]
 233 003a 1204     		lsls	r2, r2, #16
 234 003c 6568     		ldr	r5, [r4, #4]
 235 003e 42EA0522 		orr	r2, r2, r5, lsl #8
 236 0042 2568     		ldr	r5, [r4]
 237 0044 2A43     		orrs	r2, r2, r5
ARM GAS  C:\Users\ihavenoK\AppData\Local\Temp\ccoGNpvX.s 			page 5


 238 0046 E468     		ldr	r4, [r4, #12]
 239 0048 42EA0462 		orr	r2, r2, r4, lsl #24
 240 004c 0068     		ldr	r0, [r0]
 241 004e 1028     		cmp	r0, #16
 242 0050 09D0     		beq	.L20
 243 0052 4FF02040 		mov	r0, #-1610612736
 244 0056 C0F88030 		str	r3, [r0, #128]
 245 005a C0F88810 		str	r1, [r0, #136]
 246 005e C0F88C20 		str	r2, [r0, #140]
 247              	.L16:
 248 0062 30BC     		pop	{r4, r5}
 249 0064 7047     		bx	lr
 250              	.L20:
 251 0066 4FF02040 		mov	r0, #-1610612736
 252 006a 0366     		str	r3, [r0, #96]
 253 006c 8166     		str	r1, [r0, #104]
 254 006e C266     		str	r2, [r0, #108]
 255 0070 F7E7     		b	.L16
 257              		.section	.text.FSMC_PCCARDInit,"ax",%progbits
 258              		.align	1
 259              		.global	FSMC_PCCARDInit
 260              		.syntax unified
 261              		.thumb
 262              		.thumb_func
 264              	FSMC_PCCARDInit:
 265              		@ args = 0, pretend = 0, frame = 0
 266              		@ frame_needed = 0, uses_anonymous_args = 0
 267              		@ link register save eliminated.
 268 0000 10B4     		push	{r4}
 269 0002 4268     		ldr	r2, [r0, #4]
 270 0004 8368     		ldr	r3, [r0, #8]
 271 0006 5B03     		lsls	r3, r3, #13
 272 0008 43EA4223 		orr	r3, r3, r2, lsl #9
 273 000c 0268     		ldr	r2, [r0]
 274 000e 1343     		orrs	r3, r3, r2
 275 0010 43F01003 		orr	r3, r3, #16
 276 0014 4FF02042 		mov	r2, #-1610612736
 277 0018 C2F8A030 		str	r3, [r2, #160]
 278 001c C168     		ldr	r1, [r0, #12]
 279 001e 8B68     		ldr	r3, [r1, #8]
 280 0020 1B04     		lsls	r3, r3, #16
 281 0022 4C68     		ldr	r4, [r1, #4]
 282 0024 43EA0423 		orr	r3, r3, r4, lsl #8
 283 0028 0C68     		ldr	r4, [r1]
 284 002a 2343     		orrs	r3, r3, r4
 285 002c C968     		ldr	r1, [r1, #12]
 286 002e 43EA0163 		orr	r3, r3, r1, lsl #24
 287 0032 C2F8A830 		str	r3, [r2, #168]
 288 0036 0169     		ldr	r1, [r0, #16]
 289 0038 8B68     		ldr	r3, [r1, #8]
 290 003a 1B04     		lsls	r3, r3, #16
 291 003c 4C68     		ldr	r4, [r1, #4]
 292 003e 43EA0423 		orr	r3, r3, r4, lsl #8
 293 0042 0C68     		ldr	r4, [r1]
 294 0044 2343     		orrs	r3, r3, r4
 295 0046 C968     		ldr	r1, [r1, #12]
 296 0048 43EA0163 		orr	r3, r3, r1, lsl #24
ARM GAS  C:\Users\ihavenoK\AppData\Local\Temp\ccoGNpvX.s 			page 6


 297 004c C2F8AC30 		str	r3, [r2, #172]
 298 0050 4169     		ldr	r1, [r0, #20]
 299 0052 4868     		ldr	r0, [r1, #4]
 300 0054 8B68     		ldr	r3, [r1, #8]
 301 0056 1B04     		lsls	r3, r3, #16
 302 0058 43EA0023 		orr	r3, r3, r0, lsl #8
 303 005c 0868     		ldr	r0, [r1]
 304 005e 0343     		orrs	r3, r3, r0
 305 0060 C968     		ldr	r1, [r1, #12]
 306 0062 43EA0163 		orr	r3, r3, r1, lsl #24
 307 0066 C2F8B030 		str	r3, [r2, #176]
 308 006a 10BC     		pop	{r4}
 309 006c 7047     		bx	lr
 311              		.section	.text.FSMC_NORSRAMStructInit,"ax",%progbits
 312              		.align	1
 313              		.global	FSMC_NORSRAMStructInit
 314              		.syntax unified
 315              		.thumb
 316              		.thumb_func
 318              	FSMC_NORSRAMStructInit:
 319              		@ args = 0, pretend = 0, frame = 0
 320              		@ frame_needed = 0, uses_anonymous_args = 0
 321              		@ link register save eliminated.
 322 0000 0023     		movs	r3, #0
 323 0002 0360     		str	r3, [r0]
 324 0004 0222     		movs	r2, #2
 325 0006 4260     		str	r2, [r0, #4]
 326 0008 8360     		str	r3, [r0, #8]
 327 000a C360     		str	r3, [r0, #12]
 328 000c 0361     		str	r3, [r0, #16]
 329 000e 4361     		str	r3, [r0, #20]
 330 0010 8361     		str	r3, [r0, #24]
 331 0012 C361     		str	r3, [r0, #28]
 332 0014 0362     		str	r3, [r0, #32]
 333 0016 4FF48052 		mov	r2, #4096
 334 001a 4262     		str	r2, [r0, #36]
 335 001c 4FF40052 		mov	r2, #8192
 336 0020 8262     		str	r2, [r0, #40]
 337 0022 C362     		str	r3, [r0, #44]
 338 0024 0363     		str	r3, [r0, #48]
 339 0026 416B     		ldr	r1, [r0, #52]
 340 0028 0F22     		movs	r2, #15
 341 002a 0A60     		str	r2, [r1]
 342 002c 416B     		ldr	r1, [r0, #52]
 343 002e 4A60     		str	r2, [r1, #4]
 344 0030 FF21     		movs	r1, #255
 345 0032 D0F834C0 		ldr	ip, [r0, #52]
 346 0036 CCF80810 		str	r1, [ip, #8]
 347 003a D0F834C0 		ldr	ip, [r0, #52]
 348 003e CCF80C20 		str	r2, [ip, #12]
 349 0042 D0F834C0 		ldr	ip, [r0, #52]
 350 0046 CCF81020 		str	r2, [ip, #16]
 351 004a D0F834C0 		ldr	ip, [r0, #52]
 352 004e CCF81420 		str	r2, [ip, #20]
 353 0052 D0F834C0 		ldr	ip, [r0, #52]
 354 0056 CCF81830 		str	r3, [ip, #24]
 355 005a D0F838C0 		ldr	ip, [r0, #56]
ARM GAS  C:\Users\ihavenoK\AppData\Local\Temp\ccoGNpvX.s 			page 7


 356 005e CCF80020 		str	r2, [ip]
 357 0062 D0F838C0 		ldr	ip, [r0, #56]
 358 0066 CCF80420 		str	r2, [ip, #4]
 359 006a D0F838C0 		ldr	ip, [r0, #56]
 360 006e CCF80810 		str	r1, [ip, #8]
 361 0072 816B     		ldr	r1, [r0, #56]
 362 0074 CA60     		str	r2, [r1, #12]
 363 0076 816B     		ldr	r1, [r0, #56]
 364 0078 0A61     		str	r2, [r1, #16]
 365 007a 816B     		ldr	r1, [r0, #56]
 366 007c 4A61     		str	r2, [r1, #20]
 367 007e 826B     		ldr	r2, [r0, #56]
 368 0080 9361     		str	r3, [r2, #24]
 369 0082 7047     		bx	lr
 371              		.section	.text.FSMC_NANDStructInit,"ax",%progbits
 372              		.align	1
 373              		.global	FSMC_NANDStructInit
 374              		.syntax unified
 375              		.thumb
 376              		.thumb_func
 378              	FSMC_NANDStructInit:
 379              		@ args = 0, pretend = 0, frame = 0
 380              		@ frame_needed = 0, uses_anonymous_args = 0
 381              		@ link register save eliminated.
 382 0000 1023     		movs	r3, #16
 383 0002 0360     		str	r3, [r0]
 384 0004 0023     		movs	r3, #0
 385 0006 4360     		str	r3, [r0, #4]
 386 0008 8360     		str	r3, [r0, #8]
 387 000a C360     		str	r3, [r0, #12]
 388 000c 0361     		str	r3, [r0, #16]
 389 000e 4361     		str	r3, [r0, #20]
 390 0010 8361     		str	r3, [r0, #24]
 391 0012 C269     		ldr	r2, [r0, #28]
 392 0014 FC23     		movs	r3, #252
 393 0016 1360     		str	r3, [r2]
 394 0018 C269     		ldr	r2, [r0, #28]
 395 001a 5360     		str	r3, [r2, #4]
 396 001c C269     		ldr	r2, [r0, #28]
 397 001e 9360     		str	r3, [r2, #8]
 398 0020 C269     		ldr	r2, [r0, #28]
 399 0022 D360     		str	r3, [r2, #12]
 400 0024 026A     		ldr	r2, [r0, #32]
 401 0026 1360     		str	r3, [r2]
 402 0028 026A     		ldr	r2, [r0, #32]
 403 002a 5360     		str	r3, [r2, #4]
 404 002c 026A     		ldr	r2, [r0, #32]
 405 002e 9360     		str	r3, [r2, #8]
 406 0030 026A     		ldr	r2, [r0, #32]
 407 0032 D360     		str	r3, [r2, #12]
 408 0034 7047     		bx	lr
 410              		.section	.text.FSMC_PCCARDStructInit,"ax",%progbits
 411              		.align	1
 412              		.global	FSMC_PCCARDStructInit
 413              		.syntax unified
 414              		.thumb
 415              		.thumb_func
ARM GAS  C:\Users\ihavenoK\AppData\Local\Temp\ccoGNpvX.s 			page 8


 417              	FSMC_PCCARDStructInit:
 418              		@ args = 0, pretend = 0, frame = 0
 419              		@ frame_needed = 0, uses_anonymous_args = 0
 420              		@ link register save eliminated.
 421 0000 0023     		movs	r3, #0
 422 0002 0360     		str	r3, [r0]
 423 0004 4360     		str	r3, [r0, #4]
 424 0006 8360     		str	r3, [r0, #8]
 425 0008 C268     		ldr	r2, [r0, #12]
 426 000a FC23     		movs	r3, #252
 427 000c 1360     		str	r3, [r2]
 428 000e C268     		ldr	r2, [r0, #12]
 429 0010 5360     		str	r3, [r2, #4]
 430 0012 C268     		ldr	r2, [r0, #12]
 431 0014 9360     		str	r3, [r2, #8]
 432 0016 C268     		ldr	r2, [r0, #12]
 433 0018 D360     		str	r3, [r2, #12]
 434 001a 0269     		ldr	r2, [r0, #16]
 435 001c 1360     		str	r3, [r2]
 436 001e 0269     		ldr	r2, [r0, #16]
 437 0020 5360     		str	r3, [r2, #4]
 438 0022 0269     		ldr	r2, [r0, #16]
 439 0024 9360     		str	r3, [r2, #8]
 440 0026 0269     		ldr	r2, [r0, #16]
 441 0028 D360     		str	r3, [r2, #12]
 442 002a 4269     		ldr	r2, [r0, #20]
 443 002c 1360     		str	r3, [r2]
 444 002e 4269     		ldr	r2, [r0, #20]
 445 0030 5360     		str	r3, [r2, #4]
 446 0032 4269     		ldr	r2, [r0, #20]
 447 0034 9360     		str	r3, [r2, #8]
 448 0036 4269     		ldr	r2, [r0, #20]
 449 0038 D360     		str	r3, [r2, #12]
 450 003a 7047     		bx	lr
 452              		.section	.text.FSMC_NORSRAMCmd,"ax",%progbits
 453              		.align	1
 454              		.global	FSMC_NORSRAMCmd
 455              		.syntax unified
 456              		.thumb
 457              		.thumb_func
 459              	FSMC_NORSRAMCmd:
 460              		@ args = 0, pretend = 0, frame = 0
 461              		@ frame_needed = 0, uses_anonymous_args = 0
 462              		@ link register save eliminated.
 463 0000 41B1     		cbz	r1, .L27
 464 0002 4FF02042 		mov	r2, #-1610612736
 465 0006 52F82030 		ldr	r3, [r2, r0, lsl #2]
 466 000a 43F00103 		orr	r3, r3, #1
 467 000e 42F82030 		str	r3, [r2, r0, lsl #2]
 468 0012 7047     		bx	lr
 469              	.L27:
 470 0014 4FF02042 		mov	r2, #-1610612736
 471 0018 52F82010 		ldr	r1, [r2, r0, lsl #2]
 472 001c 024B     		ldr	r3, .L29
 473 001e 0B40     		ands	r3, r3, r1
 474 0020 42F82030 		str	r3, [r2, r0, lsl #2]
 475 0024 7047     		bx	lr
ARM GAS  C:\Users\ihavenoK\AppData\Local\Temp\ccoGNpvX.s 			page 9


 476              	.L30:
 477 0026 00BF     		.align	2
 478              	.L29:
 479 0028 FEFF0F00 		.word	1048574
 481              		.section	.text.FSMC_NANDCmd,"ax",%progbits
 482              		.align	1
 483              		.global	FSMC_NANDCmd
 484              		.syntax unified
 485              		.thumb
 486              		.thumb_func
 488              	FSMC_NANDCmd:
 489              		@ args = 0, pretend = 0, frame = 0
 490              		@ frame_needed = 0, uses_anonymous_args = 0
 491              		@ link register save eliminated.
 492 0000 89B1     		cbz	r1, .L32
 493 0002 1028     		cmp	r0, #16
 494 0004 08D0     		beq	.L36
 495 0006 4FF02042 		mov	r2, #-1610612736
 496 000a D2F88030 		ldr	r3, [r2, #128]
 497 000e 43F00403 		orr	r3, r3, #4
 498 0012 C2F88030 		str	r3, [r2, #128]
 499 0016 7047     		bx	lr
 500              	.L36:
 501 0018 4FF02042 		mov	r2, #-1610612736
 502 001c 136E     		ldr	r3, [r2, #96]
 503 001e 43F00403 		orr	r3, r3, #4
 504 0022 1366     		str	r3, [r2, #96]
 505 0024 7047     		bx	lr
 506              	.L32:
 507 0026 1028     		cmp	r0, #16
 508 0028 08D0     		beq	.L37
 509 002a 4FF02042 		mov	r2, #-1610612736
 510 002e D2F88010 		ldr	r1, [r2, #128]
 511 0032 064B     		ldr	r3, .L38
 512 0034 0B40     		ands	r3, r3, r1
 513 0036 C2F88030 		str	r3, [r2, #128]
 514 003a 7047     		bx	lr
 515              	.L37:
 516 003c 4FF02042 		mov	r2, #-1610612736
 517 0040 116E     		ldr	r1, [r2, #96]
 518 0042 024B     		ldr	r3, .L38
 519 0044 0B40     		ands	r3, r3, r1
 520 0046 1366     		str	r3, [r2, #96]
 521 0048 7047     		bx	lr
 522              	.L39:
 523 004a 00BF     		.align	2
 524              	.L38:
 525 004c FBFF0F00 		.word	1048571
 527              		.section	.text.FSMC_PCCARDCmd,"ax",%progbits
 528              		.align	1
 529              		.global	FSMC_PCCARDCmd
 530              		.syntax unified
 531              		.thumb
 532              		.thumb_func
 534              	FSMC_PCCARDCmd:
 535              		@ args = 0, pretend = 0, frame = 0
 536              		@ frame_needed = 0, uses_anonymous_args = 0
ARM GAS  C:\Users\ihavenoK\AppData\Local\Temp\ccoGNpvX.s 			page 10


 537              		@ link register save eliminated.
 538 0000 40B1     		cbz	r0, .L41
 539 0002 4FF02042 		mov	r2, #-1610612736
 540 0006 D2F8A030 		ldr	r3, [r2, #160]
 541 000a 43F00403 		orr	r3, r3, #4
 542 000e C2F8A030 		str	r3, [r2, #160]
 543 0012 7047     		bx	lr
 544              	.L41:
 545 0014 4FF02042 		mov	r2, #-1610612736
 546 0018 D2F8A010 		ldr	r1, [r2, #160]
 547 001c 024B     		ldr	r3, .L43
 548 001e 0B40     		ands	r3, r3, r1
 549 0020 C2F8A030 		str	r3, [r2, #160]
 550 0024 7047     		bx	lr
 551              	.L44:
 552 0026 00BF     		.align	2
 553              	.L43:
 554 0028 FBFF0F00 		.word	1048571
 556              		.section	.text.FSMC_NANDECCCmd,"ax",%progbits
 557              		.align	1
 558              		.global	FSMC_NANDECCCmd
 559              		.syntax unified
 560              		.thumb
 561              		.thumb_func
 563              	FSMC_NANDECCCmd:
 564              		@ args = 0, pretend = 0, frame = 0
 565              		@ frame_needed = 0, uses_anonymous_args = 0
 566              		@ link register save eliminated.
 567 0000 89B1     		cbz	r1, .L46
 568 0002 1028     		cmp	r0, #16
 569 0004 08D0     		beq	.L50
 570 0006 4FF02042 		mov	r2, #-1610612736
 571 000a D2F88030 		ldr	r3, [r2, #128]
 572 000e 43F04003 		orr	r3, r3, #64
 573 0012 C2F88030 		str	r3, [r2, #128]
 574 0016 7047     		bx	lr
 575              	.L50:
 576 0018 4FF02042 		mov	r2, #-1610612736
 577 001c 136E     		ldr	r3, [r2, #96]
 578 001e 43F04003 		orr	r3, r3, #64
 579 0022 1366     		str	r3, [r2, #96]
 580 0024 7047     		bx	lr
 581              	.L46:
 582 0026 1028     		cmp	r0, #16
 583 0028 08D0     		beq	.L51
 584 002a 4FF02042 		mov	r2, #-1610612736
 585 002e D2F88010 		ldr	r1, [r2, #128]
 586 0032 064B     		ldr	r3, .L52
 587 0034 0B40     		ands	r3, r3, r1
 588 0036 C2F88030 		str	r3, [r2, #128]
 589 003a 7047     		bx	lr
 590              	.L51:
 591 003c 4FF02042 		mov	r2, #-1610612736
 592 0040 116E     		ldr	r1, [r2, #96]
 593 0042 024B     		ldr	r3, .L52
 594 0044 0B40     		ands	r3, r3, r1
 595 0046 1366     		str	r3, [r2, #96]
ARM GAS  C:\Users\ihavenoK\AppData\Local\Temp\ccoGNpvX.s 			page 11


 596 0048 7047     		bx	lr
 597              	.L53:
 598 004a 00BF     		.align	2
 599              	.L52:
 600 004c BFFF0F00 		.word	1048511
 602              		.section	.text.FSMC_GetECC,"ax",%progbits
 603              		.align	1
 604              		.global	FSMC_GetECC
 605              		.syntax unified
 606              		.thumb
 607              		.thumb_func
 609              	FSMC_GetECC:
 610              		@ args = 0, pretend = 0, frame = 0
 611              		@ frame_needed = 0, uses_anonymous_args = 0
 612              		@ link register save eliminated.
 613 0000 1028     		cmp	r0, #16
 614 0002 4FF02043 		mov	r3, #-1610612736
 615 0006 0CBF     		ite	eq
 616 0008 586F     		ldreq	r0, [r3, #116]
 617 000a D3F89400 		ldrne	r0, [r3, #148]
 618 000e 7047     		bx	lr
 620              		.section	.text.FSMC_ITConfig,"ax",%progbits
 621              		.align	1
 622              		.global	FSMC_ITConfig
 623              		.syntax unified
 624              		.thumb
 625              		.thumb_func
 627              	FSMC_ITConfig:
 628              		@ args = 0, pretend = 0, frame = 0
 629              		@ frame_needed = 0, uses_anonymous_args = 0
 630              		@ link register save eliminated.
 631 0000 D2B1     		cbz	r2, .L58
 632 0002 1028     		cmp	r0, #16
 633 0004 0AD0     		beq	.L64
 634 0006 B0F5807F 		cmp	r0, #256
 635 000a 0DD0     		beq	.L65
 636 000c 4FF02042 		mov	r2, #-1610612736
 637 0010 D2F8A430 		ldr	r3, [r2, #164]
 638 0014 0B43     		orrs	r3, r3, r1
 639 0016 C2F8A430 		str	r3, [r2, #164]
 640 001a 7047     		bx	lr
 641              	.L64:
 642 001c 4FF02042 		mov	r2, #-1610612736
 643 0020 536E     		ldr	r3, [r2, #100]
 644 0022 0B43     		orrs	r3, r3, r1
 645 0024 5366     		str	r3, [r2, #100]
 646 0026 7047     		bx	lr
 647              	.L65:
 648 0028 4FF02042 		mov	r2, #-1610612736
 649 002c D2F88430 		ldr	r3, [r2, #132]
 650 0030 0B43     		orrs	r3, r3, r1
 651 0032 C2F88430 		str	r3, [r2, #132]
 652 0036 7047     		bx	lr
 653              	.L58:
 654 0038 1028     		cmp	r0, #16
 655 003a 0BD0     		beq	.L66
 656 003c B0F5807F 		cmp	r0, #256
ARM GAS  C:\Users\ihavenoK\AppData\Local\Temp\ccoGNpvX.s 			page 12


 657 0040 0FD0     		beq	.L67
 658 0042 4FF02042 		mov	r2, #-1610612736
 659 0046 D2F8A430 		ldr	r3, [r2, #164]
 660 004a 23EA0103 		bic	r3, r3, r1
 661 004e C2F8A430 		str	r3, [r2, #164]
 662 0052 7047     		bx	lr
 663              	.L66:
 664 0054 4FF02042 		mov	r2, #-1610612736
 665 0058 536E     		ldr	r3, [r2, #100]
 666 005a 23EA0103 		bic	r3, r3, r1
 667 005e 5366     		str	r3, [r2, #100]
 668 0060 7047     		bx	lr
 669              	.L67:
 670 0062 4FF02042 		mov	r2, #-1610612736
 671 0066 D2F88430 		ldr	r3, [r2, #132]
 672 006a 23EA0103 		bic	r3, r3, r1
 673 006e C2F88430 		str	r3, [r2, #132]
 674 0072 7047     		bx	lr
 676              		.section	.text.FSMC_GetFlagStatus,"ax",%progbits
 677              		.align	1
 678              		.global	FSMC_GetFlagStatus
 679              		.syntax unified
 680              		.thumb
 681              		.thumb_func
 683              	FSMC_GetFlagStatus:
 684              		@ args = 0, pretend = 0, frame = 0
 685              		@ frame_needed = 0, uses_anonymous_args = 0
 686              		@ link register save eliminated.
 687 0000 1028     		cmp	r0, #16
 688 0002 0DD0     		beq	.L72
 689 0004 B0F5807F 		cmp	r0, #256
 690 0008 4FF02043 		mov	r3, #-1610612736
 691 000c 0CBF     		ite	eq
 692 000e D3F88400 		ldreq	r0, [r3, #132]
 693 0012 D3F8A400 		ldrne	r0, [r3, #164]
 694              	.L70:
 695 0016 0840     		ands	r0, r0, r1
 696 0018 0038     		subs	r0, r0, #0
 697 001a 18BF     		it	ne
 698 001c 0120     		movne	r0, #1
 699 001e 7047     		bx	lr
 700              	.L72:
 701 0020 4FF02043 		mov	r3, #-1610612736
 702 0024 586E     		ldr	r0, [r3, #100]
 703 0026 F6E7     		b	.L70
 705              		.section	.text.FSMC_ClearFlag,"ax",%progbits
 706              		.align	1
 707              		.global	FSMC_ClearFlag
 708              		.syntax unified
 709              		.thumb
 710              		.thumb_func
 712              	FSMC_ClearFlag:
 713              		@ args = 0, pretend = 0, frame = 0
 714              		@ frame_needed = 0, uses_anonymous_args = 0
 715              		@ link register save eliminated.
 716 0000 1028     		cmp	r0, #16
 717 0002 0BD0     		beq	.L77
ARM GAS  C:\Users\ihavenoK\AppData\Local\Temp\ccoGNpvX.s 			page 13


 718 0004 B0F5807F 		cmp	r0, #256
 719 0008 0FD0     		beq	.L78
 720 000a 4FF02042 		mov	r2, #-1610612736
 721 000e D2F8A430 		ldr	r3, [r2, #164]
 722 0012 23EA0103 		bic	r3, r3, r1
 723 0016 C2F8A430 		str	r3, [r2, #164]
 724 001a 7047     		bx	lr
 725              	.L77:
 726 001c 4FF02042 		mov	r2, #-1610612736
 727 0020 536E     		ldr	r3, [r2, #100]
 728 0022 23EA0103 		bic	r3, r3, r1
 729 0026 5366     		str	r3, [r2, #100]
 730 0028 7047     		bx	lr
 731              	.L78:
 732 002a 4FF02042 		mov	r2, #-1610612736
 733 002e D2F88430 		ldr	r3, [r2, #132]
 734 0032 23EA0103 		bic	r3, r3, r1
 735 0036 C2F88430 		str	r3, [r2, #132]
 736 003a 7047     		bx	lr
 738              		.section	.text.FSMC_GetITStatus,"ax",%progbits
 739              		.align	1
 740              		.global	FSMC_GetITStatus
 741              		.syntax unified
 742              		.thumb
 743              		.thumb_func
 745              	FSMC_GetITStatus:
 746              		@ args = 0, pretend = 0, frame = 0
 747              		@ frame_needed = 0, uses_anonymous_args = 0
 748              		@ link register save eliminated.
 749 0000 1028     		cmp	r0, #16
 750 0002 10D0     		beq	.L85
 751 0004 B0F5807F 		cmp	r0, #256
 752 0008 4FF02043 		mov	r3, #-1610612736
 753 000c 0CBF     		ite	eq
 754 000e D3F88400 		ldreq	r0, [r3, #132]
 755 0012 D3F8A400 		ldrne	r0, [r3, #164]
 756              	.L81:
 757 0016 0842     		tst	r0, r1
 758 0018 09D0     		beq	.L84
 759 001a 00EAD100 		and	r0, r0, r1, lsr #3
 760 001e 0038     		subs	r0, r0, #0
 761 0020 18BF     		it	ne
 762 0022 0120     		movne	r0, #1
 763 0024 7047     		bx	lr
 764              	.L85:
 765 0026 4FF02043 		mov	r3, #-1610612736
 766 002a 586E     		ldr	r0, [r3, #100]
 767 002c F3E7     		b	.L81
 768              	.L84:
 769 002e 0020     		movs	r0, #0
 770 0030 7047     		bx	lr
 772              		.section	.text.FSMC_ClearITPendingBit,"ax",%progbits
 773              		.align	1
 774              		.global	FSMC_ClearITPendingBit
 775              		.syntax unified
 776              		.thumb
 777              		.thumb_func
ARM GAS  C:\Users\ihavenoK\AppData\Local\Temp\ccoGNpvX.s 			page 14


 779              	FSMC_ClearITPendingBit:
 780              		@ args = 0, pretend = 0, frame = 0
 781              		@ frame_needed = 0, uses_anonymous_args = 0
 782              		@ link register save eliminated.
 783 0000 1028     		cmp	r0, #16
 784 0002 0BD0     		beq	.L90
 785 0004 B0F5807F 		cmp	r0, #256
 786 0008 0FD0     		beq	.L91
 787 000a 4FF02042 		mov	r2, #-1610612736
 788 000e D2F8A430 		ldr	r3, [r2, #164]
 789 0012 23EAD103 		bic	r3, r3, r1, lsr #3
 790 0016 C2F8A430 		str	r3, [r2, #164]
 791 001a 7047     		bx	lr
 792              	.L90:
 793 001c 4FF02042 		mov	r2, #-1610612736
 794 0020 536E     		ldr	r3, [r2, #100]
 795 0022 23EAD103 		bic	r3, r3, r1, lsr #3
 796 0026 5366     		str	r3, [r2, #100]
 797 0028 7047     		bx	lr
 798              	.L91:
 799 002a 4FF02042 		mov	r2, #-1610612736
 800 002e D2F88430 		ldr	r3, [r2, #132]
 801 0032 23EAD103 		bic	r3, r3, r1, lsr #3
 802 0036 C2F88430 		str	r3, [r2, #132]
 803 003a 7047     		bx	lr
 805              		.ident	"GCC: (Arm GNU Toolchain 14.2.Rel1 (Build arm-14.52)) 14.2.1 20241119"
ARM GAS  C:\Users\ihavenoK\AppData\Local\Temp\ccoGNpvX.s 			page 15


DEFINED SYMBOLS
                            *ABS*:00000000 stm32f10x_fsmc.c
C:\Users\ihavenoK\AppData\Local\Temp\ccoGNpvX.s:16     .text.FSMC_NORSRAMDeInit:00000000 $t
C:\Users\ihavenoK\AppData\Local\Temp\ccoGNpvX.s:22     .text.FSMC_NORSRAMDeInit:00000000 FSMC_NORSRAMDeInit
C:\Users\ihavenoK\AppData\Local\Temp\ccoGNpvX.s:47     .text.FSMC_NANDDeInit:00000000 $t
C:\Users\ihavenoK\AppData\Local\Temp\ccoGNpvX.s:53     .text.FSMC_NANDDeInit:00000000 FSMC_NANDDeInit
C:\Users\ihavenoK\AppData\Local\Temp\ccoGNpvX.s:80     .text.FSMC_PCCARDDeInit:00000000 $t
C:\Users\ihavenoK\AppData\Local\Temp\ccoGNpvX.s:86     .text.FSMC_PCCARDDeInit:00000000 FSMC_PCCARDDeInit
C:\Users\ihavenoK\AppData\Local\Temp\ccoGNpvX.s:102    .text.FSMC_NORSRAMInit:00000000 $t
C:\Users\ihavenoK\AppData\Local\Temp\ccoGNpvX.s:108    .text.FSMC_NORSRAMInit:00000000 FSMC_NORSRAMInit
C:\Users\ihavenoK\AppData\Local\Temp\ccoGNpvX.s:199    .text.FSMC_NANDInit:00000000 $t
C:\Users\ihavenoK\AppData\Local\Temp\ccoGNpvX.s:205    .text.FSMC_NANDInit:00000000 FSMC_NANDInit
C:\Users\ihavenoK\AppData\Local\Temp\ccoGNpvX.s:258    .text.FSMC_PCCARDInit:00000000 $t
C:\Users\ihavenoK\AppData\Local\Temp\ccoGNpvX.s:264    .text.FSMC_PCCARDInit:00000000 FSMC_PCCARDInit
C:\Users\ihavenoK\AppData\Local\Temp\ccoGNpvX.s:312    .text.FSMC_NORSRAMStructInit:00000000 $t
C:\Users\ihavenoK\AppData\Local\Temp\ccoGNpvX.s:318    .text.FSMC_NORSRAMStructInit:00000000 FSMC_NORSRAMStructInit
C:\Users\ihavenoK\AppData\Local\Temp\ccoGNpvX.s:372    .text.FSMC_NANDStructInit:00000000 $t
C:\Users\ihavenoK\AppData\Local\Temp\ccoGNpvX.s:378    .text.FSMC_NANDStructInit:00000000 FSMC_NANDStructInit
C:\Users\ihavenoK\AppData\Local\Temp\ccoGNpvX.s:411    .text.FSMC_PCCARDStructInit:00000000 $t
C:\Users\ihavenoK\AppData\Local\Temp\ccoGNpvX.s:417    .text.FSMC_PCCARDStructInit:00000000 FSMC_PCCARDStructInit
C:\Users\ihavenoK\AppData\Local\Temp\ccoGNpvX.s:453    .text.FSMC_NORSRAMCmd:00000000 $t
C:\Users\ihavenoK\AppData\Local\Temp\ccoGNpvX.s:459    .text.FSMC_NORSRAMCmd:00000000 FSMC_NORSRAMCmd
C:\Users\ihavenoK\AppData\Local\Temp\ccoGNpvX.s:479    .text.FSMC_NORSRAMCmd:00000028 $d
C:\Users\ihavenoK\AppData\Local\Temp\ccoGNpvX.s:482    .text.FSMC_NANDCmd:00000000 $t
C:\Users\ihavenoK\AppData\Local\Temp\ccoGNpvX.s:488    .text.FSMC_NANDCmd:00000000 FSMC_NANDCmd
C:\Users\ihavenoK\AppData\Local\Temp\ccoGNpvX.s:525    .text.FSMC_NANDCmd:0000004c $d
C:\Users\ihavenoK\AppData\Local\Temp\ccoGNpvX.s:528    .text.FSMC_PCCARDCmd:00000000 $t
C:\Users\ihavenoK\AppData\Local\Temp\ccoGNpvX.s:534    .text.FSMC_PCCARDCmd:00000000 FSMC_PCCARDCmd
C:\Users\ihavenoK\AppData\Local\Temp\ccoGNpvX.s:554    .text.FSMC_PCCARDCmd:00000028 $d
C:\Users\ihavenoK\AppData\Local\Temp\ccoGNpvX.s:557    .text.FSMC_NANDECCCmd:00000000 $t
C:\Users\ihavenoK\AppData\Local\Temp\ccoGNpvX.s:563    .text.FSMC_NANDECCCmd:00000000 FSMC_NANDECCCmd
C:\Users\ihavenoK\AppData\Local\Temp\ccoGNpvX.s:600    .text.FSMC_NANDECCCmd:0000004c $d
C:\Users\ihavenoK\AppData\Local\Temp\ccoGNpvX.s:603    .text.FSMC_GetECC:00000000 $t
C:\Users\ihavenoK\AppData\Local\Temp\ccoGNpvX.s:609    .text.FSMC_GetECC:00000000 FSMC_GetECC
C:\Users\ihavenoK\AppData\Local\Temp\ccoGNpvX.s:621    .text.FSMC_ITConfig:00000000 $t
C:\Users\ihavenoK\AppData\Local\Temp\ccoGNpvX.s:627    .text.FSMC_ITConfig:00000000 FSMC_ITConfig
C:\Users\ihavenoK\AppData\Local\Temp\ccoGNpvX.s:677    .text.FSMC_GetFlagStatus:00000000 $t
C:\Users\ihavenoK\AppData\Local\Temp\ccoGNpvX.s:683    .text.FSMC_GetFlagStatus:00000000 FSMC_GetFlagStatus
C:\Users\ihavenoK\AppData\Local\Temp\ccoGNpvX.s:706    .text.FSMC_ClearFlag:00000000 $t
C:\Users\ihavenoK\AppData\Local\Temp\ccoGNpvX.s:712    .text.FSMC_ClearFlag:00000000 FSMC_ClearFlag
C:\Users\ihavenoK\AppData\Local\Temp\ccoGNpvX.s:739    .text.FSMC_GetITStatus:00000000 $t
C:\Users\ihavenoK\AppData\Local\Temp\ccoGNpvX.s:745    .text.FSMC_GetITStatus:00000000 FSMC_GetITStatus
C:\Users\ihavenoK\AppData\Local\Temp\ccoGNpvX.s:773    .text.FSMC_ClearITPendingBit:00000000 $t
C:\Users\ihavenoK\AppData\Local\Temp\ccoGNpvX.s:779    .text.FSMC_ClearITPendingBit:00000000 FSMC_ClearITPendingBit

NO UNDEFINED SYMBOLS
