ARM GAS  C:\Users\ihavenoK\AppData\Local\Temp\ccZCCV5E.s 			page 1


   1              		.cpu cortex-m3
   2              		.arch armv7-m
   3              		.fpu softvfp
   4              		.eabi_attribute 20, 1
   5              		.eabi_attribute 21, 1
   6              		.eabi_attribute 23, 3
   7              		.eabi_attribute 24, 1
   8              		.eabi_attribute 25, 1
   9              		.eabi_attribute 26, 1
  10              		.eabi_attribute 30, 1
  11              		.eabi_attribute 34, 1
  12              		.eabi_attribute 18, 4
  13              		.file	"stm32f10x_i2c.c"
  14              		.text
  15              		.section	.text.I2C_DeInit,"ax",%progbits
  16              		.align	1
  17              		.global	I2C_DeInit
  18              		.syntax unified
  19              		.thumb
  20              		.thumb_func
  22              	I2C_DeInit:
  23              		@ args = 0, pretend = 0, frame = 0
  24              		@ frame_needed = 0, uses_anonymous_args = 0
  25 0000 08B5     		push	{r3, lr}
  26 0002 0C4B     		ldr	r3, .L6
  27 0004 9842     		cmp	r0, r3
  28 0006 0AD0     		beq	.L5
  29 0008 0121     		movs	r1, #1
  30 000a 4FF48000 		mov	r0, #4194304
  31 000e FFF7FEFF 		bl	RCC_APB1PeriphResetCmd
  32 0012 0021     		movs	r1, #0
  33 0014 4FF48000 		mov	r0, #4194304
  34 0018 FFF7FEFF 		bl	RCC_APB1PeriphResetCmd
  35              	.L1:
  36 001c 08BD     		pop	{r3, pc}
  37              	.L5:
  38 001e 0121     		movs	r1, #1
  39 0020 4FF40010 		mov	r0, #2097152
  40 0024 FFF7FEFF 		bl	RCC_APB1PeriphResetCmd
  41 0028 0021     		movs	r1, #0
  42 002a 4FF40010 		mov	r0, #2097152
  43 002e FFF7FEFF 		bl	RCC_APB1PeriphResetCmd
  44 0032 F3E7     		b	.L1
  45              	.L7:
  46              		.align	2
  47              	.L6:
  48 0034 00540040 		.word	1073763328
  50              		.section	.text.I2C_Init,"ax",%progbits
  51              		.align	1
  52              		.global	I2C_Init
  53              		.syntax unified
  54              		.thumb
  55              		.thumb_func
  57              	I2C_Init:
  58              		@ args = 0, pretend = 0, frame = 24
  59              		@ frame_needed = 0, uses_anonymous_args = 0
  60 0000 70B5     		push	{r4, r5, r6, lr}
ARM GAS  C:\Users\ihavenoK\AppData\Local\Temp\ccZCCV5E.s 			page 2


  61 0002 86B0     		sub	sp, sp, #24
  62 0004 0446     		mov	r4, r0
  63 0006 0D46     		mov	r5, r1
  64 0008 8688     		ldrh	r6, [r0, #4]
  65 000a 26F03F06 		bic	r6, r6, #63
  66 000e 3604     		lsls	r6, r6, #16
  67 0010 360C     		lsrs	r6, r6, #16
  68 0012 01A8     		add	r0, sp, #4
  69 0014 FFF7FEFF 		bl	RCC_GetClocksFreq
  70 0018 0399     		ldr	r1, [sp, #12]
  71 001a 2D4B     		ldr	r3, .L16
  72 001c A3FB0123 		umull	r2, r3, r3, r1
  73 0020 9A0C     		lsrs	r2, r3, #18
  74 0022 46EA9346 		orr	r6, r6, r3, lsr #18
  75 0026 A680     		strh	r6, [r4, #4]	@ movhi
  76 0028 2388     		ldrh	r3, [r4]
  77 002a 23F00103 		bic	r3, r3, #1
  78 002e 1B04     		lsls	r3, r3, #16
  79 0030 1B0C     		lsrs	r3, r3, #16
  80 0032 2380     		strh	r3, [r4]	@ movhi
  81 0034 2B68     		ldr	r3, [r5]
  82 0036 274E     		ldr	r6, .L16+4
  83 0038 B342     		cmp	r3, r6
  84 003a 22D8     		bhi	.L9
  85 003c 1046     		mov	r0, r2
  86 003e 5B00     		lsls	r3, r3, #1
  87 0040 B1FBF3F3 		udiv	r3, r1, r3
  88 0044 9BB2     		uxth	r3, r3
  89 0046 042B     		cmp	r3, #4
  90 0048 38BF     		it	cc
  91 004a 0423     		movcc	r3, #4
  92 004c 0130     		adds	r0, r0, #1
  93 004e 2084     		strh	r0, [r4, #32]	@ movhi
  94              	.L10:
  95 0050 A383     		strh	r3, [r4, #28]	@ movhi
  96 0052 2388     		ldrh	r3, [r4]
  97 0054 9BB2     		uxth	r3, r3
  98 0056 43F00103 		orr	r3, r3, #1
  99 005a 2380     		strh	r3, [r4]	@ movhi
 100 005c 2388     		ldrh	r3, [r4]
 101 005e 9BB2     		uxth	r3, r3
 102 0060 23F48163 		bic	r3, r3, #1032
 103 0064 23F00203 		bic	r3, r3, #2
 104 0068 AA88     		ldrh	r2, [r5, #4]
 105 006a 6989     		ldrh	r1, [r5, #10]
 106 006c 0A43     		orrs	r2, r2, r1
 107 006e 1343     		orrs	r3, r3, r2
 108 0070 9BB2     		uxth	r3, r3
 109 0072 2380     		strh	r3, [r4]	@ movhi
 110 0074 AB89     		ldrh	r3, [r5, #12]
 111 0076 2A89     		ldrh	r2, [r5, #8]
 112 0078 1343     		orrs	r3, r3, r2
 113 007a 9BB2     		uxth	r3, r3
 114 007c 2381     		strh	r3, [r4, #8]	@ movhi
 115 007e 06B0     		add	sp, sp, #24
 116              		@ sp needed
 117 0080 70BD     		pop	{r4, r5, r6, pc}
ARM GAS  C:\Users\ihavenoK\AppData\Local\Temp\ccZCCV5E.s 			page 3


 118              	.L9:
 119 0082 EE88     		ldrh	r6, [r5, #6]
 120 0084 4BF6FF70 		movw	r0, #49151
 121 0088 8642     		cmp	r6, r0
 122 008a 1AD0     		beq	.L15
 123 008c 03EB8303 		add	r3, r3, r3, lsl #2
 124 0090 03EB8303 		add	r3, r3, r3, lsl #2
 125 0094 B1FBF3F1 		udiv	r1, r1, r3
 126 0098 89B2     		uxth	r1, r1
 127 009a 41F48043 		orr	r3, r1, #16384
 128              	.L12:
 129 009e C3F30B01 		ubfx	r1, r3, #0, #12
 130 00a2 09B9     		cbnz	r1, .L13
 131 00a4 43F00103 		orr	r3, r3, #1
 132              	.L13:
 133 00a8 43F40043 		orr	r3, r3, #32768
 134 00ac 4FF49671 		mov	r1, #300
 135 00b0 01FB02F2 		mul	r2, r1, r2
 136 00b4 0849     		ldr	r1, .L16+8
 137 00b6 81FB0212 		smull	r1, r2, r1, r2
 138 00ba 9211     		asrs	r2, r2, #6
 139 00bc 0132     		adds	r2, r2, #1
 140 00be 2284     		strh	r2, [r4, #32]	@ movhi
 141 00c0 C6E7     		b	.L10
 142              	.L15:
 143 00c2 03EB4303 		add	r3, r3, r3, lsl #1
 144 00c6 B1FBF3F3 		udiv	r3, r1, r3
 145 00ca 9BB2     		uxth	r3, r3
 146 00cc E7E7     		b	.L12
 147              	.L17:
 148 00ce 00BF     		.align	2
 149              	.L16:
 150 00d0 83DE1B43 		.word	1125899907
 151 00d4 A0860100 		.word	100000
 152 00d8 D34D6210 		.word	274877907
 154              		.section	.text.I2C_StructInit,"ax",%progbits
 155              		.align	1
 156              		.global	I2C_StructInit
 157              		.syntax unified
 158              		.thumb
 159              		.thumb_func
 161              	I2C_StructInit:
 162              		@ args = 0, pretend = 0, frame = 0
 163              		@ frame_needed = 0, uses_anonymous_args = 0
 164              		@ link register save eliminated.
 165 0000 41F28833 		movw	r3, #5000
 166 0004 0360     		str	r3, [r0]
 167 0006 0023     		movs	r3, #0
 168 0008 8380     		strh	r3, [r0, #4]	@ movhi
 169 000a 4BF6FF72 		movw	r2, #49151
 170 000e C280     		strh	r2, [r0, #6]	@ movhi
 171 0010 0381     		strh	r3, [r0, #8]	@ movhi
 172 0012 4381     		strh	r3, [r0, #10]	@ movhi
 173 0014 4FF48043 		mov	r3, #16384
 174 0018 8381     		strh	r3, [r0, #12]	@ movhi
 175 001a 7047     		bx	lr
 177              		.section	.text.I2C_Cmd,"ax",%progbits
ARM GAS  C:\Users\ihavenoK\AppData\Local\Temp\ccZCCV5E.s 			page 4


 178              		.align	1
 179              		.global	I2C_Cmd
 180              		.syntax unified
 181              		.thumb
 182              		.thumb_func
 184              	I2C_Cmd:
 185              		@ args = 0, pretend = 0, frame = 0
 186              		@ frame_needed = 0, uses_anonymous_args = 0
 187              		@ link register save eliminated.
 188 0000 29B1     		cbz	r1, .L20
 189 0002 0388     		ldrh	r3, [r0]
 190 0004 9BB2     		uxth	r3, r3
 191 0006 43F00103 		orr	r3, r3, #1
 192 000a 0380     		strh	r3, [r0]	@ movhi
 193 000c 7047     		bx	lr
 194              	.L20:
 195 000e 0388     		ldrh	r3, [r0]
 196 0010 23F00103 		bic	r3, r3, #1
 197 0014 1B04     		lsls	r3, r3, #16
 198 0016 1B0C     		lsrs	r3, r3, #16
 199 0018 0380     		strh	r3, [r0]	@ movhi
 200 001a 7047     		bx	lr
 202              		.section	.text.I2C_DMACmd,"ax",%progbits
 203              		.align	1
 204              		.global	I2C_DMACmd
 205              		.syntax unified
 206              		.thumb
 207              		.thumb_func
 209              	I2C_DMACmd:
 210              		@ args = 0, pretend = 0, frame = 0
 211              		@ frame_needed = 0, uses_anonymous_args = 0
 212              		@ link register save eliminated.
 213 0000 29B1     		cbz	r1, .L23
 214 0002 8388     		ldrh	r3, [r0, #4]
 215 0004 9BB2     		uxth	r3, r3
 216 0006 43F40063 		orr	r3, r3, #2048
 217 000a 8380     		strh	r3, [r0, #4]	@ movhi
 218 000c 7047     		bx	lr
 219              	.L23:
 220 000e 8388     		ldrh	r3, [r0, #4]
 221 0010 23F40063 		bic	r3, r3, #2048
 222 0014 1B04     		lsls	r3, r3, #16
 223 0016 1B0C     		lsrs	r3, r3, #16
 224 0018 8380     		strh	r3, [r0, #4]	@ movhi
 225 001a 7047     		bx	lr
 227              		.section	.text.I2C_DMALastTransferCmd,"ax",%progbits
 228              		.align	1
 229              		.global	I2C_DMALastTransferCmd
 230              		.syntax unified
 231              		.thumb
 232              		.thumb_func
 234              	I2C_DMALastTransferCmd:
 235              		@ args = 0, pretend = 0, frame = 0
 236              		@ frame_needed = 0, uses_anonymous_args = 0
 237              		@ link register save eliminated.
 238 0000 29B1     		cbz	r1, .L26
 239 0002 8388     		ldrh	r3, [r0, #4]
ARM GAS  C:\Users\ihavenoK\AppData\Local\Temp\ccZCCV5E.s 			page 5


 240 0004 9BB2     		uxth	r3, r3
 241 0006 43F48053 		orr	r3, r3, #4096
 242 000a 8380     		strh	r3, [r0, #4]	@ movhi
 243 000c 7047     		bx	lr
 244              	.L26:
 245 000e 8388     		ldrh	r3, [r0, #4]
 246 0010 23F48053 		bic	r3, r3, #4096
 247 0014 1B04     		lsls	r3, r3, #16
 248 0016 1B0C     		lsrs	r3, r3, #16
 249 0018 8380     		strh	r3, [r0, #4]	@ movhi
 250 001a 7047     		bx	lr
 252              		.section	.text.I2C_GenerateSTART,"ax",%progbits
 253              		.align	1
 254              		.global	I2C_GenerateSTART
 255              		.syntax unified
 256              		.thumb
 257              		.thumb_func
 259              	I2C_GenerateSTART:
 260              		@ args = 0, pretend = 0, frame = 0
 261              		@ frame_needed = 0, uses_anonymous_args = 0
 262              		@ link register save eliminated.
 263 0000 29B1     		cbz	r1, .L29
 264 0002 0388     		ldrh	r3, [r0]
 265 0004 9BB2     		uxth	r3, r3
 266 0006 43F48073 		orr	r3, r3, #256
 267 000a 0380     		strh	r3, [r0]	@ movhi
 268 000c 7047     		bx	lr
 269              	.L29:
 270 000e 0388     		ldrh	r3, [r0]
 271 0010 23F48073 		bic	r3, r3, #256
 272 0014 1B04     		lsls	r3, r3, #16
 273 0016 1B0C     		lsrs	r3, r3, #16
 274 0018 0380     		strh	r3, [r0]	@ movhi
 275 001a 7047     		bx	lr
 277              		.section	.text.I2C_GenerateSTOP,"ax",%progbits
 278              		.align	1
 279              		.global	I2C_GenerateSTOP
 280              		.syntax unified
 281              		.thumb
 282              		.thumb_func
 284              	I2C_GenerateSTOP:
 285              		@ args = 0, pretend = 0, frame = 0
 286              		@ frame_needed = 0, uses_anonymous_args = 0
 287              		@ link register save eliminated.
 288 0000 29B1     		cbz	r1, .L32
 289 0002 0388     		ldrh	r3, [r0]
 290 0004 9BB2     		uxth	r3, r3
 291 0006 43F40073 		orr	r3, r3, #512
 292 000a 0380     		strh	r3, [r0]	@ movhi
 293 000c 7047     		bx	lr
 294              	.L32:
 295 000e 0388     		ldrh	r3, [r0]
 296 0010 23F40073 		bic	r3, r3, #512
 297 0014 1B04     		lsls	r3, r3, #16
 298 0016 1B0C     		lsrs	r3, r3, #16
 299 0018 0380     		strh	r3, [r0]	@ movhi
 300 001a 7047     		bx	lr
ARM GAS  C:\Users\ihavenoK\AppData\Local\Temp\ccZCCV5E.s 			page 6


 302              		.section	.text.I2C_AcknowledgeConfig,"ax",%progbits
 303              		.align	1
 304              		.global	I2C_AcknowledgeConfig
 305              		.syntax unified
 306              		.thumb
 307              		.thumb_func
 309              	I2C_AcknowledgeConfig:
 310              		@ args = 0, pretend = 0, frame = 0
 311              		@ frame_needed = 0, uses_anonymous_args = 0
 312              		@ link register save eliminated.
 313 0000 29B1     		cbz	r1, .L35
 314 0002 0388     		ldrh	r3, [r0]
 315 0004 9BB2     		uxth	r3, r3
 316 0006 43F48063 		orr	r3, r3, #1024
 317 000a 0380     		strh	r3, [r0]	@ movhi
 318 000c 7047     		bx	lr
 319              	.L35:
 320 000e 0388     		ldrh	r3, [r0]
 321 0010 23F48063 		bic	r3, r3, #1024
 322 0014 1B04     		lsls	r3, r3, #16
 323 0016 1B0C     		lsrs	r3, r3, #16
 324 0018 0380     		strh	r3, [r0]	@ movhi
 325 001a 7047     		bx	lr
 327              		.section	.text.I2C_OwnAddress2Config,"ax",%progbits
 328              		.align	1
 329              		.global	I2C_OwnAddress2Config
 330              		.syntax unified
 331              		.thumb
 332              		.thumb_func
 334              	I2C_OwnAddress2Config:
 335              		@ args = 0, pretend = 0, frame = 0
 336              		@ frame_needed = 0, uses_anonymous_args = 0
 337              		@ link register save eliminated.
 338 0000 8389     		ldrh	r3, [r0, #12]
 339 0002 23F0FE03 		bic	r3, r3, #254
 340 0006 1B04     		lsls	r3, r3, #16
 341 0008 1B0C     		lsrs	r3, r3, #16
 342 000a 01F0FE01 		and	r1, r1, #254
 343 000e 0B43     		orrs	r3, r3, r1
 344 0010 8381     		strh	r3, [r0, #12]	@ movhi
 345 0012 7047     		bx	lr
 347              		.section	.text.I2C_DualAddressCmd,"ax",%progbits
 348              		.align	1
 349              		.global	I2C_DualAddressCmd
 350              		.syntax unified
 351              		.thumb
 352              		.thumb_func
 354              	I2C_DualAddressCmd:
 355              		@ args = 0, pretend = 0, frame = 0
 356              		@ frame_needed = 0, uses_anonymous_args = 0
 357              		@ link register save eliminated.
 358 0000 29B1     		cbz	r1, .L39
 359 0002 8389     		ldrh	r3, [r0, #12]
 360 0004 9BB2     		uxth	r3, r3
 361 0006 43F00103 		orr	r3, r3, #1
 362 000a 8381     		strh	r3, [r0, #12]	@ movhi
 363 000c 7047     		bx	lr
ARM GAS  C:\Users\ihavenoK\AppData\Local\Temp\ccZCCV5E.s 			page 7


 364              	.L39:
 365 000e 8389     		ldrh	r3, [r0, #12]
 366 0010 23F00103 		bic	r3, r3, #1
 367 0014 1B04     		lsls	r3, r3, #16
 368 0016 1B0C     		lsrs	r3, r3, #16
 369 0018 8381     		strh	r3, [r0, #12]	@ movhi
 370 001a 7047     		bx	lr
 372              		.section	.text.I2C_GeneralCallCmd,"ax",%progbits
 373              		.align	1
 374              		.global	I2C_GeneralCallCmd
 375              		.syntax unified
 376              		.thumb
 377              		.thumb_func
 379              	I2C_GeneralCallCmd:
 380              		@ args = 0, pretend = 0, frame = 0
 381              		@ frame_needed = 0, uses_anonymous_args = 0
 382              		@ link register save eliminated.
 383 0000 29B1     		cbz	r1, .L42
 384 0002 0388     		ldrh	r3, [r0]
 385 0004 9BB2     		uxth	r3, r3
 386 0006 43F04003 		orr	r3, r3, #64
 387 000a 0380     		strh	r3, [r0]	@ movhi
 388 000c 7047     		bx	lr
 389              	.L42:
 390 000e 0388     		ldrh	r3, [r0]
 391 0010 23F04003 		bic	r3, r3, #64
 392 0014 1B04     		lsls	r3, r3, #16
 393 0016 1B0C     		lsrs	r3, r3, #16
 394 0018 0380     		strh	r3, [r0]	@ movhi
 395 001a 7047     		bx	lr
 397              		.section	.text.I2C_ITConfig,"ax",%progbits
 398              		.align	1
 399              		.global	I2C_ITConfig
 400              		.syntax unified
 401              		.thumb
 402              		.thumb_func
 404              	I2C_ITConfig:
 405              		@ args = 0, pretend = 0, frame = 0
 406              		@ frame_needed = 0, uses_anonymous_args = 0
 407              		@ link register save eliminated.
 408 0000 22B1     		cbz	r2, .L45
 409 0002 8388     		ldrh	r3, [r0, #4]
 410 0004 9BB2     		uxth	r3, r3
 411 0006 0B43     		orrs	r3, r3, r1
 412 0008 8380     		strh	r3, [r0, #4]	@ movhi
 413 000a 7047     		bx	lr
 414              	.L45:
 415 000c 8388     		ldrh	r3, [r0, #4]
 416 000e 9BB2     		uxth	r3, r3
 417 0010 23EA0103 		bic	r3, r3, r1
 418 0014 8380     		strh	r3, [r0, #4]	@ movhi
 419 0016 7047     		bx	lr
 421              		.section	.text.I2C_SendData,"ax",%progbits
 422              		.align	1
 423              		.global	I2C_SendData
 424              		.syntax unified
 425              		.thumb
ARM GAS  C:\Users\ihavenoK\AppData\Local\Temp\ccZCCV5E.s 			page 8


 426              		.thumb_func
 428              	I2C_SendData:
 429              		@ args = 0, pretend = 0, frame = 0
 430              		@ frame_needed = 0, uses_anonymous_args = 0
 431              		@ link register save eliminated.
 432 0000 0182     		strh	r1, [r0, #16]	@ movhi
 433 0002 7047     		bx	lr
 435              		.section	.text.I2C_ReceiveData,"ax",%progbits
 436              		.align	1
 437              		.global	I2C_ReceiveData
 438              		.syntax unified
 439              		.thumb
 440              		.thumb_func
 442              	I2C_ReceiveData:
 443              		@ args = 0, pretend = 0, frame = 0
 444              		@ frame_needed = 0, uses_anonymous_args = 0
 445              		@ link register save eliminated.
 446 0000 008A     		ldrh	r0, [r0, #16]
 447 0002 C0B2     		uxtb	r0, r0
 448 0004 7047     		bx	lr
 450              		.section	.text.I2C_Send7bitAddress,"ax",%progbits
 451              		.align	1
 452              		.global	I2C_Send7bitAddress
 453              		.syntax unified
 454              		.thumb
 455              		.thumb_func
 457              	I2C_Send7bitAddress:
 458              		@ args = 0, pretend = 0, frame = 0
 459              		@ frame_needed = 0, uses_anonymous_args = 0
 460              		@ link register save eliminated.
 461 0000 1AB1     		cbz	r2, .L50
 462 0002 41F00101 		orr	r1, r1, #1
 463              	.L51:
 464 0006 0182     		strh	r1, [r0, #16]	@ movhi
 465 0008 7047     		bx	lr
 466              	.L50:
 467 000a 01F0FE01 		and	r1, r1, #254
 468 000e FAE7     		b	.L51
 470              		.section	.text.I2C_ReadRegister,"ax",%progbits
 471              		.align	1
 472              		.global	I2C_ReadRegister
 473              		.syntax unified
 474              		.thumb
 475              		.thumb_func
 477              	I2C_ReadRegister:
 478              		@ args = 0, pretend = 0, frame = 8
 479              		@ frame_needed = 0, uses_anonymous_args = 0
 480              		@ link register save eliminated.
 481 0000 82B0     		sub	sp, sp, #8
 482 0002 0023     		movs	r3, #0
 483 0004 0193     		str	r3, [sp, #4]
 484 0006 0190     		str	r0, [sp, #4]
 485 0008 019B     		ldr	r3, [sp, #4]
 486 000a 1944     		add	r1, r1, r3
 487 000c 0191     		str	r1, [sp, #4]
 488 000e 019B     		ldr	r3, [sp, #4]
 489 0010 1888     		ldrh	r0, [r3]
ARM GAS  C:\Users\ihavenoK\AppData\Local\Temp\ccZCCV5E.s 			page 9


 490 0012 80B2     		uxth	r0, r0
 491 0014 02B0     		add	sp, sp, #8
 492              		@ sp needed
 493 0016 7047     		bx	lr
 495              		.section	.text.I2C_SoftwareResetCmd,"ax",%progbits
 496              		.align	1
 497              		.global	I2C_SoftwareResetCmd
 498              		.syntax unified
 499              		.thumb
 500              		.thumb_func
 502              	I2C_SoftwareResetCmd:
 503              		@ args = 0, pretend = 0, frame = 0
 504              		@ frame_needed = 0, uses_anonymous_args = 0
 505              		@ link register save eliminated.
 506 0000 39B1     		cbz	r1, .L55
 507 0002 0388     		ldrh	r3, [r0]
 508 0004 6FEA4343 		mvn	r3, r3, lsl #17
 509 0008 6FEA5343 		mvn	r3, r3, lsr #17
 510 000c 9BB2     		uxth	r3, r3
 511 000e 0380     		strh	r3, [r0]	@ movhi
 512 0010 7047     		bx	lr
 513              	.L55:
 514 0012 0388     		ldrh	r3, [r0]
 515 0014 C3F30E03 		ubfx	r3, r3, #0, #15
 516 0018 0380     		strh	r3, [r0]	@ movhi
 517 001a 7047     		bx	lr
 519              		.section	.text.I2C_NACKPositionConfig,"ax",%progbits
 520              		.align	1
 521              		.global	I2C_NACKPositionConfig
 522              		.syntax unified
 523              		.thumb
 524              		.thumb_func
 526              	I2C_NACKPositionConfig:
 527              		@ args = 0, pretend = 0, frame = 0
 528              		@ frame_needed = 0, uses_anonymous_args = 0
 529              		@ link register save eliminated.
 530 0000 B1F5006F 		cmp	r1, #2048
 531 0004 06D0     		beq	.L60
 532 0006 0388     		ldrh	r3, [r0]
 533 0008 23F40063 		bic	r3, r3, #2048
 534 000c 1B04     		lsls	r3, r3, #16
 535 000e 1B0C     		lsrs	r3, r3, #16
 536 0010 0380     		strh	r3, [r0]	@ movhi
 537 0012 7047     		bx	lr
 538              	.L60:
 539 0014 0388     		ldrh	r3, [r0]
 540 0016 9BB2     		uxth	r3, r3
 541 0018 43F40063 		orr	r3, r3, #2048
 542 001c 0380     		strh	r3, [r0]	@ movhi
 543 001e 7047     		bx	lr
 545              		.section	.text.I2C_SMBusAlertConfig,"ax",%progbits
 546              		.align	1
 547              		.global	I2C_SMBusAlertConfig
 548              		.syntax unified
 549              		.thumb
 550              		.thumb_func
 552              	I2C_SMBusAlertConfig:
ARM GAS  C:\Users\ihavenoK\AppData\Local\Temp\ccZCCV5E.s 			page 10


 553              		@ args = 0, pretend = 0, frame = 0
 554              		@ frame_needed = 0, uses_anonymous_args = 0
 555              		@ link register save eliminated.
 556 0000 B1F5005F 		cmp	r1, #8192
 557 0004 06D0     		beq	.L64
 558 0006 0388     		ldrh	r3, [r0]
 559 0008 23F40053 		bic	r3, r3, #8192
 560 000c 1B04     		lsls	r3, r3, #16
 561 000e 1B0C     		lsrs	r3, r3, #16
 562 0010 0380     		strh	r3, [r0]	@ movhi
 563 0012 7047     		bx	lr
 564              	.L64:
 565 0014 0388     		ldrh	r3, [r0]
 566 0016 9BB2     		uxth	r3, r3
 567 0018 43F40053 		orr	r3, r3, #8192
 568 001c 0380     		strh	r3, [r0]	@ movhi
 569 001e 7047     		bx	lr
 571              		.section	.text.I2C_TransmitPEC,"ax",%progbits
 572              		.align	1
 573              		.global	I2C_TransmitPEC
 574              		.syntax unified
 575              		.thumb
 576              		.thumb_func
 578              	I2C_TransmitPEC:
 579              		@ args = 0, pretend = 0, frame = 0
 580              		@ frame_needed = 0, uses_anonymous_args = 0
 581              		@ link register save eliminated.
 582 0000 29B1     		cbz	r1, .L66
 583 0002 0388     		ldrh	r3, [r0]
 584 0004 9BB2     		uxth	r3, r3
 585 0006 43F48053 		orr	r3, r3, #4096
 586 000a 0380     		strh	r3, [r0]	@ movhi
 587 000c 7047     		bx	lr
 588              	.L66:
 589 000e 0388     		ldrh	r3, [r0]
 590 0010 23F48053 		bic	r3, r3, #4096
 591 0014 1B04     		lsls	r3, r3, #16
 592 0016 1B0C     		lsrs	r3, r3, #16
 593 0018 0380     		strh	r3, [r0]	@ movhi
 594 001a 7047     		bx	lr
 596              		.section	.text.I2C_PECPositionConfig,"ax",%progbits
 597              		.align	1
 598              		.global	I2C_PECPositionConfig
 599              		.syntax unified
 600              		.thumb
 601              		.thumb_func
 603              	I2C_PECPositionConfig:
 604              		@ args = 0, pretend = 0, frame = 0
 605              		@ frame_needed = 0, uses_anonymous_args = 0
 606              		@ link register save eliminated.
 607 0000 B1F5006F 		cmp	r1, #2048
 608 0004 06D0     		beq	.L71
 609 0006 0388     		ldrh	r3, [r0]
 610 0008 23F40063 		bic	r3, r3, #2048
 611 000c 1B04     		lsls	r3, r3, #16
 612 000e 1B0C     		lsrs	r3, r3, #16
 613 0010 0380     		strh	r3, [r0]	@ movhi
ARM GAS  C:\Users\ihavenoK\AppData\Local\Temp\ccZCCV5E.s 			page 11


 614 0012 7047     		bx	lr
 615              	.L71:
 616 0014 0388     		ldrh	r3, [r0]
 617 0016 9BB2     		uxth	r3, r3
 618 0018 43F40063 		orr	r3, r3, #2048
 619 001c 0380     		strh	r3, [r0]	@ movhi
 620 001e 7047     		bx	lr
 622              		.section	.text.I2C_CalculatePEC,"ax",%progbits
 623              		.align	1
 624              		.global	I2C_CalculatePEC
 625              		.syntax unified
 626              		.thumb
 627              		.thumb_func
 629              	I2C_CalculatePEC:
 630              		@ args = 0, pretend = 0, frame = 0
 631              		@ frame_needed = 0, uses_anonymous_args = 0
 632              		@ link register save eliminated.
 633 0000 29B1     		cbz	r1, .L73
 634 0002 0388     		ldrh	r3, [r0]
 635 0004 9BB2     		uxth	r3, r3
 636 0006 43F02003 		orr	r3, r3, #32
 637 000a 0380     		strh	r3, [r0]	@ movhi
 638 000c 7047     		bx	lr
 639              	.L73:
 640 000e 0388     		ldrh	r3, [r0]
 641 0010 23F02003 		bic	r3, r3, #32
 642 0014 1B04     		lsls	r3, r3, #16
 643 0016 1B0C     		lsrs	r3, r3, #16
 644 0018 0380     		strh	r3, [r0]	@ movhi
 645 001a 7047     		bx	lr
 647              		.section	.text.I2C_GetPEC,"ax",%progbits
 648              		.align	1
 649              		.global	I2C_GetPEC
 650              		.syntax unified
 651              		.thumb
 652              		.thumb_func
 654              	I2C_GetPEC:
 655              		@ args = 0, pretend = 0, frame = 0
 656              		@ frame_needed = 0, uses_anonymous_args = 0
 657              		@ link register save eliminated.
 658 0000 008B     		ldrh	r0, [r0, #24]
 659 0002 C0F30720 		ubfx	r0, r0, #8, #8
 660 0006 7047     		bx	lr
 662              		.section	.text.I2C_ARPCmd,"ax",%progbits
 663              		.align	1
 664              		.global	I2C_ARPCmd
 665              		.syntax unified
 666              		.thumb
 667              		.thumb_func
 669              	I2C_ARPCmd:
 670              		@ args = 0, pretend = 0, frame = 0
 671              		@ frame_needed = 0, uses_anonymous_args = 0
 672              		@ link register save eliminated.
 673 0000 29B1     		cbz	r1, .L77
 674 0002 0388     		ldrh	r3, [r0]
 675 0004 9BB2     		uxth	r3, r3
 676 0006 43F01003 		orr	r3, r3, #16
ARM GAS  C:\Users\ihavenoK\AppData\Local\Temp\ccZCCV5E.s 			page 12


 677 000a 0380     		strh	r3, [r0]	@ movhi
 678 000c 7047     		bx	lr
 679              	.L77:
 680 000e 0388     		ldrh	r3, [r0]
 681 0010 23F01003 		bic	r3, r3, #16
 682 0014 1B04     		lsls	r3, r3, #16
 683 0016 1B0C     		lsrs	r3, r3, #16
 684 0018 0380     		strh	r3, [r0]	@ movhi
 685 001a 7047     		bx	lr
 687              		.section	.text.I2C_StretchClockCmd,"ax",%progbits
 688              		.align	1
 689              		.global	I2C_StretchClockCmd
 690              		.syntax unified
 691              		.thumb
 692              		.thumb_func
 694              	I2C_StretchClockCmd:
 695              		@ args = 0, pretend = 0, frame = 0
 696              		@ frame_needed = 0, uses_anonymous_args = 0
 697              		@ link register save eliminated.
 698 0000 29B9     		cbnz	r1, .L80
 699 0002 0388     		ldrh	r3, [r0]
 700 0004 9BB2     		uxth	r3, r3
 701 0006 43F08003 		orr	r3, r3, #128
 702 000a 0380     		strh	r3, [r0]	@ movhi
 703 000c 7047     		bx	lr
 704              	.L80:
 705 000e 0388     		ldrh	r3, [r0]
 706 0010 23F08003 		bic	r3, r3, #128
 707 0014 1B04     		lsls	r3, r3, #16
 708 0016 1B0C     		lsrs	r3, r3, #16
 709 0018 0380     		strh	r3, [r0]	@ movhi
 710 001a 7047     		bx	lr
 712              		.section	.text.I2C_FastModeDutyCycleConfig,"ax",%progbits
 713              		.align	1
 714              		.global	I2C_FastModeDutyCycleConfig
 715              		.syntax unified
 716              		.thumb
 717              		.thumb_func
 719              	I2C_FastModeDutyCycleConfig:
 720              		@ args = 0, pretend = 0, frame = 0
 721              		@ frame_needed = 0, uses_anonymous_args = 0
 722              		@ link register save eliminated.
 723 0000 B1F5804F 		cmp	r1, #16384
 724 0004 06D0     		beq	.L83
 725 0006 838B     		ldrh	r3, [r0, #28]
 726 0008 23F48043 		bic	r3, r3, #16384
 727 000c 1B04     		lsls	r3, r3, #16
 728 000e 1B0C     		lsrs	r3, r3, #16
 729 0010 8383     		strh	r3, [r0, #28]	@ movhi
 730 0012 7047     		bx	lr
 731              	.L83:
 732 0014 838B     		ldrh	r3, [r0, #28]
 733 0016 9BB2     		uxth	r3, r3
 734 0018 43F48043 		orr	r3, r3, #16384
 735 001c 8383     		strh	r3, [r0, #28]	@ movhi
 736 001e 7047     		bx	lr
 738              		.section	.text.I2C_CheckEvent,"ax",%progbits
ARM GAS  C:\Users\ihavenoK\AppData\Local\Temp\ccZCCV5E.s 			page 13


 739              		.align	1
 740              		.global	I2C_CheckEvent
 741              		.syntax unified
 742              		.thumb
 743              		.thumb_func
 745              	I2C_CheckEvent:
 746              		@ args = 0, pretend = 0, frame = 0
 747              		@ frame_needed = 0, uses_anonymous_args = 0
 748              		@ link register save eliminated.
 749 0000 838A     		ldrh	r3, [r0, #20]
 750 0002 9BB2     		uxth	r3, r3
 751 0004 028B     		ldrh	r2, [r0, #24]
 752 0006 43EA0243 		orr	r3, r3, r2, lsl #16
 753 000a 0B40     		ands	r3, r3, r1
 754 000c 23F07F43 		bic	r3, r3, #-16777216
 755 0010 8B42     		cmp	r3, r1
 756 0012 14BF     		ite	ne
 757 0014 0020     		movne	r0, #0
 758 0016 0120     		moveq	r0, #1
 759 0018 7047     		bx	lr
 761              		.section	.text.I2C_GetLastEvent,"ax",%progbits
 762              		.align	1
 763              		.global	I2C_GetLastEvent
 764              		.syntax unified
 765              		.thumb
 766              		.thumb_func
 768              	I2C_GetLastEvent:
 769              		@ args = 0, pretend = 0, frame = 0
 770              		@ frame_needed = 0, uses_anonymous_args = 0
 771              		@ link register save eliminated.
 772 0000 838A     		ldrh	r3, [r0, #20]
 773 0002 9BB2     		uxth	r3, r3
 774 0004 028B     		ldrh	r2, [r0, #24]
 775 0006 43EA0240 		orr	r0, r3, r2, lsl #16
 776 000a 20F07F40 		bic	r0, r0, #-16777216
 777 000e 7047     		bx	lr
 779              		.section	.text.I2C_GetFlagStatus,"ax",%progbits
 780              		.align	1
 781              		.global	I2C_GetFlagStatus
 782              		.syntax unified
 783              		.thumb
 784              		.thumb_func
 786              	I2C_GetFlagStatus:
 787              		@ args = 0, pretend = 0, frame = 8
 788              		@ frame_needed = 0, uses_anonymous_args = 0
 789              		@ link register save eliminated.
 790 0000 82B0     		sub	sp, sp, #8
 791 0002 0023     		movs	r3, #0
 792 0004 0193     		str	r3, [sp, #4]
 793 0006 0093     		str	r3, [sp]
 794 0008 0090     		str	r0, [sp]
 795 000a 0B0F     		lsrs	r3, r1, #28
 796 000c 0193     		str	r3, [sp, #4]
 797 000e 21F07F41 		bic	r1, r1, #-16777216
 798 0012 019B     		ldr	r3, [sp, #4]
 799 0014 53B1     		cbz	r3, .L88
 800 0016 009B     		ldr	r3, [sp]
ARM GAS  C:\Users\ihavenoK\AppData\Local\Temp\ccZCCV5E.s 			page 14


 801 0018 1433     		adds	r3, r3, #20
 802 001a 0093     		str	r3, [sp]
 803              	.L89:
 804 001c 009B     		ldr	r3, [sp]
 805 001e 1868     		ldr	r0, [r3]
 806 0020 0840     		ands	r0, r0, r1
 807 0022 0038     		subs	r0, r0, #0
 808 0024 18BF     		it	ne
 809 0026 0120     		movne	r0, #1
 810 0028 02B0     		add	sp, sp, #8
 811              		@ sp needed
 812 002a 7047     		bx	lr
 813              	.L88:
 814 002c 090C     		lsrs	r1, r1, #16
 815 002e 009B     		ldr	r3, [sp]
 816 0030 1833     		adds	r3, r3, #24
 817 0032 0093     		str	r3, [sp]
 818 0034 F2E7     		b	.L89
 820              		.section	.text.I2C_ClearFlag,"ax",%progbits
 821              		.align	1
 822              		.global	I2C_ClearFlag
 823              		.syntax unified
 824              		.thumb
 825              		.thumb_func
 827              	I2C_ClearFlag:
 828              		@ args = 0, pretend = 0, frame = 0
 829              		@ frame_needed = 0, uses_anonymous_args = 0
 830              		@ link register save eliminated.
 831 0000 C943     		mvns	r1, r1
 832 0002 89B2     		uxth	r1, r1
 833 0004 8182     		strh	r1, [r0, #20]	@ movhi
 834 0006 7047     		bx	lr
 836              		.section	.text.I2C_GetITStatus,"ax",%progbits
 837              		.align	1
 838              		.global	I2C_GetITStatus
 839              		.syntax unified
 840              		.thumb
 841              		.thumb_func
 843              	I2C_GetITStatus:
 844              		@ args = 0, pretend = 0, frame = 0
 845              		@ frame_needed = 0, uses_anonymous_args = 0
 846              		@ link register save eliminated.
 847 0000 8388     		ldrh	r3, [r0, #4]
 848 0002 9BB2     		uxth	r3, r3
 849 0004 828A     		ldrh	r2, [r0, #20]
 850 0006 92B2     		uxth	r2, r2
 851 0008 0A42     		tst	r2, r1
 852 000a 07D0     		beq	.L94
 853 000c 03EA1140 		and	r0, r3, r1, lsr #16
 854 0010 00F4E060 		and	r0, r0, #1792
 855 0014 0038     		subs	r0, r0, #0
 856 0016 18BF     		it	ne
 857 0018 0120     		movne	r0, #1
 858 001a 7047     		bx	lr
 859              	.L94:
 860 001c 0020     		movs	r0, #0
 861 001e 7047     		bx	lr
ARM GAS  C:\Users\ihavenoK\AppData\Local\Temp\ccZCCV5E.s 			page 15


 863              		.section	.text.I2C_ClearITPendingBit,"ax",%progbits
 864              		.align	1
 865              		.global	I2C_ClearITPendingBit
 866              		.syntax unified
 867              		.thumb
 868              		.thumb_func
 870              	I2C_ClearITPendingBit:
 871              		@ args = 0, pretend = 0, frame = 0
 872              		@ frame_needed = 0, uses_anonymous_args = 0
 873              		@ link register save eliminated.
 874 0000 C943     		mvns	r1, r1
 875 0002 89B2     		uxth	r1, r1
 876 0004 8182     		strh	r1, [r0, #20]	@ movhi
 877 0006 7047     		bx	lr
 879              		.ident	"GCC: (Arm GNU Toolchain 14.2.Rel1 (Build arm-14.52)) 14.2.1 20241119"
ARM GAS  C:\Users\ihavenoK\AppData\Local\Temp\ccZCCV5E.s 			page 16


DEFINED SYMBOLS
                            *ABS*:00000000 stm32f10x_i2c.c
C:\Users\ihavenoK\AppData\Local\Temp\ccZCCV5E.s:16     .text.I2C_DeInit:00000000 $t
C:\Users\ihavenoK\AppData\Local\Temp\ccZCCV5E.s:22     .text.I2C_DeInit:00000000 I2C_DeInit
C:\Users\ihavenoK\AppData\Local\Temp\ccZCCV5E.s:48     .text.I2C_DeInit:00000034 $d
C:\Users\ihavenoK\AppData\Local\Temp\ccZCCV5E.s:51     .text.I2C_Init:00000000 $t
C:\Users\ihavenoK\AppData\Local\Temp\ccZCCV5E.s:57     .text.I2C_Init:00000000 I2C_Init
C:\Users\ihavenoK\AppData\Local\Temp\ccZCCV5E.s:150    .text.I2C_Init:000000d0 $d
C:\Users\ihavenoK\AppData\Local\Temp\ccZCCV5E.s:155    .text.I2C_StructInit:00000000 $t
C:\Users\ihavenoK\AppData\Local\Temp\ccZCCV5E.s:161    .text.I2C_StructInit:00000000 I2C_StructInit
C:\Users\ihavenoK\AppData\Local\Temp\ccZCCV5E.s:178    .text.I2C_Cmd:00000000 $t
C:\Users\ihavenoK\AppData\Local\Temp\ccZCCV5E.s:184    .text.I2C_Cmd:00000000 I2C_Cmd
C:\Users\ihavenoK\AppData\Local\Temp\ccZCCV5E.s:203    .text.I2C_DMACmd:00000000 $t
C:\Users\ihavenoK\AppData\Local\Temp\ccZCCV5E.s:209    .text.I2C_DMACmd:00000000 I2C_DMACmd
C:\Users\ihavenoK\AppData\Local\Temp\ccZCCV5E.s:228    .text.I2C_DMALastTransferCmd:00000000 $t
C:\Users\ihavenoK\AppData\Local\Temp\ccZCCV5E.s:234    .text.I2C_DMALastTransferCmd:00000000 I2C_DMALastTransferCmd
C:\Users\ihavenoK\AppData\Local\Temp\ccZCCV5E.s:253    .text.I2C_GenerateSTART:00000000 $t
C:\Users\ihavenoK\AppData\Local\Temp\ccZCCV5E.s:259    .text.I2C_GenerateSTART:00000000 I2C_GenerateSTART
C:\Users\ihavenoK\AppData\Local\Temp\ccZCCV5E.s:278    .text.I2C_GenerateSTOP:00000000 $t
C:\Users\ihavenoK\AppData\Local\Temp\ccZCCV5E.s:284    .text.I2C_GenerateSTOP:00000000 I2C_GenerateSTOP
C:\Users\ihavenoK\AppData\Local\Temp\ccZCCV5E.s:303    .text.I2C_AcknowledgeConfig:00000000 $t
C:\Users\ihavenoK\AppData\Local\Temp\ccZCCV5E.s:309    .text.I2C_AcknowledgeConfig:00000000 I2C_AcknowledgeConfig
C:\Users\ihavenoK\AppData\Local\Temp\ccZCCV5E.s:328    .text.I2C_OwnAddress2Config:00000000 $t
C:\Users\ihavenoK\AppData\Local\Temp\ccZCCV5E.s:334    .text.I2C_OwnAddress2Config:00000000 I2C_OwnAddress2Config
C:\Users\ihavenoK\AppData\Local\Temp\ccZCCV5E.s:348    .text.I2C_DualAddressCmd:00000000 $t
C:\Users\ihavenoK\AppData\Local\Temp\ccZCCV5E.s:354    .text.I2C_DualAddressCmd:00000000 I2C_DualAddressCmd
C:\Users\ihavenoK\AppData\Local\Temp\ccZCCV5E.s:373    .text.I2C_GeneralCallCmd:00000000 $t
C:\Users\ihavenoK\AppData\Local\Temp\ccZCCV5E.s:379    .text.I2C_GeneralCallCmd:00000000 I2C_GeneralCallCmd
C:\Users\ihavenoK\AppData\Local\Temp\ccZCCV5E.s:398    .text.I2C_ITConfig:00000000 $t
C:\Users\ihavenoK\AppData\Local\Temp\ccZCCV5E.s:404    .text.I2C_ITConfig:00000000 I2C_ITConfig
C:\Users\ihavenoK\AppData\Local\Temp\ccZCCV5E.s:422    .text.I2C_SendData:00000000 $t
C:\Users\ihavenoK\AppData\Local\Temp\ccZCCV5E.s:428    .text.I2C_SendData:00000000 I2C_SendData
C:\Users\ihavenoK\AppData\Local\Temp\ccZCCV5E.s:436    .text.I2C_ReceiveData:00000000 $t
C:\Users\ihavenoK\AppData\Local\Temp\ccZCCV5E.s:442    .text.I2C_ReceiveData:00000000 I2C_ReceiveData
C:\Users\ihavenoK\AppData\Local\Temp\ccZCCV5E.s:451    .text.I2C_Send7bitAddress:00000000 $t
C:\Users\ihavenoK\AppData\Local\Temp\ccZCCV5E.s:457    .text.I2C_Send7bitAddress:00000000 I2C_Send7bitAddress
C:\Users\ihavenoK\AppData\Local\Temp\ccZCCV5E.s:471    .text.I2C_ReadRegister:00000000 $t
C:\Users\ihavenoK\AppData\Local\Temp\ccZCCV5E.s:477    .text.I2C_ReadRegister:00000000 I2C_ReadRegister
C:\Users\ihavenoK\AppData\Local\Temp\ccZCCV5E.s:496    .text.I2C_SoftwareResetCmd:00000000 $t
C:\Users\ihavenoK\AppData\Local\Temp\ccZCCV5E.s:502    .text.I2C_SoftwareResetCmd:00000000 I2C_SoftwareResetCmd
C:\Users\ihavenoK\AppData\Local\Temp\ccZCCV5E.s:520    .text.I2C_NACKPositionConfig:00000000 $t
C:\Users\ihavenoK\AppData\Local\Temp\ccZCCV5E.s:526    .text.I2C_NACKPositionConfig:00000000 I2C_NACKPositionConfig
C:\Users\ihavenoK\AppData\Local\Temp\ccZCCV5E.s:546    .text.I2C_SMBusAlertConfig:00000000 $t
C:\Users\ihavenoK\AppData\Local\Temp\ccZCCV5E.s:552    .text.I2C_SMBusAlertConfig:00000000 I2C_SMBusAlertConfig
C:\Users\ihavenoK\AppData\Local\Temp\ccZCCV5E.s:572    .text.I2C_TransmitPEC:00000000 $t
C:\Users\ihavenoK\AppData\Local\Temp\ccZCCV5E.s:578    .text.I2C_TransmitPEC:00000000 I2C_TransmitPEC
C:\Users\ihavenoK\AppData\Local\Temp\ccZCCV5E.s:597    .text.I2C_PECPositionConfig:00000000 $t
C:\Users\ihavenoK\AppData\Local\Temp\ccZCCV5E.s:603    .text.I2C_PECPositionConfig:00000000 I2C_PECPositionConfig
C:\Users\ihavenoK\AppData\Local\Temp\ccZCCV5E.s:623    .text.I2C_CalculatePEC:00000000 $t
C:\Users\ihavenoK\AppData\Local\Temp\ccZCCV5E.s:629    .text.I2C_CalculatePEC:00000000 I2C_CalculatePEC
C:\Users\ihavenoK\AppData\Local\Temp\ccZCCV5E.s:648    .text.I2C_GetPEC:00000000 $t
C:\Users\ihavenoK\AppData\Local\Temp\ccZCCV5E.s:654    .text.I2C_GetPEC:00000000 I2C_GetPEC
C:\Users\ihavenoK\AppData\Local\Temp\ccZCCV5E.s:663    .text.I2C_ARPCmd:00000000 $t
C:\Users\ihavenoK\AppData\Local\Temp\ccZCCV5E.s:669    .text.I2C_ARPCmd:00000000 I2C_ARPCmd
C:\Users\ihavenoK\AppData\Local\Temp\ccZCCV5E.s:688    .text.I2C_StretchClockCmd:00000000 $t
C:\Users\ihavenoK\AppData\Local\Temp\ccZCCV5E.s:694    .text.I2C_StretchClockCmd:00000000 I2C_StretchClockCmd
C:\Users\ihavenoK\AppData\Local\Temp\ccZCCV5E.s:713    .text.I2C_FastModeDutyCycleConfig:00000000 $t
ARM GAS  C:\Users\ihavenoK\AppData\Local\Temp\ccZCCV5E.s 			page 17


C:\Users\ihavenoK\AppData\Local\Temp\ccZCCV5E.s:719    .text.I2C_FastModeDutyCycleConfig:00000000 I2C_FastModeDutyCycleConfig
C:\Users\ihavenoK\AppData\Local\Temp\ccZCCV5E.s:739    .text.I2C_CheckEvent:00000000 $t
C:\Users\ihavenoK\AppData\Local\Temp\ccZCCV5E.s:745    .text.I2C_CheckEvent:00000000 I2C_CheckEvent
C:\Users\ihavenoK\AppData\Local\Temp\ccZCCV5E.s:762    .text.I2C_GetLastEvent:00000000 $t
C:\Users\ihavenoK\AppData\Local\Temp\ccZCCV5E.s:768    .text.I2C_GetLastEvent:00000000 I2C_GetLastEvent
C:\Users\ihavenoK\AppData\Local\Temp\ccZCCV5E.s:780    .text.I2C_GetFlagStatus:00000000 $t
C:\Users\ihavenoK\AppData\Local\Temp\ccZCCV5E.s:786    .text.I2C_GetFlagStatus:00000000 I2C_GetFlagStatus
C:\Users\ihavenoK\AppData\Local\Temp\ccZCCV5E.s:821    .text.I2C_ClearFlag:00000000 $t
C:\Users\ihavenoK\AppData\Local\Temp\ccZCCV5E.s:827    .text.I2C_ClearFlag:00000000 I2C_ClearFlag
C:\Users\ihavenoK\AppData\Local\Temp\ccZCCV5E.s:837    .text.I2C_GetITStatus:00000000 $t
C:\Users\ihavenoK\AppData\Local\Temp\ccZCCV5E.s:843    .text.I2C_GetITStatus:00000000 I2C_GetITStatus
C:\Users\ihavenoK\AppData\Local\Temp\ccZCCV5E.s:864    .text.I2C_ClearITPendingBit:00000000 $t
C:\Users\ihavenoK\AppData\Local\Temp\ccZCCV5E.s:870    .text.I2C_ClearITPendingBit:00000000 I2C_ClearITPendingBit

UNDEFINED SYMBOLS
RCC_APB1PeriphResetCmd
RCC_GetClocksFreq
