ARM GAS  C:\Users\ihavenoK\AppData\Local\Temp\ccBBEcsZ.s 			page 1


   1              		.cpu cortex-m3
   2              		.arch armv7-m
   3              		.fpu softvfp
   4              		.eabi_attribute 20, 1
   5              		.eabi_attribute 21, 1
   6              		.eabi_attribute 23, 3
   7              		.eabi_attribute 24, 1
   8              		.eabi_attribute 25, 1
   9              		.eabi_attribute 26, 1
  10              		.eabi_attribute 30, 1
  11              		.eabi_attribute 34, 1
  12              		.eabi_attribute 18, 4
  13              		.file	"stm32f10x_dma.c"
  14              		.text
  15              		.section	.text.DMA_DeInit,"ax",%progbits
  16              		.align	1
  17              		.global	DMA_DeInit
  18              		.syntax unified
  19              		.thumb
  20              		.thumb_func
  22              	DMA_DeInit:
  23              		@ args = 0, pretend = 0, frame = 0
  24              		@ frame_needed = 0, uses_anonymous_args = 0
  25              		@ link register save eliminated.
  26 0000 0368     		ldr	r3, [r0]
  27 0002 23F00103 		bic	r3, r3, #1
  28 0006 1B04     		lsls	r3, r3, #16
  29 0008 1B0C     		lsrs	r3, r3, #16
  30 000a 0360     		str	r3, [r0]
  31 000c 0023     		movs	r3, #0
  32 000e 0360     		str	r3, [r0]
  33 0010 4360     		str	r3, [r0, #4]
  34 0012 8360     		str	r3, [r0, #8]
  35 0014 C360     		str	r3, [r0, #12]
  36 0016 364B     		ldr	r3, .L26
  37 0018 9842     		cmp	r0, r3
  38 001a 21D0     		beq	.L14
  39 001c 354B     		ldr	r3, .L26+4
  40 001e 9842     		cmp	r0, r3
  41 0020 24D0     		beq	.L15
  42 0022 354B     		ldr	r3, .L26+8
  43 0024 9842     		cmp	r0, r3
  44 0026 27D0     		beq	.L16
  45 0028 344B     		ldr	r3, .L26+12
  46 002a 9842     		cmp	r0, r3
  47 002c 2AD0     		beq	.L17
  48 002e 344B     		ldr	r3, .L26+16
  49 0030 9842     		cmp	r0, r3
  50 0032 2DD0     		beq	.L18
  51 0034 334B     		ldr	r3, .L26+20
  52 0036 9842     		cmp	r0, r3
  53 0038 30D0     		beq	.L19
  54 003a 334B     		ldr	r3, .L26+24
  55 003c 9842     		cmp	r0, r3
  56 003e 33D0     		beq	.L20
  57 0040 324B     		ldr	r3, .L26+28
  58 0042 9842     		cmp	r0, r3
ARM GAS  C:\Users\ihavenoK\AppData\Local\Temp\ccBBEcsZ.s 			page 2


  59 0044 36D0     		beq	.L21
  60 0046 324B     		ldr	r3, .L26+32
  61 0048 9842     		cmp	r0, r3
  62 004a 39D0     		beq	.L22
  63 004c 314B     		ldr	r3, .L26+36
  64 004e 9842     		cmp	r0, r3
  65 0050 3CD0     		beq	.L23
  66 0052 314B     		ldr	r3, .L26+40
  67 0054 9842     		cmp	r0, r3
  68 0056 3FD0     		beq	.L24
  69 0058 304B     		ldr	r3, .L26+44
  70 005a 9842     		cmp	r0, r3
  71 005c 42D0     		beq	.L25
  72              	.L1:
  73 005e 7047     		bx	lr
  74              	.L14:
  75 0060 2F4A     		ldr	r2, .L26+48
  76 0062 5368     		ldr	r3, [r2, #4]
  77 0064 43F00F03 		orr	r3, r3, #15
  78 0068 5360     		str	r3, [r2, #4]
  79 006a 7047     		bx	lr
  80              	.L15:
  81 006c 2C4A     		ldr	r2, .L26+48
  82 006e 5368     		ldr	r3, [r2, #4]
  83 0070 43F0F003 		orr	r3, r3, #240
  84 0074 5360     		str	r3, [r2, #4]
  85 0076 7047     		bx	lr
  86              	.L16:
  87 0078 294A     		ldr	r2, .L26+48
  88 007a 5368     		ldr	r3, [r2, #4]
  89 007c 43F47063 		orr	r3, r3, #3840
  90 0080 5360     		str	r3, [r2, #4]
  91 0082 7047     		bx	lr
  92              	.L17:
  93 0084 264A     		ldr	r2, .L26+48
  94 0086 5368     		ldr	r3, [r2, #4]
  95 0088 43F47043 		orr	r3, r3, #61440
  96 008c 5360     		str	r3, [r2, #4]
  97 008e 7047     		bx	lr
  98              	.L18:
  99 0090 234A     		ldr	r2, .L26+48
 100 0092 5368     		ldr	r3, [r2, #4]
 101 0094 43F47023 		orr	r3, r3, #983040
 102 0098 5360     		str	r3, [r2, #4]
 103 009a 7047     		bx	lr
 104              	.L19:
 105 009c 204A     		ldr	r2, .L26+48
 106 009e 5368     		ldr	r3, [r2, #4]
 107 00a0 43F47003 		orr	r3, r3, #15728640
 108 00a4 5360     		str	r3, [r2, #4]
 109 00a6 7047     		bx	lr
 110              	.L20:
 111 00a8 1D4A     		ldr	r2, .L26+48
 112 00aa 5368     		ldr	r3, [r2, #4]
 113 00ac 43F07063 		orr	r3, r3, #251658240
 114 00b0 5360     		str	r3, [r2, #4]
 115 00b2 7047     		bx	lr
ARM GAS  C:\Users\ihavenoK\AppData\Local\Temp\ccBBEcsZ.s 			page 3


 116              	.L21:
 117 00b4 1B4A     		ldr	r2, .L26+52
 118 00b6 5368     		ldr	r3, [r2, #4]
 119 00b8 43F00F03 		orr	r3, r3, #15
 120 00bc 5360     		str	r3, [r2, #4]
 121 00be 7047     		bx	lr
 122              	.L22:
 123 00c0 184A     		ldr	r2, .L26+52
 124 00c2 5368     		ldr	r3, [r2, #4]
 125 00c4 43F0F003 		orr	r3, r3, #240
 126 00c8 5360     		str	r3, [r2, #4]
 127 00ca 7047     		bx	lr
 128              	.L23:
 129 00cc 154A     		ldr	r2, .L26+52
 130 00ce 5368     		ldr	r3, [r2, #4]
 131 00d0 43F47063 		orr	r3, r3, #3840
 132 00d4 5360     		str	r3, [r2, #4]
 133 00d6 7047     		bx	lr
 134              	.L24:
 135 00d8 124A     		ldr	r2, .L26+52
 136 00da 5368     		ldr	r3, [r2, #4]
 137 00dc 43F47043 		orr	r3, r3, #61440
 138 00e0 5360     		str	r3, [r2, #4]
 139 00e2 7047     		bx	lr
 140              	.L25:
 141 00e4 0F4A     		ldr	r2, .L26+52
 142 00e6 5368     		ldr	r3, [r2, #4]
 143 00e8 43F47023 		orr	r3, r3, #983040
 144 00ec 5360     		str	r3, [r2, #4]
 145 00ee B6E7     		b	.L1
 146              	.L27:
 147              		.align	2
 148              	.L26:
 149 00f0 08000240 		.word	1073872904
 150 00f4 1C000240 		.word	1073872924
 151 00f8 30000240 		.word	1073872944
 152 00fc 44000240 		.word	1073872964
 153 0100 58000240 		.word	1073872984
 154 0104 6C000240 		.word	1073873004
 155 0108 80000240 		.word	1073873024
 156 010c 08040240 		.word	1073873928
 157 0110 1C040240 		.word	1073873948
 158 0114 30040240 		.word	1073873968
 159 0118 44040240 		.word	1073873988
 160 011c 58040240 		.word	1073874008
 161 0120 00000240 		.word	1073872896
 162 0124 00040240 		.word	1073873920
 164              		.section	.text.DMA_Init,"ax",%progbits
 165              		.align	1
 166              		.global	DMA_Init
 167              		.syntax unified
 168              		.thumb
 169              		.thumb_func
 171              	DMA_Init:
 172              		@ args = 0, pretend = 0, frame = 0
 173              		@ frame_needed = 0, uses_anonymous_args = 0
 174              		@ link register save eliminated.
ARM GAS  C:\Users\ihavenoK\AppData\Local\Temp\ccBBEcsZ.s 			page 4


 175 0000 10B4     		push	{r4}
 176 0002 0268     		ldr	r2, [r0]
 177 0004 6FF30E12 		bfc	r2, #4, #11
 178 0008 8B68     		ldr	r3, [r1, #8]
 179 000a 0C6A     		ldr	r4, [r1, #32]
 180 000c 2343     		orrs	r3, r3, r4
 181 000e 0C69     		ldr	r4, [r1, #16]
 182 0010 2343     		orrs	r3, r3, r4
 183 0012 4C69     		ldr	r4, [r1, #20]
 184 0014 2343     		orrs	r3, r3, r4
 185 0016 8C69     		ldr	r4, [r1, #24]
 186 0018 2343     		orrs	r3, r3, r4
 187 001a CC69     		ldr	r4, [r1, #28]
 188 001c 2343     		orrs	r3, r3, r4
 189 001e 4C6A     		ldr	r4, [r1, #36]
 190 0020 2343     		orrs	r3, r3, r4
 191 0022 8C6A     		ldr	r4, [r1, #40]
 192 0024 2343     		orrs	r3, r3, r4
 193 0026 1343     		orrs	r3, r3, r2
 194 0028 0360     		str	r3, [r0]
 195 002a CB68     		ldr	r3, [r1, #12]
 196 002c 4360     		str	r3, [r0, #4]
 197 002e 0B68     		ldr	r3, [r1]
 198 0030 8360     		str	r3, [r0, #8]
 199 0032 4B68     		ldr	r3, [r1, #4]
 200 0034 C360     		str	r3, [r0, #12]
 201 0036 10BC     		pop	{r4}
 202 0038 7047     		bx	lr
 204              		.section	.text.DMA_StructInit,"ax",%progbits
 205              		.align	1
 206              		.global	DMA_StructInit
 207              		.syntax unified
 208              		.thumb
 209              		.thumb_func
 211              	DMA_StructInit:
 212              		@ args = 0, pretend = 0, frame = 0
 213              		@ frame_needed = 0, uses_anonymous_args = 0
 214              		@ link register save eliminated.
 215 0000 0023     		movs	r3, #0
 216 0002 0360     		str	r3, [r0]
 217 0004 4360     		str	r3, [r0, #4]
 218 0006 8360     		str	r3, [r0, #8]
 219 0008 C360     		str	r3, [r0, #12]
 220 000a 0361     		str	r3, [r0, #16]
 221 000c 4361     		str	r3, [r0, #20]
 222 000e 8361     		str	r3, [r0, #24]
 223 0010 C361     		str	r3, [r0, #28]
 224 0012 0362     		str	r3, [r0, #32]
 225 0014 4362     		str	r3, [r0, #36]
 226 0016 8362     		str	r3, [r0, #40]
 227 0018 7047     		bx	lr
 229              		.section	.text.DMA_Cmd,"ax",%progbits
 230              		.align	1
 231              		.global	DMA_Cmd
 232              		.syntax unified
 233              		.thumb
 234              		.thumb_func
ARM GAS  C:\Users\ihavenoK\AppData\Local\Temp\ccBBEcsZ.s 			page 5


 236              	DMA_Cmd:
 237              		@ args = 0, pretend = 0, frame = 0
 238              		@ frame_needed = 0, uses_anonymous_args = 0
 239              		@ link register save eliminated.
 240 0000 21B1     		cbz	r1, .L32
 241 0002 0368     		ldr	r3, [r0]
 242 0004 43F00103 		orr	r3, r3, #1
 243 0008 0360     		str	r3, [r0]
 244 000a 7047     		bx	lr
 245              	.L32:
 246 000c 0368     		ldr	r3, [r0]
 247 000e 23F00103 		bic	r3, r3, #1
 248 0012 1B04     		lsls	r3, r3, #16
 249 0014 1B0C     		lsrs	r3, r3, #16
 250 0016 0360     		str	r3, [r0]
 251 0018 7047     		bx	lr
 253              		.section	.text.DMA_ITConfig,"ax",%progbits
 254              		.align	1
 255              		.global	DMA_ITConfig
 256              		.syntax unified
 257              		.thumb
 258              		.thumb_func
 260              	DMA_ITConfig:
 261              		@ args = 0, pretend = 0, frame = 0
 262              		@ frame_needed = 0, uses_anonymous_args = 0
 263              		@ link register save eliminated.
 264 0000 1AB1     		cbz	r2, .L35
 265 0002 0368     		ldr	r3, [r0]
 266 0004 0B43     		orrs	r3, r3, r1
 267 0006 0360     		str	r3, [r0]
 268 0008 7047     		bx	lr
 269              	.L35:
 270 000a 0368     		ldr	r3, [r0]
 271 000c 23EA0103 		bic	r3, r3, r1
 272 0010 0360     		str	r3, [r0]
 273 0012 7047     		bx	lr
 275              		.section	.text.DMA_SetCurrDataCounter,"ax",%progbits
 276              		.align	1
 277              		.global	DMA_SetCurrDataCounter
 278              		.syntax unified
 279              		.thumb
 280              		.thumb_func
 282              	DMA_SetCurrDataCounter:
 283              		@ args = 0, pretend = 0, frame = 0
 284              		@ frame_needed = 0, uses_anonymous_args = 0
 285              		@ link register save eliminated.
 286 0000 4160     		str	r1, [r0, #4]
 287 0002 7047     		bx	lr
 289              		.section	.text.DMA_GetCurrDataCounter,"ax",%progbits
 290              		.align	1
 291              		.global	DMA_GetCurrDataCounter
 292              		.syntax unified
 293              		.thumb
 294              		.thumb_func
 296              	DMA_GetCurrDataCounter:
 297              		@ args = 0, pretend = 0, frame = 0
 298              		@ frame_needed = 0, uses_anonymous_args = 0
ARM GAS  C:\Users\ihavenoK\AppData\Local\Temp\ccBBEcsZ.s 			page 6


 299              		@ link register save eliminated.
 300 0000 4068     		ldr	r0, [r0, #4]
 301 0002 80B2     		uxth	r0, r0
 302 0004 7047     		bx	lr
 304              		.section	.text.DMA_GetFlagStatus,"ax",%progbits
 305              		.align	1
 306              		.global	DMA_GetFlagStatus
 307              		.syntax unified
 308              		.thumb
 309              		.thumb_func
 311              	DMA_GetFlagStatus:
 312              		@ args = 0, pretend = 0, frame = 0
 313              		@ frame_needed = 0, uses_anonymous_args = 0
 314              		@ link register save eliminated.
 315 0000 10F0805F 		tst	r0, #268435456
 316 0004 14BF     		ite	ne
 317 0006 044B     		ldrne	r3, .L42
 318 0008 044B     		ldreq	r3, .L42+4
 319 000a 1B68     		ldr	r3, [r3]
 320 000c 1840     		ands	r0, r0, r3
 321 000e 0038     		subs	r0, r0, #0
 322 0010 18BF     		it	ne
 323 0012 0120     		movne	r0, #1
 324 0014 7047     		bx	lr
 325              	.L43:
 326 0016 00BF     		.align	2
 327              	.L42:
 328 0018 00040240 		.word	1073873920
 329 001c 00000240 		.word	1073872896
 331              		.section	.text.DMA_ClearFlag,"ax",%progbits
 332              		.align	1
 333              		.global	DMA_ClearFlag
 334              		.syntax unified
 335              		.thumb
 336              		.thumb_func
 338              	DMA_ClearFlag:
 339              		@ args = 0, pretend = 0, frame = 0
 340              		@ frame_needed = 0, uses_anonymous_args = 0
 341              		@ link register save eliminated.
 342 0000 10F0805F 		tst	r0, #268435456
 343 0004 14BF     		ite	ne
 344 0006 024B     		ldrne	r3, .L47
 345 0008 024B     		ldreq	r3, .L47+4
 346 000a 5860     		str	r0, [r3, #4]
 347 000c 7047     		bx	lr
 348              	.L48:
 349 000e 00BF     		.align	2
 350              	.L47:
 351 0010 00040240 		.word	1073873920
 352 0014 00000240 		.word	1073872896
 354              		.section	.text.DMA_GetITStatus,"ax",%progbits
 355              		.align	1
 356              		.global	DMA_GetITStatus
 357              		.syntax unified
 358              		.thumb
 359              		.thumb_func
 361              	DMA_GetITStatus:
ARM GAS  C:\Users\ihavenoK\AppData\Local\Temp\ccBBEcsZ.s 			page 7


 362              		@ args = 0, pretend = 0, frame = 0
 363              		@ frame_needed = 0, uses_anonymous_args = 0
 364              		@ link register save eliminated.
 365 0000 10F0805F 		tst	r0, #268435456
 366 0004 14BF     		ite	ne
 367 0006 044B     		ldrne	r3, .L52
 368 0008 044B     		ldreq	r3, .L52+4
 369 000a 1B68     		ldr	r3, [r3]
 370 000c 1840     		ands	r0, r0, r3
 371 000e 0038     		subs	r0, r0, #0
 372 0010 18BF     		it	ne
 373 0012 0120     		movne	r0, #1
 374 0014 7047     		bx	lr
 375              	.L53:
 376 0016 00BF     		.align	2
 377              	.L52:
 378 0018 00040240 		.word	1073873920
 379 001c 00000240 		.word	1073872896
 381              		.section	.text.DMA_ClearITPendingBit,"ax",%progbits
 382              		.align	1
 383              		.global	DMA_ClearITPendingBit
 384              		.syntax unified
 385              		.thumb
 386              		.thumb_func
 388              	DMA_ClearITPendingBit:
 389              		@ args = 0, pretend = 0, frame = 0
 390              		@ frame_needed = 0, uses_anonymous_args = 0
 391              		@ link register save eliminated.
 392 0000 10F0805F 		tst	r0, #268435456
 393 0004 14BF     		ite	ne
 394 0006 024B     		ldrne	r3, .L57
 395 0008 024B     		ldreq	r3, .L57+4
 396 000a 5860     		str	r0, [r3, #4]
 397 000c 7047     		bx	lr
 398              	.L58:
 399 000e 00BF     		.align	2
 400              	.L57:
 401 0010 00040240 		.word	1073873920
 402 0014 00000240 		.word	1073872896
 404              		.ident	"GCC: (Arm GNU Toolchain 14.2.Rel1 (Build arm-14.52)) 14.2.1 20241119"
ARM GAS  C:\Users\ihavenoK\AppData\Local\Temp\ccBBEcsZ.s 			page 8


DEFINED SYMBOLS
                            *ABS*:00000000 stm32f10x_dma.c
C:\Users\ihavenoK\AppData\Local\Temp\ccBBEcsZ.s:16     .text.DMA_DeInit:00000000 $t
C:\Users\ihavenoK\AppData\Local\Temp\ccBBEcsZ.s:22     .text.DMA_DeInit:00000000 DMA_DeInit
C:\Users\ihavenoK\AppData\Local\Temp\ccBBEcsZ.s:149    .text.DMA_DeInit:000000f0 $d
C:\Users\ihavenoK\AppData\Local\Temp\ccBBEcsZ.s:165    .text.DMA_Init:00000000 $t
C:\Users\ihavenoK\AppData\Local\Temp\ccBBEcsZ.s:171    .text.DMA_Init:00000000 DMA_Init
C:\Users\ihavenoK\AppData\Local\Temp\ccBBEcsZ.s:205    .text.DMA_StructInit:00000000 $t
C:\Users\ihavenoK\AppData\Local\Temp\ccBBEcsZ.s:211    .text.DMA_StructInit:00000000 DMA_StructInit
C:\Users\ihavenoK\AppData\Local\Temp\ccBBEcsZ.s:230    .text.DMA_Cmd:00000000 $t
C:\Users\ihavenoK\AppData\Local\Temp\ccBBEcsZ.s:236    .text.DMA_Cmd:00000000 DMA_Cmd
C:\Users\ihavenoK\AppData\Local\Temp\ccBBEcsZ.s:254    .text.DMA_ITConfig:00000000 $t
C:\Users\ihavenoK\AppData\Local\Temp\ccBBEcsZ.s:260    .text.DMA_ITConfig:00000000 DMA_ITConfig
C:\Users\ihavenoK\AppData\Local\Temp\ccBBEcsZ.s:276    .text.DMA_SetCurrDataCounter:00000000 $t
C:\Users\ihavenoK\AppData\Local\Temp\ccBBEcsZ.s:282    .text.DMA_SetCurrDataCounter:00000000 DMA_SetCurrDataCounter
C:\Users\ihavenoK\AppData\Local\Temp\ccBBEcsZ.s:290    .text.DMA_GetCurrDataCounter:00000000 $t
C:\Users\ihavenoK\AppData\Local\Temp\ccBBEcsZ.s:296    .text.DMA_GetCurrDataCounter:00000000 DMA_GetCurrDataCounter
C:\Users\ihavenoK\AppData\Local\Temp\ccBBEcsZ.s:305    .text.DMA_GetFlagStatus:00000000 $t
C:\Users\ihavenoK\AppData\Local\Temp\ccBBEcsZ.s:311    .text.DMA_GetFlagStatus:00000000 DMA_GetFlagStatus
C:\Users\ihavenoK\AppData\Local\Temp\ccBBEcsZ.s:328    .text.DMA_GetFlagStatus:00000018 $d
C:\Users\ihavenoK\AppData\Local\Temp\ccBBEcsZ.s:332    .text.DMA_ClearFlag:00000000 $t
C:\Users\ihavenoK\AppData\Local\Temp\ccBBEcsZ.s:338    .text.DMA_ClearFlag:00000000 DMA_ClearFlag
C:\Users\ihavenoK\AppData\Local\Temp\ccBBEcsZ.s:351    .text.DMA_ClearFlag:00000010 $d
C:\Users\ihavenoK\AppData\Local\Temp\ccBBEcsZ.s:355    .text.DMA_GetITStatus:00000000 $t
C:\Users\ihavenoK\AppData\Local\Temp\ccBBEcsZ.s:361    .text.DMA_GetITStatus:00000000 DMA_GetITStatus
C:\Users\ihavenoK\AppData\Local\Temp\ccBBEcsZ.s:378    .text.DMA_GetITStatus:00000018 $d
C:\Users\ihavenoK\AppData\Local\Temp\ccBBEcsZ.s:382    .text.DMA_ClearITPendingBit:00000000 $t
C:\Users\ihavenoK\AppData\Local\Temp\ccBBEcsZ.s:388    .text.DMA_ClearITPendingBit:00000000 DMA_ClearITPendingBit
C:\Users\ihavenoK\AppData\Local\Temp\ccBBEcsZ.s:401    .text.DMA_ClearITPendingBit:00000010 $d

NO UNDEFINED SYMBOLS
