ARM GAS  C:\Users\ihavenoK\AppData\Local\Temp\ccEmyNXW.s 			page 1


   1              		.cpu cortex-m3
   2              		.arch armv7-m
   3              		.fpu softvfp
   4              		.eabi_attribute 20, 1
   5              		.eabi_attribute 21, 1
   6              		.eabi_attribute 23, 3
   7              		.eabi_attribute 24, 1
   8              		.eabi_attribute 25, 1
   9              		.eabi_attribute 26, 1
  10              		.eabi_attribute 30, 1
  11              		.eabi_attribute 34, 1
  12              		.eabi_attribute 18, 4
  13              		.file	"stm32f10x_wwdg.c"
  14              		.text
  15              		.section	.text.WWDG_DeInit,"ax",%progbits
  16              		.align	1
  17              		.global	WWDG_DeInit
  18              		.syntax unified
  19              		.thumb
  20              		.thumb_func
  22              	WWDG_DeInit:
  23              		@ args = 0, pretend = 0, frame = 0
  24              		@ frame_needed = 0, uses_anonymous_args = 0
  25 0000 08B5     		push	{r3, lr}
  26 0002 0121     		movs	r1, #1
  27 0004 4FF40060 		mov	r0, #2048
  28 0008 FFF7FEFF 		bl	RCC_APB1PeriphResetCmd
  29 000c 0021     		movs	r1, #0
  30 000e 4FF40060 		mov	r0, #2048
  31 0012 FFF7FEFF 		bl	RCC_APB1PeriphResetCmd
  32 0016 08BD     		pop	{r3, pc}
  34              		.section	.text.WWDG_SetPrescaler,"ax",%progbits
  35              		.align	1
  36              		.global	WWDG_SetPrescaler
  37              		.syntax unified
  38              		.thumb
  39              		.thumb_func
  41              	WWDG_SetPrescaler:
  42              		@ args = 0, pretend = 0, frame = 0
  43              		@ frame_needed = 0, uses_anonymous_args = 0
  44              		@ link register save eliminated.
  45 0000 034A     		ldr	r2, .L4
  46 0002 5368     		ldr	r3, [r2, #4]
  47 0004 23F4C073 		bic	r3, r3, #384
  48 0008 0343     		orrs	r3, r3, r0
  49 000a 5360     		str	r3, [r2, #4]
  50 000c 7047     		bx	lr
  51              	.L5:
  52 000e 00BF     		.align	2
  53              	.L4:
  54 0010 002C0040 		.word	1073753088
  56              		.section	.text.WWDG_SetWindowValue,"ax",%progbits
  57              		.align	1
  58              		.global	WWDG_SetWindowValue
  59              		.syntax unified
  60              		.thumb
  61              		.thumb_func
ARM GAS  C:\Users\ihavenoK\AppData\Local\Temp\ccEmyNXW.s 			page 2


  63              	WWDG_SetWindowValue:
  64              		@ args = 0, pretend = 0, frame = 8
  65              		@ frame_needed = 0, uses_anonymous_args = 0
  66              		@ link register save eliminated.
  67 0000 82B0     		sub	sp, sp, #8
  68 0002 0023     		movs	r3, #0
  69 0004 0193     		str	r3, [sp, #4]
  70 0006 074A     		ldr	r2, .L8
  71 0008 5368     		ldr	r3, [r2, #4]
  72 000a 23F07F03 		bic	r3, r3, #127
  73 000e 0193     		str	r3, [sp, #4]
  74 0010 019B     		ldr	r3, [sp, #4]
  75 0012 00F07F00 		and	r0, r0, #127
  76 0016 1843     		orrs	r0, r0, r3
  77 0018 0190     		str	r0, [sp, #4]
  78 001a 019B     		ldr	r3, [sp, #4]
  79 001c 5360     		str	r3, [r2, #4]
  80 001e 02B0     		add	sp, sp, #8
  81              		@ sp needed
  82 0020 7047     		bx	lr
  83              	.L9:
  84 0022 00BF     		.align	2
  85              	.L8:
  86 0024 002C0040 		.word	1073753088
  88              		.section	.text.WWDG_EnableIT,"ax",%progbits
  89              		.align	1
  90              		.global	WWDG_EnableIT
  91              		.syntax unified
  92              		.thumb
  93              		.thumb_func
  95              	WWDG_EnableIT:
  96              		@ args = 0, pretend = 0, frame = 0
  97              		@ frame_needed = 0, uses_anonymous_args = 0
  98              		@ link register save eliminated.
  99 0000 024B     		ldr	r3, .L11
 100 0002 0122     		movs	r2, #1
 101 0004 C3F8A420 		str	r2, [r3, #164]
 102 0008 7047     		bx	lr
 103              	.L12:
 104 000a 00BF     		.align	2
 105              	.L11:
 106 000c 00800542 		.word	1107656704
 108              		.section	.text.WWDG_SetCounter,"ax",%progbits
 109              		.align	1
 110              		.global	WWDG_SetCounter
 111              		.syntax unified
 112              		.thumb
 113              		.thumb_func
 115              	WWDG_SetCounter:
 116              		@ args = 0, pretend = 0, frame = 0
 117              		@ frame_needed = 0, uses_anonymous_args = 0
 118              		@ link register save eliminated.
 119 0000 00F07F00 		and	r0, r0, #127
 120 0004 014B     		ldr	r3, .L14
 121 0006 1860     		str	r0, [r3]
 122 0008 7047     		bx	lr
 123              	.L15:
ARM GAS  C:\Users\ihavenoK\AppData\Local\Temp\ccEmyNXW.s 			page 3


 124 000a 00BF     		.align	2
 125              	.L14:
 126 000c 002C0040 		.word	1073753088
 128              		.section	.text.WWDG_Enable,"ax",%progbits
 129              		.align	1
 130              		.global	WWDG_Enable
 131              		.syntax unified
 132              		.thumb
 133              		.thumb_func
 135              	WWDG_Enable:
 136              		@ args = 0, pretend = 0, frame = 0
 137              		@ frame_needed = 0, uses_anonymous_args = 0
 138              		@ link register save eliminated.
 139 0000 40F08000 		orr	r0, r0, #128
 140 0004 014B     		ldr	r3, .L17
 141 0006 1860     		str	r0, [r3]
 142 0008 7047     		bx	lr
 143              	.L18:
 144 000a 00BF     		.align	2
 145              	.L17:
 146 000c 002C0040 		.word	1073753088
 148              		.section	.text.WWDG_GetFlagStatus,"ax",%progbits
 149              		.align	1
 150              		.global	WWDG_GetFlagStatus
 151              		.syntax unified
 152              		.thumb
 153              		.thumb_func
 155              	WWDG_GetFlagStatus:
 156              		@ args = 0, pretend = 0, frame = 0
 157              		@ frame_needed = 0, uses_anonymous_args = 0
 158              		@ link register save eliminated.
 159 0000 014B     		ldr	r3, .L20
 160 0002 9868     		ldr	r0, [r3, #8]
 161 0004 C0B2     		uxtb	r0, r0
 162 0006 7047     		bx	lr
 163              	.L21:
 164              		.align	2
 165              	.L20:
 166 0008 002C0040 		.word	1073753088
 168              		.section	.text.WWDG_ClearFlag,"ax",%progbits
 169              		.align	1
 170              		.global	WWDG_ClearFlag
 171              		.syntax unified
 172              		.thumb
 173              		.thumb_func
 175              	WWDG_ClearFlag:
 176              		@ args = 0, pretend = 0, frame = 0
 177              		@ frame_needed = 0, uses_anonymous_args = 0
 178              		@ link register save eliminated.
 179 0000 014B     		ldr	r3, .L23
 180 0002 0022     		movs	r2, #0
 181 0004 9A60     		str	r2, [r3, #8]
 182 0006 7047     		bx	lr
 183              	.L24:
 184              		.align	2
 185              	.L23:
 186 0008 002C0040 		.word	1073753088
ARM GAS  C:\Users\ihavenoK\AppData\Local\Temp\ccEmyNXW.s 			page 4


 188              		.ident	"GCC: (Arm GNU Toolchain 14.2.Rel1 (Build arm-14.52)) 14.2.1 20241119"
ARM GAS  C:\Users\ihavenoK\AppData\Local\Temp\ccEmyNXW.s 			page 5


DEFINED SYMBOLS
                            *ABS*:00000000 stm32f10x_wwdg.c
C:\Users\ihavenoK\AppData\Local\Temp\ccEmyNXW.s:16     .text.WWDG_DeInit:00000000 $t
C:\Users\ihavenoK\AppData\Local\Temp\ccEmyNXW.s:22     .text.WWDG_DeInit:00000000 WWDG_DeInit
C:\Users\ihavenoK\AppData\Local\Temp\ccEmyNXW.s:35     .text.WWDG_SetPrescaler:00000000 $t
C:\Users\ihavenoK\AppData\Local\Temp\ccEmyNXW.s:41     .text.WWDG_SetPrescaler:00000000 WWDG_SetPrescaler
C:\Users\ihavenoK\AppData\Local\Temp\ccEmyNXW.s:54     .text.WWDG_SetPrescaler:00000010 $d
C:\Users\ihavenoK\AppData\Local\Temp\ccEmyNXW.s:57     .text.WWDG_SetWindowValue:00000000 $t
C:\Users\ihavenoK\AppData\Local\Temp\ccEmyNXW.s:63     .text.WWDG_SetWindowValue:00000000 WWDG_SetWindowValue
C:\Users\ihavenoK\AppData\Local\Temp\ccEmyNXW.s:86     .text.WWDG_SetWindowValue:00000024 $d
C:\Users\ihavenoK\AppData\Local\Temp\ccEmyNXW.s:89     .text.WWDG_EnableIT:00000000 $t
C:\Users\ihavenoK\AppData\Local\Temp\ccEmyNXW.s:95     .text.WWDG_EnableIT:00000000 WWDG_EnableIT
C:\Users\ihavenoK\AppData\Local\Temp\ccEmyNXW.s:106    .text.WWDG_EnableIT:0000000c $d
C:\Users\ihavenoK\AppData\Local\Temp\ccEmyNXW.s:109    .text.WWDG_SetCounter:00000000 $t
C:\Users\ihavenoK\AppData\Local\Temp\ccEmyNXW.s:115    .text.WWDG_SetCounter:00000000 WWDG_SetCounter
C:\Users\ihavenoK\AppData\Local\Temp\ccEmyNXW.s:126    .text.WWDG_SetCounter:0000000c $d
C:\Users\ihavenoK\AppData\Local\Temp\ccEmyNXW.s:129    .text.WWDG_Enable:00000000 $t
C:\Users\ihavenoK\AppData\Local\Temp\ccEmyNXW.s:135    .text.WWDG_Enable:00000000 WWDG_Enable
C:\Users\ihavenoK\AppData\Local\Temp\ccEmyNXW.s:146    .text.WWDG_Enable:0000000c $d
C:\Users\ihavenoK\AppData\Local\Temp\ccEmyNXW.s:149    .text.WWDG_GetFlagStatus:00000000 $t
C:\Users\ihavenoK\AppData\Local\Temp\ccEmyNXW.s:155    .text.WWDG_GetFlagStatus:00000000 WWDG_GetFlagStatus
C:\Users\ihavenoK\AppData\Local\Temp\ccEmyNXW.s:166    .text.WWDG_GetFlagStatus:00000008 $d
C:\Users\ihavenoK\AppData\Local\Temp\ccEmyNXW.s:169    .text.WWDG_ClearFlag:00000000 $t
C:\Users\ihavenoK\AppData\Local\Temp\ccEmyNXW.s:175    .text.WWDG_ClearFlag:00000000 WWDG_ClearFlag
C:\Users\ihavenoK\AppData\Local\Temp\ccEmyNXW.s:186    .text.WWDG_ClearFlag:00000008 $d

UNDEFINED SYMBOLS
RCC_APB1PeriphResetCmd
