ARM GAS  C:\Users\ihavenoK\AppData\Local\Temp\ccCKkTZE.s 			page 1


   1              		.cpu cortex-m3
   2              		.arch armv7-m
   3              		.fpu softvfp
   4              		.eabi_attribute 20, 1
   5              		.eabi_attribute 21, 1
   6              		.eabi_attribute 23, 3
   7              		.eabi_attribute 24, 1
   8              		.eabi_attribute 25, 1
   9              		.eabi_attribute 26, 1
  10              		.eabi_attribute 30, 1
  11              		.eabi_attribute 34, 1
  12              		.eabi_attribute 18, 4
  13              		.file	"stm32f10x_rcc.c"
  14              		.text
  15              		.section	.text.RCC_DeInit,"ax",%progbits
  16              		.align	1
  17              		.global	RCC_DeInit
  18              		.syntax unified
  19              		.thumb
  20              		.thumb_func
  22              	RCC_DeInit:
  23              		@ args = 0, pretend = 0, frame = 0
  24              		@ frame_needed = 0, uses_anonymous_args = 0
  25              		@ link register save eliminated.
  26 0000 0D4B     		ldr	r3, .L2
  27 0002 1A68     		ldr	r2, [r3]
  28 0004 42F00102 		orr	r2, r2, #1
  29 0008 1A60     		str	r2, [r3]
  30 000a 5968     		ldr	r1, [r3, #4]
  31 000c 0B4A     		ldr	r2, .L2+4
  32 000e 0A40     		ands	r2, r2, r1
  33 0010 5A60     		str	r2, [r3, #4]
  34 0012 1A68     		ldr	r2, [r3]
  35 0014 22F08472 		bic	r2, r2, #17301504
  36 0018 22F48032 		bic	r2, r2, #65536
  37 001c 1A60     		str	r2, [r3]
  38 001e 1A68     		ldr	r2, [r3]
  39 0020 22F48022 		bic	r2, r2, #262144
  40 0024 1A60     		str	r2, [r3]
  41 0026 5A68     		ldr	r2, [r3, #4]
  42 0028 22F4FE02 		bic	r2, r2, #8323072
  43 002c 5A60     		str	r2, [r3, #4]
  44 002e 4FF41F02 		mov	r2, #10420224
  45 0032 9A60     		str	r2, [r3, #8]
  46 0034 7047     		bx	lr
  47              	.L3:
  48 0036 00BF     		.align	2
  49              	.L2:
  50 0038 00100240 		.word	1073876992
  51 003c 0000FFF8 		.word	-117506048
  53              		.section	.text.RCC_HSEConfig,"ax",%progbits
  54              		.align	1
  55              		.global	RCC_HSEConfig
  56              		.syntax unified
  57              		.thumb
  58              		.thumb_func
  60              	RCC_HSEConfig:
ARM GAS  C:\Users\ihavenoK\AppData\Local\Temp\ccCKkTZE.s 			page 2


  61              		@ args = 0, pretend = 0, frame = 0
  62              		@ frame_needed = 0, uses_anonymous_args = 0
  63              		@ link register save eliminated.
  64 0000 0D4B     		ldr	r3, .L8
  65 0002 1A68     		ldr	r2, [r3]
  66 0004 22F48032 		bic	r2, r2, #65536
  67 0008 1A60     		str	r2, [r3]
  68 000a 1A68     		ldr	r2, [r3]
  69 000c 22F48022 		bic	r2, r2, #262144
  70 0010 1A60     		str	r2, [r3]
  71 0012 B0F5803F 		cmp	r0, #65536
  72 0016 03D0     		beq	.L5
  73 0018 B0F5802F 		cmp	r0, #262144
  74 001c 06D0     		beq	.L6
  75 001e 7047     		bx	lr
  76              	.L5:
  77 0020 054A     		ldr	r2, .L8
  78 0022 1368     		ldr	r3, [r2]
  79 0024 43F48033 		orr	r3, r3, #65536
  80 0028 1360     		str	r3, [r2]
  81 002a 7047     		bx	lr
  82              	.L6:
  83 002c 024A     		ldr	r2, .L8
  84 002e 1368     		ldr	r3, [r2]
  85 0030 43F4A023 		orr	r3, r3, #327680
  86 0034 1360     		str	r3, [r2]
  87 0036 7047     		bx	lr
  88              	.L9:
  89              		.align	2
  90              	.L8:
  91 0038 00100240 		.word	1073876992
  93              		.section	.text.RCC_AdjustHSICalibrationValue,"ax",%progbits
  94              		.align	1
  95              		.global	RCC_AdjustHSICalibrationValue
  96              		.syntax unified
  97              		.thumb
  98              		.thumb_func
 100              	RCC_AdjustHSICalibrationValue:
 101              		@ args = 0, pretend = 0, frame = 0
 102              		@ frame_needed = 0, uses_anonymous_args = 0
 103              		@ link register save eliminated.
 104 0000 034A     		ldr	r2, .L11
 105 0002 1368     		ldr	r3, [r2]
 106 0004 23F0F803 		bic	r3, r3, #248
 107 0008 43EAC003 		orr	r3, r3, r0, lsl #3
 108 000c 1360     		str	r3, [r2]
 109 000e 7047     		bx	lr
 110              	.L12:
 111              		.align	2
 112              	.L11:
 113 0010 00100240 		.word	1073876992
 115              		.section	.text.RCC_HSICmd,"ax",%progbits
 116              		.align	1
 117              		.global	RCC_HSICmd
 118              		.syntax unified
 119              		.thumb
 120              		.thumb_func
ARM GAS  C:\Users\ihavenoK\AppData\Local\Temp\ccCKkTZE.s 			page 3


 122              	RCC_HSICmd:
 123              		@ args = 0, pretend = 0, frame = 0
 124              		@ frame_needed = 0, uses_anonymous_args = 0
 125              		@ link register save eliminated.
 126 0000 014B     		ldr	r3, .L14
 127 0002 1860     		str	r0, [r3]
 128 0004 7047     		bx	lr
 129              	.L15:
 130 0006 00BF     		.align	2
 131              	.L14:
 132 0008 00004242 		.word	1111621632
 134              		.section	.text.RCC_PLLConfig,"ax",%progbits
 135              		.align	1
 136              		.global	RCC_PLLConfig
 137              		.syntax unified
 138              		.thumb
 139              		.thumb_func
 141              	RCC_PLLConfig:
 142              		@ args = 0, pretend = 0, frame = 0
 143              		@ frame_needed = 0, uses_anonymous_args = 0
 144              		@ link register save eliminated.
 145 0000 034A     		ldr	r2, .L17
 146 0002 5368     		ldr	r3, [r2, #4]
 147 0004 23F47C13 		bic	r3, r3, #4128768
 148 0008 0B43     		orrs	r3, r3, r1
 149 000a 1843     		orrs	r0, r0, r3
 150 000c 5060     		str	r0, [r2, #4]
 151 000e 7047     		bx	lr
 152              	.L18:
 153              		.align	2
 154              	.L17:
 155 0010 00100240 		.word	1073876992
 157              		.section	.text.RCC_PLLCmd,"ax",%progbits
 158              		.align	1
 159              		.global	RCC_PLLCmd
 160              		.syntax unified
 161              		.thumb
 162              		.thumb_func
 164              	RCC_PLLCmd:
 165              		@ args = 0, pretend = 0, frame = 0
 166              		@ frame_needed = 0, uses_anonymous_args = 0
 167              		@ link register save eliminated.
 168 0000 014B     		ldr	r3, .L20
 169 0002 1866     		str	r0, [r3, #96]
 170 0004 7047     		bx	lr
 171              	.L21:
 172 0006 00BF     		.align	2
 173              	.L20:
 174 0008 00004242 		.word	1111621632
 176              		.section	.text.RCC_SYSCLKConfig,"ax",%progbits
 177              		.align	1
 178              		.global	RCC_SYSCLKConfig
 179              		.syntax unified
 180              		.thumb
 181              		.thumb_func
 183              	RCC_SYSCLKConfig:
 184              		@ args = 0, pretend = 0, frame = 0
ARM GAS  C:\Users\ihavenoK\AppData\Local\Temp\ccCKkTZE.s 			page 4


 185              		@ frame_needed = 0, uses_anonymous_args = 0
 186              		@ link register save eliminated.
 187 0000 034A     		ldr	r2, .L23
 188 0002 5368     		ldr	r3, [r2, #4]
 189 0004 23F00303 		bic	r3, r3, #3
 190 0008 0343     		orrs	r3, r3, r0
 191 000a 5360     		str	r3, [r2, #4]
 192 000c 7047     		bx	lr
 193              	.L24:
 194 000e 00BF     		.align	2
 195              	.L23:
 196 0010 00100240 		.word	1073876992
 198              		.section	.text.RCC_GetSYSCLKSource,"ax",%progbits
 199              		.align	1
 200              		.global	RCC_GetSYSCLKSource
 201              		.syntax unified
 202              		.thumb
 203              		.thumb_func
 205              	RCC_GetSYSCLKSource:
 206              		@ args = 0, pretend = 0, frame = 0
 207              		@ frame_needed = 0, uses_anonymous_args = 0
 208              		@ link register save eliminated.
 209 0000 024B     		ldr	r3, .L26
 210 0002 5868     		ldr	r0, [r3, #4]
 211 0004 00F00C00 		and	r0, r0, #12
 212 0008 7047     		bx	lr
 213              	.L27:
 214 000a 00BF     		.align	2
 215              	.L26:
 216 000c 00100240 		.word	1073876992
 218              		.section	.text.RCC_HCLKConfig,"ax",%progbits
 219              		.align	1
 220              		.global	RCC_HCLKConfig
 221              		.syntax unified
 222              		.thumb
 223              		.thumb_func
 225              	RCC_HCLKConfig:
 226              		@ args = 0, pretend = 0, frame = 0
 227              		@ frame_needed = 0, uses_anonymous_args = 0
 228              		@ link register save eliminated.
 229 0000 034A     		ldr	r2, .L29
 230 0002 5368     		ldr	r3, [r2, #4]
 231 0004 23F0F003 		bic	r3, r3, #240
 232 0008 0343     		orrs	r3, r3, r0
 233 000a 5360     		str	r3, [r2, #4]
 234 000c 7047     		bx	lr
 235              	.L30:
 236 000e 00BF     		.align	2
 237              	.L29:
 238 0010 00100240 		.word	1073876992
 240              		.section	.text.RCC_PCLK1Config,"ax",%progbits
 241              		.align	1
 242              		.global	RCC_PCLK1Config
 243              		.syntax unified
 244              		.thumb
 245              		.thumb_func
 247              	RCC_PCLK1Config:
ARM GAS  C:\Users\ihavenoK\AppData\Local\Temp\ccCKkTZE.s 			page 5


 248              		@ args = 0, pretend = 0, frame = 0
 249              		@ frame_needed = 0, uses_anonymous_args = 0
 250              		@ link register save eliminated.
 251 0000 034A     		ldr	r2, .L32
 252 0002 5368     		ldr	r3, [r2, #4]
 253 0004 23F4E063 		bic	r3, r3, #1792
 254 0008 0343     		orrs	r3, r3, r0
 255 000a 5360     		str	r3, [r2, #4]
 256 000c 7047     		bx	lr
 257              	.L33:
 258 000e 00BF     		.align	2
 259              	.L32:
 260 0010 00100240 		.word	1073876992
 262              		.section	.text.RCC_PCLK2Config,"ax",%progbits
 263              		.align	1
 264              		.global	RCC_PCLK2Config
 265              		.syntax unified
 266              		.thumb
 267              		.thumb_func
 269              	RCC_PCLK2Config:
 270              		@ args = 0, pretend = 0, frame = 0
 271              		@ frame_needed = 0, uses_anonymous_args = 0
 272              		@ link register save eliminated.
 273 0000 034A     		ldr	r2, .L35
 274 0002 5368     		ldr	r3, [r2, #4]
 275 0004 23F46053 		bic	r3, r3, #14336
 276 0008 43EAC003 		orr	r3, r3, r0, lsl #3
 277 000c 5360     		str	r3, [r2, #4]
 278 000e 7047     		bx	lr
 279              	.L36:
 280              		.align	2
 281              	.L35:
 282 0010 00100240 		.word	1073876992
 284              		.section	.text.RCC_ITConfig,"ax",%progbits
 285              		.align	1
 286              		.global	RCC_ITConfig
 287              		.syntax unified
 288              		.thumb
 289              		.thumb_func
 291              	RCC_ITConfig:
 292              		@ args = 0, pretend = 0, frame = 0
 293              		@ frame_needed = 0, uses_anonymous_args = 0
 294              		@ link register save eliminated.
 295 0000 21B1     		cbz	r1, .L38
 296 0002 054A     		ldr	r2, .L40
 297 0004 537A     		ldrb	r3, [r2, #9]	@ zero_extendqisi2
 298 0006 0343     		orrs	r3, r3, r0
 299 0008 5372     		strb	r3, [r2, #9]
 300 000a 7047     		bx	lr
 301              	.L38:
 302 000c 024A     		ldr	r2, .L40
 303 000e 537A     		ldrb	r3, [r2, #9]	@ zero_extendqisi2
 304 0010 23EA0003 		bic	r3, r3, r0
 305 0014 5372     		strb	r3, [r2, #9]
 306 0016 7047     		bx	lr
 307              	.L41:
 308              		.align	2
ARM GAS  C:\Users\ihavenoK\AppData\Local\Temp\ccCKkTZE.s 			page 6


 309              	.L40:
 310 0018 00100240 		.word	1073876992
 312              		.section	.text.RCC_USBCLKConfig,"ax",%progbits
 313              		.align	1
 314              		.global	RCC_USBCLKConfig
 315              		.syntax unified
 316              		.thumb
 317              		.thumb_func
 319              	RCC_USBCLKConfig:
 320              		@ args = 0, pretend = 0, frame = 0
 321              		@ frame_needed = 0, uses_anonymous_args = 0
 322              		@ link register save eliminated.
 323 0000 014B     		ldr	r3, .L43
 324 0002 C3F8D800 		str	r0, [r3, #216]
 325 0006 7047     		bx	lr
 326              	.L44:
 327              		.align	2
 328              	.L43:
 329 0008 00004242 		.word	1111621632
 331              		.section	.text.RCC_ADCCLKConfig,"ax",%progbits
 332              		.align	1
 333              		.global	RCC_ADCCLKConfig
 334              		.syntax unified
 335              		.thumb
 336              		.thumb_func
 338              	RCC_ADCCLKConfig:
 339              		@ args = 0, pretend = 0, frame = 0
 340              		@ frame_needed = 0, uses_anonymous_args = 0
 341              		@ link register save eliminated.
 342 0000 034A     		ldr	r2, .L46
 343 0002 5368     		ldr	r3, [r2, #4]
 344 0004 23F44043 		bic	r3, r3, #49152
 345 0008 0343     		orrs	r3, r3, r0
 346 000a 5360     		str	r3, [r2, #4]
 347 000c 7047     		bx	lr
 348              	.L47:
 349 000e 00BF     		.align	2
 350              	.L46:
 351 0010 00100240 		.word	1073876992
 353              		.section	.text.RCC_LSEConfig,"ax",%progbits
 354              		.align	1
 355              		.global	RCC_LSEConfig
 356              		.syntax unified
 357              		.thumb
 358              		.thumb_func
 360              	RCC_LSEConfig:
 361              		@ args = 0, pretend = 0, frame = 0
 362              		@ frame_needed = 0, uses_anonymous_args = 0
 363              		@ link register save eliminated.
 364 0000 0A4B     		ldr	r3, .L52
 365 0002 0022     		movs	r2, #0
 366 0004 83F82020 		strb	r2, [r3, #32]
 367 0008 83F82020 		strb	r2, [r3, #32]
 368 000c 0128     		cmp	r0, #1
 369 000e 02D0     		beq	.L49
 370 0010 0428     		cmp	r0, #4
 371 0012 05D0     		beq	.L50
ARM GAS  C:\Users\ihavenoK\AppData\Local\Temp\ccCKkTZE.s 			page 7


 372 0014 7047     		bx	lr
 373              	.L49:
 374 0016 054B     		ldr	r3, .L52
 375 0018 0122     		movs	r2, #1
 376 001a 83F82020 		strb	r2, [r3, #32]
 377 001e 7047     		bx	lr
 378              	.L50:
 379 0020 024B     		ldr	r3, .L52
 380 0022 0522     		movs	r2, #5
 381 0024 83F82020 		strb	r2, [r3, #32]
 382 0028 7047     		bx	lr
 383              	.L53:
 384 002a 00BF     		.align	2
 385              	.L52:
 386 002c 00100240 		.word	1073876992
 388              		.section	.text.RCC_LSICmd,"ax",%progbits
 389              		.align	1
 390              		.global	RCC_LSICmd
 391              		.syntax unified
 392              		.thumb
 393              		.thumb_func
 395              	RCC_LSICmd:
 396              		@ args = 0, pretend = 0, frame = 0
 397              		@ frame_needed = 0, uses_anonymous_args = 0
 398              		@ link register save eliminated.
 399 0000 014B     		ldr	r3, .L55
 400 0002 C3F88004 		str	r0, [r3, #1152]
 401 0006 7047     		bx	lr
 402              	.L56:
 403              		.align	2
 404              	.L55:
 405 0008 00004242 		.word	1111621632
 407              		.section	.text.RCC_RTCCLKConfig,"ax",%progbits
 408              		.align	1
 409              		.global	RCC_RTCCLKConfig
 410              		.syntax unified
 411              		.thumb
 412              		.thumb_func
 414              	RCC_RTCCLKConfig:
 415              		@ args = 0, pretend = 0, frame = 0
 416              		@ frame_needed = 0, uses_anonymous_args = 0
 417              		@ link register save eliminated.
 418 0000 024A     		ldr	r2, .L58
 419 0002 136A     		ldr	r3, [r2, #32]
 420 0004 0343     		orrs	r3, r3, r0
 421 0006 1362     		str	r3, [r2, #32]
 422 0008 7047     		bx	lr
 423              	.L59:
 424 000a 00BF     		.align	2
 425              	.L58:
 426 000c 00100240 		.word	1073876992
 428              		.section	.text.RCC_RTCCLKCmd,"ax",%progbits
 429              		.align	1
 430              		.global	RCC_RTCCLKCmd
 431              		.syntax unified
 432              		.thumb
 433              		.thumb_func
ARM GAS  C:\Users\ihavenoK\AppData\Local\Temp\ccCKkTZE.s 			page 8


 435              	RCC_RTCCLKCmd:
 436              		@ args = 0, pretend = 0, frame = 0
 437              		@ frame_needed = 0, uses_anonymous_args = 0
 438              		@ link register save eliminated.
 439 0000 014B     		ldr	r3, .L61
 440 0002 C3F83C04 		str	r0, [r3, #1084]
 441 0006 7047     		bx	lr
 442              	.L62:
 443              		.align	2
 444              	.L61:
 445 0008 00004242 		.word	1111621632
 447              		.section	.text.RCC_GetClocksFreq,"ax",%progbits
 448              		.align	1
 449              		.global	RCC_GetClocksFreq
 450              		.syntax unified
 451              		.thumb
 452              		.thumb_func
 454              	RCC_GetClocksFreq:
 455              		@ args = 0, pretend = 0, frame = 0
 456              		@ frame_needed = 0, uses_anonymous_args = 0
 457              		@ link register save eliminated.
 458 0000 10B4     		push	{r4}
 459 0002 1F4B     		ldr	r3, .L70
 460 0004 5B68     		ldr	r3, [r3, #4]
 461 0006 03F00C03 		and	r3, r3, #12
 462 000a 082B     		cmp	r3, #8
 463 000c 20D0     		beq	.L69
 464 000e 1D4B     		ldr	r3, .L70+4
 465              	.L64:
 466 0010 0360     		str	r3, [r0]
 467 0012 1B4A     		ldr	r2, .L70
 468 0014 5168     		ldr	r1, [r2, #4]
 469 0016 C1F30311 		ubfx	r1, r1, #4, #4
 470 001a 1B4C     		ldr	r4, .L70+8
 471 001c 615C     		ldrb	r1, [r4, r1]	@ zero_extendqisi2
 472 001e CB40     		lsrs	r3, r3, r1
 473 0020 4360     		str	r3, [r0, #4]
 474 0022 5168     		ldr	r1, [r2, #4]
 475 0024 C1F30221 		ubfx	r1, r1, #8, #3
 476 0028 615C     		ldrb	r1, [r4, r1]	@ zero_extendqisi2
 477 002a 23FA01F1 		lsr	r1, r3, r1
 478 002e 8160     		str	r1, [r0, #8]
 479 0030 5168     		ldr	r1, [r2, #4]
 480 0032 C1F3C221 		ubfx	r1, r1, #11, #3
 481 0036 615C     		ldrb	r1, [r4, r1]	@ zero_extendqisi2
 482 0038 CB40     		lsrs	r3, r3, r1
 483 003a C360     		str	r3, [r0, #12]
 484 003c 5268     		ldr	r2, [r2, #4]
 485 003e C2F38132 		ubfx	r2, r2, #14, #2
 486 0042 1249     		ldr	r1, .L70+12
 487 0044 8A5C     		ldrb	r2, [r1, r2]	@ zero_extendqisi2
 488 0046 B3FBF2F3 		udiv	r3, r3, r2
 489 004a 0361     		str	r3, [r0, #16]
 490 004c 10BC     		pop	{r4}
 491 004e 7047     		bx	lr
 492              	.L69:
 493 0050 0B4A     		ldr	r2, .L70
ARM GAS  C:\Users\ihavenoK\AppData\Local\Temp\ccCKkTZE.s 			page 9


 494 0052 5368     		ldr	r3, [r2, #4]
 495 0054 5268     		ldr	r2, [r2, #4]
 496 0056 C3F38343 		ubfx	r3, r3, #18, #4
 497 005a 0233     		adds	r3, r3, #2
 498 005c 12F4803F 		tst	r2, #65536
 499 0060 03D1     		bne	.L65
 500 0062 0B4A     		ldr	r2, .L70+16
 501 0064 02FB03F3 		mul	r3, r2, r3
 502 0068 D2E7     		b	.L64
 503              	.L65:
 504 006a 054A     		ldr	r2, .L70
 505 006c 5268     		ldr	r2, [r2, #4]
 506 006e 12F4003F 		tst	r2, #131072
 507 0072 14BF     		ite	ne
 508 0074 064A     		ldrne	r2, .L70+16
 509 0076 034A     		ldreq	r2, .L70+4
 510 0078 02FB03F3 		mul	r3, r2, r3
 511 007c C8E7     		b	.L64
 512              	.L71:
 513 007e 00BF     		.align	2
 514              	.L70:
 515 0080 00100240 		.word	1073876992
 516 0084 00127A00 		.word	8000000
 517 0088 00000000 		.word	APBAHBPrescTable
 518 008c 00000000 		.word	ADCPrescTable
 519 0090 00093D00 		.word	4000000
 521              		.section	.text.RCC_AHBPeriphClockCmd,"ax",%progbits
 522              		.align	1
 523              		.global	RCC_AHBPeriphClockCmd
 524              		.syntax unified
 525              		.thumb
 526              		.thumb_func
 528              	RCC_AHBPeriphClockCmd:
 529              		@ args = 0, pretend = 0, frame = 0
 530              		@ frame_needed = 0, uses_anonymous_args = 0
 531              		@ link register save eliminated.
 532 0000 21B1     		cbz	r1, .L73
 533 0002 054A     		ldr	r2, .L75
 534 0004 5369     		ldr	r3, [r2, #20]
 535 0006 0343     		orrs	r3, r3, r0
 536 0008 5361     		str	r3, [r2, #20]
 537 000a 7047     		bx	lr
 538              	.L73:
 539 000c 024A     		ldr	r2, .L75
 540 000e 5369     		ldr	r3, [r2, #20]
 541 0010 23EA0003 		bic	r3, r3, r0
 542 0014 5361     		str	r3, [r2, #20]
 543 0016 7047     		bx	lr
 544              	.L76:
 545              		.align	2
 546              	.L75:
 547 0018 00100240 		.word	1073876992
 549              		.section	.text.RCC_APB2PeriphClockCmd,"ax",%progbits
 550              		.align	1
 551              		.global	RCC_APB2PeriphClockCmd
 552              		.syntax unified
 553              		.thumb
ARM GAS  C:\Users\ihavenoK\AppData\Local\Temp\ccCKkTZE.s 			page 10


 554              		.thumb_func
 556              	RCC_APB2PeriphClockCmd:
 557              		@ args = 0, pretend = 0, frame = 0
 558              		@ frame_needed = 0, uses_anonymous_args = 0
 559              		@ link register save eliminated.
 560 0000 21B1     		cbz	r1, .L78
 561 0002 054A     		ldr	r2, .L80
 562 0004 9369     		ldr	r3, [r2, #24]
 563 0006 0343     		orrs	r3, r3, r0
 564 0008 9361     		str	r3, [r2, #24]
 565 000a 7047     		bx	lr
 566              	.L78:
 567 000c 024A     		ldr	r2, .L80
 568 000e 9369     		ldr	r3, [r2, #24]
 569 0010 23EA0003 		bic	r3, r3, r0
 570 0014 9361     		str	r3, [r2, #24]
 571 0016 7047     		bx	lr
 572              	.L81:
 573              		.align	2
 574              	.L80:
 575 0018 00100240 		.word	1073876992
 577              		.section	.text.RCC_APB1PeriphClockCmd,"ax",%progbits
 578              		.align	1
 579              		.global	RCC_APB1PeriphClockCmd
 580              		.syntax unified
 581              		.thumb
 582              		.thumb_func
 584              	RCC_APB1PeriphClockCmd:
 585              		@ args = 0, pretend = 0, frame = 0
 586              		@ frame_needed = 0, uses_anonymous_args = 0
 587              		@ link register save eliminated.
 588 0000 21B1     		cbz	r1, .L83
 589 0002 054A     		ldr	r2, .L85
 590 0004 D369     		ldr	r3, [r2, #28]
 591 0006 0343     		orrs	r3, r3, r0
 592 0008 D361     		str	r3, [r2, #28]
 593 000a 7047     		bx	lr
 594              	.L83:
 595 000c 024A     		ldr	r2, .L85
 596 000e D369     		ldr	r3, [r2, #28]
 597 0010 23EA0003 		bic	r3, r3, r0
 598 0014 D361     		str	r3, [r2, #28]
 599 0016 7047     		bx	lr
 600              	.L86:
 601              		.align	2
 602              	.L85:
 603 0018 00100240 		.word	1073876992
 605              		.section	.text.RCC_APB2PeriphResetCmd,"ax",%progbits
 606              		.align	1
 607              		.global	RCC_APB2PeriphResetCmd
 608              		.syntax unified
 609              		.thumb
 610              		.thumb_func
 612              	RCC_APB2PeriphResetCmd:
 613              		@ args = 0, pretend = 0, frame = 0
 614              		@ frame_needed = 0, uses_anonymous_args = 0
 615              		@ link register save eliminated.
ARM GAS  C:\Users\ihavenoK\AppData\Local\Temp\ccCKkTZE.s 			page 11


 616 0000 21B1     		cbz	r1, .L88
 617 0002 054A     		ldr	r2, .L90
 618 0004 D368     		ldr	r3, [r2, #12]
 619 0006 0343     		orrs	r3, r3, r0
 620 0008 D360     		str	r3, [r2, #12]
 621 000a 7047     		bx	lr
 622              	.L88:
 623 000c 024A     		ldr	r2, .L90
 624 000e D368     		ldr	r3, [r2, #12]
 625 0010 23EA0003 		bic	r3, r3, r0
 626 0014 D360     		str	r3, [r2, #12]
 627 0016 7047     		bx	lr
 628              	.L91:
 629              		.align	2
 630              	.L90:
 631 0018 00100240 		.word	1073876992
 633              		.section	.text.RCC_APB1PeriphResetCmd,"ax",%progbits
 634              		.align	1
 635              		.global	RCC_APB1PeriphResetCmd
 636              		.syntax unified
 637              		.thumb
 638              		.thumb_func
 640              	RCC_APB1PeriphResetCmd:
 641              		@ args = 0, pretend = 0, frame = 0
 642              		@ frame_needed = 0, uses_anonymous_args = 0
 643              		@ link register save eliminated.
 644 0000 21B1     		cbz	r1, .L93
 645 0002 054A     		ldr	r2, .L95
 646 0004 1369     		ldr	r3, [r2, #16]
 647 0006 0343     		orrs	r3, r3, r0
 648 0008 1361     		str	r3, [r2, #16]
 649 000a 7047     		bx	lr
 650              	.L93:
 651 000c 024A     		ldr	r2, .L95
 652 000e 1369     		ldr	r3, [r2, #16]
 653 0010 23EA0003 		bic	r3, r3, r0
 654 0014 1361     		str	r3, [r2, #16]
 655 0016 7047     		bx	lr
 656              	.L96:
 657              		.align	2
 658              	.L95:
 659 0018 00100240 		.word	1073876992
 661              		.section	.text.RCC_BackupResetCmd,"ax",%progbits
 662              		.align	1
 663              		.global	RCC_BackupResetCmd
 664              		.syntax unified
 665              		.thumb
 666              		.thumb_func
 668              	RCC_BackupResetCmd:
 669              		@ args = 0, pretend = 0, frame = 0
 670              		@ frame_needed = 0, uses_anonymous_args = 0
 671              		@ link register save eliminated.
 672 0000 014B     		ldr	r3, .L98
 673 0002 C3F84004 		str	r0, [r3, #1088]
 674 0006 7047     		bx	lr
 675              	.L99:
 676              		.align	2
ARM GAS  C:\Users\ihavenoK\AppData\Local\Temp\ccCKkTZE.s 			page 12


 677              	.L98:
 678 0008 00004242 		.word	1111621632
 680              		.section	.text.RCC_ClockSecuritySystemCmd,"ax",%progbits
 681              		.align	1
 682              		.global	RCC_ClockSecuritySystemCmd
 683              		.syntax unified
 684              		.thumb
 685              		.thumb_func
 687              	RCC_ClockSecuritySystemCmd:
 688              		@ args = 0, pretend = 0, frame = 0
 689              		@ frame_needed = 0, uses_anonymous_args = 0
 690              		@ link register save eliminated.
 691 0000 014B     		ldr	r3, .L101
 692 0002 D864     		str	r0, [r3, #76]
 693 0004 7047     		bx	lr
 694              	.L102:
 695 0006 00BF     		.align	2
 696              	.L101:
 697 0008 00004242 		.word	1111621632
 699              		.section	.text.RCC_MCOConfig,"ax",%progbits
 700              		.align	1
 701              		.global	RCC_MCOConfig
 702              		.syntax unified
 703              		.thumb
 704              		.thumb_func
 706              	RCC_MCOConfig:
 707              		@ args = 0, pretend = 0, frame = 0
 708              		@ frame_needed = 0, uses_anonymous_args = 0
 709              		@ link register save eliminated.
 710 0000 014B     		ldr	r3, .L104
 711 0002 D871     		strb	r0, [r3, #7]
 712 0004 7047     		bx	lr
 713              	.L105:
 714 0006 00BF     		.align	2
 715              	.L104:
 716 0008 00100240 		.word	1073876992
 718              		.section	.text.RCC_GetFlagStatus,"ax",%progbits
 719              		.align	1
 720              		.global	RCC_GetFlagStatus
 721              		.syntax unified
 722              		.thumb
 723              		.thumb_func
 725              	RCC_GetFlagStatus:
 726              		@ args = 0, pretend = 0, frame = 0
 727              		@ frame_needed = 0, uses_anonymous_args = 0
 728              		@ link register save eliminated.
 729 0000 4309     		lsrs	r3, r0, #5
 730 0002 012B     		cmp	r3, #1
 731 0004 0BD0     		beq	.L110
 732 0006 022B     		cmp	r3, #2
 733 0008 064B     		ldr	r3, .L111
 734 000a 0CBF     		ite	eq
 735 000c 1B6A     		ldreq	r3, [r3, #32]
 736 000e 5B6A     		ldrne	r3, [r3, #36]
 737              	.L108:
 738 0010 00F01F00 		and	r0, r0, #31
 739 0014 23FA00F0 		lsr	r0, r3, r0
ARM GAS  C:\Users\ihavenoK\AppData\Local\Temp\ccCKkTZE.s 			page 13


 740 0018 00F00100 		and	r0, r0, #1
 741 001c 7047     		bx	lr
 742              	.L110:
 743 001e 014B     		ldr	r3, .L111
 744 0020 1B68     		ldr	r3, [r3]
 745 0022 F5E7     		b	.L108
 746              	.L112:
 747              		.align	2
 748              	.L111:
 749 0024 00100240 		.word	1073876992
 751              		.section	.text.RCC_WaitForHSEStartUp,"ax",%progbits
 752              		.align	1
 753              		.global	RCC_WaitForHSEStartUp
 754              		.syntax unified
 755              		.thumb
 756              		.thumb_func
 758              	RCC_WaitForHSEStartUp:
 759              		@ args = 0, pretend = 0, frame = 8
 760              		@ frame_needed = 0, uses_anonymous_args = 0
 761 0000 10B5     		push	{r4, lr}
 762 0002 82B0     		sub	sp, sp, #8
 763 0004 0023     		movs	r3, #0
 764 0006 0193     		str	r3, [sp, #4]
 765 0008 3124     		movs	r4, #49
 766              	.L115:
 767 000a 2046     		mov	r0, r4
 768 000c FFF7FEFF 		bl	RCC_GetFlagStatus
 769 0010 019B     		ldr	r3, [sp, #4]
 770 0012 0133     		adds	r3, r3, #1
 771 0014 0193     		str	r3, [sp, #4]
 772 0016 019B     		ldr	r3, [sp, #4]
 773 0018 B3F5A06F 		cmp	r3, #1280
 774 001c 01D0     		beq	.L114
 775 001e 0028     		cmp	r0, #0
 776 0020 F3D0     		beq	.L115
 777              	.L114:
 778 0022 3120     		movs	r0, #49
 779 0024 FFF7FEFF 		bl	RCC_GetFlagStatus
 780 0028 0038     		subs	r0, r0, #0
 781 002a 18BF     		it	ne
 782 002c 0120     		movne	r0, #1
 783 002e 02B0     		add	sp, sp, #8
 784              		@ sp needed
 785 0030 10BD     		pop	{r4, pc}
 787              		.section	.text.RCC_ClearFlag,"ax",%progbits
 788              		.align	1
 789              		.global	RCC_ClearFlag
 790              		.syntax unified
 791              		.thumb
 792              		.thumb_func
 794              	RCC_ClearFlag:
 795              		@ args = 0, pretend = 0, frame = 0
 796              		@ frame_needed = 0, uses_anonymous_args = 0
 797              		@ link register save eliminated.
 798 0000 024A     		ldr	r2, .L119
 799 0002 536A     		ldr	r3, [r2, #36]
 800 0004 43F08073 		orr	r3, r3, #16777216
ARM GAS  C:\Users\ihavenoK\AppData\Local\Temp\ccCKkTZE.s 			page 14


 801 0008 5362     		str	r3, [r2, #36]
 802 000a 7047     		bx	lr
 803              	.L120:
 804              		.align	2
 805              	.L119:
 806 000c 00100240 		.word	1073876992
 808              		.section	.text.RCC_GetITStatus,"ax",%progbits
 809              		.align	1
 810              		.global	RCC_GetITStatus
 811              		.syntax unified
 812              		.thumb
 813              		.thumb_func
 815              	RCC_GetITStatus:
 816              		@ args = 0, pretend = 0, frame = 0
 817              		@ frame_needed = 0, uses_anonymous_args = 0
 818              		@ link register save eliminated.
 819 0000 034B     		ldr	r3, .L122
 820 0002 9B68     		ldr	r3, [r3, #8]
 821 0004 1840     		ands	r0, r0, r3
 822 0006 0038     		subs	r0, r0, #0
 823 0008 18BF     		it	ne
 824 000a 0120     		movne	r0, #1
 825 000c 7047     		bx	lr
 826              	.L123:
 827 000e 00BF     		.align	2
 828              	.L122:
 829 0010 00100240 		.word	1073876992
 831              		.section	.text.RCC_ClearITPendingBit,"ax",%progbits
 832              		.align	1
 833              		.global	RCC_ClearITPendingBit
 834              		.syntax unified
 835              		.thumb
 836              		.thumb_func
 838              	RCC_ClearITPendingBit:
 839              		@ args = 0, pretend = 0, frame = 0
 840              		@ frame_needed = 0, uses_anonymous_args = 0
 841              		@ link register save eliminated.
 842 0000 014B     		ldr	r3, .L125
 843 0002 9872     		strb	r0, [r3, #10]
 844 0004 7047     		bx	lr
 845              	.L126:
 846 0006 00BF     		.align	2
 847              	.L125:
 848 0008 00100240 		.word	1073876992
 850              		.section	.rodata.ADCPrescTable,"a"
 851              		.align	2
 854              	ADCPrescTable:
 855 0000 02040608 		.ascii	"\002\004\006\010"
 856              		.section	.rodata.APBAHBPrescTable,"a"
 857              		.align	2
 860              	APBAHBPrescTable:
 861 0000 00000000 		.ascii	"\000\000\000\000\001\002\003\004\001\002\003\004\006"
 861      01020304 
 861      01020304 
 861      06
 862 000d 070809   		.ascii	"\007\010\011"
 863              		.ident	"GCC: (Arm GNU Toolchain 14.2.Rel1 (Build arm-14.52)) 14.2.1 20241119"
ARM GAS  C:\Users\ihavenoK\AppData\Local\Temp\ccCKkTZE.s 			page 15


ARM GAS  C:\Users\ihavenoK\AppData\Local\Temp\ccCKkTZE.s 			page 16


DEFINED SYMBOLS
                            *ABS*:00000000 stm32f10x_rcc.c
C:\Users\ihavenoK\AppData\Local\Temp\ccCKkTZE.s:16     .text.RCC_DeInit:00000000 $t
C:\Users\ihavenoK\AppData\Local\Temp\ccCKkTZE.s:22     .text.RCC_DeInit:00000000 RCC_DeInit
C:\Users\ihavenoK\AppData\Local\Temp\ccCKkTZE.s:50     .text.RCC_DeInit:00000038 $d
C:\Users\ihavenoK\AppData\Local\Temp\ccCKkTZE.s:54     .text.RCC_HSEConfig:00000000 $t
C:\Users\ihavenoK\AppData\Local\Temp\ccCKkTZE.s:60     .text.RCC_HSEConfig:00000000 RCC_HSEConfig
C:\Users\ihavenoK\AppData\Local\Temp\ccCKkTZE.s:91     .text.RCC_HSEConfig:00000038 $d
C:\Users\ihavenoK\AppData\Local\Temp\ccCKkTZE.s:94     .text.RCC_AdjustHSICalibrationValue:00000000 $t
C:\Users\ihavenoK\AppData\Local\Temp\ccCKkTZE.s:100    .text.RCC_AdjustHSICalibrationValue:00000000 RCC_AdjustHSICalibrationValue
C:\Users\ihavenoK\AppData\Local\Temp\ccCKkTZE.s:113    .text.RCC_AdjustHSICalibrationValue:00000010 $d
C:\Users\ihavenoK\AppData\Local\Temp\ccCKkTZE.s:116    .text.RCC_HSICmd:00000000 $t
C:\Users\ihavenoK\AppData\Local\Temp\ccCKkTZE.s:122    .text.RCC_HSICmd:00000000 RCC_HSICmd
C:\Users\ihavenoK\AppData\Local\Temp\ccCKkTZE.s:132    .text.RCC_HSICmd:00000008 $d
C:\Users\ihavenoK\AppData\Local\Temp\ccCKkTZE.s:135    .text.RCC_PLLConfig:00000000 $t
C:\Users\ihavenoK\AppData\Local\Temp\ccCKkTZE.s:141    .text.RCC_PLLConfig:00000000 RCC_PLLConfig
C:\Users\ihavenoK\AppData\Local\Temp\ccCKkTZE.s:155    .text.RCC_PLLConfig:00000010 $d
C:\Users\ihavenoK\AppData\Local\Temp\ccCKkTZE.s:158    .text.RCC_PLLCmd:00000000 $t
C:\Users\ihavenoK\AppData\Local\Temp\ccCKkTZE.s:164    .text.RCC_PLLCmd:00000000 RCC_PLLCmd
C:\Users\ihavenoK\AppData\Local\Temp\ccCKkTZE.s:174    .text.RCC_PLLCmd:00000008 $d
C:\Users\ihavenoK\AppData\Local\Temp\ccCKkTZE.s:177    .text.RCC_SYSCLKConfig:00000000 $t
C:\Users\ihavenoK\AppData\Local\Temp\ccCKkTZE.s:183    .text.RCC_SYSCLKConfig:00000000 RCC_SYSCLKConfig
C:\Users\ihavenoK\AppData\Local\Temp\ccCKkTZE.s:196    .text.RCC_SYSCLKConfig:00000010 $d
C:\Users\ihavenoK\AppData\Local\Temp\ccCKkTZE.s:199    .text.RCC_GetSYSCLKSource:00000000 $t
C:\Users\ihavenoK\AppData\Local\Temp\ccCKkTZE.s:205    .text.RCC_GetSYSCLKSource:00000000 RCC_GetSYSCLKSource
C:\Users\ihavenoK\AppData\Local\Temp\ccCKkTZE.s:216    .text.RCC_GetSYSCLKSource:0000000c $d
C:\Users\ihavenoK\AppData\Local\Temp\ccCKkTZE.s:219    .text.RCC_HCLKConfig:00000000 $t
C:\Users\ihavenoK\AppData\Local\Temp\ccCKkTZE.s:225    .text.RCC_HCLKConfig:00000000 RCC_HCLKConfig
C:\Users\ihavenoK\AppData\Local\Temp\ccCKkTZE.s:238    .text.RCC_HCLKConfig:00000010 $d
C:\Users\ihavenoK\AppData\Local\Temp\ccCKkTZE.s:241    .text.RCC_PCLK1Config:00000000 $t
C:\Users\ihavenoK\AppData\Local\Temp\ccCKkTZE.s:247    .text.RCC_PCLK1Config:00000000 RCC_PCLK1Config
C:\Users\ihavenoK\AppData\Local\Temp\ccCKkTZE.s:260    .text.RCC_PCLK1Config:00000010 $d
C:\Users\ihavenoK\AppData\Local\Temp\ccCKkTZE.s:263    .text.RCC_PCLK2Config:00000000 $t
C:\Users\ihavenoK\AppData\Local\Temp\ccCKkTZE.s:269    .text.RCC_PCLK2Config:00000000 RCC_PCLK2Config
C:\Users\ihavenoK\AppData\Local\Temp\ccCKkTZE.s:282    .text.RCC_PCLK2Config:00000010 $d
C:\Users\ihavenoK\AppData\Local\Temp\ccCKkTZE.s:285    .text.RCC_ITConfig:00000000 $t
C:\Users\ihavenoK\AppData\Local\Temp\ccCKkTZE.s:291    .text.RCC_ITConfig:00000000 RCC_ITConfig
C:\Users\ihavenoK\AppData\Local\Temp\ccCKkTZE.s:310    .text.RCC_ITConfig:00000018 $d
C:\Users\ihavenoK\AppData\Local\Temp\ccCKkTZE.s:313    .text.RCC_USBCLKConfig:00000000 $t
C:\Users\ihavenoK\AppData\Local\Temp\ccCKkTZE.s:319    .text.RCC_USBCLKConfig:00000000 RCC_USBCLKConfig
C:\Users\ihavenoK\AppData\Local\Temp\ccCKkTZE.s:329    .text.RCC_USBCLKConfig:00000008 $d
C:\Users\ihavenoK\AppData\Local\Temp\ccCKkTZE.s:332    .text.RCC_ADCCLKConfig:00000000 $t
C:\Users\ihavenoK\AppData\Local\Temp\ccCKkTZE.s:338    .text.RCC_ADCCLKConfig:00000000 RCC_ADCCLKConfig
C:\Users\ihavenoK\AppData\Local\Temp\ccCKkTZE.s:351    .text.RCC_ADCCLKConfig:00000010 $d
C:\Users\ihavenoK\AppData\Local\Temp\ccCKkTZE.s:354    .text.RCC_LSEConfig:00000000 $t
C:\Users\ihavenoK\AppData\Local\Temp\ccCKkTZE.s:360    .text.RCC_LSEConfig:00000000 RCC_LSEConfig
C:\Users\ihavenoK\AppData\Local\Temp\ccCKkTZE.s:386    .text.RCC_LSEConfig:0000002c $d
C:\Users\ihavenoK\AppData\Local\Temp\ccCKkTZE.s:389    .text.RCC_LSICmd:00000000 $t
C:\Users\ihavenoK\AppData\Local\Temp\ccCKkTZE.s:395    .text.RCC_LSICmd:00000000 RCC_LSICmd
C:\Users\ihavenoK\AppData\Local\Temp\ccCKkTZE.s:405    .text.RCC_LSICmd:00000008 $d
C:\Users\ihavenoK\AppData\Local\Temp\ccCKkTZE.s:408    .text.RCC_RTCCLKConfig:00000000 $t
C:\Users\ihavenoK\AppData\Local\Temp\ccCKkTZE.s:414    .text.RCC_RTCCLKConfig:00000000 RCC_RTCCLKConfig
C:\Users\ihavenoK\AppData\Local\Temp\ccCKkTZE.s:426    .text.RCC_RTCCLKConfig:0000000c $d
C:\Users\ihavenoK\AppData\Local\Temp\ccCKkTZE.s:429    .text.RCC_RTCCLKCmd:00000000 $t
C:\Users\ihavenoK\AppData\Local\Temp\ccCKkTZE.s:435    .text.RCC_RTCCLKCmd:00000000 RCC_RTCCLKCmd
C:\Users\ihavenoK\AppData\Local\Temp\ccCKkTZE.s:445    .text.RCC_RTCCLKCmd:00000008 $d
C:\Users\ihavenoK\AppData\Local\Temp\ccCKkTZE.s:448    .text.RCC_GetClocksFreq:00000000 $t
ARM GAS  C:\Users\ihavenoK\AppData\Local\Temp\ccCKkTZE.s 			page 17


C:\Users\ihavenoK\AppData\Local\Temp\ccCKkTZE.s:454    .text.RCC_GetClocksFreq:00000000 RCC_GetClocksFreq
C:\Users\ihavenoK\AppData\Local\Temp\ccCKkTZE.s:515    .text.RCC_GetClocksFreq:00000080 $d
C:\Users\ihavenoK\AppData\Local\Temp\ccCKkTZE.s:860    .rodata.APBAHBPrescTable:00000000 APBAHBPrescTable
C:\Users\ihavenoK\AppData\Local\Temp\ccCKkTZE.s:854    .rodata.ADCPrescTable:00000000 ADCPrescTable
C:\Users\ihavenoK\AppData\Local\Temp\ccCKkTZE.s:522    .text.RCC_AHBPeriphClockCmd:00000000 $t
C:\Users\ihavenoK\AppData\Local\Temp\ccCKkTZE.s:528    .text.RCC_AHBPeriphClockCmd:00000000 RCC_AHBPeriphClockCmd
C:\Users\ihavenoK\AppData\Local\Temp\ccCKkTZE.s:547    .text.RCC_AHBPeriphClockCmd:00000018 $d
C:\Users\ihavenoK\AppData\Local\Temp\ccCKkTZE.s:550    .text.RCC_APB2PeriphClockCmd:00000000 $t
C:\Users\ihavenoK\AppData\Local\Temp\ccCKkTZE.s:556    .text.RCC_APB2PeriphClockCmd:00000000 RCC_APB2PeriphClockCmd
C:\Users\ihavenoK\AppData\Local\Temp\ccCKkTZE.s:575    .text.RCC_APB2PeriphClockCmd:00000018 $d
C:\Users\ihavenoK\AppData\Local\Temp\ccCKkTZE.s:578    .text.RCC_APB1PeriphClockCmd:00000000 $t
C:\Users\ihavenoK\AppData\Local\Temp\ccCKkTZE.s:584    .text.RCC_APB1PeriphClockCmd:00000000 RCC_APB1PeriphClockCmd
C:\Users\ihavenoK\AppData\Local\Temp\ccCKkTZE.s:603    .text.RCC_APB1PeriphClockCmd:00000018 $d
C:\Users\ihavenoK\AppData\Local\Temp\ccCKkTZE.s:606    .text.RCC_APB2PeriphResetCmd:00000000 $t
C:\Users\ihavenoK\AppData\Local\Temp\ccCKkTZE.s:612    .text.RCC_APB2PeriphResetCmd:00000000 RCC_APB2PeriphResetCmd
C:\Users\ihavenoK\AppData\Local\Temp\ccCKkTZE.s:631    .text.RCC_APB2PeriphResetCmd:00000018 $d
C:\Users\ihavenoK\AppData\Local\Temp\ccCKkTZE.s:634    .text.RCC_APB1PeriphResetCmd:00000000 $t
C:\Users\ihavenoK\AppData\Local\Temp\ccCKkTZE.s:640    .text.RCC_APB1PeriphResetCmd:00000000 RCC_APB1PeriphResetCmd
C:\Users\ihavenoK\AppData\Local\Temp\ccCKkTZE.s:659    .text.RCC_APB1PeriphResetCmd:00000018 $d
C:\Users\ihavenoK\AppData\Local\Temp\ccCKkTZE.s:662    .text.RCC_BackupResetCmd:00000000 $t
C:\Users\ihavenoK\AppData\Local\Temp\ccCKkTZE.s:668    .text.RCC_BackupResetCmd:00000000 RCC_BackupResetCmd
C:\Users\ihavenoK\AppData\Local\Temp\ccCKkTZE.s:678    .text.RCC_BackupResetCmd:00000008 $d
C:\Users\ihavenoK\AppData\Local\Temp\ccCKkTZE.s:681    .text.RCC_ClockSecuritySystemCmd:00000000 $t
C:\Users\ihavenoK\AppData\Local\Temp\ccCKkTZE.s:687    .text.RCC_ClockSecuritySystemCmd:00000000 RCC_ClockSecuritySystemCmd
C:\Users\ihavenoK\AppData\Local\Temp\ccCKkTZE.s:697    .text.RCC_ClockSecuritySystemCmd:00000008 $d
C:\Users\ihavenoK\AppData\Local\Temp\ccCKkTZE.s:700    .text.RCC_MCOConfig:00000000 $t
C:\Users\ihavenoK\AppData\Local\Temp\ccCKkTZE.s:706    .text.RCC_MCOConfig:00000000 RCC_MCOConfig
C:\Users\ihavenoK\AppData\Local\Temp\ccCKkTZE.s:716    .text.RCC_MCOConfig:00000008 $d
C:\Users\ihavenoK\AppData\Local\Temp\ccCKkTZE.s:719    .text.RCC_GetFlagStatus:00000000 $t
C:\Users\ihavenoK\AppData\Local\Temp\ccCKkTZE.s:725    .text.RCC_GetFlagStatus:00000000 RCC_GetFlagStatus
C:\Users\ihavenoK\AppData\Local\Temp\ccCKkTZE.s:749    .text.RCC_GetFlagStatus:00000024 $d
C:\Users\ihavenoK\AppData\Local\Temp\ccCKkTZE.s:752    .text.RCC_WaitForHSEStartUp:00000000 $t
C:\Users\ihavenoK\AppData\Local\Temp\ccCKkTZE.s:758    .text.RCC_WaitForHSEStartUp:00000000 RCC_WaitForHSEStartUp
C:\Users\ihavenoK\AppData\Local\Temp\ccCKkTZE.s:788    .text.RCC_ClearFlag:00000000 $t
C:\Users\ihavenoK\AppData\Local\Temp\ccCKkTZE.s:794    .text.RCC_ClearFlag:00000000 RCC_ClearFlag
C:\Users\ihavenoK\AppData\Local\Temp\ccCKkTZE.s:806    .text.RCC_ClearFlag:0000000c $d
C:\Users\ihavenoK\AppData\Local\Temp\ccCKkTZE.s:809    .text.RCC_GetITStatus:00000000 $t
C:\Users\ihavenoK\AppData\Local\Temp\ccCKkTZE.s:815    .text.RCC_GetITStatus:00000000 RCC_GetITStatus
C:\Users\ihavenoK\AppData\Local\Temp\ccCKkTZE.s:829    .text.RCC_GetITStatus:00000010 $d
C:\Users\ihavenoK\AppData\Local\Temp\ccCKkTZE.s:832    .text.RCC_ClearITPendingBit:00000000 $t
C:\Users\ihavenoK\AppData\Local\Temp\ccCKkTZE.s:838    .text.RCC_ClearITPendingBit:00000000 RCC_ClearITPendingBit
C:\Users\ihavenoK\AppData\Local\Temp\ccCKkTZE.s:848    .text.RCC_ClearITPendingBit:00000008 $d
C:\Users\ihavenoK\AppData\Local\Temp\ccCKkTZE.s:851    .rodata.ADCPrescTable:00000000 $d
C:\Users\ihavenoK\AppData\Local\Temp\ccCKkTZE.s:857    .rodata.APBAHBPrescTable:00000000 $d

NO UNDEFINED SYMBOLS
