ARM GAS  C:\Users\ihavenoK\AppData\Local\Temp\cc3mEqs4.s 			page 1


   1              		.cpu cortex-m3
   2              		.arch armv7-m
   3              		.fpu softvfp
   4              		.eabi_attribute 20, 1
   5              		.eabi_attribute 21, 1
   6              		.eabi_attribute 23, 3
   7              		.eabi_attribute 24, 1
   8              		.eabi_attribute 25, 1
   9              		.eabi_attribute 26, 1
  10              		.eabi_attribute 30, 1
  11              		.eabi_attribute 34, 1
  12              		.eabi_attribute 18, 4
  13              		.file	"stm32f10x_iwdg.c"
  14              		.text
  15              		.section	.text.IWDG_WriteAccessCmd,"ax",%progbits
  16              		.align	1
  17              		.global	IWDG_WriteAccessCmd
  18              		.syntax unified
  19              		.thumb
  20              		.thumb_func
  22              	IWDG_WriteAccessCmd:
  23              		@ args = 0, pretend = 0, frame = 0
  24              		@ frame_needed = 0, uses_anonymous_args = 0
  25              		@ link register save eliminated.
  26 0000 014B     		ldr	r3, .L2
  27 0002 1860     		str	r0, [r3]
  28 0004 7047     		bx	lr
  29              	.L3:
  30 0006 00BF     		.align	2
  31              	.L2:
  32 0008 00300040 		.word	1073754112
  34              		.section	.text.IWDG_SetPrescaler,"ax",%progbits
  35              		.align	1
  36              		.global	IWDG_SetPrescaler
  37              		.syntax unified
  38              		.thumb
  39              		.thumb_func
  41              	IWDG_SetPrescaler:
  42              		@ args = 0, pretend = 0, frame = 0
  43              		@ frame_needed = 0, uses_anonymous_args = 0
  44              		@ link register save eliminated.
  45 0000 014B     		ldr	r3, .L5
  46 0002 5860     		str	r0, [r3, #4]
  47 0004 7047     		bx	lr
  48              	.L6:
  49 0006 00BF     		.align	2
  50              	.L5:
  51 0008 00300040 		.word	1073754112
  53              		.section	.text.IWDG_SetReload,"ax",%progbits
  54              		.align	1
  55              		.global	IWDG_SetReload
  56              		.syntax unified
  57              		.thumb
  58              		.thumb_func
  60              	IWDG_SetReload:
  61              		@ args = 0, pretend = 0, frame = 0
  62              		@ frame_needed = 0, uses_anonymous_args = 0
ARM GAS  C:\Users\ihavenoK\AppData\Local\Temp\cc3mEqs4.s 			page 2


  63              		@ link register save eliminated.
  64 0000 014B     		ldr	r3, .L8
  65 0002 9860     		str	r0, [r3, #8]
  66 0004 7047     		bx	lr
  67              	.L9:
  68 0006 00BF     		.align	2
  69              	.L8:
  70 0008 00300040 		.word	1073754112
  72              		.section	.text.IWDG_ReloadCounter,"ax",%progbits
  73              		.align	1
  74              		.global	IWDG_ReloadCounter
  75              		.syntax unified
  76              		.thumb
  77              		.thumb_func
  79              	IWDG_ReloadCounter:
  80              		@ args = 0, pretend = 0, frame = 0
  81              		@ frame_needed = 0, uses_anonymous_args = 0
  82              		@ link register save eliminated.
  83 0000 024B     		ldr	r3, .L11
  84 0002 4AF6AA22 		movw	r2, #43690
  85 0006 1A60     		str	r2, [r3]
  86 0008 7047     		bx	lr
  87              	.L12:
  88 000a 00BF     		.align	2
  89              	.L11:
  90 000c 00300040 		.word	1073754112
  92              		.section	.text.IWDG_Enable,"ax",%progbits
  93              		.align	1
  94              		.global	IWDG_Enable
  95              		.syntax unified
  96              		.thumb
  97              		.thumb_func
  99              	IWDG_Enable:
 100              		@ args = 0, pretend = 0, frame = 0
 101              		@ frame_needed = 0, uses_anonymous_args = 0
 102              		@ link register save eliminated.
 103 0000 024B     		ldr	r3, .L14
 104 0002 4CF6CC42 		movw	r2, #52428
 105 0006 1A60     		str	r2, [r3]
 106 0008 7047     		bx	lr
 107              	.L15:
 108 000a 00BF     		.align	2
 109              	.L14:
 110 000c 00300040 		.word	1073754112
 112              		.section	.text.IWDG_GetFlagStatus,"ax",%progbits
 113              		.align	1
 114              		.global	IWDG_GetFlagStatus
 115              		.syntax unified
 116              		.thumb
 117              		.thumb_func
 119              	IWDG_GetFlagStatus:
 120              		@ args = 0, pretend = 0, frame = 0
 121              		@ frame_needed = 0, uses_anonymous_args = 0
 122              		@ link register save eliminated.
 123 0000 034B     		ldr	r3, .L17
 124 0002 DB68     		ldr	r3, [r3, #12]
 125 0004 1840     		ands	r0, r0, r3
ARM GAS  C:\Users\ihavenoK\AppData\Local\Temp\cc3mEqs4.s 			page 3


 126 0006 0038     		subs	r0, r0, #0
 127 0008 18BF     		it	ne
 128 000a 0120     		movne	r0, #1
 129 000c 7047     		bx	lr
 130              	.L18:
 131 000e 00BF     		.align	2
 132              	.L17:
 133 0010 00300040 		.word	1073754112
 135              		.ident	"GCC: (Arm GNU Toolchain 14.2.Rel1 (Build arm-14.52)) 14.2.1 20241119"
ARM GAS  C:\Users\ihavenoK\AppData\Local\Temp\cc3mEqs4.s 			page 4


DEFINED SYMBOLS
                            *ABS*:00000000 stm32f10x_iwdg.c
C:\Users\ihavenoK\AppData\Local\Temp\cc3mEqs4.s:16     .text.IWDG_WriteAccessCmd:00000000 $t
C:\Users\ihavenoK\AppData\Local\Temp\cc3mEqs4.s:22     .text.IWDG_WriteAccessCmd:00000000 IWDG_WriteAccessCmd
C:\Users\ihavenoK\AppData\Local\Temp\cc3mEqs4.s:32     .text.IWDG_WriteAccessCmd:00000008 $d
C:\Users\ihavenoK\AppData\Local\Temp\cc3mEqs4.s:35     .text.IWDG_SetPrescaler:00000000 $t
C:\Users\ihavenoK\AppData\Local\Temp\cc3mEqs4.s:41     .text.IWDG_SetPrescaler:00000000 IWDG_SetPrescaler
C:\Users\ihavenoK\AppData\Local\Temp\cc3mEqs4.s:51     .text.IWDG_SetPrescaler:00000008 $d
C:\Users\ihavenoK\AppData\Local\Temp\cc3mEqs4.s:54     .text.IWDG_SetReload:00000000 $t
C:\Users\ihavenoK\AppData\Local\Temp\cc3mEqs4.s:60     .text.IWDG_SetReload:00000000 IWDG_SetReload
C:\Users\ihavenoK\AppData\Local\Temp\cc3mEqs4.s:70     .text.IWDG_SetReload:00000008 $d
C:\Users\ihavenoK\AppData\Local\Temp\cc3mEqs4.s:73     .text.IWDG_ReloadCounter:00000000 $t
C:\Users\ihavenoK\AppData\Local\Temp\cc3mEqs4.s:79     .text.IWDG_ReloadCounter:00000000 IWDG_ReloadCounter
C:\Users\ihavenoK\AppData\Local\Temp\cc3mEqs4.s:90     .text.IWDG_ReloadCounter:0000000c $d
C:\Users\ihavenoK\AppData\Local\Temp\cc3mEqs4.s:93     .text.IWDG_Enable:00000000 $t
C:\Users\ihavenoK\AppData\Local\Temp\cc3mEqs4.s:99     .text.IWDG_Enable:00000000 IWDG_Enable
C:\Users\ihavenoK\AppData\Local\Temp\cc3mEqs4.s:110    .text.IWDG_Enable:0000000c $d
C:\Users\ihavenoK\AppData\Local\Temp\cc3mEqs4.s:113    .text.IWDG_GetFlagStatus:00000000 $t
C:\Users\ihavenoK\AppData\Local\Temp\cc3mEqs4.s:119    .text.IWDG_GetFlagStatus:00000000 IWDG_GetFlagStatus
C:\Users\ihavenoK\AppData\Local\Temp\cc3mEqs4.s:133    .text.IWDG_GetFlagStatus:00000010 $d

NO UNDEFINED SYMBOLS
