ARM GAS  C:\Users\ihavenoK\AppData\Local\Temp\ccJPk1OG.s 			page 1


   1              		.cpu cortex-m3
   2              		.arch armv7-m
   3              		.fpu softvfp
   4              		.eabi_attribute 20, 1
   5              		.eabi_attribute 21, 1
   6              		.eabi_attribute 23, 3
   7              		.eabi_attribute 24, 1
   8              		.eabi_attribute 25, 1
   9              		.eabi_attribute 26, 1
  10              		.eabi_attribute 30, 1
  11              		.eabi_attribute 34, 1
  12              		.eabi_attribute 18, 4
  13              		.file	"stm32f10x_spi.c"
  14              		.text
  15              		.section	.text.SPI_I2S_DeInit,"ax",%progbits
  16              		.align	1
  17              		.global	SPI_I2S_DeInit
  18              		.syntax unified
  19              		.thumb
  20              		.thumb_func
  22              	SPI_I2S_DeInit:
  23              		@ args = 0, pretend = 0, frame = 0
  24              		@ frame_needed = 0, uses_anonymous_args = 0
  25 0000 08B5     		push	{r3, lr}
  26 0002 154B     		ldr	r3, .L9
  27 0004 9842     		cmp	r0, r3
  28 0006 06D0     		beq	.L6
  29 0008 144B     		ldr	r3, .L9+4
  30 000a 9842     		cmp	r0, r3
  31 000c 0ED0     		beq	.L7
  32 000e 144B     		ldr	r3, .L9+8
  33 0010 9842     		cmp	r0, r3
  34 0012 16D0     		beq	.L8
  35              	.L1:
  36 0014 08BD     		pop	{r3, pc}
  37              	.L6:
  38 0016 0121     		movs	r1, #1
  39 0018 4FF48050 		mov	r0, #4096
  40 001c FFF7FEFF 		bl	RCC_APB2PeriphResetCmd
  41 0020 0021     		movs	r1, #0
  42 0022 4FF48050 		mov	r0, #4096
  43 0026 FFF7FEFF 		bl	RCC_APB2PeriphResetCmd
  44 002a F3E7     		b	.L1
  45              	.L7:
  46 002c 0121     		movs	r1, #1
  47 002e 4FF48040 		mov	r0, #16384
  48 0032 FFF7FEFF 		bl	RCC_APB1PeriphResetCmd
  49 0036 0021     		movs	r1, #0
  50 0038 4FF48040 		mov	r0, #16384
  51 003c FFF7FEFF 		bl	RCC_APB1PeriphResetCmd
  52 0040 E8E7     		b	.L1
  53              	.L8:
  54 0042 0121     		movs	r1, #1
  55 0044 4FF40040 		mov	r0, #32768
  56 0048 FFF7FEFF 		bl	RCC_APB1PeriphResetCmd
  57 004c 0021     		movs	r1, #0
  58 004e 4FF40040 		mov	r0, #32768
ARM GAS  C:\Users\ihavenoK\AppData\Local\Temp\ccJPk1OG.s 			page 2


  59 0052 FFF7FEFF 		bl	RCC_APB1PeriphResetCmd
  60 0056 DDE7     		b	.L1
  61              	.L10:
  62              		.align	2
  63              	.L9:
  64 0058 00300140 		.word	1073819648
  65 005c 00380040 		.word	1073756160
  66 0060 003C0040 		.word	1073757184
  68              		.section	.text.SPI_Init,"ax",%progbits
  69              		.align	1
  70              		.global	SPI_Init
  71              		.syntax unified
  72              		.thumb
  73              		.thumb_func
  75              	SPI_Init:
  76              		@ args = 0, pretend = 0, frame = 0
  77              		@ frame_needed = 0, uses_anonymous_args = 0
  78              		@ link register save eliminated.
  79 0000 0388     		ldrh	r3, [r0]
  80 0002 03F44152 		and	r2, r3, #12352
  81 0006 0B88     		ldrh	r3, [r1]
  82 0008 B1F802C0 		ldrh	ip, [r1, #2]
  83 000c 43EA0C03 		orr	r3, r3, ip
  84 0010 B1F804C0 		ldrh	ip, [r1, #4]
  85 0014 43EA0C03 		orr	r3, r3, ip
  86 0018 B1F806C0 		ldrh	ip, [r1, #6]
  87 001c 43EA0C03 		orr	r3, r3, ip
  88 0020 B1F808C0 		ldrh	ip, [r1, #8]
  89 0024 43EA0C03 		orr	r3, r3, ip
  90 0028 B1F80AC0 		ldrh	ip, [r1, #10]
  91 002c 43EA0C03 		orr	r3, r3, ip
  92 0030 B1F80CC0 		ldrh	ip, [r1, #12]
  93 0034 43EA0C03 		orr	r3, r3, ip
  94 0038 B1F80EC0 		ldrh	ip, [r1, #14]
  95 003c 43EA0C03 		orr	r3, r3, ip
  96 0040 1343     		orrs	r3, r3, r2
  97 0042 9BB2     		uxth	r3, r3
  98 0044 0380     		strh	r3, [r0]	@ movhi
  99 0046 838B     		ldrh	r3, [r0, #28]
 100 0048 23F40063 		bic	r3, r3, #2048
 101 004c 1B04     		lsls	r3, r3, #16
 102 004e 1B0C     		lsrs	r3, r3, #16
 103 0050 8383     		strh	r3, [r0, #28]	@ movhi
 104 0052 0B8A     		ldrh	r3, [r1, #16]
 105 0054 0382     		strh	r3, [r0, #16]	@ movhi
 106 0056 7047     		bx	lr
 108              		.section	.text.I2S_Init,"ax",%progbits
 109              		.align	1
 110              		.global	I2S_Init
 111              		.syntax unified
 112              		.thumb
 113              		.thumb_func
 115              	I2S_Init:
 116              		@ args = 0, pretend = 0, frame = 24
 117              		@ frame_needed = 0, uses_anonymous_args = 0
 118 0000 F0B5     		push	{r4, r5, r6, r7, lr}
 119 0002 87B0     		sub	sp, sp, #28
ARM GAS  C:\Users\ihavenoK\AppData\Local\Temp\ccJPk1OG.s 			page 3


 120 0004 0646     		mov	r6, r0
 121 0006 0D46     		mov	r5, r1
 122 0008 838B     		ldrh	r3, [r0, #28]
 123 000a 9BB2     		uxth	r3, r3
 124 000c 23F47B63 		bic	r3, r3, #4016
 125 0010 23F00F03 		bic	r3, r3, #15
 126 0014 9BB2     		uxth	r3, r3
 127 0016 8383     		strh	r3, [r0, #28]	@ movhi
 128 0018 0223     		movs	r3, #2
 129 001a 0384     		strh	r3, [r0, #32]	@ movhi
 130 001c 848B     		ldrh	r4, [r0, #28]
 131 001e A4B2     		uxth	r4, r4
 132 0020 8B68     		ldr	r3, [r1, #8]
 133 0022 022B     		cmp	r3, #2
 134 0024 24D0     		beq	.L17
 135 0026 8B88     		ldrh	r3, [r1, #4]
 136 0028 002B     		cmp	r3, #0
 137 002a 14BF     		ite	ne
 138 002c 0227     		movne	r7, #2
 139 002e 0127     		moveq	r7, #1
 140 0030 01A8     		add	r0, sp, #4
 141 0032 FFF7FEFF 		bl	RCC_GetClocksFreq
 142 0036 019B     		ldr	r3, [sp, #4]
 143 0038 EA88     		ldrh	r2, [r5, #6]
 144 003a B2F5007F 		cmp	r2, #512
 145 003e 0EBF     		itee	eq
 146 0040 1B0A     		lsreq	r3, r3, #8
 147 0042 7F01     		lslne	r7, r7, #5
 148 0044 B3FBF7F3 		udivne	r3, r3, r7
 149 0048 03EB8303 		add	r3, r3, r3, lsl #2
 150 004c 5B00     		lsls	r3, r3, #1
 151 004e AA68     		ldr	r2, [r5, #8]
 152 0050 B3FBF2F3 		udiv	r3, r3, r2
 153 0054 0533     		adds	r3, r3, #5
 154 0056 9BB2     		uxth	r3, r3
 155 0058 114A     		ldr	r2, .L21
 156 005a A2FB0323 		umull	r2, r3, r2, r3
 157 005e C3F3C002 		ubfx	r2, r3, #3, #1
 158 0062 1B09     		lsrs	r3, r3, #4
 159 0064 991E     		subs	r1, r3, #2
 160 0066 89B2     		uxth	r1, r1
 161 0068 FD29     		cmp	r1, #253
 162 006a 15D8     		bhi	.L19
 163 006c 1202     		lsls	r2, r2, #8
 164 006e 01E0     		b	.L13
 165              	.L17:
 166 0070 0022     		movs	r2, #0
 167 0072 0223     		movs	r3, #2
 168              	.L13:
 169 0074 1343     		orrs	r3, r3, r2
 170 0076 EA88     		ldrh	r2, [r5, #6]
 171 0078 1343     		orrs	r3, r3, r2
 172 007a 3384     		strh	r3, [r6, #32]	@ movhi
 173 007c 2B88     		ldrh	r3, [r5]
 174 007e 6A88     		ldrh	r2, [r5, #2]
 175 0080 1343     		orrs	r3, r3, r2
 176 0082 2343     		orrs	r3, r3, r4
ARM GAS  C:\Users\ihavenoK\AppData\Local\Temp\ccJPk1OG.s 			page 4


 177 0084 AA88     		ldrh	r2, [r5, #4]
 178 0086 1343     		orrs	r3, r3, r2
 179 0088 AA89     		ldrh	r2, [r5, #12]
 180 008a 1343     		orrs	r3, r3, r2
 181 008c 9BB2     		uxth	r3, r3
 182 008e 43F40063 		orr	r3, r3, #2048
 183 0092 B383     		strh	r3, [r6, #28]	@ movhi
 184 0094 07B0     		add	sp, sp, #28
 185              		@ sp needed
 186 0096 F0BD     		pop	{r4, r5, r6, r7, pc}
 187              	.L19:
 188 0098 0022     		movs	r2, #0
 189 009a 0223     		movs	r3, #2
 190 009c EAE7     		b	.L13
 191              	.L22:
 192 009e 00BF     		.align	2
 193              	.L21:
 194 00a0 CDCCCCCC 		.word	-858993459
 196              		.section	.text.SPI_StructInit,"ax",%progbits
 197              		.align	1
 198              		.global	SPI_StructInit
 199              		.syntax unified
 200              		.thumb
 201              		.thumb_func
 203              	SPI_StructInit:
 204              		@ args = 0, pretend = 0, frame = 0
 205              		@ frame_needed = 0, uses_anonymous_args = 0
 206              		@ link register save eliminated.
 207 0000 0023     		movs	r3, #0
 208 0002 0380     		strh	r3, [r0]	@ movhi
 209 0004 4380     		strh	r3, [r0, #2]	@ movhi
 210 0006 8380     		strh	r3, [r0, #4]	@ movhi
 211 0008 C380     		strh	r3, [r0, #6]	@ movhi
 212 000a 0381     		strh	r3, [r0, #8]	@ movhi
 213 000c 4381     		strh	r3, [r0, #10]	@ movhi
 214 000e 8381     		strh	r3, [r0, #12]	@ movhi
 215 0010 C381     		strh	r3, [r0, #14]	@ movhi
 216 0012 0723     		movs	r3, #7
 217 0014 0382     		strh	r3, [r0, #16]	@ movhi
 218 0016 7047     		bx	lr
 220              		.section	.text.I2S_StructInit,"ax",%progbits
 221              		.align	1
 222              		.global	I2S_StructInit
 223              		.syntax unified
 224              		.thumb
 225              		.thumb_func
 227              	I2S_StructInit:
 228              		@ args = 0, pretend = 0, frame = 0
 229              		@ frame_needed = 0, uses_anonymous_args = 0
 230              		@ link register save eliminated.
 231 0000 0023     		movs	r3, #0
 232 0002 0380     		strh	r3, [r0]	@ movhi
 233 0004 4380     		strh	r3, [r0, #2]	@ movhi
 234 0006 8380     		strh	r3, [r0, #4]	@ movhi
 235 0008 C380     		strh	r3, [r0, #6]	@ movhi
 236 000a 0222     		movs	r2, #2
 237 000c 8260     		str	r2, [r0, #8]
ARM GAS  C:\Users\ihavenoK\AppData\Local\Temp\ccJPk1OG.s 			page 5


 238 000e 8381     		strh	r3, [r0, #12]	@ movhi
 239 0010 7047     		bx	lr
 241              		.section	.text.SPI_Cmd,"ax",%progbits
 242              		.align	1
 243              		.global	SPI_Cmd
 244              		.syntax unified
 245              		.thumb
 246              		.thumb_func
 248              	SPI_Cmd:
 249              		@ args = 0, pretend = 0, frame = 0
 250              		@ frame_needed = 0, uses_anonymous_args = 0
 251              		@ link register save eliminated.
 252 0000 29B1     		cbz	r1, .L26
 253 0002 0388     		ldrh	r3, [r0]
 254 0004 9BB2     		uxth	r3, r3
 255 0006 43F04003 		orr	r3, r3, #64
 256 000a 0380     		strh	r3, [r0]	@ movhi
 257 000c 7047     		bx	lr
 258              	.L26:
 259 000e 0388     		ldrh	r3, [r0]
 260 0010 23F04003 		bic	r3, r3, #64
 261 0014 1B04     		lsls	r3, r3, #16
 262 0016 1B0C     		lsrs	r3, r3, #16
 263 0018 0380     		strh	r3, [r0]	@ movhi
 264 001a 7047     		bx	lr
 266              		.section	.text.I2S_Cmd,"ax",%progbits
 267              		.align	1
 268              		.global	I2S_Cmd
 269              		.syntax unified
 270              		.thumb
 271              		.thumb_func
 273              	I2S_Cmd:
 274              		@ args = 0, pretend = 0, frame = 0
 275              		@ frame_needed = 0, uses_anonymous_args = 0
 276              		@ link register save eliminated.
 277 0000 29B1     		cbz	r1, .L29
 278 0002 838B     		ldrh	r3, [r0, #28]
 279 0004 9BB2     		uxth	r3, r3
 280 0006 43F48063 		orr	r3, r3, #1024
 281 000a 8383     		strh	r3, [r0, #28]	@ movhi
 282 000c 7047     		bx	lr
 283              	.L29:
 284 000e 838B     		ldrh	r3, [r0, #28]
 285 0010 23F48063 		bic	r3, r3, #1024
 286 0014 1B04     		lsls	r3, r3, #16
 287 0016 1B0C     		lsrs	r3, r3, #16
 288 0018 8383     		strh	r3, [r0, #28]	@ movhi
 289 001a 7047     		bx	lr
 291              		.section	.text.SPI_I2S_ITConfig,"ax",%progbits
 292              		.align	1
 293              		.global	SPI_I2S_ITConfig
 294              		.syntax unified
 295              		.thumb
 296              		.thumb_func
 298              	SPI_I2S_ITConfig:
 299              		@ args = 0, pretend = 0, frame = 0
 300              		@ frame_needed = 0, uses_anonymous_args = 0
ARM GAS  C:\Users\ihavenoK\AppData\Local\Temp\ccJPk1OG.s 			page 6


 301              		@ link register save eliminated.
 302 0000 0909     		lsrs	r1, r1, #4
 303 0002 0123     		movs	r3, #1
 304 0004 8B40     		lsls	r3, r3, r1
 305 0006 9BB2     		uxth	r3, r3
 306 0008 22B1     		cbz	r2, .L32
 307 000a 8288     		ldrh	r2, [r0, #4]
 308 000c 92B2     		uxth	r2, r2
 309 000e 1343     		orrs	r3, r3, r2
 310 0010 8380     		strh	r3, [r0, #4]	@ movhi
 311 0012 7047     		bx	lr
 312              	.L32:
 313 0014 8288     		ldrh	r2, [r0, #4]
 314 0016 92B2     		uxth	r2, r2
 315 0018 22EA0303 		bic	r3, r2, r3
 316 001c 8380     		strh	r3, [r0, #4]	@ movhi
 317 001e 7047     		bx	lr
 319              		.section	.text.SPI_I2S_DMACmd,"ax",%progbits
 320              		.align	1
 321              		.global	SPI_I2S_DMACmd
 322              		.syntax unified
 323              		.thumb
 324              		.thumb_func
 326              	SPI_I2S_DMACmd:
 327              		@ args = 0, pretend = 0, frame = 0
 328              		@ frame_needed = 0, uses_anonymous_args = 0
 329              		@ link register save eliminated.
 330 0000 22B1     		cbz	r2, .L35
 331 0002 8388     		ldrh	r3, [r0, #4]
 332 0004 9BB2     		uxth	r3, r3
 333 0006 0B43     		orrs	r3, r3, r1
 334 0008 8380     		strh	r3, [r0, #4]	@ movhi
 335 000a 7047     		bx	lr
 336              	.L35:
 337 000c 8388     		ldrh	r3, [r0, #4]
 338 000e 9BB2     		uxth	r3, r3
 339 0010 23EA0103 		bic	r3, r3, r1
 340 0014 8380     		strh	r3, [r0, #4]	@ movhi
 341 0016 7047     		bx	lr
 343              		.section	.text.SPI_I2S_SendData,"ax",%progbits
 344              		.align	1
 345              		.global	SPI_I2S_SendData
 346              		.syntax unified
 347              		.thumb
 348              		.thumb_func
 350              	SPI_I2S_SendData:
 351              		@ args = 0, pretend = 0, frame = 0
 352              		@ frame_needed = 0, uses_anonymous_args = 0
 353              		@ link register save eliminated.
 354 0000 8181     		strh	r1, [r0, #12]	@ movhi
 355 0002 7047     		bx	lr
 357              		.section	.text.SPI_I2S_ReceiveData,"ax",%progbits
 358              		.align	1
 359              		.global	SPI_I2S_ReceiveData
 360              		.syntax unified
 361              		.thumb
 362              		.thumb_func
ARM GAS  C:\Users\ihavenoK\AppData\Local\Temp\ccJPk1OG.s 			page 7


 364              	SPI_I2S_ReceiveData:
 365              		@ args = 0, pretend = 0, frame = 0
 366              		@ frame_needed = 0, uses_anonymous_args = 0
 367              		@ link register save eliminated.
 368 0000 8089     		ldrh	r0, [r0, #12]
 369 0002 80B2     		uxth	r0, r0
 370 0004 7047     		bx	lr
 372              		.section	.text.SPI_NSSInternalSoftwareConfig,"ax",%progbits
 373              		.align	1
 374              		.global	SPI_NSSInternalSoftwareConfig
 375              		.syntax unified
 376              		.thumb
 377              		.thumb_func
 379              	SPI_NSSInternalSoftwareConfig:
 380              		@ args = 0, pretend = 0, frame = 0
 381              		@ frame_needed = 0, uses_anonymous_args = 0
 382              		@ link register save eliminated.
 383 0000 4FF6FF63 		movw	r3, #65279
 384 0004 9942     		cmp	r1, r3
 385 0006 05D0     		beq	.L40
 386 0008 0388     		ldrh	r3, [r0]
 387 000a 9BB2     		uxth	r3, r3
 388 000c 43F48073 		orr	r3, r3, #256
 389 0010 0380     		strh	r3, [r0]	@ movhi
 390 0012 7047     		bx	lr
 391              	.L40:
 392 0014 0388     		ldrh	r3, [r0]
 393 0016 23F48073 		bic	r3, r3, #256
 394 001a 1B04     		lsls	r3, r3, #16
 395 001c 1B0C     		lsrs	r3, r3, #16
 396 001e 0380     		strh	r3, [r0]	@ movhi
 397 0020 7047     		bx	lr
 399              		.section	.text.SPI_SSOutputCmd,"ax",%progbits
 400              		.align	1
 401              		.global	SPI_SSOutputCmd
 402              		.syntax unified
 403              		.thumb
 404              		.thumb_func
 406              	SPI_SSOutputCmd:
 407              		@ args = 0, pretend = 0, frame = 0
 408              		@ frame_needed = 0, uses_anonymous_args = 0
 409              		@ link register save eliminated.
 410 0000 29B1     		cbz	r1, .L43
 411 0002 8388     		ldrh	r3, [r0, #4]
 412 0004 9BB2     		uxth	r3, r3
 413 0006 43F00403 		orr	r3, r3, #4
 414 000a 8380     		strh	r3, [r0, #4]	@ movhi
 415 000c 7047     		bx	lr
 416              	.L43:
 417 000e 8388     		ldrh	r3, [r0, #4]
 418 0010 23F00403 		bic	r3, r3, #4
 419 0014 1B04     		lsls	r3, r3, #16
 420 0016 1B0C     		lsrs	r3, r3, #16
 421 0018 8380     		strh	r3, [r0, #4]	@ movhi
 422 001a 7047     		bx	lr
 424              		.section	.text.SPI_DataSizeConfig,"ax",%progbits
 425              		.align	1
ARM GAS  C:\Users\ihavenoK\AppData\Local\Temp\ccJPk1OG.s 			page 8


 426              		.global	SPI_DataSizeConfig
 427              		.syntax unified
 428              		.thumb
 429              		.thumb_func
 431              	SPI_DataSizeConfig:
 432              		@ args = 0, pretend = 0, frame = 0
 433              		@ frame_needed = 0, uses_anonymous_args = 0
 434              		@ link register save eliminated.
 435 0000 0388     		ldrh	r3, [r0]
 436 0002 23F40063 		bic	r3, r3, #2048
 437 0006 1B04     		lsls	r3, r3, #16
 438 0008 1B0C     		lsrs	r3, r3, #16
 439 000a 0380     		strh	r3, [r0]	@ movhi
 440 000c 0388     		ldrh	r3, [r0]
 441 000e 9BB2     		uxth	r3, r3
 442 0010 0B43     		orrs	r3, r3, r1
 443 0012 0380     		strh	r3, [r0]	@ movhi
 444 0014 7047     		bx	lr
 446              		.section	.text.SPI_TransmitCRC,"ax",%progbits
 447              		.align	1
 448              		.global	SPI_TransmitCRC
 449              		.syntax unified
 450              		.thumb
 451              		.thumb_func
 453              	SPI_TransmitCRC:
 454              		@ args = 0, pretend = 0, frame = 0
 455              		@ frame_needed = 0, uses_anonymous_args = 0
 456              		@ link register save eliminated.
 457 0000 0388     		ldrh	r3, [r0]
 458 0002 9BB2     		uxth	r3, r3
 459 0004 43F48053 		orr	r3, r3, #4096
 460 0008 0380     		strh	r3, [r0]	@ movhi
 461 000a 7047     		bx	lr
 463              		.section	.text.SPI_CalculateCRC,"ax",%progbits
 464              		.align	1
 465              		.global	SPI_CalculateCRC
 466              		.syntax unified
 467              		.thumb
 468              		.thumb_func
 470              	SPI_CalculateCRC:
 471              		@ args = 0, pretend = 0, frame = 0
 472              		@ frame_needed = 0, uses_anonymous_args = 0
 473              		@ link register save eliminated.
 474 0000 29B1     		cbz	r1, .L48
 475 0002 0388     		ldrh	r3, [r0]
 476 0004 9BB2     		uxth	r3, r3
 477 0006 43F40053 		orr	r3, r3, #8192
 478 000a 0380     		strh	r3, [r0]	@ movhi
 479 000c 7047     		bx	lr
 480              	.L48:
 481 000e 0388     		ldrh	r3, [r0]
 482 0010 23F40053 		bic	r3, r3, #8192
 483 0014 1B04     		lsls	r3, r3, #16
 484 0016 1B0C     		lsrs	r3, r3, #16
 485 0018 0380     		strh	r3, [r0]	@ movhi
 486 001a 7047     		bx	lr
 488              		.section	.text.SPI_GetCRC,"ax",%progbits
ARM GAS  C:\Users\ihavenoK\AppData\Local\Temp\ccJPk1OG.s 			page 9


 489              		.align	1
 490              		.global	SPI_GetCRC
 491              		.syntax unified
 492              		.thumb
 493              		.thumb_func
 495              	SPI_GetCRC:
 496              		@ args = 0, pretend = 0, frame = 0
 497              		@ frame_needed = 0, uses_anonymous_args = 0
 498              		@ link register save eliminated.
 499 0000 0129     		cmp	r1, #1
 500 0002 14BF     		ite	ne
 501 0004 008B     		ldrhne	r0, [r0, #24]
 502 0006 808A     		ldrheq	r0, [r0, #20]
 503 0008 80B2     		uxth	r0, r0
 504 000a 7047     		bx	lr
 506              		.section	.text.SPI_GetCRCPolynomial,"ax",%progbits
 507              		.align	1
 508              		.global	SPI_GetCRCPolynomial
 509              		.syntax unified
 510              		.thumb
 511              		.thumb_func
 513              	SPI_GetCRCPolynomial:
 514              		@ args = 0, pretend = 0, frame = 0
 515              		@ frame_needed = 0, uses_anonymous_args = 0
 516              		@ link register save eliminated.
 517 0000 008A     		ldrh	r0, [r0, #16]
 518 0002 80B2     		uxth	r0, r0
 519 0004 7047     		bx	lr
 521              		.section	.text.SPI_BiDirectionalLineConfig,"ax",%progbits
 522              		.align	1
 523              		.global	SPI_BiDirectionalLineConfig
 524              		.syntax unified
 525              		.thumb
 526              		.thumb_func
 528              	SPI_BiDirectionalLineConfig:
 529              		@ args = 0, pretend = 0, frame = 0
 530              		@ frame_needed = 0, uses_anonymous_args = 0
 531              		@ link register save eliminated.
 532 0000 B1F5804F 		cmp	r1, #16384
 533 0004 06D0     		beq	.L57
 534 0006 0388     		ldrh	r3, [r0]
 535 0008 23F48043 		bic	r3, r3, #16384
 536 000c 1B04     		lsls	r3, r3, #16
 537 000e 1B0C     		lsrs	r3, r3, #16
 538 0010 0380     		strh	r3, [r0]	@ movhi
 539 0012 7047     		bx	lr
 540              	.L57:
 541 0014 0388     		ldrh	r3, [r0]
 542 0016 9BB2     		uxth	r3, r3
 543 0018 43F48043 		orr	r3, r3, #16384
 544 001c 0380     		strh	r3, [r0]	@ movhi
 545 001e 7047     		bx	lr
 547              		.section	.text.SPI_I2S_GetFlagStatus,"ax",%progbits
 548              		.align	1
 549              		.global	SPI_I2S_GetFlagStatus
 550              		.syntax unified
 551              		.thumb
ARM GAS  C:\Users\ihavenoK\AppData\Local\Temp\ccJPk1OG.s 			page 10


 552              		.thumb_func
 554              	SPI_I2S_GetFlagStatus:
 555              		@ args = 0, pretend = 0, frame = 0
 556              		@ frame_needed = 0, uses_anonymous_args = 0
 557              		@ link register save eliminated.
 558 0000 0389     		ldrh	r3, [r0, #8]
 559 0002 01EA0300 		and	r0, r1, r3
 560 0006 0038     		subs	r0, r0, #0
 561 0008 18BF     		it	ne
 562 000a 0120     		movne	r0, #1
 563 000c 7047     		bx	lr
 565              		.section	.text.SPI_I2S_ClearFlag,"ax",%progbits
 566              		.align	1
 567              		.global	SPI_I2S_ClearFlag
 568              		.syntax unified
 569              		.thumb
 570              		.thumb_func
 572              	SPI_I2S_ClearFlag:
 573              		@ args = 0, pretend = 0, frame = 0
 574              		@ frame_needed = 0, uses_anonymous_args = 0
 575              		@ link register save eliminated.
 576 0000 C943     		mvns	r1, r1
 577 0002 89B2     		uxth	r1, r1
 578 0004 0181     		strh	r1, [r0, #8]	@ movhi
 579 0006 7047     		bx	lr
 581              		.section	.text.SPI_I2S_GetITStatus,"ax",%progbits
 582              		.align	1
 583              		.global	SPI_I2S_GetITStatus
 584              		.syntax unified
 585              		.thumb
 586              		.thumb_func
 588              	SPI_I2S_GetITStatus:
 589              		@ args = 0, pretend = 0, frame = 0
 590              		@ frame_needed = 0, uses_anonymous_args = 0
 591              		@ link register save eliminated.
 592 0000 8388     		ldrh	r3, [r0, #4]
 593 0002 9BB2     		uxth	r3, r3
 594 0004 0089     		ldrh	r0, [r0, #8]
 595 0006 80B2     		uxth	r0, r0
 596 0008 01F00F0C 		and	ip, r1, #15
 597 000c 0122     		movs	r2, #1
 598 000e 02FA0CF2 		lsl	r2, r2, ip
 599 0012 1042     		tst	r0, r2
 600 0014 07D0     		beq	.L62
 601 0016 0909     		lsrs	r1, r1, #4
 602 0018 0122     		movs	r2, #1
 603 001a 8A40     		lsls	r2, r2, r1
 604 001c 1340     		ands	r3, r3, r2
 605 001e 181E     		subs	r0, r3, #0
 606 0020 18BF     		it	ne
 607 0022 0120     		movne	r0, #1
 608 0024 7047     		bx	lr
 609              	.L62:
 610 0026 0020     		movs	r0, #0
 611 0028 7047     		bx	lr
 613              		.section	.text.SPI_I2S_ClearITPendingBit,"ax",%progbits
 614              		.align	1
ARM GAS  C:\Users\ihavenoK\AppData\Local\Temp\ccJPk1OG.s 			page 11


 615              		.global	SPI_I2S_ClearITPendingBit
 616              		.syntax unified
 617              		.thumb
 618              		.thumb_func
 620              	SPI_I2S_ClearITPendingBit:
 621              		@ args = 0, pretend = 0, frame = 0
 622              		@ frame_needed = 0, uses_anonymous_args = 0
 623              		@ link register save eliminated.
 624 0000 01F00F01 		and	r1, r1, #15
 625 0004 0123     		movs	r3, #1
 626 0006 8B40     		lsls	r3, r3, r1
 627 0008 DB43     		mvns	r3, r3
 628 000a 9BB2     		uxth	r3, r3
 629 000c 0381     		strh	r3, [r0, #8]	@ movhi
 630 000e 7047     		bx	lr
 632              		.ident	"GCC: (Arm GNU Toolchain 14.2.Rel1 (Build arm-14.52)) 14.2.1 20241119"
ARM GAS  C:\Users\ihavenoK\AppData\Local\Temp\ccJPk1OG.s 			page 12


DEFINED SYMBOLS
                            *ABS*:00000000 stm32f10x_spi.c
C:\Users\ihavenoK\AppData\Local\Temp\ccJPk1OG.s:16     .text.SPI_I2S_DeInit:00000000 $t
C:\Users\ihavenoK\AppData\Local\Temp\ccJPk1OG.s:22     .text.SPI_I2S_DeInit:00000000 SPI_I2S_DeInit
C:\Users\ihavenoK\AppData\Local\Temp\ccJPk1OG.s:64     .text.SPI_I2S_DeInit:00000058 $d
C:\Users\ihavenoK\AppData\Local\Temp\ccJPk1OG.s:69     .text.SPI_Init:00000000 $t
C:\Users\ihavenoK\AppData\Local\Temp\ccJPk1OG.s:75     .text.SPI_Init:00000000 SPI_Init
C:\Users\ihavenoK\AppData\Local\Temp\ccJPk1OG.s:109    .text.I2S_Init:00000000 $t
C:\Users\ihavenoK\AppData\Local\Temp\ccJPk1OG.s:115    .text.I2S_Init:00000000 I2S_Init
C:\Users\ihavenoK\AppData\Local\Temp\ccJPk1OG.s:194    .text.I2S_Init:000000a0 $d
C:\Users\ihavenoK\AppData\Local\Temp\ccJPk1OG.s:197    .text.SPI_StructInit:00000000 $t
C:\Users\ihavenoK\AppData\Local\Temp\ccJPk1OG.s:203    .text.SPI_StructInit:00000000 SPI_StructInit
C:\Users\ihavenoK\AppData\Local\Temp\ccJPk1OG.s:221    .text.I2S_StructInit:00000000 $t
C:\Users\ihavenoK\AppData\Local\Temp\ccJPk1OG.s:227    .text.I2S_StructInit:00000000 I2S_StructInit
C:\Users\ihavenoK\AppData\Local\Temp\ccJPk1OG.s:242    .text.SPI_Cmd:00000000 $t
C:\Users\ihavenoK\AppData\Local\Temp\ccJPk1OG.s:248    .text.SPI_Cmd:00000000 SPI_Cmd
C:\Users\ihavenoK\AppData\Local\Temp\ccJPk1OG.s:267    .text.I2S_Cmd:00000000 $t
C:\Users\ihavenoK\AppData\Local\Temp\ccJPk1OG.s:273    .text.I2S_Cmd:00000000 I2S_Cmd
C:\Users\ihavenoK\AppData\Local\Temp\ccJPk1OG.s:292    .text.SPI_I2S_ITConfig:00000000 $t
C:\Users\ihavenoK\AppData\Local\Temp\ccJPk1OG.s:298    .text.SPI_I2S_ITConfig:00000000 SPI_I2S_ITConfig
C:\Users\ihavenoK\AppData\Local\Temp\ccJPk1OG.s:320    .text.SPI_I2S_DMACmd:00000000 $t
C:\Users\ihavenoK\AppData\Local\Temp\ccJPk1OG.s:326    .text.SPI_I2S_DMACmd:00000000 SPI_I2S_DMACmd
C:\Users\ihavenoK\AppData\Local\Temp\ccJPk1OG.s:344    .text.SPI_I2S_SendData:00000000 $t
C:\Users\ihavenoK\AppData\Local\Temp\ccJPk1OG.s:350    .text.SPI_I2S_SendData:00000000 SPI_I2S_SendData
C:\Users\ihavenoK\AppData\Local\Temp\ccJPk1OG.s:358    .text.SPI_I2S_ReceiveData:00000000 $t
C:\Users\ihavenoK\AppData\Local\Temp\ccJPk1OG.s:364    .text.SPI_I2S_ReceiveData:00000000 SPI_I2S_ReceiveData
C:\Users\ihavenoK\AppData\Local\Temp\ccJPk1OG.s:373    .text.SPI_NSSInternalSoftwareConfig:00000000 $t
C:\Users\ihavenoK\AppData\Local\Temp\ccJPk1OG.s:379    .text.SPI_NSSInternalSoftwareConfig:00000000 SPI_NSSInternalSoftwareConfig
C:\Users\ihavenoK\AppData\Local\Temp\ccJPk1OG.s:400    .text.SPI_SSOutputCmd:00000000 $t
C:\Users\ihavenoK\AppData\Local\Temp\ccJPk1OG.s:406    .text.SPI_SSOutputCmd:00000000 SPI_SSOutputCmd
C:\Users\ihavenoK\AppData\Local\Temp\ccJPk1OG.s:425    .text.SPI_DataSizeConfig:00000000 $t
C:\Users\ihavenoK\AppData\Local\Temp\ccJPk1OG.s:431    .text.SPI_DataSizeConfig:00000000 SPI_DataSizeConfig
C:\Users\ihavenoK\AppData\Local\Temp\ccJPk1OG.s:447    .text.SPI_TransmitCRC:00000000 $t
C:\Users\ihavenoK\AppData\Local\Temp\ccJPk1OG.s:453    .text.SPI_TransmitCRC:00000000 SPI_TransmitCRC
C:\Users\ihavenoK\AppData\Local\Temp\ccJPk1OG.s:464    .text.SPI_CalculateCRC:00000000 $t
C:\Users\ihavenoK\AppData\Local\Temp\ccJPk1OG.s:470    .text.SPI_CalculateCRC:00000000 SPI_CalculateCRC
C:\Users\ihavenoK\AppData\Local\Temp\ccJPk1OG.s:489    .text.SPI_GetCRC:00000000 $t
C:\Users\ihavenoK\AppData\Local\Temp\ccJPk1OG.s:495    .text.SPI_GetCRC:00000000 SPI_GetCRC
C:\Users\ihavenoK\AppData\Local\Temp\ccJPk1OG.s:507    .text.SPI_GetCRCPolynomial:00000000 $t
C:\Users\ihavenoK\AppData\Local\Temp\ccJPk1OG.s:513    .text.SPI_GetCRCPolynomial:00000000 SPI_GetCRCPolynomial
C:\Users\ihavenoK\AppData\Local\Temp\ccJPk1OG.s:522    .text.SPI_BiDirectionalLineConfig:00000000 $t
C:\Users\ihavenoK\AppData\Local\Temp\ccJPk1OG.s:528    .text.SPI_BiDirectionalLineConfig:00000000 SPI_BiDirectionalLineConfig
C:\Users\ihavenoK\AppData\Local\Temp\ccJPk1OG.s:548    .text.SPI_I2S_GetFlagStatus:00000000 $t
C:\Users\ihavenoK\AppData\Local\Temp\ccJPk1OG.s:554    .text.SPI_I2S_GetFlagStatus:00000000 SPI_I2S_GetFlagStatus
C:\Users\ihavenoK\AppData\Local\Temp\ccJPk1OG.s:566    .text.SPI_I2S_ClearFlag:00000000 $t
C:\Users\ihavenoK\AppData\Local\Temp\ccJPk1OG.s:572    .text.SPI_I2S_ClearFlag:00000000 SPI_I2S_ClearFlag
C:\Users\ihavenoK\AppData\Local\Temp\ccJPk1OG.s:582    .text.SPI_I2S_GetITStatus:00000000 $t
C:\Users\ihavenoK\AppData\Local\Temp\ccJPk1OG.s:588    .text.SPI_I2S_GetITStatus:00000000 SPI_I2S_GetITStatus
C:\Users\ihavenoK\AppData\Local\Temp\ccJPk1OG.s:614    .text.SPI_I2S_ClearITPendingBit:00000000 $t
C:\Users\ihavenoK\AppData\Local\Temp\ccJPk1OG.s:620    .text.SPI_I2S_ClearITPendingBit:00000000 SPI_I2S_ClearITPendingBit

UNDEFINED SYMBOLS
RCC_APB2PeriphResetCmd
RCC_APB1PeriphResetCmd
RCC_GetClocksFreq
