ARM GAS  C:\Users\ihavenoK\AppData\Local\Temp\ccMJqceY.s 			page 1


   1              		.cpu cortex-m3
   2              		.arch armv7-m
   3              		.fpu softvfp
   4              		.eabi_attribute 20, 1
   5              		.eabi_attribute 21, 1
   6              		.eabi_attribute 23, 3
   7              		.eabi_attribute 24, 1
   8              		.eabi_attribute 25, 1
   9              		.eabi_attribute 26, 1
  10              		.eabi_attribute 30, 1
  11              		.eabi_attribute 34, 1
  12              		.eabi_attribute 18, 4
  13              		.file	"stm32f10x_crc.c"
  14              		.text
  15              		.section	.text.CRC_ResetDR,"ax",%progbits
  16              		.align	1
  17              		.global	CRC_ResetDR
  18              		.syntax unified
  19              		.thumb
  20              		.thumb_func
  22              	CRC_ResetDR:
  23              		@ args = 0, pretend = 0, frame = 0
  24              		@ frame_needed = 0, uses_anonymous_args = 0
  25              		@ link register save eliminated.
  26 0000 014B     		ldr	r3, .L2
  27 0002 0122     		movs	r2, #1
  28 0004 9A60     		str	r2, [r3, #8]
  29 0006 7047     		bx	lr
  30              	.L3:
  31              		.align	2
  32              	.L2:
  33 0008 00300240 		.word	1073885184
  35              		.section	.text.CRC_CalcCRC,"ax",%progbits
  36              		.align	1
  37              		.global	CRC_CalcCRC
  38              		.syntax unified
  39              		.thumb
  40              		.thumb_func
  42              	CRC_CalcCRC:
  43              		@ args = 0, pretend = 0, frame = 0
  44              		@ frame_needed = 0, uses_anonymous_args = 0
  45              		@ link register save eliminated.
  46 0000 014B     		ldr	r3, .L5
  47 0002 1860     		str	r0, [r3]
  48 0004 1868     		ldr	r0, [r3]
  49 0006 7047     		bx	lr
  50              	.L6:
  51              		.align	2
  52              	.L5:
  53 0008 00300240 		.word	1073885184
  55              		.section	.text.CRC_CalcBlockCRC,"ax",%progbits
  56              		.align	1
  57              		.global	CRC_CalcBlockCRC
  58              		.syntax unified
  59              		.thumb
  60              		.thumb_func
  62              	CRC_CalcBlockCRC:
ARM GAS  C:\Users\ihavenoK\AppData\Local\Temp\ccMJqceY.s 			page 2


  63              		@ args = 0, pretend = 0, frame = 0
  64              		@ frame_needed = 0, uses_anonymous_args = 0
  65              		@ link register save eliminated.
  66 0000 41B1     		cbz	r1, .L8
  67 0002 0438     		subs	r0, r0, #4
  68 0004 00EB8102 		add	r2, r0, r1, lsl #2
  69 0008 0449     		ldr	r1, .L11
  70              	.L9:
  71 000a 50F8043F 		ldr	r3, [r0, #4]!
  72 000e 0B60     		str	r3, [r1]
  73 0010 9042     		cmp	r0, r2
  74 0012 FAD1     		bne	.L9
  75              	.L8:
  76 0014 014B     		ldr	r3, .L11
  77 0016 1868     		ldr	r0, [r3]
  78 0018 7047     		bx	lr
  79              	.L12:
  80 001a 00BF     		.align	2
  81              	.L11:
  82 001c 00300240 		.word	1073885184
  84              		.section	.text.CRC_GetCRC,"ax",%progbits
  85              		.align	1
  86              		.global	CRC_GetCRC
  87              		.syntax unified
  88              		.thumb
  89              		.thumb_func
  91              	CRC_GetCRC:
  92              		@ args = 0, pretend = 0, frame = 0
  93              		@ frame_needed = 0, uses_anonymous_args = 0
  94              		@ link register save eliminated.
  95 0000 014B     		ldr	r3, .L14
  96 0002 1868     		ldr	r0, [r3]
  97 0004 7047     		bx	lr
  98              	.L15:
  99 0006 00BF     		.align	2
 100              	.L14:
 101 0008 00300240 		.word	1073885184
 103              		.section	.text.CRC_SetIDRegister,"ax",%progbits
 104              		.align	1
 105              		.global	CRC_SetIDRegister
 106              		.syntax unified
 107              		.thumb
 108              		.thumb_func
 110              	CRC_SetIDRegister:
 111              		@ args = 0, pretend = 0, frame = 0
 112              		@ frame_needed = 0, uses_anonymous_args = 0
 113              		@ link register save eliminated.
 114 0000 014B     		ldr	r3, .L17
 115 0002 1871     		strb	r0, [r3, #4]
 116 0004 7047     		bx	lr
 117              	.L18:
 118 0006 00BF     		.align	2
 119              	.L17:
 120 0008 00300240 		.word	1073885184
 122              		.section	.text.CRC_GetIDRegister,"ax",%progbits
 123              		.align	1
 124              		.global	CRC_GetIDRegister
ARM GAS  C:\Users\ihavenoK\AppData\Local\Temp\ccMJqceY.s 			page 3


 125              		.syntax unified
 126              		.thumb
 127              		.thumb_func
 129              	CRC_GetIDRegister:
 130              		@ args = 0, pretend = 0, frame = 0
 131              		@ frame_needed = 0, uses_anonymous_args = 0
 132              		@ link register save eliminated.
 133 0000 014B     		ldr	r3, .L20
 134 0002 1879     		ldrb	r0, [r3, #4]	@ zero_extendqisi2
 135 0004 7047     		bx	lr
 136              	.L21:
 137 0006 00BF     		.align	2
 138              	.L20:
 139 0008 00300240 		.word	1073885184
 141              		.ident	"GCC: (Arm GNU Toolchain 14.2.Rel1 (Build arm-14.52)) 14.2.1 20241119"
ARM GAS  C:\Users\ihavenoK\AppData\Local\Temp\ccMJqceY.s 			page 4


DEFINED SYMBOLS
                            *ABS*:00000000 stm32f10x_crc.c
C:\Users\ihavenoK\AppData\Local\Temp\ccMJqceY.s:16     .text.CRC_ResetDR:00000000 $t
C:\Users\ihavenoK\AppData\Local\Temp\ccMJqceY.s:22     .text.CRC_ResetDR:00000000 CRC_ResetDR
C:\Users\ihavenoK\AppData\Local\Temp\ccMJqceY.s:33     .text.CRC_ResetDR:00000008 $d
C:\Users\ihavenoK\AppData\Local\Temp\ccMJqceY.s:36     .text.CRC_CalcCRC:00000000 $t
C:\Users\ihavenoK\AppData\Local\Temp\ccMJqceY.s:42     .text.CRC_CalcCRC:00000000 CRC_CalcCRC
C:\Users\ihavenoK\AppData\Local\Temp\ccMJqceY.s:53     .text.CRC_CalcCRC:00000008 $d
C:\Users\ihavenoK\AppData\Local\Temp\ccMJqceY.s:56     .text.CRC_CalcBlockCRC:00000000 $t
C:\Users\ihavenoK\AppData\Local\Temp\ccMJqceY.s:62     .text.CRC_CalcBlockCRC:00000000 CRC_CalcBlockCRC
C:\Users\ihavenoK\AppData\Local\Temp\ccMJqceY.s:82     .text.CRC_CalcBlockCRC:0000001c $d
C:\Users\ihavenoK\AppData\Local\Temp\ccMJqceY.s:85     .text.CRC_GetCRC:00000000 $t
C:\Users\ihavenoK\AppData\Local\Temp\ccMJqceY.s:91     .text.CRC_GetCRC:00000000 CRC_GetCRC
C:\Users\ihavenoK\AppData\Local\Temp\ccMJqceY.s:101    .text.CRC_GetCRC:00000008 $d
C:\Users\ihavenoK\AppData\Local\Temp\ccMJqceY.s:104    .text.CRC_SetIDRegister:00000000 $t
C:\Users\ihavenoK\AppData\Local\Temp\ccMJqceY.s:110    .text.CRC_SetIDRegister:00000000 CRC_SetIDRegister
C:\Users\ihavenoK\AppData\Local\Temp\ccMJqceY.s:120    .text.CRC_SetIDRegister:00000008 $d
C:\Users\ihavenoK\AppData\Local\Temp\ccMJqceY.s:123    .text.CRC_GetIDRegister:00000000 $t
C:\Users\ihavenoK\AppData\Local\Temp\ccMJqceY.s:129    .text.CRC_GetIDRegister:00000000 CRC_GetIDRegister
C:\Users\ihavenoK\AppData\Local\Temp\ccMJqceY.s:139    .text.CRC_GetIDRegister:00000008 $d

NO UNDEFINED SYMBOLS
