ARM GAS  C:\Users\ihavenoK\AppData\Local\Temp\ccA8z9hg.s 			page 1


   1              		.cpu cortex-m3
   2              		.arch armv7-m
   3              		.fpu softvfp
   4              		.eabi_attribute 20, 1
   5              		.eabi_attribute 21, 1
   6              		.eabi_attribute 23, 3
   7              		.eabi_attribute 24, 1
   8              		.eabi_attribute 25, 1
   9              		.eabi_attribute 26, 1
  10              		.eabi_attribute 30, 1
  11              		.eabi_attribute 34, 1
  12              		.eabi_attribute 18, 4
  13              		.file	"stm32f10x_exti.c"
  14              		.text
  15              		.section	.text.EXTI_DeInit,"ax",%progbits
  16              		.align	1
  17              		.global	EXTI_DeInit
  18              		.syntax unified
  19              		.thumb
  20              		.thumb_func
  22              	EXTI_DeInit:
  23              		@ args = 0, pretend = 0, frame = 0
  24              		@ frame_needed = 0, uses_anonymous_args = 0
  25              		@ link register save eliminated.
  26 0000 044B     		ldr	r3, .L2
  27 0002 0022     		movs	r2, #0
  28 0004 1A60     		str	r2, [r3]
  29 0006 5A60     		str	r2, [r3, #4]
  30 0008 9A60     		str	r2, [r3, #8]
  31 000a DA60     		str	r2, [r3, #12]
  32 000c 024A     		ldr	r2, .L2+4
  33 000e 5A61     		str	r2, [r3, #20]
  34 0010 7047     		bx	lr
  35              	.L3:
  36 0012 00BF     		.align	2
  37              	.L2:
  38 0014 00040140 		.word	1073808384
  39 0018 FFFF0F00 		.word	1048575
  41              		.section	.text.EXTI_Init,"ax",%progbits
  42              		.align	1
  43              		.global	EXTI_Init
  44              		.syntax unified
  45              		.thumb
  46              		.thumb_func
  48              	EXTI_Init:
  49              		@ args = 0, pretend = 0, frame = 0
  50              		@ frame_needed = 0, uses_anonymous_args = 0
  51              		@ link register save eliminated.
  52 0000 8379     		ldrb	r3, [r0, #6]	@ zero_extendqisi2
  53 0002 002B     		cmp	r3, #0
  54 0004 35D0     		beq	.L5
  55 0006 10B4     		push	{r4}
  56 0008 1F4B     		ldr	r3, .L13
  57 000a 1A68     		ldr	r2, [r3]
  58 000c 0168     		ldr	r1, [r0]
  59 000e 22EA0102 		bic	r2, r2, r1
  60 0012 1A60     		str	r2, [r3]
ARM GAS  C:\Users\ihavenoK\AppData\Local\Temp\ccA8z9hg.s 			page 2


  61 0014 5A68     		ldr	r2, [r3, #4]
  62 0016 0168     		ldr	r1, [r0]
  63 0018 22EA0102 		bic	r2, r2, r1
  64 001c 5A60     		str	r2, [r3, #4]
  65 001e 0279     		ldrb	r2, [r0, #4]	@ zero_extendqisi2
  66 0020 02F18042 		add	r2, r2, #1073741824
  67 0024 02F58232 		add	r2, r2, #66560
  68 0028 1168     		ldr	r1, [r2]
  69 002a 0468     		ldr	r4, [r0]
  70 002c 2143     		orrs	r1, r1, r4
  71 002e 1160     		str	r1, [r2]
  72 0030 9A68     		ldr	r2, [r3, #8]
  73 0032 0168     		ldr	r1, [r0]
  74 0034 22EA0102 		bic	r2, r2, r1
  75 0038 9A60     		str	r2, [r3, #8]
  76 003a DA68     		ldr	r2, [r3, #12]
  77 003c 0168     		ldr	r1, [r0]
  78 003e 22EA0102 		bic	r2, r2, r1
  79 0042 DA60     		str	r2, [r3, #12]
  80 0044 4379     		ldrb	r3, [r0, #5]	@ zero_extendqisi2
  81 0046 102B     		cmp	r3, #16
  82 0048 09D0     		beq	.L12
  83 004a 03F18043 		add	r3, r3, #1073741824
  84 004e 03F58233 		add	r3, r3, #66560
  85 0052 1A68     		ldr	r2, [r3]
  86 0054 0168     		ldr	r1, [r0]
  87 0056 0A43     		orrs	r2, r2, r1
  88 0058 1A60     		str	r2, [r3]
  89              	.L4:
  90 005a 10BC     		pop	{r4}
  91 005c 7047     		bx	lr
  92              	.L12:
  93 005e 0A4B     		ldr	r3, .L13
  94 0060 9A68     		ldr	r2, [r3, #8]
  95 0062 0168     		ldr	r1, [r0]
  96 0064 0A43     		orrs	r2, r2, r1
  97 0066 9A60     		str	r2, [r3, #8]
  98 0068 DA68     		ldr	r2, [r3, #12]
  99 006a 0168     		ldr	r1, [r0]
 100 006c 0A43     		orrs	r2, r2, r1
 101 006e DA60     		str	r2, [r3, #12]
 102 0070 F3E7     		b	.L4
 103              	.L5:
 104 0072 0379     		ldrb	r3, [r0, #4]	@ zero_extendqisi2
 105 0074 03F18043 		add	r3, r3, #1073741824
 106 0078 03F58233 		add	r3, r3, #66560
 107 007c 1A68     		ldr	r2, [r3]
 108 007e 0168     		ldr	r1, [r0]
 109 0080 22EA0102 		bic	r2, r2, r1
 110 0084 1A60     		str	r2, [r3]
 111 0086 7047     		bx	lr
 112              	.L14:
 113              		.align	2
 114              	.L13:
 115 0088 00040140 		.word	1073808384
 117              		.section	.text.EXTI_StructInit,"ax",%progbits
 118              		.align	1
ARM GAS  C:\Users\ihavenoK\AppData\Local\Temp\ccA8z9hg.s 			page 3


 119              		.global	EXTI_StructInit
 120              		.syntax unified
 121              		.thumb
 122              		.thumb_func
 124              	EXTI_StructInit:
 125              		@ args = 0, pretend = 0, frame = 0
 126              		@ frame_needed = 0, uses_anonymous_args = 0
 127              		@ link register save eliminated.
 128 0000 0023     		movs	r3, #0
 129 0002 0360     		str	r3, [r0]
 130 0004 0371     		strb	r3, [r0, #4]
 131 0006 0C22     		movs	r2, #12
 132 0008 4271     		strb	r2, [r0, #5]
 133 000a 8371     		strb	r3, [r0, #6]
 134 000c 7047     		bx	lr
 136              		.section	.text.EXTI_GenerateSWInterrupt,"ax",%progbits
 137              		.align	1
 138              		.global	EXTI_GenerateSWInterrupt
 139              		.syntax unified
 140              		.thumb
 141              		.thumb_func
 143              	EXTI_GenerateSWInterrupt:
 144              		@ args = 0, pretend = 0, frame = 0
 145              		@ frame_needed = 0, uses_anonymous_args = 0
 146              		@ link register save eliminated.
 147 0000 024A     		ldr	r2, .L17
 148 0002 1369     		ldr	r3, [r2, #16]
 149 0004 0343     		orrs	r3, r3, r0
 150 0006 1361     		str	r3, [r2, #16]
 151 0008 7047     		bx	lr
 152              	.L18:
 153 000a 00BF     		.align	2
 154              	.L17:
 155 000c 00040140 		.word	1073808384
 157              		.section	.text.EXTI_GetFlagStatus,"ax",%progbits
 158              		.align	1
 159              		.global	EXTI_GetFlagStatus
 160              		.syntax unified
 161              		.thumb
 162              		.thumb_func
 164              	EXTI_GetFlagStatus:
 165              		@ args = 0, pretend = 0, frame = 0
 166              		@ frame_needed = 0, uses_anonymous_args = 0
 167              		@ link register save eliminated.
 168 0000 034B     		ldr	r3, .L20
 169 0002 5B69     		ldr	r3, [r3, #20]
 170 0004 1840     		ands	r0, r0, r3
 171 0006 0038     		subs	r0, r0, #0
 172 0008 18BF     		it	ne
 173 000a 0120     		movne	r0, #1
 174 000c 7047     		bx	lr
 175              	.L21:
 176 000e 00BF     		.align	2
 177              	.L20:
 178 0010 00040140 		.word	1073808384
 180              		.section	.text.EXTI_ClearFlag,"ax",%progbits
 181              		.align	1
ARM GAS  C:\Users\ihavenoK\AppData\Local\Temp\ccA8z9hg.s 			page 4


 182              		.global	EXTI_ClearFlag
 183              		.syntax unified
 184              		.thumb
 185              		.thumb_func
 187              	EXTI_ClearFlag:
 188              		@ args = 0, pretend = 0, frame = 0
 189              		@ frame_needed = 0, uses_anonymous_args = 0
 190              		@ link register save eliminated.
 191 0000 014B     		ldr	r3, .L23
 192 0002 5861     		str	r0, [r3, #20]
 193 0004 7047     		bx	lr
 194              	.L24:
 195 0006 00BF     		.align	2
 196              	.L23:
 197 0008 00040140 		.word	1073808384
 199              		.section	.text.EXTI_GetITStatus,"ax",%progbits
 200              		.align	1
 201              		.global	EXTI_GetITStatus
 202              		.syntax unified
 203              		.thumb
 204              		.thumb_func
 206              	EXTI_GetITStatus:
 207              		@ args = 0, pretend = 0, frame = 0
 208              		@ frame_needed = 0, uses_anonymous_args = 0
 209              		@ link register save eliminated.
 210 0000 054A     		ldr	r2, .L28
 211 0002 1368     		ldr	r3, [r2]
 212 0004 5269     		ldr	r2, [r2, #20]
 213 0006 0242     		tst	r2, r0
 214 0008 04D0     		beq	.L27
 215 000a 1840     		ands	r0, r0, r3
 216 000c 0038     		subs	r0, r0, #0
 217 000e 18BF     		it	ne
 218 0010 0120     		movne	r0, #1
 219 0012 7047     		bx	lr
 220              	.L27:
 221 0014 0020     		movs	r0, #0
 222 0016 7047     		bx	lr
 223              	.L29:
 224              		.align	2
 225              	.L28:
 226 0018 00040140 		.word	1073808384
 228              		.section	.text.EXTI_ClearITPendingBit,"ax",%progbits
 229              		.align	1
 230              		.global	EXTI_ClearITPendingBit
 231              		.syntax unified
 232              		.thumb
 233              		.thumb_func
 235              	EXTI_ClearITPendingBit:
 236              		@ args = 0, pretend = 0, frame = 0
 237              		@ frame_needed = 0, uses_anonymous_args = 0
 238              		@ link register save eliminated.
 239 0000 014B     		ldr	r3, .L31
 240 0002 5861     		str	r0, [r3, #20]
 241 0004 7047     		bx	lr
 242              	.L32:
 243 0006 00BF     		.align	2
ARM GAS  C:\Users\ihavenoK\AppData\Local\Temp\ccA8z9hg.s 			page 5


 244              	.L31:
 245 0008 00040140 		.word	1073808384
 247              		.ident	"GCC: (Arm GNU Toolchain 14.2.Rel1 (Build arm-14.52)) 14.2.1 20241119"
ARM GAS  C:\Users\ihavenoK\AppData\Local\Temp\ccA8z9hg.s 			page 6


DEFINED SYMBOLS
                            *ABS*:00000000 stm32f10x_exti.c
C:\Users\ihavenoK\AppData\Local\Temp\ccA8z9hg.s:16     .text.EXTI_DeInit:00000000 $t
C:\Users\ihavenoK\AppData\Local\Temp\ccA8z9hg.s:22     .text.EXTI_DeInit:00000000 EXTI_DeInit
C:\Users\ihavenoK\AppData\Local\Temp\ccA8z9hg.s:38     .text.EXTI_DeInit:00000014 $d
C:\Users\ihavenoK\AppData\Local\Temp\ccA8z9hg.s:42     .text.EXTI_Init:00000000 $t
C:\Users\ihavenoK\AppData\Local\Temp\ccA8z9hg.s:48     .text.EXTI_Init:00000000 EXTI_Init
C:\Users\ihavenoK\AppData\Local\Temp\ccA8z9hg.s:115    .text.EXTI_Init:00000088 $d
C:\Users\ihavenoK\AppData\Local\Temp\ccA8z9hg.s:118    .text.EXTI_StructInit:00000000 $t
C:\Users\ihavenoK\AppData\Local\Temp\ccA8z9hg.s:124    .text.EXTI_StructInit:00000000 EXTI_StructInit
C:\Users\ihavenoK\AppData\Local\Temp\ccA8z9hg.s:137    .text.EXTI_GenerateSWInterrupt:00000000 $t
C:\Users\ihavenoK\AppData\Local\Temp\ccA8z9hg.s:143    .text.EXTI_GenerateSWInterrupt:00000000 EXTI_GenerateSWInterrupt
C:\Users\ihavenoK\AppData\Local\Temp\ccA8z9hg.s:155    .text.EXTI_GenerateSWInterrupt:0000000c $d
C:\Users\ihavenoK\AppData\Local\Temp\ccA8z9hg.s:158    .text.EXTI_GetFlagStatus:00000000 $t
C:\Users\ihavenoK\AppData\Local\Temp\ccA8z9hg.s:164    .text.EXTI_GetFlagStatus:00000000 EXTI_GetFlagStatus
C:\Users\ihavenoK\AppData\Local\Temp\ccA8z9hg.s:178    .text.EXTI_GetFlagStatus:00000010 $d
C:\Users\ihavenoK\AppData\Local\Temp\ccA8z9hg.s:181    .text.EXTI_ClearFlag:00000000 $t
C:\Users\ihavenoK\AppData\Local\Temp\ccA8z9hg.s:187    .text.EXTI_ClearFlag:00000000 EXTI_ClearFlag
C:\Users\ihavenoK\AppData\Local\Temp\ccA8z9hg.s:197    .text.EXTI_ClearFlag:00000008 $d
C:\Users\ihavenoK\AppData\Local\Temp\ccA8z9hg.s:200    .text.EXTI_GetITStatus:00000000 $t
C:\Users\ihavenoK\AppData\Local\Temp\ccA8z9hg.s:206    .text.EXTI_GetITStatus:00000000 EXTI_GetITStatus
C:\Users\ihavenoK\AppData\Local\Temp\ccA8z9hg.s:226    .text.EXTI_GetITStatus:00000018 $d
C:\Users\ihavenoK\AppData\Local\Temp\ccA8z9hg.s:229    .text.EXTI_ClearITPendingBit:00000000 $t
C:\Users\ihavenoK\AppData\Local\Temp\ccA8z9hg.s:235    .text.EXTI_ClearITPendingBit:00000000 EXTI_ClearITPendingBit
C:\Users\ihavenoK\AppData\Local\Temp\ccA8z9hg.s:245    .text.EXTI_ClearITPendingBit:00000008 $d

NO UNDEFINED SYMBOLS
