ARM GAS  C:\Users\ihavenoK\AppData\Local\Temp\cc795ztE.s 			page 1


   1              		.cpu cortex-m3
   2              		.arch armv7-m
   3              		.fpu softvfp
   4              		.eabi_attribute 20, 1
   5              		.eabi_attribute 21, 1
   6              		.eabi_attribute 23, 3
   7              		.eabi_attribute 24, 1
   8              		.eabi_attribute 25, 1
   9              		.eabi_attribute 26, 1
  10              		.eabi_attribute 30, 1
  11              		.eabi_attribute 34, 1
  12              		.eabi_attribute 18, 4
  13              		.file	"stm32f10x_dbgmcu.c"
  14              		.text
  15              		.section	.text.DBGMCU_GetREVID,"ax",%progbits
  16              		.align	1
  17              		.global	DBGMCU_GetREVID
  18              		.syntax unified
  19              		.thumb
  20              		.thumb_func
  22              	DBGMCU_GetREVID:
  23              		@ args = 0, pretend = 0, frame = 0
  24              		@ frame_needed = 0, uses_anonymous_args = 0
  25              		@ link register save eliminated.
  26 0000 014B     		ldr	r3, .L2
  27 0002 1868     		ldr	r0, [r3]
  28 0004 000C     		lsrs	r0, r0, #16
  29 0006 7047     		bx	lr
  30              	.L3:
  31              		.align	2
  32              	.L2:
  33 0008 002004E0 		.word	-536600576
  35              		.section	.text.DBGMCU_GetDEVID,"ax",%progbits
  36              		.align	1
  37              		.global	DBGMCU_GetDEVID
  38              		.syntax unified
  39              		.thumb
  40              		.thumb_func
  42              	DBGMCU_GetDEVID:
  43              		@ args = 0, pretend = 0, frame = 0
  44              		@ frame_needed = 0, uses_anonymous_args = 0
  45              		@ link register save eliminated.
  46 0000 024B     		ldr	r3, .L5
  47 0002 1868     		ldr	r0, [r3]
  48 0004 C0F30B00 		ubfx	r0, r0, #0, #12
  49 0008 7047     		bx	lr
  50              	.L6:
  51 000a 00BF     		.align	2
  52              	.L5:
  53 000c 002004E0 		.word	-536600576
  55              		.section	.text.DBGMCU_Config,"ax",%progbits
  56              		.align	1
  57              		.global	DBGMCU_Config
  58              		.syntax unified
  59              		.thumb
  60              		.thumb_func
  62              	DBGMCU_Config:
ARM GAS  C:\Users\ihavenoK\AppData\Local\Temp\cc795ztE.s 			page 2


  63              		@ args = 0, pretend = 0, frame = 0
  64              		@ frame_needed = 0, uses_anonymous_args = 0
  65              		@ link register save eliminated.
  66 0000 21B1     		cbz	r1, .L8
  67 0002 054A     		ldr	r2, .L10
  68 0004 5368     		ldr	r3, [r2, #4]
  69 0006 0343     		orrs	r3, r3, r0
  70 0008 5360     		str	r3, [r2, #4]
  71 000a 7047     		bx	lr
  72              	.L8:
  73 000c 024A     		ldr	r2, .L10
  74 000e 5368     		ldr	r3, [r2, #4]
  75 0010 23EA0003 		bic	r3, r3, r0
  76 0014 5360     		str	r3, [r2, #4]
  77 0016 7047     		bx	lr
  78              	.L11:
  79              		.align	2
  80              	.L10:
  81 0018 002004E0 		.word	-536600576
  83              		.ident	"GCC: (Arm GNU Toolchain 14.2.Rel1 (Build arm-14.52)) 14.2.1 20241119"
ARM GAS  C:\Users\ihavenoK\AppData\Local\Temp\cc795ztE.s 			page 3


DEFINED SYMBOLS
                            *ABS*:00000000 stm32f10x_dbgmcu.c
C:\Users\ihavenoK\AppData\Local\Temp\cc795ztE.s:16     .text.DBGMCU_GetREVID:00000000 $t
C:\Users\ihavenoK\AppData\Local\Temp\cc795ztE.s:22     .text.DBGMCU_GetREVID:00000000 DBGMCU_GetREVID
C:\Users\ihavenoK\AppData\Local\Temp\cc795ztE.s:33     .text.DBGMCU_GetREVID:00000008 $d
C:\Users\ihavenoK\AppData\Local\Temp\cc795ztE.s:36     .text.DBGMCU_GetDEVID:00000000 $t
C:\Users\ihavenoK\AppData\Local\Temp\cc795ztE.s:42     .text.DBGMCU_GetDEVID:00000000 DBGMCU_GetDEVID
C:\Users\ihavenoK\AppData\Local\Temp\cc795ztE.s:53     .text.DBGMCU_GetDEVID:0000000c $d
C:\Users\ihavenoK\AppData\Local\Temp\cc795ztE.s:56     .text.DBGMCU_Config:00000000 $t
C:\Users\ihavenoK\AppData\Local\Temp\cc795ztE.s:62     .text.DBGMCU_Config:00000000 DBGMCU_Config
C:\Users\ihavenoK\AppData\Local\Temp\cc795ztE.s:81     .text.DBGMCU_Config:00000018 $d

NO UNDEFINED SYMBOLS
