ARM GAS  C:\Users\ihavenoK\AppData\Local\Temp\ccd3C1vc.s 			page 1


   1              		.cpu cortex-m3
   2              		.arch armv7-m
   3              		.fpu softvfp
   4              		.eabi_attribute 20, 1
   5              		.eabi_attribute 21, 1
   6              		.eabi_attribute 23, 3
   7              		.eabi_attribute 24, 1
   8              		.eabi_attribute 25, 1
   9              		.eabi_attribute 26, 1
  10              		.eabi_attribute 30, 1
  11              		.eabi_attribute 34, 1
  12              		.eabi_attribute 18, 4
  13              		.file	"stm32f10x_dac.c"
  14              		.text
  15              		.section	.text.DAC_DeInit,"ax",%progbits
  16              		.align	1
  17              		.global	DAC_DeInit
  18              		.syntax unified
  19              		.thumb
  20              		.thumb_func
  22              	DAC_DeInit:
  23              		@ args = 0, pretend = 0, frame = 0
  24              		@ frame_needed = 0, uses_anonymous_args = 0
  25 0000 08B5     		push	{r3, lr}
  26 0002 0121     		movs	r1, #1
  27 0004 4FF00050 		mov	r0, #536870912
  28 0008 FFF7FEFF 		bl	RCC_APB1PeriphResetCmd
  29 000c 0021     		movs	r1, #0
  30 000e 4FF00050 		mov	r0, #536870912
  31 0012 FFF7FEFF 		bl	RCC_APB1PeriphResetCmd
  32 0016 08BD     		pop	{r3, pc}
  34              		.section	.text.DAC_Init,"ax",%progbits
  35              		.align	1
  36              		.global	DAC_Init
  37              		.syntax unified
  38              		.thumb
  39              		.thumb_func
  41              	DAC_Init:
  42              		@ args = 0, pretend = 0, frame = 0
  43              		@ frame_needed = 0, uses_anonymous_args = 0
  44              		@ link register save eliminated.
  45 0000 30B4     		push	{r4, r5}
  46 0002 094C     		ldr	r4, .L5
  47 0004 2268     		ldr	r2, [r4]
  48 0006 40F6FE73 		movw	r3, #4094
  49 000a 8340     		lsls	r3, r3, r0
  50 000c 22EA0302 		bic	r2, r2, r3
  51 0010 0B68     		ldr	r3, [r1]
  52 0012 4D68     		ldr	r5, [r1, #4]
  53 0014 2B43     		orrs	r3, r3, r5
  54 0016 8D68     		ldr	r5, [r1, #8]
  55 0018 2B43     		orrs	r3, r3, r5
  56 001a C968     		ldr	r1, [r1, #12]
  57 001c 0B43     		orrs	r3, r3, r1
  58 001e 8340     		lsls	r3, r3, r0
  59 0020 1343     		orrs	r3, r3, r2
  60 0022 2360     		str	r3, [r4]
ARM GAS  C:\Users\ihavenoK\AppData\Local\Temp\ccd3C1vc.s 			page 2


  61 0024 30BC     		pop	{r4, r5}
  62 0026 7047     		bx	lr
  63              	.L6:
  64              		.align	2
  65              	.L5:
  66 0028 00740040 		.word	1073771520
  68              		.section	.text.DAC_StructInit,"ax",%progbits
  69              		.align	1
  70              		.global	DAC_StructInit
  71              		.syntax unified
  72              		.thumb
  73              		.thumb_func
  75              	DAC_StructInit:
  76              		@ args = 0, pretend = 0, frame = 0
  77              		@ frame_needed = 0, uses_anonymous_args = 0
  78              		@ link register save eliminated.
  79 0000 0023     		movs	r3, #0
  80 0002 0360     		str	r3, [r0]
  81 0004 4360     		str	r3, [r0, #4]
  82 0006 8360     		str	r3, [r0, #8]
  83 0008 C360     		str	r3, [r0, #12]
  84 000a 7047     		bx	lr
  86              		.section	.text.DAC_Cmd,"ax",%progbits
  87              		.align	1
  88              		.global	DAC_Cmd
  89              		.syntax unified
  90              		.thumb
  91              		.thumb_func
  93              	DAC_Cmd:
  94              		@ args = 0, pretend = 0, frame = 0
  95              		@ frame_needed = 0, uses_anonymous_args = 0
  96              		@ link register save eliminated.
  97 0000 31B1     		cbz	r1, .L9
  98 0002 074A     		ldr	r2, .L11
  99 0004 1168     		ldr	r1, [r2]
 100 0006 0123     		movs	r3, #1
 101 0008 8340     		lsls	r3, r3, r0
 102 000a 0B43     		orrs	r3, r3, r1
 103 000c 1360     		str	r3, [r2]
 104 000e 7047     		bx	lr
 105              	.L9:
 106 0010 0349     		ldr	r1, .L11
 107 0012 0B68     		ldr	r3, [r1]
 108 0014 0122     		movs	r2, #1
 109 0016 8240     		lsls	r2, r2, r0
 110 0018 23EA0203 		bic	r3, r3, r2
 111 001c 0B60     		str	r3, [r1]
 112 001e 7047     		bx	lr
 113              	.L12:
 114              		.align	2
 115              	.L11:
 116 0020 00740040 		.word	1073771520
 118              		.section	.text.DAC_DMACmd,"ax",%progbits
 119              		.align	1
 120              		.global	DAC_DMACmd
 121              		.syntax unified
 122              		.thumb
ARM GAS  C:\Users\ihavenoK\AppData\Local\Temp\ccd3C1vc.s 			page 3


 123              		.thumb_func
 125              	DAC_DMACmd:
 126              		@ args = 0, pretend = 0, frame = 0
 127              		@ frame_needed = 0, uses_anonymous_args = 0
 128              		@ link register save eliminated.
 129 0000 39B1     		cbz	r1, .L14
 130 0002 084A     		ldr	r2, .L16
 131 0004 1168     		ldr	r1, [r2]
 132 0006 4FF48053 		mov	r3, #4096
 133 000a 8340     		lsls	r3, r3, r0
 134 000c 0B43     		orrs	r3, r3, r1
 135 000e 1360     		str	r3, [r2]
 136 0010 7047     		bx	lr
 137              	.L14:
 138 0012 0449     		ldr	r1, .L16
 139 0014 0B68     		ldr	r3, [r1]
 140 0016 4FF48052 		mov	r2, #4096
 141 001a 8240     		lsls	r2, r2, r0
 142 001c 23EA0203 		bic	r3, r3, r2
 143 0020 0B60     		str	r3, [r1]
 144 0022 7047     		bx	lr
 145              	.L17:
 146              		.align	2
 147              	.L16:
 148 0024 00740040 		.word	1073771520
 150              		.section	.text.DAC_SoftwareTriggerCmd,"ax",%progbits
 151              		.align	1
 152              		.global	DAC_SoftwareTriggerCmd
 153              		.syntax unified
 154              		.thumb
 155              		.thumb_func
 157              	DAC_SoftwareTriggerCmd:
 158              		@ args = 0, pretend = 0, frame = 0
 159              		@ frame_needed = 0, uses_anonymous_args = 0
 160              		@ link register save eliminated.
 161 0000 39B1     		cbz	r1, .L19
 162 0002 084A     		ldr	r2, .L21
 163 0004 5168     		ldr	r1, [r2, #4]
 164 0006 0009     		lsrs	r0, r0, #4
 165 0008 0123     		movs	r3, #1
 166 000a 8340     		lsls	r3, r3, r0
 167 000c 0B43     		orrs	r3, r3, r1
 168 000e 5360     		str	r3, [r2, #4]
 169 0010 7047     		bx	lr
 170              	.L19:
 171 0012 0449     		ldr	r1, .L21
 172 0014 4B68     		ldr	r3, [r1, #4]
 173 0016 0009     		lsrs	r0, r0, #4
 174 0018 0122     		movs	r2, #1
 175 001a 8240     		lsls	r2, r2, r0
 176 001c 23EA0203 		bic	r3, r3, r2
 177 0020 4B60     		str	r3, [r1, #4]
 178 0022 7047     		bx	lr
 179              	.L22:
 180              		.align	2
 181              	.L21:
 182 0024 00740040 		.word	1073771520
ARM GAS  C:\Users\ihavenoK\AppData\Local\Temp\ccd3C1vc.s 			page 4


 184              		.section	.text.DAC_DualSoftwareTriggerCmd,"ax",%progbits
 185              		.align	1
 186              		.global	DAC_DualSoftwareTriggerCmd
 187              		.syntax unified
 188              		.thumb
 189              		.thumb_func
 191              	DAC_DualSoftwareTriggerCmd:
 192              		@ args = 0, pretend = 0, frame = 0
 193              		@ frame_needed = 0, uses_anonymous_args = 0
 194              		@ link register save eliminated.
 195 0000 28B1     		cbz	r0, .L24
 196 0002 064A     		ldr	r2, .L26
 197 0004 5368     		ldr	r3, [r2, #4]
 198 0006 43F00303 		orr	r3, r3, #3
 199 000a 5360     		str	r3, [r2, #4]
 200 000c 7047     		bx	lr
 201              	.L24:
 202 000e 034A     		ldr	r2, .L26
 203 0010 5368     		ldr	r3, [r2, #4]
 204 0012 23F00303 		bic	r3, r3, #3
 205 0016 5360     		str	r3, [r2, #4]
 206 0018 7047     		bx	lr
 207              	.L27:
 208 001a 00BF     		.align	2
 209              	.L26:
 210 001c 00740040 		.word	1073771520
 212              		.section	.text.DAC_WaveGenerationCmd,"ax",%progbits
 213              		.align	1
 214              		.global	DAC_WaveGenerationCmd
 215              		.syntax unified
 216              		.thumb
 217              		.thumb_func
 219              	DAC_WaveGenerationCmd:
 220              		@ args = 0, pretend = 0, frame = 0
 221              		@ frame_needed = 0, uses_anonymous_args = 0
 222              		@ link register save eliminated.
 223 0000 2AB1     		cbz	r2, .L29
 224 0002 064B     		ldr	r3, .L31
 225 0004 1A68     		ldr	r2, [r3]
 226 0006 8140     		lsls	r1, r1, r0
 227 0008 1143     		orrs	r1, r1, r2
 228 000a 1960     		str	r1, [r3]
 229 000c 7047     		bx	lr
 230              	.L29:
 231 000e 034A     		ldr	r2, .L31
 232 0010 1368     		ldr	r3, [r2]
 233 0012 8140     		lsls	r1, r1, r0
 234 0014 23EA0103 		bic	r3, r3, r1
 235 0018 1360     		str	r3, [r2]
 236 001a 7047     		bx	lr
 237              	.L32:
 238              		.align	2
 239              	.L31:
 240 001c 00740040 		.word	1073771520
 242              		.section	.text.DAC_SetChannel1Data,"ax",%progbits
 243              		.align	1
 244              		.global	DAC_SetChannel1Data
ARM GAS  C:\Users\ihavenoK\AppData\Local\Temp\ccd3C1vc.s 			page 5


 245              		.syntax unified
 246              		.thumb
 247              		.thumb_func
 249              	DAC_SetChannel1Data:
 250              		@ args = 0, pretend = 0, frame = 8
 251              		@ frame_needed = 0, uses_anonymous_args = 0
 252              		@ link register save eliminated.
 253 0000 82B0     		sub	sp, sp, #8
 254 0002 0023     		movs	r3, #0
 255 0004 0193     		str	r3, [sp, #4]
 256 0006 054B     		ldr	r3, .L35
 257 0008 0193     		str	r3, [sp, #4]
 258 000a 019B     		ldr	r3, [sp, #4]
 259 000c 0833     		adds	r3, r3, #8
 260 000e 0344     		add	r3, r3, r0
 261 0010 0193     		str	r3, [sp, #4]
 262 0012 019B     		ldr	r3, [sp, #4]
 263 0014 1960     		str	r1, [r3]
 264 0016 02B0     		add	sp, sp, #8
 265              		@ sp needed
 266 0018 7047     		bx	lr
 267              	.L36:
 268 001a 00BF     		.align	2
 269              	.L35:
 270 001c 00740040 		.word	1073771520
 272              		.section	.text.DAC_SetChannel2Data,"ax",%progbits
 273              		.align	1
 274              		.global	DAC_SetChannel2Data
 275              		.syntax unified
 276              		.thumb
 277              		.thumb_func
 279              	DAC_SetChannel2Data:
 280              		@ args = 0, pretend = 0, frame = 8
 281              		@ frame_needed = 0, uses_anonymous_args = 0
 282              		@ link register save eliminated.
 283 0000 82B0     		sub	sp, sp, #8
 284 0002 0023     		movs	r3, #0
 285 0004 0193     		str	r3, [sp, #4]
 286 0006 054B     		ldr	r3, .L39
 287 0008 0193     		str	r3, [sp, #4]
 288 000a 019B     		ldr	r3, [sp, #4]
 289 000c 1433     		adds	r3, r3, #20
 290 000e 0344     		add	r3, r3, r0
 291 0010 0193     		str	r3, [sp, #4]
 292 0012 019B     		ldr	r3, [sp, #4]
 293 0014 1960     		str	r1, [r3]
 294 0016 02B0     		add	sp, sp, #8
 295              		@ sp needed
 296 0018 7047     		bx	lr
 297              	.L40:
 298 001a 00BF     		.align	2
 299              	.L39:
 300 001c 00740040 		.word	1073771520
 302              		.section	.text.DAC_SetDualChannelData,"ax",%progbits
 303              		.align	1
 304              		.global	DAC_SetDualChannelData
 305              		.syntax unified
ARM GAS  C:\Users\ihavenoK\AppData\Local\Temp\ccd3C1vc.s 			page 6


 306              		.thumb
 307              		.thumb_func
 309              	DAC_SetDualChannelData:
 310              		@ args = 0, pretend = 0, frame = 0
 311              		@ frame_needed = 0, uses_anonymous_args = 0
 312              		@ link register save eliminated.
 313 0000 0828     		cmp	r0, #8
 314 0002 0CBF     		ite	eq
 315 0004 42EA0122 		orreq	r2, r2, r1, lsl #8
 316 0008 42EA0142 		orrne	r2, r2, r1, lsl #16
 317 000c 014B     		ldr	r3, .L44
 318 000e C250     		str	r2, [r0, r3]
 319 0010 7047     		bx	lr
 320              	.L45:
 321 0012 00BF     		.align	2
 322              	.L44:
 323 0014 20740040 		.word	1073771552
 325              		.section	.text.DAC_GetDataOutputValue,"ax",%progbits
 326              		.align	1
 327              		.global	DAC_GetDataOutputValue
 328              		.syntax unified
 329              		.thumb
 330              		.thumb_func
 332              	DAC_GetDataOutputValue:
 333              		@ args = 0, pretend = 0, frame = 8
 334              		@ frame_needed = 0, uses_anonymous_args = 0
 335              		@ link register save eliminated.
 336 0000 82B0     		sub	sp, sp, #8
 337 0002 0023     		movs	r3, #0
 338 0004 0193     		str	r3, [sp, #4]
 339 0006 064B     		ldr	r3, .L48
 340 0008 0193     		str	r3, [sp, #4]
 341 000a 019B     		ldr	r3, [sp, #4]
 342 000c 2C33     		adds	r3, r3, #44
 343 000e 03EB9003 		add	r3, r3, r0, lsr #2
 344 0012 0193     		str	r3, [sp, #4]
 345 0014 019B     		ldr	r3, [sp, #4]
 346 0016 1868     		ldr	r0, [r3]
 347 0018 80B2     		uxth	r0, r0
 348 001a 02B0     		add	sp, sp, #8
 349              		@ sp needed
 350 001c 7047     		bx	lr
 351              	.L49:
 352 001e 00BF     		.align	2
 353              	.L48:
 354 0020 00740040 		.word	1073771520
 356              		.ident	"GCC: (Arm GNU Toolchain 14.2.Rel1 (Build arm-14.52)) 14.2.1 20241119"
ARM GAS  C:\Users\ihavenoK\AppData\Local\Temp\ccd3C1vc.s 			page 7


DEFINED SYMBOLS
                            *ABS*:00000000 stm32f10x_dac.c
C:\Users\ihavenoK\AppData\Local\Temp\ccd3C1vc.s:16     .text.DAC_DeInit:00000000 $t
C:\Users\ihavenoK\AppData\Local\Temp\ccd3C1vc.s:22     .text.DAC_DeInit:00000000 DAC_DeInit
C:\Users\ihavenoK\AppData\Local\Temp\ccd3C1vc.s:35     .text.DAC_Init:00000000 $t
C:\Users\ihavenoK\AppData\Local\Temp\ccd3C1vc.s:41     .text.DAC_Init:00000000 DAC_Init
C:\Users\ihavenoK\AppData\Local\Temp\ccd3C1vc.s:66     .text.DAC_Init:00000028 $d
C:\Users\ihavenoK\AppData\Local\Temp\ccd3C1vc.s:69     .text.DAC_StructInit:00000000 $t
C:\Users\ihavenoK\AppData\Local\Temp\ccd3C1vc.s:75     .text.DAC_StructInit:00000000 DAC_StructInit
C:\Users\ihavenoK\AppData\Local\Temp\ccd3C1vc.s:87     .text.DAC_Cmd:00000000 $t
C:\Users\ihavenoK\AppData\Local\Temp\ccd3C1vc.s:93     .text.DAC_Cmd:00000000 DAC_Cmd
C:\Users\ihavenoK\AppData\Local\Temp\ccd3C1vc.s:116    .text.DAC_Cmd:00000020 $d
C:\Users\ihavenoK\AppData\Local\Temp\ccd3C1vc.s:119    .text.DAC_DMACmd:00000000 $t
C:\Users\ihavenoK\AppData\Local\Temp\ccd3C1vc.s:125    .text.DAC_DMACmd:00000000 DAC_DMACmd
C:\Users\ihavenoK\AppData\Local\Temp\ccd3C1vc.s:148    .text.DAC_DMACmd:00000024 $d
C:\Users\ihavenoK\AppData\Local\Temp\ccd3C1vc.s:151    .text.DAC_SoftwareTriggerCmd:00000000 $t
C:\Users\ihavenoK\AppData\Local\Temp\ccd3C1vc.s:157    .text.DAC_SoftwareTriggerCmd:00000000 DAC_SoftwareTriggerCmd
C:\Users\ihavenoK\AppData\Local\Temp\ccd3C1vc.s:182    .text.DAC_SoftwareTriggerCmd:00000024 $d
C:\Users\ihavenoK\AppData\Local\Temp\ccd3C1vc.s:185    .text.DAC_DualSoftwareTriggerCmd:00000000 $t
C:\Users\ihavenoK\AppData\Local\Temp\ccd3C1vc.s:191    .text.DAC_DualSoftwareTriggerCmd:00000000 DAC_DualSoftwareTriggerCmd
C:\Users\ihavenoK\AppData\Local\Temp\ccd3C1vc.s:210    .text.DAC_DualSoftwareTriggerCmd:0000001c $d
C:\Users\ihavenoK\AppData\Local\Temp\ccd3C1vc.s:213    .text.DAC_WaveGenerationCmd:00000000 $t
C:\Users\ihavenoK\AppData\Local\Temp\ccd3C1vc.s:219    .text.DAC_WaveGenerationCmd:00000000 DAC_WaveGenerationCmd
C:\Users\ihavenoK\AppData\Local\Temp\ccd3C1vc.s:240    .text.DAC_WaveGenerationCmd:0000001c $d
C:\Users\ihavenoK\AppData\Local\Temp\ccd3C1vc.s:243    .text.DAC_SetChannel1Data:00000000 $t
C:\Users\ihavenoK\AppData\Local\Temp\ccd3C1vc.s:249    .text.DAC_SetChannel1Data:00000000 DAC_SetChannel1Data
C:\Users\ihavenoK\AppData\Local\Temp\ccd3C1vc.s:270    .text.DAC_SetChannel1Data:0000001c $d
C:\Users\ihavenoK\AppData\Local\Temp\ccd3C1vc.s:273    .text.DAC_SetChannel2Data:00000000 $t
C:\Users\ihavenoK\AppData\Local\Temp\ccd3C1vc.s:279    .text.DAC_SetChannel2Data:00000000 DAC_SetChannel2Data
C:\Users\ihavenoK\AppData\Local\Temp\ccd3C1vc.s:300    .text.DAC_SetChannel2Data:0000001c $d
C:\Users\ihavenoK\AppData\Local\Temp\ccd3C1vc.s:303    .text.DAC_SetDualChannelData:00000000 $t
C:\Users\ihavenoK\AppData\Local\Temp\ccd3C1vc.s:309    .text.DAC_SetDualChannelData:00000000 DAC_SetDualChannelData
C:\Users\ihavenoK\AppData\Local\Temp\ccd3C1vc.s:323    .text.DAC_SetDualChannelData:00000014 $d
C:\Users\ihavenoK\AppData\Local\Temp\ccd3C1vc.s:326    .text.DAC_GetDataOutputValue:00000000 $t
C:\Users\ihavenoK\AppData\Local\Temp\ccd3C1vc.s:332    .text.DAC_GetDataOutputValue:00000000 DAC_GetDataOutputValue
C:\Users\ihavenoK\AppData\Local\Temp\ccd3C1vc.s:354    .text.DAC_GetDataOutputValue:00000020 $d

UNDEFINED SYMBOLS
RCC_APB1PeriphResetCmd
