ARM GAS  C:\Users\ihavenoK\AppData\Local\Temp\ccr4ADiV.s 			page 1


   1              		.cpu cortex-m3
   2              		.arch armv7-m
   3              		.fpu softvfp
   4              		.eabi_attribute 20, 1
   5              		.eabi_attribute 21, 1
   6              		.eabi_attribute 23, 3
   7              		.eabi_attribute 24, 1
   8              		.eabi_attribute 25, 1
   9              		.eabi_attribute 26, 1
  10              		.eabi_attribute 30, 1
  11              		.eabi_attribute 34, 1
  12              		.eabi_attribute 18, 4
  13              		.file	"system_stm32f10x.c"
  14              		.text
  15              		.section	.text.SystemInit,"ax",%progbits
  16              		.align	1
  17              		.global	SystemInit
  18              		.syntax unified
  19              		.thumb
  20              		.thumb_func
  22              	SystemInit:
  23              		@ args = 0, pretend = 0, frame = 8
  24              		@ frame_needed = 0, uses_anonymous_args = 0
  25              		@ link register save eliminated.
  26 0000 82B0     		sub	sp, sp, #8
  27 0002 3C4B     		ldr	r3, .L14
  28 0004 1A68     		ldr	r2, [r3]
  29 0006 42F00102 		orr	r2, r2, #1
  30 000a 1A60     		str	r2, [r3]
  31 000c 5968     		ldr	r1, [r3, #4]
  32 000e 3A4A     		ldr	r2, .L14+4
  33 0010 0A40     		ands	r2, r2, r1
  34 0012 5A60     		str	r2, [r3, #4]
  35 0014 1A68     		ldr	r2, [r3]
  36 0016 22F08472 		bic	r2, r2, #17301504
  37 001a 22F48032 		bic	r2, r2, #65536
  38 001e 1A60     		str	r2, [r3]
  39 0020 1A68     		ldr	r2, [r3]
  40 0022 22F48022 		bic	r2, r2, #262144
  41 0026 1A60     		str	r2, [r3]
  42 0028 5A68     		ldr	r2, [r3, #4]
  43 002a 22F4FE02 		bic	r2, r2, #8323072
  44 002e 5A60     		str	r2, [r3, #4]
  45 0030 4FF41F02 		mov	r2, #10420224
  46 0034 9A60     		str	r2, [r3, #8]
  47 0036 0022     		movs	r2, #0
  48 0038 0092     		str	r2, [sp]
  49 003a 0192     		str	r2, [sp, #4]
  50 003c 1A68     		ldr	r2, [r3]
  51 003e 42F48032 		orr	r2, r2, #65536
  52 0042 1A60     		str	r2, [r3]
  53 0044 1A46     		mov	r2, r3
  54              	.L3:
  55 0046 1368     		ldr	r3, [r2]
  56 0048 03F40033 		and	r3, r3, #131072
  57 004c 0193     		str	r3, [sp, #4]
  58 004e 009B     		ldr	r3, [sp]
ARM GAS  C:\Users\ihavenoK\AppData\Local\Temp\ccr4ADiV.s 			page 2


  59 0050 0133     		adds	r3, r3, #1
  60 0052 0093     		str	r3, [sp]
  61 0054 019B     		ldr	r3, [sp, #4]
  62 0056 1BB9     		cbnz	r3, .L2
  63 0058 009B     		ldr	r3, [sp]
  64 005a B3F5A06F 		cmp	r3, #1280
  65 005e F2D1     		bne	.L3
  66              	.L2:
  67 0060 244B     		ldr	r3, .L14
  68 0062 1B68     		ldr	r3, [r3]
  69 0064 13F4003F 		tst	r3, #131072
  70 0068 14BF     		ite	ne
  71 006a 0123     		movne	r3, #1
  72 006c 0023     		moveq	r3, #0
  73 006e 0193     		str	r3, [sp, #4]
  74 0070 019B     		ldr	r3, [sp, #4]
  75 0072 012B     		cmp	r3, #1
  76 0074 05D0     		beq	.L13
  77              	.L6:
  78 0076 214B     		ldr	r3, .L14+8
  79 0078 4FF00062 		mov	r2, #134217728
  80 007c 9A60     		str	r2, [r3, #8]
  81 007e 02B0     		add	sp, sp, #8
  82              		@ sp needed
  83 0080 7047     		bx	lr
  84              	.L13:
  85 0082 1F4B     		ldr	r3, .L14+12
  86 0084 1A68     		ldr	r2, [r3]
  87 0086 42F01002 		orr	r2, r2, #16
  88 008a 1A60     		str	r2, [r3]
  89 008c 1A68     		ldr	r2, [r3]
  90 008e 22F00702 		bic	r2, r2, #7
  91 0092 1A60     		str	r2, [r3]
  92 0094 1A68     		ldr	r2, [r3]
  93 0096 42F00202 		orr	r2, r2, #2
  94 009a 1A60     		str	r2, [r3]
  95 009c A3F58053 		sub	r3, r3, #4096
  96 00a0 5A68     		ldr	r2, [r3, #4]
  97 00a2 5A60     		str	r2, [r3, #4]
  98 00a4 5A68     		ldr	r2, [r3, #4]
  99 00a6 5A60     		str	r2, [r3, #4]
 100 00a8 5A68     		ldr	r2, [r3, #4]
 101 00aa 42F48062 		orr	r2, r2, #1024
 102 00ae 5A60     		str	r2, [r3, #4]
 103 00b0 5A68     		ldr	r2, [r3, #4]
 104 00b2 22F47C12 		bic	r2, r2, #4128768
 105 00b6 5A60     		str	r2, [r3, #4]
 106 00b8 5A68     		ldr	r2, [r3, #4]
 107 00ba 42F4E812 		orr	r2, r2, #1900544
 108 00be 5A60     		str	r2, [r3, #4]
 109 00c0 1A68     		ldr	r2, [r3]
 110 00c2 42F08072 		orr	r2, r2, #16777216
 111 00c6 1A60     		str	r2, [r3]
 112 00c8 1A46     		mov	r2, r3
 113              	.L7:
 114 00ca 1368     		ldr	r3, [r2]
 115 00cc 13F0007F 		tst	r3, #33554432
ARM GAS  C:\Users\ihavenoK\AppData\Local\Temp\ccr4ADiV.s 			page 3


 116 00d0 FBD0     		beq	.L7
 117 00d2 084B     		ldr	r3, .L14
 118 00d4 5A68     		ldr	r2, [r3, #4]
 119 00d6 22F00302 		bic	r2, r2, #3
 120 00da 5A60     		str	r2, [r3, #4]
 121 00dc 5A68     		ldr	r2, [r3, #4]
 122 00de 42F00202 		orr	r2, r2, #2
 123 00e2 5A60     		str	r2, [r3, #4]
 124 00e4 1A46     		mov	r2, r3
 125              	.L8:
 126 00e6 5368     		ldr	r3, [r2, #4]
 127 00e8 03F00C03 		and	r3, r3, #12
 128 00ec 082B     		cmp	r3, #8
 129 00ee FAD1     		bne	.L8
 130 00f0 C1E7     		b	.L6
 131              	.L15:
 132 00f2 00BF     		.align	2
 133              	.L14:
 134 00f4 00100240 		.word	1073876992
 135 00f8 0000FFF8 		.word	-117506048
 136 00fc 00ED00E0 		.word	-536810240
 137 0100 00200240 		.word	1073881088
 139              		.section	.text.SystemCoreClockUpdate,"ax",%progbits
 140              		.align	1
 141              		.global	SystemCoreClockUpdate
 142              		.syntax unified
 143              		.thumb
 144              		.thumb_func
 146              	SystemCoreClockUpdate:
 147              		@ args = 0, pretend = 0, frame = 0
 148              		@ frame_needed = 0, uses_anonymous_args = 0
 149              		@ link register save eliminated.
 150 0000 134B     		ldr	r3, .L22
 151 0002 5B68     		ldr	r3, [r3, #4]
 152 0004 03F00C03 		and	r3, r3, #12
 153 0008 082B     		cmp	r3, #8
 154 000a 0AD0     		beq	.L21
 155 000c 114B     		ldr	r3, .L22+4
 156              	.L17:
 157 000e 104A     		ldr	r2, .L22
 158 0010 5268     		ldr	r2, [r2, #4]
 159 0012 C2F30312 		ubfx	r2, r2, #4, #4
 160 0016 1049     		ldr	r1, .L22+8
 161 0018 8A5C     		ldrb	r2, [r1, r2]	@ zero_extendqisi2
 162 001a D340     		lsrs	r3, r3, r2
 163 001c 0F4A     		ldr	r2, .L22+12
 164 001e 1360     		str	r3, [r2]
 165 0020 7047     		bx	lr
 166              	.L21:
 167 0022 0B4A     		ldr	r2, .L22
 168 0024 5368     		ldr	r3, [r2, #4]
 169 0026 5268     		ldr	r2, [r2, #4]
 170 0028 C3F38343 		ubfx	r3, r3, #18, #4
 171 002c 0233     		adds	r3, r3, #2
 172 002e 12F4803F 		tst	r2, #65536
 173 0032 03D1     		bne	.L18
 174 0034 0A4A     		ldr	r2, .L22+16
ARM GAS  C:\Users\ihavenoK\AppData\Local\Temp\ccr4ADiV.s 			page 4


 175 0036 02FB03F3 		mul	r3, r2, r3
 176 003a E8E7     		b	.L17
 177              	.L18:
 178 003c 044A     		ldr	r2, .L22
 179 003e 5268     		ldr	r2, [r2, #4]
 180 0040 12F4003F 		tst	r2, #131072
 181 0044 14BF     		ite	ne
 182 0046 064A     		ldrne	r2, .L22+16
 183 0048 024A     		ldreq	r2, .L22+4
 184 004a 02FB03F3 		mul	r3, r2, r3
 185 004e DEE7     		b	.L17
 186              	.L23:
 187              		.align	2
 188              	.L22:
 189 0050 00100240 		.word	1073876992
 190 0054 00127A00 		.word	8000000
 191 0058 00000000 		.word	AHBPrescTable
 192 005c 00000000 		.word	SystemCoreClock
 193 0060 00093D00 		.word	4000000
 195              		.global	AHBPrescTable
 196              		.section	.rodata.AHBPrescTable,"a"
 197              		.align	2
 200              	AHBPrescTable:
 201 0000 00000000 		.ascii	"\000\000\000\000\000\000\000\000\001\002\003\004\006"
 201      00000000 
 201      01020304 
 201      06
 202 000d 070809   		.ascii	"\007\010\011"
 203              		.global	SystemCoreClock
 204              		.section	.data.SystemCoreClock,"aw"
 205              		.align	2
 208              	SystemCoreClock:
 209 0000 00A24A04 		.word	72000000
 210              		.ident	"GCC: (Arm GNU Toolchain 14.2.Rel1 (Build arm-14.52)) 14.2.1 20241119"
ARM GAS  C:\Users\ihavenoK\AppData\Local\Temp\ccr4ADiV.s 			page 5


DEFINED SYMBOLS
                            *ABS*:00000000 system_stm32f10x.c
C:\Users\ihavenoK\AppData\Local\Temp\ccr4ADiV.s:16     .text.SystemInit:00000000 $t
C:\Users\ihavenoK\AppData\Local\Temp\ccr4ADiV.s:22     .text.SystemInit:00000000 SystemInit
C:\Users\ihavenoK\AppData\Local\Temp\ccr4ADiV.s:134    .text.SystemInit:000000f4 $d
C:\Users\ihavenoK\AppData\Local\Temp\ccr4ADiV.s:140    .text.SystemCoreClockUpdate:00000000 $t
C:\Users\ihavenoK\AppData\Local\Temp\ccr4ADiV.s:146    .text.SystemCoreClockUpdate:00000000 SystemCoreClockUpdate
C:\Users\ihavenoK\AppData\Local\Temp\ccr4ADiV.s:189    .text.SystemCoreClockUpdate:00000050 $d
C:\Users\ihavenoK\AppData\Local\Temp\ccr4ADiV.s:200    .rodata.AHBPrescTable:00000000 AHBPrescTable
C:\Users\ihavenoK\AppData\Local\Temp\ccr4ADiV.s:208    .data.SystemCoreClock:00000000 SystemCoreClock
C:\Users\ihavenoK\AppData\Local\Temp\ccr4ADiV.s:197    .rodata.AHBPrescTable:00000000 $d
C:\Users\ihavenoK\AppData\Local\Temp\ccr4ADiV.s:205    .data.SystemCoreClock:00000000 $d

NO UNDEFINED SYMBOLS
