ARM GAS  C:\Users\ihavenoK\AppData\Local\Temp\ccnpJ2tC.s 			page 1


   1              		.cpu cortex-m3
   2              		.arch armv7-m
   3              		.fpu softvfp
   4              		.eabi_attribute 20, 1
   5              		.eabi_attribute 21, 1
   6              		.eabi_attribute 23, 3
   7              		.eabi_attribute 24, 1
   8              		.eabi_attribute 25, 1
   9              		.eabi_attribute 26, 1
  10              		.eabi_attribute 30, 1
  11              		.eabi_attribute 34, 1
  12              		.eabi_attribute 18, 4
  13              		.file	"USART.c"
  14              		.text
  15              		.section	.rodata.USART1_Init.str1.4,"aMS",%progbits,1
  16              		.align	2
  17              	.LC0:
  18 0000 55736172 		.ascii	"Usart1Init\000"
  18      7431496E 
  18      697400
  19              		.section	.text.USART1_Init,"ax",%progbits
  20              		.align	1
  21              		.global	USART1_Init
  22              		.syntax unified
  23              		.thumb
  24              		.thumb_func
  26              	USART1_Init:
  27              		@ args = 0, pretend = 0, frame = 24
  28              		@ frame_needed = 0, uses_anonymous_args = 0
  29 0000 70B5     		push	{r4, r5, r6, lr}
  30 0002 86B0     		sub	sp, sp, #24
  31 0004 0121     		movs	r1, #1
  32 0006 44F20500 		movw	r0, #16389
  33 000a FFF7FEFF 		bl	RCC_APB2PeriphClockCmd
  34 000e 1823     		movs	r3, #24
  35 0010 8DF81730 		strb	r3, [sp, #23]
  36 0014 4FF40073 		mov	r3, #512
  37 0018 ADF81430 		strh	r3, [sp, #20]	@ movhi
  38 001c 0326     		movs	r6, #3
  39 001e 8DF81660 		strb	r6, [sp, #22]
  40 0022 05AD     		add	r5, sp, #20
  41 0024 224C     		ldr	r4, .L3
  42 0026 2946     		mov	r1, r5
  43 0028 2046     		mov	r0, r4
  44 002a FFF7FEFF 		bl	GPIO_Init
  45 002e 4823     		movs	r3, #72
  46 0030 8DF81730 		strb	r3, [sp, #23]
  47 0034 4FF48063 		mov	r3, #1024
  48 0038 ADF81430 		strh	r3, [sp, #20]	@ movhi
  49 003c 8DF81660 		strb	r6, [sp, #22]
  50 0040 2946     		mov	r1, r5
  51 0042 2046     		mov	r0, r4
  52 0044 FFF7FEFF 		bl	GPIO_Init
  53 0048 4FF46123 		mov	r3, #921600
  54 004c 0093     		str	r3, [sp]
  55 004e 0023     		movs	r3, #0
  56 0050 ADF80C30 		strh	r3, [sp, #12]	@ movhi
ARM GAS  C:\Users\ihavenoK\AppData\Local\Temp\ccnpJ2tC.s 			page 2


  57 0054 0C22     		movs	r2, #12
  58 0056 ADF80A20 		strh	r2, [sp, #10]	@ movhi
  59 005a ADF80830 		strh	r3, [sp, #8]	@ movhi
  60 005e ADF80630 		strh	r3, [sp, #6]	@ movhi
  61 0062 ADF80430 		strh	r3, [sp, #4]	@ movhi
  62 0066 134D     		ldr	r5, .L3+4
  63 0068 6946     		mov	r1, sp
  64 006a 2846     		mov	r0, r5
  65 006c FFF7FEFF 		bl	USART_Init
  66 0070 0122     		movs	r2, #1
  67 0072 40F22551 		movw	r1, #1317
  68 0076 2846     		mov	r0, r5
  69 0078 FFF7FEFF 		bl	USART_ITConfig
  70 007c 4FF4A060 		mov	r0, #1280
  71 0080 FFF7FEFF 		bl	NVIC_PriorityGroupConfig
  72 0084 2523     		movs	r3, #37
  73 0086 8DF81030 		strb	r3, [sp, #16]
  74 008a 0124     		movs	r4, #1
  75 008c 8DF81340 		strb	r4, [sp, #19]
  76 0090 8DF81140 		strb	r4, [sp, #17]
  77 0094 8DF81240 		strb	r4, [sp, #18]
  78 0098 04A8     		add	r0, sp, #16
  79 009a FFF7FEFF 		bl	NVIC_Init
  80 009e 2146     		mov	r1, r4
  81 00a0 2846     		mov	r0, r5
  82 00a2 FFF7FEFF 		bl	USART_Cmd
  83 00a6 0448     		ldr	r0, .L3+8
  84 00a8 FFF7FEFF 		bl	printf
  85 00ac 06B0     		add	sp, sp, #24
  86              		@ sp needed
  87 00ae 70BD     		pop	{r4, r5, r6, pc}
  88              	.L4:
  89              		.align	2
  90              	.L3:
  91 00b0 00080140 		.word	1073809408
  92 00b4 00380140 		.word	1073821696
  93 00b8 00000000 		.word	.LC0
  95              		.section	.text.fputc,"ax",%progbits
  96              		.align	1
  97              		.global	fputc
  98              		.syntax unified
  99              		.thumb
 100              		.thumb_func
 102              	fputc:
 103              		@ args = 0, pretend = 0, frame = 0
 104              		@ frame_needed = 0, uses_anonymous_args = 0
 105              		@ link register save eliminated.
 106 0000 044A     		ldr	r2, .L8
 107              	.L6:
 108 0002 1388     		ldrh	r3, [r2]
 109 0004 13F0800F 		tst	r3, #128
 110 0008 FBD0     		beq	.L6
 111 000a 82B2     		uxth	r2, r0
 112 000c 014B     		ldr	r3, .L8
 113 000e 9A80     		strh	r2, [r3, #4]	@ movhi
 114 0010 7047     		bx	lr
 115              	.L9:
ARM GAS  C:\Users\ihavenoK\AppData\Local\Temp\ccnpJ2tC.s 			page 3


 116 0012 00BF     		.align	2
 117              	.L8:
 118 0014 00380140 		.word	1073821696
 120              		.section	.text.USART3_Init,"ax",%progbits
 121              		.align	1
 122              		.global	USART3_Init
 123              		.syntax unified
 124              		.thumb
 125              		.thumb_func
 127              	USART3_Init:
 128              		@ args = 0, pretend = 0, frame = 24
 129              		@ frame_needed = 0, uses_anonymous_args = 0
 130 0000 70B5     		push	{r4, r5, r6, lr}
 131 0002 86B0     		sub	sp, sp, #24
 132 0004 0121     		movs	r1, #1
 133 0006 0820     		movs	r0, #8
 134 0008 FFF7FEFF 		bl	RCC_APB2PeriphClockCmd
 135 000c 0121     		movs	r1, #1
 136 000e 4FF48020 		mov	r0, #262144
 137 0012 FFF7FEFF 		bl	RCC_APB1PeriphClockCmd
 138 0016 1823     		movs	r3, #24
 139 0018 8DF81730 		strb	r3, [sp, #23]
 140 001c 4FF48063 		mov	r3, #1024
 141 0020 ADF81430 		strh	r3, [sp, #20]	@ movhi
 142 0024 0326     		movs	r6, #3
 143 0026 8DF81660 		strb	r6, [sp, #22]
 144 002a 05AD     		add	r5, sp, #20
 145 002c 224C     		ldr	r4, .L12
 146 002e 2946     		mov	r1, r5
 147 0030 2046     		mov	r0, r4
 148 0032 FFF7FEFF 		bl	GPIO_Init
 149 0036 4823     		movs	r3, #72
 150 0038 8DF81730 		strb	r3, [sp, #23]
 151 003c 4FF40063 		mov	r3, #2048
 152 0040 ADF81430 		strh	r3, [sp, #20]	@ movhi
 153 0044 8DF81660 		strb	r6, [sp, #22]
 154 0048 2946     		mov	r1, r5
 155 004a 2046     		mov	r0, r4
 156 004c FFF7FEFF 		bl	GPIO_Init
 157 0050 4FF4E133 		mov	r3, #115200
 158 0054 0093     		str	r3, [sp]
 159 0056 0023     		movs	r3, #0
 160 0058 ADF80C30 		strh	r3, [sp, #12]	@ movhi
 161 005c 0C22     		movs	r2, #12
 162 005e ADF80A20 		strh	r2, [sp, #10]	@ movhi
 163 0062 ADF80830 		strh	r3, [sp, #8]	@ movhi
 164 0066 ADF80630 		strh	r3, [sp, #6]	@ movhi
 165 006a ADF80430 		strh	r3, [sp, #4]	@ movhi
 166 006e A4F54444 		sub	r4, r4, #50176
 167 0072 6946     		mov	r1, sp
 168 0074 2046     		mov	r0, r4
 169 0076 FFF7FEFF 		bl	USART_Init
 170 007a 0122     		movs	r2, #1
 171 007c 40F22551 		movw	r1, #1317
 172 0080 2046     		mov	r0, r4
 173 0082 FFF7FEFF 		bl	USART_ITConfig
 174 0086 4FF4A060 		mov	r0, #1280
ARM GAS  C:\Users\ihavenoK\AppData\Local\Temp\ccnpJ2tC.s 			page 4


 175 008a FFF7FEFF 		bl	NVIC_PriorityGroupConfig
 176 008e 2723     		movs	r3, #39
 177 0090 8DF81030 		strb	r3, [sp, #16]
 178 0094 0125     		movs	r5, #1
 179 0096 8DF81350 		strb	r5, [sp, #19]
 180 009a 0223     		movs	r3, #2
 181 009c 8DF81130 		strb	r3, [sp, #17]
 182 00a0 8DF81230 		strb	r3, [sp, #18]
 183 00a4 04A8     		add	r0, sp, #16
 184 00a6 FFF7FEFF 		bl	NVIC_Init
 185 00aa 2946     		mov	r1, r5
 186 00ac 2046     		mov	r0, r4
 187 00ae FFF7FEFF 		bl	USART_Cmd
 188 00b2 06B0     		add	sp, sp, #24
 189              		@ sp needed
 190 00b4 70BD     		pop	{r4, r5, r6, pc}
 191              	.L13:
 192 00b6 00BF     		.align	2
 193              	.L12:
 194 00b8 000C0140 		.word	1073810432
 196              		.section	.text.USART3_WriteByte,"ax",%progbits
 197              		.align	1
 198              		.global	USART3_WriteByte
 199              		.syntax unified
 200              		.thumb
 201              		.thumb_func
 203              	USART3_WriteByte:
 204              		@ args = 0, pretend = 0, frame = 0
 205              		@ frame_needed = 0, uses_anonymous_args = 0
 206              		@ link register save eliminated.
 207 0000 034A     		ldr	r2, .L17
 208              	.L15:
 209 0002 1388     		ldrh	r3, [r2]
 210 0004 13F0400F 		tst	r3, #64
 211 0008 FBD0     		beq	.L15
 212 000a 014B     		ldr	r3, .L17
 213 000c 9880     		strh	r0, [r3, #4]	@ movhi
 214 000e 7047     		bx	lr
 215              	.L18:
 216              		.align	2
 217              	.L17:
 218 0010 00480040 		.word	1073760256
 220              		.ident	"GCC: (Arm GNU Toolchain 14.2.Rel1 (Build arm-14.52)) 14.2.1 20241119"
ARM GAS  C:\Users\ihavenoK\AppData\Local\Temp\ccnpJ2tC.s 			page 5


DEFINED SYMBOLS
                            *ABS*:00000000 USART.c
C:\Users\ihavenoK\AppData\Local\Temp\ccnpJ2tC.s:16     .rodata.USART1_Init.str1.4:00000000 $d
C:\Users\ihavenoK\AppData\Local\Temp\ccnpJ2tC.s:20     .text.USART1_Init:00000000 $t
C:\Users\ihavenoK\AppData\Local\Temp\ccnpJ2tC.s:26     .text.USART1_Init:00000000 USART1_Init
C:\Users\ihavenoK\AppData\Local\Temp\ccnpJ2tC.s:91     .text.USART1_Init:000000b0 $d
C:\Users\ihavenoK\AppData\Local\Temp\ccnpJ2tC.s:96     .text.fputc:00000000 $t
C:\Users\ihavenoK\AppData\Local\Temp\ccnpJ2tC.s:102    .text.fputc:00000000 fputc
C:\Users\ihavenoK\AppData\Local\Temp\ccnpJ2tC.s:118    .text.fputc:00000014 $d
C:\Users\ihavenoK\AppData\Local\Temp\ccnpJ2tC.s:121    .text.USART3_Init:00000000 $t
C:\Users\ihavenoK\AppData\Local\Temp\ccnpJ2tC.s:127    .text.USART3_Init:00000000 USART3_Init
C:\Users\ihavenoK\AppData\Local\Temp\ccnpJ2tC.s:194    .text.USART3_Init:000000b8 $d
C:\Users\ihavenoK\AppData\Local\Temp\ccnpJ2tC.s:197    .text.USART3_WriteByte:00000000 $t
C:\Users\ihavenoK\AppData\Local\Temp\ccnpJ2tC.s:203    .text.USART3_WriteByte:00000000 USART3_WriteByte
C:\Users\ihavenoK\AppData\Local\Temp\ccnpJ2tC.s:218    .text.USART3_WriteByte:00000010 $d

UNDEFINED SYMBOLS
RCC_APB2PeriphClockCmd
GPIO_Init
USART_Init
USART_ITConfig
NVIC_PriorityGroupConfig
NVIC_Init
USART_Cmd
printf
RCC_APB1PeriphClockCmd
