Component: Arm Compiler for Embedded 6.22 Tool: armlink [5ee90200]

==============================================================================

Section Cross References

    cyberrypotter.o(.text.System_Init) refers to hardware.o(.text.Hardware_Init) for Hardware_Init
    cyberrypotter.o(.text.System_Init) refers to cyberrypotter.o(.bss.Cyberry_Potter_Status) for Cyberry_Potter_Status
    cyberrypotter.o(.text.System_Init) refers to stm32f10x_gpio.o(.text.GPIO_WriteBit) for GPIO_WriteBit
    cyberrypotter.o(.ARM.exidx.text.System_Init) refers to cyberrypotter.o(.text.System_Init) for [Anonymous Symbol]
    cyberrypotter.o(.text.Cyberry_Potter_System_Status_Update) refers to cyberrypotter.o(.bss.Cyberry_Potter_Status) for Cyberry_Potter_Status
    cyberrypotter.o(.text.Cyberry_Potter_System_Status_Update) refers to cyberrypotter.o(.rodata.str1.1) for .Lstr
    cyberrypotter.o(.text.Cyberry_Potter_System_Status_Update) refers to puts.o(i.puts) for puts
    cyberrypotter.o(.text.Cyberry_Potter_System_Status_Update) refers to cyberrypotter.o(.text.LED_Blink) for LED_Blink
    cyberrypotter.o(.ARM.exidx.text.Cyberry_Potter_System_Status_Update) refers to cyberrypotter.o(.text.Cyberry_Potter_System_Status_Update) for [Anonymous Symbol]
    cyberrypotter.o(.text.LED_Blink) refers to cyberrypotter.o(.bss.Cyberry_Potter_Status) for Cyberry_Potter_Status
    cyberrypotter.o(.text.LED_Blink) refers to stm32f10x_gpio.o(.text.GPIO_WriteBit) for GPIO_WriteBit
    cyberrypotter.o(.text.LED_Blink) refers to delay.o(.text.Delay_ms) for Delay_ms
    cyberrypotter.o(.ARM.exidx.text.LED_Blink) refers to cyberrypotter.o(.text.LED_Blink) for [Anonymous Symbol]
    cyberrypotter.o(.text.EXTI9_5_IRQHandler) refers to stm32f10x_exti.o(.text.EXTI_GetITStatus) for EXTI_GetITStatus
    cyberrypotter.o(.text.EXTI9_5_IRQHandler) refers to cyberrypotter.o(.bss.i) for i
    cyberrypotter.o(.text.EXTI9_5_IRQHandler) refers to imu.o(.text.IMU_Get_Data) for IMU_Get_Data
    cyberrypotter.o(.text.EXTI9_5_IRQHandler) refers to cyberrypotter.o(.bss.Cyberry_Potter_Status) for Cyberry_Potter_Status
    cyberrypotter.o(.text.EXTI9_5_IRQHandler) refers to stm32f10x_exti.o(.text.EXTI_ClearITPendingBit) for EXTI_ClearITPendingBit
    cyberrypotter.o(.ARM.exidx.text.EXTI9_5_IRQHandler) refers to cyberrypotter.o(.text.EXTI9_5_IRQHandler) for [Anonymous Symbol]
    cyberrypotter.o(.text.EXTI0_IRQHandler) refers to stm32f10x_exti.o(.text.EXTI_GetITStatus) for EXTI_GetITStatus
    cyberrypotter.o(.text.EXTI0_IRQHandler) refers to cyberrypotter.o(.bss.Cyberry_Potter_Status) for Cyberry_Potter_Status
    cyberrypotter.o(.text.EXTI0_IRQHandler) refers to stm32f10x_tim.o(.text.TIM_Cmd) for TIM_Cmd
    cyberrypotter.o(.text.EXTI0_IRQHandler) refers to stm32f10x_exti.o(.text.EXTI_ClearITPendingBit) for EXTI_ClearITPendingBit
    cyberrypotter.o(.ARM.exidx.text.EXTI0_IRQHandler) refers to cyberrypotter.o(.text.EXTI0_IRQHandler) for [Anonymous Symbol]
    cyberrypotter.o(.text.TIM4_IRQHandler) refers to stm32f10x_tim.o(.text.TIM_GetITStatus) for TIM_GetITStatus
    cyberrypotter.o(.text.TIM4_IRQHandler) refers to stm32f10x_gpio.o(.text.GPIO_ReadInputDataBit) for GPIO_ReadInputDataBit
    cyberrypotter.o(.text.TIM4_IRQHandler) refers to cyberrypotter.o(.data.TIM4_IRQHandler.previous_stuatus) for TIM4_IRQHandler.previous_stuatus
    cyberrypotter.o(.text.TIM4_IRQHandler) refers to cyberrypotter.o(.bss.time_release_count_ms) for time_release_count_ms
    cyberrypotter.o(.text.TIM4_IRQHandler) refers to cyberrypotter.o(.bss.time_hold_count_ms) for time_hold_count_ms
    cyberrypotter.o(.text.TIM4_IRQHandler) refers to cyberrypotter.o(.bss.Cyberry_Potter_Status) for Cyberry_Potter_Status
    cyberrypotter.o(.text.TIM4_IRQHandler) refers to cyberrypotter.o(.rodata.str1.1) for .Lstr
    cyberrypotter.o(.text.TIM4_IRQHandler) refers to puts.o(i.puts) for puts
    cyberrypotter.o(.text.TIM4_IRQHandler) refers to cyberrypotter.o(.text.LED_Blink) for LED_Blink
    cyberrypotter.o(.text.TIM4_IRQHandler) refers to stm32f10x_tim.o(.text.TIM_Cmd) for TIM_Cmd
    cyberrypotter.o(.text.TIM4_IRQHandler) refers to stm32f10x_tim.o(.text.TIM_ClearITPendingBit) for TIM_ClearITPendingBit
    cyberrypotter.o(.ARM.exidx.text.TIM4_IRQHandler) refers to cyberrypotter.o(.text.TIM4_IRQHandler) for [Anonymous Symbol]
    delay.o(.ARM.exidx.text.Delay_us) refers to delay.o(.text.Delay_us) for [Anonymous Symbol]
    delay.o(.ARM.exidx.text.Delay_ms) refers to delay.o(.text.Delay_ms) for [Anonymous Symbol]
    delay.o(.ARM.exidx.text.Delay_s) refers to delay.o(.text.Delay_s) for [Anonymous Symbol]
    imu.o(.text.IMU_Sample_Start) refers to hardware.o(.text.EXTI_Stop) for EXTI_Stop
    imu.o(.text.IMU_Sample_Start) refers to cyberrypotter.o(.bss.Cyberry_Potter_Status) for Cyberry_Potter_Status
    imu.o(.text.IMU_Sample_Start) refers to stm32f10x_gpio.o(.text.GPIO_WriteBit) for GPIO_WriteBit
[...]
    [Anonymous Symbol]                       0x080079b4   Section        0  inv_mpu_dmp_motion_driver.o(.rodata.dmp_memory)
    .Lstr.2                                  0x08008600   Data          16  cyberrypotter.o(.rodata.str1.1)
    [Anonymous Symbol]                       0x08008600   Section        0  cyberrypotter.o(.rodata.str1.1)
    .Lstr                                    0x08008610   Data          18  cyberrypotter.o(.rodata.str1.1)
    .L.str.38                                0x08008622   Data          25  main.o(.rodata.str1.1)
    [Anonymous Symbol]                       0x08008622   Section        0  main.o(.rodata.str1.1)
    .L.str.11                                0x0800868f   Data          11  main.o(.rodata.str1.1)
    .L.str.10                                0x0800869a   Data          11  main.o(.rodata.str1.1)
    .L.str.13                                0x080086a5   Data           9  main.o(.rodata.str1.1)
    .L.str.12                                0x080086b9   Data          10  main.o(.rodata.str1.1)
    .L.str.14                                0x080086c3   Data           9  main.o(.rodata.str1.1)
    .L.str.31                                0x080086f5   Data           1  main.o(.rodata.str1.1)
    .L.str.13                                0x080086f6   Data          79  nnom.o(.rodata.str1.1)
    [Anonymous Symbol]                       0x080086f6   Section        0  nnom.o(.rodata.str1.1)
    .L.str.15                                0x08008745   Data          34  nnom.o(.rodata.str1.1)
    .L.str.4                                 0x08008767   Data          44  nnom.o(.rodata.str1.1)
    .L.str.14                                0x08008793   Data          63  nnom.o(.rodata.str1.1)
    .L.str.2                                 0x080087d2   Data          29  nnom.o(.rodata.str1.1)
    .L.str.37                                0x080087ef   Data           4  nnom.o(.rodata.str1.1)
    .L.str.3                                 0x080087f3   Data          12  nnom.o(.rodata.str1.1)
    .L.str.40                                0x080087ff   Data           3  nnom.o(.rodata.str1.1)
    .L.str.39                                0x08008802   Data           4  nnom.o(.rodata.str1.1)
    .L.str.1                                 0x08008806   Data          79  nnom.o(.rodata.str1.1)
    .Lstr.42                                 0x08008855   Data         107  nnom.o(.rodata.str1.1)
    .Lstr.50                                 0x080088c0   Data          98  nnom.o(.rodata.str1.1)
    .Lstr.45                                 0x08008922   Data          73  nnom.o(.rodata.str1.1)
    .L.str                                   0x0800896b   Data          85  nnom.o(.rodata.str1.1)
    .Lstr                                    0x080089c0   Data          68  nnom.o(.rodata.str1.1)
    .Lstr.55                                 0x08008a04   Data          20  nnom.o(.rodata.str1.1)
    .Lstr.48                                 0x08008a18   Data          98  nnom.o(.rodata.str1.1)
    .data                                    0x20000000   Section        4  stdout.o(.data)
    TIM4_IRQHandler.previous_stuatus         0x20000004   Data           1  cyberrypotter.o(.data.TIM4_IRQHandler.previous_stuatus)
    [Anonymous Symbol]                       0x20000004   Section        0  cyberrypotter.o(.data.TIM4_IRQHandler.previous_stuatus)
    st                                       0x20000008   Data          44  inv_mpu.o(.data.st)
    [Anonymous Symbol]                       0x20000008   Section        0  inv_mpu.o(.data.st)
    TIM3_IRQHandler.first_edge               0x20000e78   Data           1  ir.o(.bss.TIM3_IRQHandler.first_edge)
    [Anonymous Symbol]                       0x20000e78   Section        0  ir.o(.bss.TIM3_IRQHandler.first_edge)
    TIM3_IRQHandler.last_cap                 0x20000e7a   Data           2  ir.o(.bss.TIM3_IRQHandler.last_cap)
    [Anonymous Symbol]                       0x20000e7a   Section        0  ir.o(.bss.TIM3_IRQHandler.last_cap)
    TIM3_IRQHandler.timeout_cnt              0x20000e7c   Data           1  ir.o(.bss.TIM3_IRQHandler.timeout_cnt)
    [Anonymous Symbol]                       0x20000e7c   Section        0  ir.o(.bss.TIM3_IRQHandler.timeout_cnt)
    dmp.2                                    0x20000e80   Data           2  inv_mpu_dmp_motion_driver.o(.bss.dmp.2)
    [Anonymous Symbol]                       0x20000e80   Section        0  inv_mpu_dmp_motion_driver.o(.bss.dmp.2)
    dmp.3                                    0x20000e84   Data           2  inv_mpu_dmp_motion_driver.o(.bss.dmp.3)
    [Anonymous Symbol]                       0x20000e84   Section        0  inv_mpu_dmp_motion_driver.o(.bss.dmp.3)
    dmp.4                                    0x20000e88   Data           2  inv_mpu_dmp_motion_driver.o(.bss.dmp.4)
    [Anonymous Symbol]                       0x20000e88   Section        0  inv_mpu_dmp_motion_driver.o(.bss.dmp.4)
    dmp.5                                    0x20000e8a   Data           1  inv_mpu_dmp_motion_driver.o(.bss.dmp.5)
    [Anonymous Symbol]                       0x20000e8a   Section        0  inv_mpu_dmp_motion_driver.o(.bss.dmp.5)
    main.listen_count                        0x20000e8e   Data           1  main.o(.bss.main.listen_count)
    [Anonymous Symbol]                       0x20000e8e   Section        0  main.o(.bss.main.listen_count)
    nnom_input_data                          0x20000e8f   Data         450  main.o(.bss.nnom_input_data)
    [Anonymous Symbol]                       0x20000e8f   Section        0  main.o(.bss.nnom_input_data)
    nnom_model_create.model                  0x20001058   Data         136  main.o(.bss.nnom_model_create.model)
    [Anonymous Symbol]                       0x20001058   Section        0  main.o(.bss.nnom_model_create.model)
    nnom_output_data                         0x200010e0   Data          13  main.o(.bss.nnom_output_data)
    [Anonymous Symbol]                       0x200010e0   Section        0  main.o(.bss.nnom_output_data)
    nnom_static_buf                          0x200010f0   Data           4  nnom.o(.bss.nnom_static_buf)
    [Anonymous Symbol]                       0x200010f0   Section        0  nnom.o(.bss.nnom_static_buf)
    nnom_static_buf_curr                     0x200010f4   Data           4  nnom.o(.bss.nnom_static_buf_curr)
    [Anonymous Symbol]                       0x200010f4   Section        0  nnom.o(.bss.nnom_static_buf_curr)
    nnom_static_buf_size                     0x200010f8   Data           4  nnom.o(.bss.nnom_static_buf_size)
    [Anonymous Symbol]                       0x200010f8   Section        0  nnom.o(.bss.nnom_static_buf_size)
    raw_buf                                  0x200010fc   Data         302  ir.o(.bss.raw_buf)
    [Anonymous Symbol]                       0x200010fc   Section        0  ir.o(.bss.raw_buf)
    raw_len                                  0x2000122a   Data           1  ir.o(.bss.raw_len)
    [Anonymous Symbol]                       0x2000122a   Section        0  ir.o(.bss.raw_len)
    raw_ready                                0x2000122b   Data           1  ir.o(.bss.raw_ready)
    [Anonymous Symbol]                       0x2000122b   Section        0  ir.o(.bss.raw_ready)
    STACK                                    0x20003230   Section     1024  startup_stm32f10x_md.o(STACK)

    Global Symbols

    Symbol Name                              Value     Ov Type        Size  Object(Section)

    BuildAttributes$$THM_ISAv4$P$D$K$B$S$PE$A:L22UL41UL21$X:L11$S22US41US21$IEEE1$IW$~IW$USESV6$~STKCKD$USESV7$WCHAR32$ENUMINT$~SHL$OTIME$ROPI$IEEEJ$EBA8$MICROLIB$REQ8$PRES8$EABIv2 0x00000000   Number         0  anon$$obj.o ABSOLUTE
    _printf_a                                0x00000000   Number         0  printfstubs.o ABSOLUTE
    _printf_c                                0x00000000   Number         0  printfstubs.o ABSOLUTE
    _printf_charcount                        0x00000000   Number         0  printfstubs.o ABSOLUTE
    _printf_d                                0x00000000   Number         0  printfstubs.o ABSOLUTE
    _printf_e                                0x00000000   Number         0  printfstubs.o ABSOLUTE
    _printf_f                                0x00000000   Number         0  printfstubs.o ABSOLUTE
    _printf_flags                            0x00000000   Number         0  printfstubs.o ABSOLUTE
    _printf_fp_dec                           0x00000000   Number         0  printfstubs.o ABSOLUTE
    _printf_fp_hex                           0x00000000   Number         0  printfstubs.o ABSOLUTE
    _printf_g                                0x00000000   Number         0  printfstubs.o ABSOLUTE
    _printf_i                                0x00000000   Number         0  printfstubs.o ABSOLUTE
    _printf_int_dec                          0x00000000   Number         0  printfstubs.o ABSOLUTE
    _printf_l                                0x00000000   Number         0  printfstubs.o ABSOLUTE
    _printf_lc                               0x00000000   Number         0  printfstubs.o ABSOLUTE
    _printf_ll                               0x00000000   Number         0  printfstubs.o ABSOLUTE
    _printf_lld                              0x00000000   Number         0  printfstubs.o ABSOLUTE
    _printf_lli                              0x00000000   Number         0  printfstubs.o ABSOLUTE
    _printf_llo                              0x00000000   Number         0  printfstubs.o ABSOLUTE
    _printf_llu                              0x00000000   Number         0  printfstubs.o ABSOLUTE
    _printf_llx                              0x00000000   Number         0  printfstubs.o ABSOLUTE
    _printf_longlong_dec                     0x00000000   Number         0  printfstubs.o ABSOLUTE
    _printf_longlong_hex                     0x00000000   Number         0  printfstubs.o ABSOLUTE
    _printf_longlong_oct                     0x00000000   Number         0  printfstubs.o ABSOLUTE
    _printf_ls                               0x00000000   Number         0  printfstubs.o ABSOLUTE
    _printf_mbtowc                           0x00000000   Number         0  printfstubs.o ABSOLUTE
    _printf_n                                0x00000000   Number         0  printfstubs.o ABSOLUTE
    _printf_o                                0x00000000   Number         0  printfstubs.o ABSOLUTE
    _printf_p                                0x00000000   Number         0  printfstubs.o ABSOLUTE
    _printf_percent                          0x00000000   Number         0  printfstubs.o ABSOLUTE
    _printf_pre_padding                      0x00000000   Number         0  printfstubs.o ABSOLUTE
    _printf_return_value                     0x00000000   Number         0  printfstubs.o ABSOLUTE
    _printf_s                                0x00000000   Number         0  printfstubs.o ABSOLUTE
    _printf_sizespec                         0x00000000   Number         0  printfstubs.o ABSOLUTE
    _printf_str                              0x00000000   Number         0  printfstubs.o ABSOLUTE
    _printf_truncate_signed                  0x00000000   Number         0  printfstubs.o ABSOLUTE
    _printf_truncate_unsigned                0x00000000   Number         0  printfstubs.o ABSOLUTE
    _printf_u                                0x00000000   Number         0  printfstubs.o ABSOLUTE
    _printf_wc                               0x00000000   Number         0  printfstubs.o ABSOLUTE
    _printf_wctomb                           0x00000000   Number         0  printfstubs.o ABSOLUTE
    _printf_widthprec                        0x00000000   Number         0  printfstubs.o ABSOLUTE
    _printf_x                                0x00000000   Number         0  printfstubs.o ABSOLUTE
    __cpp_initialize__aeabi_                  - Undefined Weak Reference
    __cxa_finalize                            - Undefined Weak Reference
    __decompress                              - Undefined Weak Reference
    _clock_init                               - Undefined Weak Reference
    _microlib_exit                            - Undefined Weak Reference
    __Vectors_Size                           0x000000ec   Number         0  startup_stm32f10x_md.o ABSOLUTE
    __Vectors                                0x08000000   Data           4  startup_stm32f10x_md.o(RESET)
    __Vectors_End                            0x080000ec   Data           0  startup_stm32f10x_md.o(RESET)
    __main                                   0x080000ed   Thumb Code     0  entry.o(.ARM.Collect$$$$00000000)
    _main_stk                                0x080000ed   Thumb Code     0  entry2.o(.ARM.Collect$$$$00000001)
    _main_scatterload                        0x080000f1   Thumb Code     0  entry5.o(.ARM.Collect$$$$00000004)
    __main_after_scatterload                 0x080000f5   Thumb Code     0  entry5.o(.ARM.Collect$$$$00000004)
    _main_clock                              0x080000f5   Thumb Code     0  entry7b.o(.ARM.Collect$$$$00000008)
    _main_cpp_init                           0x080000f5   Thumb Code     0  entry8b.o(.ARM.Collect$$$$0000000A)
    _main_init                               0x080000f5   Thumb Code     0  entry9a.o(.ARM.Collect$$$$0000000B)
    __rt_final_cpp                           0x080000fd   Thumb Code     0  entry10a.o(.ARM.Collect$$$$0000000D)
    __rt_final_exit                          0x080000fd   Thumb Code     0  entry11a.o(.ARM.Collect$$$$0000000F)
    Reset_Handler                            0x08000101   Thumb Code     8  startup_stm32f10x_md.o(.text)
    NMI_Handler                              0x08000109   Thumb Code     2  startup_stm32f10x_md.o(.text)
    HardFault_Handler                        0x0800010b   Thumb Code     2  startup_stm32f10x_md.o(.text)
    MemManage_Handler                        0x0800010d   Thumb Code     2  startup_stm32f10x_md.o(.text)
    BusFault_Handler                         0x0800010f   Thumb Code     2  startup_stm32f10x_md.o(.text)
    UsageFault_Handler                       0x08000111   Thumb Code     2  startup_stm32f10x_md.o(.text)
    SVC_Handler                              0x08000113   Thumb Code     2  startup_stm32f10x_md.o(.text)
    DebugMon_Handler                         0x08000115   Thumb Code     2  startup_stm32f10x_md.o(.text)
    PendSV_Handler                           0x08000117   Thumb Code     2  startup_stm32f10x_md.o(.text)
    SysTick_Handler                          0x08000119   Thumb Code     2  startup_stm32f10x_md.o(.text)
    ADC1_2_IRQHandler                        0x0800011b   Thumb Code     0  startup_stm32f10x_md.o(.text)
    CAN1_RX1_IRQHandler                      0x0800011b   Thumb Code     0  startup_stm32f10x_md.o(.text)
    CAN1_SCE_IRQHandler                      0x0800011b   Thumb Code     0  startup_stm32f10x_md.o(.text)
    DMA1_Channel1_IRQHandler                 0x0800011b   Thumb Code     0  startup_stm32f10x_md.o(.text)
    DMA1_Channel2_IRQHandler                 0x0800011b   Thumb Code     0  startup_stm32f10x_md.o(.text)
    DMA1_Channel3_IRQHandler                 0x0800011b   Thumb Code     0  startup_stm32f10x_md.o(.text)
    DMA1_Channel4_IRQHandler                 0x0800011b   Thumb Code     0  startup_stm32f10x_md.o(.text)
    DMA1_Channel5_IRQHandler                 0x0800011b   Thumb Code     0  startup_stm32f10x_md.o(.text)
    DMA1_Channel6_IRQHandler                 0x0800011b   Thumb Code     0  startup_stm32f10x_md.o(.text)
    DMA1_Channel7_IRQHandler                 0x0800011b   Thumb Code     0  startup_stm32f10x_md.o(.text)
    EXTI15_10_IRQHandler                     0x0800011b   Thumb Code     0  startup_stm32f10x_md.o(.text)
    EXTI1_IRQHandler                         0x0800011b   Thumb Code     0  startup_stm32f10x_md.o(.text)
    EXTI2_IRQHandler                         0x0800011b   Thumb Code     0  startup_stm32f10x_md.o(.text)
    EXTI3_IRQHandler                         0x0800011b   Thumb Code     0  startup_stm32f10x_md.o(.text)
    EXTI4_IRQHandler                         0x0800011b   Thumb Code     0  startup_stm32f10x_md.o(.text)
    FLASH_IRQHandler                         0x0800011b   Thumb Code     0  startup_stm32f10x_md.o(.text)
    I2C1_ER_IRQHandler                       0x0800011b   Thumb Code     0  startup_stm32f10x_md.o(.text)
    I2C1_EV_IRQHandler                       0x0800011b   Thumb Code     0  startup_stm32f10x_md.o(.text)
    I2C2_ER_IRQHandler                       0x0800011b   Thumb Code     0  startup_stm32f10x_md.o(.text)
    I2C2_EV_IRQHandler                       0x0800011b   Thumb Code     0  startup_stm32f10x_md.o(.text)
    PVD_IRQHandler                           0x0800011b   Thumb Code     0  startup_stm32f10x_md.o(.text)
    RCC_IRQHandler                           0x0800011b   Thumb Code     0  startup_stm32f10x_md.o(.text)
    RTCAlarm_IRQHandler                      0x0800011b   Thumb Code     0  startup_stm32f10x_md.o(.text)
    RTC_IRQHandler                           0x0800011b   Thumb Code     0  startup_stm32f10x_md.o(.text)
    SPI1_IRQHandler                          0x0800011b   Thumb Code     0  startup_stm32f10x_md.o(.text)
    SPI2_IRQHandler                          0x0800011b   Thumb Code     0  startup_stm32f10x_md.o(.text)
    TAMPER_IRQHandler                        0x0800011b   Thumb Code     0  startup_stm32f10x_md.o(.text)
    TIM1_BRK_IRQHandler                      0x0800011b   Thumb Code     0  startup_stm32f10x_md.o(.text)
    TIM1_CC_IRQHandler                       0x0800011b   Thumb Code     0  startup_stm32f10x_md.o(.text)
    TIM1_TRG_COM_IRQHandler                  0x0800011b   Thumb Code     0  startup_stm32f10x_md.o(.text)
    TIM1_UP_IRQHandler                       0x0800011b   Thumb Code     0  startup_stm32f10x_md.o(.text)
    TIM2_IRQHandler                          0x0800011b   Thumb Code     0  startup_stm32f10x_md.o(.text)
    USART1_IRQHandler                        0x0800011b   Thumb Code     0  startup_stm32f10x_md.o(.text)
    USART2_IRQHandler                        0x0800011b   Thumb Code     0  startup_stm32f10x_md.o(.text)
    USART3_IRQHandler                        0x0800011b   Thumb Code     0  startup_stm32f10x_md.o(.text)
    USBWakeUp_IRQHandler                     0x0800011b   Thumb Code     0  startup_stm32f10x_md.o(.text)
    USB_HP_CAN1_TX_IRQHandler                0x0800011b   Thumb Code     0  startup_stm32f10x_md.o(.text)
    USB_LP_CAN1_RX0_IRQHandler               0x0800011b   Thumb Code     0  startup_stm32f10x_md.o(.text)
    WWDG_IRQHandler                          0x0800011b   Thumb Code     0  startup_stm32f10x_md.o(.text)
    __aeabi_uldivmod                         0x08000125   Thumb Code    98  uldiv.o(.text)
    __aeabi_ldivmod                          0x08000187   Thumb Code    98  ldiv.o(.text)
    __aeabi_memcpy                           0x080001e9   Thumb Code    36  memcpya.o(.text)
    __aeabi_memcpy4                          0x080001e9   Thumb Code     0  memcpya.o(.text)
    __aeabi_memcpy8                          0x080001e9   Thumb Code     0  memcpya.o(.text)
    __aeabi_memset                           0x0800020d   Thumb Code    14  memseta.o(.text)
    __aeabi_memset4                          0x0800020d   Thumb Code     0  memseta.o(.text)
    __aeabi_memset8                          0x0800020d   Thumb Code     0  memseta.o(.text)
    __aeabi_memclr                           0x0800021b   Thumb Code     4  memseta.o(.text)
    __aeabi_memclr4                          0x0800021b   Thumb Code     0  memseta.o(.text)
    __aeabi_memclr8                          0x0800021b   Thumb Code     0  memseta.o(.text)
    _memset$wrapper                          0x0800021f   Thumb Code    18  memseta.o(.text)
    memcmp                                   0x08000231   Thumb Code    26  memcmp.o(.text)
    __aeabi_fadd                             0x0800024b   Thumb Code   164  fadd.o(.text)
    __aeabi_fsub                             0x080002ef   Thumb Code     6  fadd.o(.text)
    __aeabi_frsub                            0x080002f5   Thumb Code     6  fadd.o(.text)
    __aeabi_fmul                             0x080002fb   Thumb Code   100  fmul.o(.text)
    __aeabi_fdiv                             0x0800035f   Thumb Code   124  fdiv.o(.text)
    __aeabi_dmul                             0x080003db   Thumb Code   228  dmul.o(.text)
    __aeabi_ddiv                             0x080004bf   Thumb Code   222  ddiv.o(.text)
    __aeabi_fcmple                           0x0800059d   Thumb Code    28  fcmple.o(.text)
    __aeabi_fcmplt                           0x080005b9   Thumb Code    28  fcmplt.o(.text)
    __aeabi_fcmpeq                           0x080005d5   Thumb Code    28  fcmpeq.o(.text)
    __aeabi_i2f                              0x080005f1   Thumb Code    18  fflti.o(.text)
    __aeabi_ui2f                             0x08000603   Thumb Code    10  ffltui.o(.text)
    __aeabi_i2d                              0x0800060d   Thumb Code    34  dflti.o(.text)
    __aeabi_f2iz                             0x0800062f   Thumb Code    50  ffixi.o(.text)
    __aeabi_d2iz                             0x08000661   Thumb Code    62  dfixi.o(.text)
    __aeabi_f2d                              0x0800069f   Thumb Code    38  f2d.o(.text)
    __aeabi_d2f                              0x080006c5   Thumb Code    56  d2f.o(.text)
    __aeabi_uidiv                            0x080006fd   Thumb Code     0  uidiv.o(.text)
    __aeabi_uidivmod                         0x080006fd   Thumb Code    44  uidiv.o(.text)
    __aeabi_llsl                             0x08000729   Thumb Code    30  llshl.o(.text)
    _ll_shift_l                              0x08000729   Thumb Code     0  llshl.o(.text)
    __aeabi_llsr                             0x08000747   Thumb Code    32  llushr.o(.text)
    _ll_ushift_r                             0x08000747   Thumb Code     0  llushr.o(.text)
    __I$use$fp                               0x08000767   Thumb Code     0  iusefp.o(.text)
    _float_round                             0x08000767   Thumb Code    18  fepilogue.o(.text)
    _float_epilogue                          0x08000779   Thumb Code    92  fepilogue.o(.text)
    _double_round                            0x080007d5   Thumb Code    30  depilogue.o(.text)
    _double_epilogue                         0x080007f3   Thumb Code   156  depilogue.o(.text)
    __aeabi_dadd                             0x0800088f   Thumb Code   322  dadd.o(.text)
    __aeabi_dsub                             0x080009d1   Thumb Code     6  dadd.o(.text)
    __aeabi_drsub                            0x080009d7   Thumb Code     6  dadd.o(.text)
    _drnd                                    0x080009dd   Thumb Code   132  drnd.o(.text)
    __aeabi_d2ulz                            0x08000a65   Thumb Code    48  dfixul.o(.text)
    __aeabi_cdcmpeq                          0x08000a95   Thumb Code     0  cdcmple.o(.text)
    __aeabi_cdcmple                          0x08000a95   Thumb Code    48  cdcmple.o(.text)
    __aeabi_cdrcmple                         0x08000ac5   Thumb Code    48  cdrcmple.o(.text)
    __scatterload                            0x08000af5   Thumb Code    38  init.o(.text)
    __scatterload_rt2                        0x08000af5   Thumb Code     0  init.o(.text)
    __aeabi_lasr                             0x08000b25   Thumb Code    36  llsshr.o(.text)
    _ll_sshift_r                             0x08000b25   Thumb Code     0  llsshr.o(.text)
    Delay_ms                                 0x08000b49   Thumb Code    62  delay.o(.text.Delay_ms)
    Delay_us                                 0x08000b89   Thumb Code    36  delay.o(.text.Delay_us)
    EXTI0_IRQHandler                         0x08000bad   Thumb Code    50  cyberrypotter.o(.text.EXTI0_IRQHandler)
    EXTI9_5_IRQHandler                       0x08000be1   Thumb Code    84  cyberrypotter.o(.text.EXTI9_5_IRQHandler)
    EXTI_ClearITPendingBit                   0x08000c35   Thumb Code    12  stm32f10x_exti.o(.text.EXTI_ClearITPendingBit)
    EXTI_GetITStatus                         0x08000c41   Thumb Code    30  stm32f10x_exti.o(.text.EXTI_GetITStatus)
    EXTI_Init                                0x08000c61   Thumb Code   104  stm32f10x_exti.o(.text.EXTI_Init)
    EXTI_Restore                             0x08000cc9   Thumb Code    34  hardware.o(.text.EXTI_Restore)
    EXTI_Stop                                0x08000ced   Thumb Code    34  hardware.o(.text.EXTI_Stop)
    FLASH_ErasePage                          0x08000d11   Thumb Code   254  stm32f10x_flash.o(.text.FLASH_ErasePage)
    FLASH_Lock                               0x08000e11   Thumb Code    18  stm32f10x_flash.o(.text.FLASH_Lock)
    FLASH_ProgramWord                        0x08000e25   Thumb Code   492  stm32f10x_flash.o(.text.FLASH_ProgramWord)
    FLASH_Unlock                             0x08001011   Thumb Code    30  stm32f10x_flash.o(.text.FLASH_Unlock)
    GPIO_EXTILineConfig                      0x08001031   Thumb Code    54  stm32f10x_gpio.o(.text.GPIO_EXTILineConfig)
    GPIO_Init                                0x08001069   Thumb Code   188  stm32f10x_gpio.o(.text.GPIO_Init)
    GPIO_PinRemapConfig                      0x08001125   Thumb Code   128  stm32f10x_gpio.o(.text.GPIO_PinRemapConfig)
    GPIO_ReadInputDataBit                    0x080011a5   Thumb Code    10  stm32f10x_gpio.o(.text.GPIO_ReadInputDataBit)
    GPIO_ReadOutputData                      0x080011b1   Thumb Code     6  stm32f10x_gpio.o(.text.GPIO_ReadOutputData)
    GPIO_Write                               0x080011b9   Thumb Code     4  stm32f10x_gpio.o(.text.GPIO_Write)
    GPIO_WriteBit                            0x080011bd   Thumb Code    12  stm32f10x_gpio.o(.text.GPIO_WriteBit)
    Hardware_Init                            0x080011c9   Thumb Code   452  hardware.o(.text.Hardware_Init)
    IIC_Init                                 0x0800138d   Thumb Code    66  iic.o(.text.IIC_Init)
    IIC_Receive_Byte                         0x080013d1   Thumb Code    98  iic.o(.text.IIC_Receive_Byte)
    IIC_Send_Byte                            0x08001435   Thumb Code    84  iic.o(.text.IIC_Send_Byte)
    IIC_read                                 0x08001489   Thumb Code   464  iic.o(.text.IIC_read)
    IIC_write                                0x08001659   Thumb Code   338  iic.o(.text.IIC_write)
    IMU_Get_Data                             0x080017ad   Thumb Code   316  imu.o(.text.IMU_Get_Data)
    IMU_Sample_Start                         0x080018e9   Thumb Code    52  imu.o(.text.IMU_Sample_Start)
    IR_Flash_Load                            0x0800191d   Thumb Code    60  ir.o(.text.IR_Flash_Load)
    IR_Flash_Save                            0x08001959   Thumb Code    60  ir.o(.text.IR_Flash_Save)
    IR_Init                                  0x08001995   Thumb Code   336  ir.o(.text.IR_Init)
    IR_Receive_Raw                           0x08001ae5   Thumb Code   120  ir.o(.text.IR_Receive_Raw)
    IR_Send_Raw                              0x08001b5d   Thumb Code    68  ir.o(.text.IR_Send_Raw)
    LED_Blink                                0x08001ba1   Thumb Code   186  cyberrypotter.o(.text.LED_Blink)
    MPU6050_Init                             0x08001c5d   Thumb Code   256  mpu6050.o(.text.MPU6050_Init)
    Model_LED                                0x08001d71   Thumb Code   212  main.o(.text.Model_LED)
    NVIC_Init                                0x08001e69   Thumb Code    94  misc.o(.text.NVIC_Init)
    NVIC_PriorityGroupConfig                 0x08001ec9   Thumb Code    20  misc.o(.text.NVIC_PriorityGroupConfig)
    RCC_APB1PeriphClockCmd                   0x08001edd   Thumb Code    24  stm32f10x_rcc.o(.text.RCC_APB1PeriphClockCmd)
    RCC_APB2PeriphClockCmd                   0x08001ef5   Thumb Code    24  stm32f10x_rcc.o(.text.RCC_APB2PeriphClockCmd)
    RCC_GetClocksFreq                        0x08001f0d   Thumb Code   140  stm32f10x_rcc.o(.text.RCC_GetClocksFreq)
    SystemInit                               0x08001f99   Thumb Code   272  system_stm32f10x.o(.text.SystemInit)
    System_Init                              0x080020a9   Thumb Code    64  cyberrypotter.o(.text.System_Init)
    TIM3_IRQHandler                          0x080020e9   Thumb Code   252  ir.o(.text.TIM3_IRQHandler)
    TIM4_IRQHandler                          0x080021e5   Thumb Code   274  cyberrypotter.o(.text.TIM4_IRQHandler)
    TIM_ARRPreloadConfig                     0x080022f9   Thumb Code    20  stm32f10x_tim.o(.text.TIM_ARRPreloadConfig)
    TIM_ClearFlag                            0x0800230d   Thumb Code     6  stm32f10x_tim.o(.text.TIM_ClearFlag)
    TIM_ClearITPendingBit                    0x08002315   Thumb Code     6  stm32f10x_tim.o(.text.TIM_ClearITPendingBit)
    TIM_Cmd                                  0x0800231d   Thumb Code    18  stm32f10x_tim.o(.text.TIM_Cmd)
    TIM_GetCapture3                          0x08002331   Thumb Code     4  stm32f10x_tim.o(.text.TIM_GetCapture3)
    TIM_GetITStatus                          0x08002335   Thumb Code    24  stm32f10x_tim.o(.text.TIM_GetITStatus)
    TIM_ICInit                               0x0800234d   Thumb Code   608  stm32f10x_tim.o(.text.TIM_ICInit)
    TIM_ICStructInit                         0x080025ad   Thumb Code    12  stm32f10x_tim.o(.text.TIM_ICStructInit)
    TIM_ITConfig                             0x080025b9   Thumb Code    16  stm32f10x_tim.o(.text.TIM_ITConfig)
    TIM_OC1Init                              0x080025c9   Thumb Code   112  stm32f10x_tim.o(.text.TIM_OC1Init)
    TIM_OC1PreloadConfig                     0x08002639   Thumb Code    12  stm32f10x_tim.o(.text.TIM_OC1PreloadConfig)
    TIM_OCStructInit                         0x08002645   Thumb Code    12  stm32f10x_tim.o(.text.TIM_OCStructInit)
    TIM_TimeBaseInit                         0x08002651   Thumb Code   170  stm32f10x_tim.o(.text.TIM_TimeBaseInit)
    TIM_TimeBaseStructInit                   0x080026fd   Thumb Code    20  stm32f10x_tim.o(.text.TIM_TimeBaseStructInit)
    USART_Cmd                                0x08002711   Thumb Code    20  stm32f10x_usart.o(.text.USART_Cmd)
    USART_ITConfig                           0x08002725   Thumb Code    46  stm32f10x_usart.o(.text.USART_ITConfig)
    USART_Init                               0x08002755   Thumb Code   182  stm32f10x_usart.o(.text.USART_Init)
    act_get_dec_bit                          0x08002831   Thumb Code    14  nnom_activation.o(.text.act_get_dec_bit)
    act_relu                                 0x08002841   Thumb Code    32  nnom_activation.o(.text.act_relu)
    check_model_version                      0x08002861   Thumb Code    92  nnom.o(.text.check_model_version)
    compile_layers                           0x08002919   Thumb Code  1676  nnom.o(.text.compile_layers)
    conv2d_build                             0x08003035   Thumb Code   258  nnom_conv2d.o(.text.conv2d_build)
    conv2d_free                              0x08003139   Thumb Code    34  nnom_conv2d.o(.text.conv2d_free)
    conv2d_run                               0x0800315d   Thumb Code   252  nnom_conv2d.o(.text.conv2d_run)
    conv2d_s                                 0x08003259   Thumb Code   340  nnom_conv2d.o(.text.conv2d_s)
    default_build                            0x080033ad   Thumb Code    70  nnom_baselayer.o(.text.default_build)
    delete_tensor                            0x080033f5   Thumb Code    10  nnom_tensor.o(.text.delete_tensor)
    dense_build                              0x08003401   Thumb Code   206  nnom_dense.o(.text.dense_build)
    dense_free                               0x080034d1   Thumb Code    34  nnom_dense.o(.text.dense_free)
    dense_run                                0x080034f5   Thumb Code    90  nnom_dense.o(.text.dense_run)
    dense_s                                  0x08003551   Thumb Code   130  nnom_dense.o(.text.dense_s)
    dilation                                 0x080035d5   Thumb Code    10  nnom_layers.o(.text.dilation)
    dmp_enable_feature                       0x080035e1   Thumb Code   688  inv_mpu_dmp_motion_driver.o(.text.dmp_enable_feature)
    dmp_load_motion_driver_firmware          0x08003891   Thumb Code    22  inv_mpu_dmp_motion_driver.o(.text.dmp_load_motion_driver_firmware)
    dmp_set_accel_bias                       0x080038a9   Thumb Code   192  inv_mpu_dmp_motion_driver.o(.text.dmp_set_accel_bias)
    dmp_set_fifo_rate                        0x08003969   Thumb Code   110  inv_mpu_dmp_motion_driver.o(.text.dmp_set_fifo_rate)
    dmp_set_gyro_bias                        0x080039d9   Thumb Code   222  inv_mpu_dmp_motion_driver.o(.text.dmp_set_gyro_bias)
    dmp_set_orientation                      0x08003ab9   Thumb Code   272  inv_mpu_dmp_motion_driver.o(.text.dmp_set_orientation)
    dmp_set_tap_thresh                       0x08003bc9   Thumb Code   290  inv_mpu_dmp_motion_driver.o(.text.dmp_set_tap_thresh)
    flatten_build                            0x08003ced   Thumb Code    84  nnom_flatten.o(.text.flatten_build)
    flatten_run                              0x08003d41   Thumb Code     4  nnom_flatten.o(.text.flatten_run)
    flatten_s                                0x08003d45   Thumb Code    92  nnom_flatten.o(.text.flatten_s)
    fputc                                    0x08003da1   Thumb Code    18  hardware.o(.text.fputc)
    input_build                              0x080040d1   Thumb Code    40  nnom_input.o(.text.input_build)
    input_run                                0x080040f9   Thumb Code    30  nnom_input.o(.text.input_run)
    input_s                                  0x08004119   Thumb Code   222  nnom_input.o(.text.input_s)
    io_init                                  0x080041f9   Thumb Code     8  nnom_layers.o(.text.io_init)
    kernel                                   0x08004201   Thumb Code    10  nnom_layers.o(.text.kernel)
    local_convolve_HWC_q15_nonsquare         0x0800420d   Thumb Code   578  nnom_local_q15.o(.text.local_convolve_HWC_q15_nonsquare)
    local_convolve_HWC_q7_nonsquare          0x08004451   Thumb Code   556  nnom_local.o(.text.local_convolve_HWC_q7_nonsquare)
    local_fully_connected_q7_opt             0x0800467d   Thumb Code   568  nnom_local.o(.text.local_fully_connected_q7_opt)
    local_maxpool_q7_HWC                     0x080048b5   Thumb Code   260  nnom_local.o(.text.local_maxpool_q7_HWC)
    local_relu_q15                           0x080049b9   Thumb Code    30  nnom_local_q15.o(.text.local_relu_q15)
    local_relu_q7                            0x080049d9   Thumb Code    30  nnom_local.o(.text.local_relu_q7)
    local_softmax_q7                         0x080049f9   Thumb Code   146  nnom_local.o(.text.local_softmax_q7)
    main                                     0x08004a8d   Thumb Code   832  main.o(.text.main)
    maxpool_build                            0x08004e6d   Thumb Code   156  nnom_maxpool.o(.text.maxpool_build)
    maxpool_run                              0x08004f09   Thumb Code   108  nnom_maxpool.o(.text.maxpool_run)
    maxpool_s                                0x08004f75   Thumb Code   386  nnom_maxpool.o(.text.maxpool_s)
    model_compile                            0x08005139   Thumb Code   576  nnom.o(.text.model_compile)
    model_feed_data                          0x080053ed   Thumb Code   134  main.o(.text.model_feed_data)
    model_get_output                         0x08005475   Thumb Code   136  main.o(.text.model_get_output)
    model_run                                0x080056d5   Thumb Code     6  nnom.o(.text.model_run)
    model_run_to                             0x080056dd   Thumb Code   160  nnom.o(.text.model_run_to)
    mpu_configure_fifo                       0x080057e1   Thumb Code   164  inv_mpu.o(.text.mpu_configure_fifo)
    mpu_get_accel_fsr                        0x08005885   Thumb Code    50  inv_mpu.o(.text.mpu_get_accel_fsr)
    mpu_get_accel_sens                       0x080058b9   Thumb Code    44  inv_mpu.o(.text.mpu_get_accel_sens)
    mpu_get_gyro_sens                        0x080058ed   Thumb Code    66  inv_mpu.o(.text.mpu_get_gyro_sens)
    mpu_init                                 0x08005931   Thumb Code   256  inv_mpu.o(.text.mpu_init)
    mpu_load_firmware                        0x08005a31   Thumb Code   368  inv_mpu.o(.text.mpu_load_firmware)
    mpu_lp_accel_mode                        0x08005ba1   Thumb Code   486  inv_mpu.o(.text.mpu_lp_accel_mode)
    mpu_reset_fifo                           0x08005d89   Thumb Code   374  inv_mpu.o(.text.mpu_reset_fifo)
    mpu_run_self_test                        0x08005f01   Thumb Code  1196  inv_mpu.o(.text.mpu_run_self_test)
    mpu_set_accel_fsr                        0x080063ad   Thumb Code   114  inv_mpu.o(.text.mpu_set_accel_fsr)
    mpu_set_bypass                           0x08006421   Thumb Code   234  inv_mpu.o(.text.mpu_set_bypass)
    mpu_set_dmp_state                        0x0800650d   Thumb Code   222  inv_mpu.o(.text.mpu_set_dmp_state)
    mpu_set_gyro_fsr                         0x080065ed   Thumb Code   122  inv_mpu.o(.text.mpu_set_gyro_fsr)
    mpu_set_lpf                              0x08006669   Thumb Code   110  inv_mpu.o(.text.mpu_set_lpf)
    mpu_set_sample_rate                      0x080066d9   Thumb Code   216  inv_mpu.o(.text.mpu_set_sample_rate)
    mpu_set_sensors                          0x080067b1   Thumb Code   238  inv_mpu.o(.text.mpu_set_sensors)
    mpu_write_mem                            0x080068a1   Thumb Code   106  inv_mpu.o(.text.mpu_write_mem)
    new_model                                0x0800690d   Thumb Code   176  nnom.o(.text.new_model)
    new_tensor                               0x080069bd   Thumb Code   116  nnom_tensor.o(.text.new_tensor)
    nnom_alignto                             0x08006a55   Thumb Code    18  nnom.o(.text.nnom_alignto)
    nnom_free                                0x08006a69   Thumb Code     2  nnom.o(.text.nnom_free)
    nnom_mem                                 0x08006a6d   Thumb Code   128  nnom.o(.text.nnom_mem)
    nnom_set_static_buf                      0x08006aed   Thumb Code    34  nnom.o(.text.nnom_set_static_buf)
    output_run                               0x08006b11   Thumb Code    32  nnom_output.o(.text.output_run)
    output_s                                 0x08006b31   Thumb Code    56  nnom_output.o(.text.output_s)
    shape                                    0x08006b8d   Thumb Code     8  nnom_layers.o(.text.shape)
    softmax_build                            0x08006b95   Thumb Code    54  nnom_softmax.o(.text.softmax_build)
    softmax_run                              0x08006bcd   Thumb Code    36  nnom_softmax.o(.text.softmax_run)
    softmax_s                                0x08006bf1   Thumb Code    88  nnom_softmax.o(.text.softmax_s)
    stride                                   0x08006c49   Thumb Code    10  nnom_layers.o(.text.stride)
    tensor_cpy_attr                          0x08006c55   Thumb Code    98  nnom_tensor.o(.text.tensor_cpy_attr)
    tensor_get_num_channel                   0x08006cb9   Thumb Code    14  nnom_tensor.o(.text.tensor_get_num_channel)
    tensor_set_attr                          0x08006cc9   Thumb Code    80  nnom_tensor.o(.text.tensor_set_attr)
    tensor_set_attr_v                        0x08006d19   Thumb Code    42  nnom_tensor.o(.text.tensor_set_attr_v)
    tensor_size                              0x08006d45   Thumb Code    40  nnom_tensor.o(.text.tensor_size)
    __0printf                                0x08006d6d   Thumb Code    22  printfa.o(i.__0printf)
    __1printf                                0x08006d6d   Thumb Code     0  printfa.o(i.__0printf)
    __2printf                                0x08006d6d   Thumb Code     0  printfa.o(i.__0printf)
    __c89printf                              0x08006d6d   Thumb Code     0  printfa.o(i.__0printf)
    printf                                   0x08006d6d   Thumb Code     0  printfa.o(i.__0printf)
    __scatterload_copy                       0x08006d8d   Thumb Code    14  handlers.o(i.__scatterload_copy)
    __scatterload_null                       0x08006d9b   Thumb Code     2  handlers.o(i.__scatterload_null)
    __scatterload_zeroinit                   0x08006d9d   Thumb Code    14  handlers.o(i.__scatterload_zeroinit)
    putchar                                  0x08007661   Thumb Code     6  putchar.o(i.putchar)
    puts                                     0x0800766d   Thumb Code    30  puts.o(i.puts)
    round                                    0x08007691   Thumb Code   136  round.o(i.round)
    conv1d_1_bias_shift                      0x08007740   Data           4  main.o(.rodata.conv1d_1_bias_shift)
    conv1d_1_config                          0x08007744   Data          40  main.o(.rodata.conv1d_1_config)
    conv1d_1_output_shift                    0x0800776c   Data           4  main.o(.rodata.conv1d_1_output_shift)
    conv1d_bias_shift                        0x08007770   Data           4  main.o(.rodata.conv1d_bias_shift)
    conv1d_config                            0x08007774   Data          40  main.o(.rodata.conv1d_config)
    conv1d_output_shift                      0x0800779c   Data           4  main.o(.rodata.conv1d_output_shift)
    default_activation_names                 0x080077a8   Data          64  nnom.o(.rodata.default_activation_names)
    default_cell_names                       0x080077e8   Data          32  nnom.o(.rodata.default_cell_names)
    default_layer_names                      0x08007808   Data         396  nnom.o(.rodata.default_layer_names)
    dense_bias_shift                         0x08007994   Data           4  main.o(.rodata.dense_bias_shift)
    dense_config                             0x08007998   Data          24  main.o(.rodata.dense_config)
    dense_output_shift                       0x080079b0   Data           4  main.o(.rodata.dense_output_shift)
    flatten_config                           0x080085ac   Data           4  main.o(.rodata.flatten_config)
    hw                                       0x080085b0   Data          12  inv_mpu.o(.rodata.hw)
    input_1_config                           0x080085bc   Data           8  main.o(.rodata.input_1_config)
    max_pooling1d_config                     0x080085c4   Data          16  main.o(.rodata.max_pooling1d_config)
    output0_config                           0x080085d4   Data           8  main.o(.rodata.output0_config)
    reg                                      0x080085dc   Data          30  inv_mpu.o(.rodata.reg)
    softmax_config                           0x080085fc   Data           4  main.o(.rodata.softmax_config)
    tensor_conv1d_1_bias_0                   0x08008a7c   Data          24  main.o(.rodata.tensor_conv1d_1_bias_0)
    tensor_conv1d_1_bias_0_data              0x08008a94   Data          15  main.o(.rodata.tensor_conv1d_1_bias_0_data)
    tensor_conv1d_1_bias_0_dec               0x08008aa4   Data           4  main.o(.rodata.tensor_conv1d_1_bias_0_dec)
    tensor_conv1d_1_bias_0_dim               0x08008aa8   Data           2  main.o(.rodata.tensor_conv1d_1_bias_0_dim)
    tensor_conv1d_1_bias_0_offset            0x08008aac   Data           4  main.o(.rodata.tensor_conv1d_1_bias_0_offset)
    tensor_conv1d_1_kernel_0                 0x08008ab0   Data          24  main.o(.rodata.tensor_conv1d_1_kernel_0)
    tensor_conv1d_1_kernel_0_data            0x08008ac8   Data        1350  main.o(.rodata.tensor_conv1d_1_kernel_0_data)
    tensor_conv1d_1_kernel_0_dec             0x08009010   Data           4  main.o(.rodata.tensor_conv1d_1_kernel_0_dec)
    tensor_conv1d_1_kernel_0_dim             0x08009014   Data           6  main.o(.rodata.tensor_conv1d_1_kernel_0_dim)
    tensor_conv1d_1_kernel_0_offset          0x0800901c   Data           4  main.o(.rodata.tensor_conv1d_1_kernel_0_offset)
    tensor_conv1d_bias_0                     0x08009020   Data          24  main.o(.rodata.tensor_conv1d_bias_0)
    tensor_conv1d_bias_0_data                0x08009038   Data          30  main.o(.rodata.tensor_conv1d_bias_0_data)
    tensor_conv1d_bias_0_dec                 0x08009058   Data           4  main.o(.rodata.tensor_conv1d_bias_0_dec)
    tensor_conv1d_bias_0_dim                 0x0800905c   Data           2  main.o(.rodata.tensor_conv1d_bias_0_dim)
    tensor_conv1d_bias_0_offset              0x08009060   Data           4  main.o(.rodata.tensor_conv1d_bias_0_offset)
    tensor_conv1d_kernel_0                   0x08009064   Data          24  main.o(.rodata.tensor_conv1d_kernel_0)
    tensor_conv1d_kernel_0_data              0x0800907c   Data         270  main.o(.rodata.tensor_conv1d_kernel_0_data)
    tensor_conv1d_kernel_0_dec               0x0800918c   Data           4  main.o(.rodata.tensor_conv1d_kernel_0_dec)
    tensor_conv1d_kernel_0_dim               0x08009190   Data           6  main.o(.rodata.tensor_conv1d_kernel_0_dim)
    tensor_conv1d_kernel_0_offset            0x08009198   Data           4  main.o(.rodata.tensor_conv1d_kernel_0_offset)
    tensor_dense_bias_0                      0x0800919c   Data          24  main.o(.rodata.tensor_dense_bias_0)
    tensor_dense_bias_0_data                 0x080091b4   Data          13  main.o(.rodata.tensor_dense_bias_0_data)
    tensor_dense_bias_0_dec                  0x080091c4   Data           4  main.o(.rodata.tensor_dense_bias_0_dec)
    tensor_dense_bias_0_dim                  0x080091c8   Data           2  main.o(.rodata.tensor_dense_bias_0_dim)
    tensor_dense_bias_0_offset               0x080091cc   Data           4  main.o(.rodata.tensor_dense_bias_0_offset)
    tensor_dense_kernel_0                    0x080091d0   Data          24  main.o(.rodata.tensor_dense_kernel_0)
    tensor_dense_kernel_0_data               0x080091e8   Data         975  main.o(.rodata.tensor_dense_kernel_0_data)
    tensor_dense_kernel_0_dec                0x080095b8   Data           4  main.o(.rodata.tensor_dense_kernel_0_dec)
    tensor_dense_kernel_0_dim                0x080095bc   Data           4  main.o(.rodata.tensor_dense_kernel_0_dim)
    tensor_dense_kernel_0_offset             0x080095c0   Data           4  main.o(.rodata.tensor_dense_kernel_0_offset)
    tensor_input_1                           0x080095c4   Data          24  main.o(.rodata.tensor_input_1)
    tensor_input_1_dec                       0x080095dc   Data           4  main.o(.rodata.tensor_input_1_dec)
    tensor_input_1_dim                       0x080095e0   Data           4  main.o(.rodata.tensor_input_1_dim)
    tensor_input_1_offset                    0x080095e4   Data           4  main.o(.rodata.tensor_input_1_offset)
    tensor_output0                           0x080095e8   Data          24  main.o(.rodata.tensor_output0)
    tensor_output0_dec                       0x08009600   Data           4  main.o(.rodata.tensor_output0_dec)
    tensor_output0_dim                       0x08009604   Data           2  main.o(.rodata.tensor_output0_dim)
    tensor_output0_offset                    0x08009608   Data           4  main.o(.rodata.tensor_output0_offset)
    test                                     0x0800960c   Data          40  inv_mpu.o(.rodata.test)
    Region$$Table$$Base                      0x08009634   Number         0  anon$$obj.o(Region$$Table)
    Region$$Table$$Limit                     0x08009654   Number         0  anon$$obj.o(Region$$Table)
    __stdout                                 0x20000000   Data           4  stdout.o(.data)
    model_output                             0x20000005   Data           1  main.o(.data.model_output)
    Cyberry_Potter_Status                    0x20000038   Data          36  cyberrypotter.o(.bss.Cyberry_Potter_Status)
    IMU_Data_mAcc                            0x2000005c   Data        1800  imu.o(.bss.IMU_Data_mAcc)
    IMU_Data_mGyro                           0x20000764   Data        1800  imu.o(.bss.IMU_Data_mGyro)
    IMU_bias                                 0x20000e6c   Data          12  imu.o(.bss.IMU_bias)
    i                                        0x20000e8c   Data           2  cyberrypotter.o(.bss.i)
    nnom_memory_taken                        0x20001054   Data           4  nnom.o(.bss.nnom_memory_taken)
    static_buf                               0x2000122c   Data        8192  main.o(.bss.static_buf)
    time_hold_count_ms                       0x2000322c   Data           2  cyberrypotter.o(.bss.time_hold_count_ms)
    time_release_count_ms                    0x2000322e   Data           2  cyberrypotter.o(.bss.time_release_count_ms)
    __initial_sp                             0x20003630   Data           0  startup_stm32f10x_md.o(STACK)



==============================================================================

Memory Map of the image

  Image Entry point : 0x080000ed

  Load Region LR_IROM1 (Base: 0x08000000, Size: 0x00009690, Max: 0x00020000, ABSOLUTE)

    Execution Region ER_IROM1 (Exec base: 0x08000000, Load base: 0x08000000, Size: 0x00009654, Max: 0x00020000, ABSOLUTE)

    Exec Addr    Load Addr    Size         Type   Attr      Idx    E Section Name        Object

    0x08000000   0x08000000   0x000000ec   Data   RO         2320    RESET               startup_stm32f10x_md.o
    0x080000ec   0x080000ec   0x00000000   Code   RO         2343  * .ARM.Collect$$$$00000000  mc_w.l(entry.o)
    0x080000ec   0x080000ec   0x00000004   Code   RO         2666    .ARM.Collect$$$$00000001  mc_w.l(entry2.o)
    0x080000f0   0x080000f0   0x00000004   Code   RO         2669    .ARM.Collect$$$$00000004  mc_w.l(entry5.o)
    0x080000f4   0x080000f4   0x00000000   Code   RO         2671    .ARM.Collect$$$$00000008  mc_w.l(entry7b.o)
    0x080000f4   0x080000f4   0x00000000   Code   RO         2673    .ARM.Collect$$$$0000000A  mc_w.l(entry8b.o)
    0x080000f4   0x080000f4   0x00000008   Code   RO         2674    .ARM.Collect$$$$0000000B  mc_w.l(entry9a.o)
    0x080000fc   0x080000fc   0x00000000   Code   RO         2676    .ARM.Collect$$$$0000000D  mc_w.l(entry10a.o)
    0x080000fc   0x080000fc   0x00000000   Code   RO         2678    .ARM.Collect$$$$0000000F  mc_w.l(entry11a.o)
    0x080000fc   0x080000fc   0x00000004   Code   RO         2667    .ARM.Collect$$$$00002712  mc_w.l(entry2.o)
    0x08000100   0x08000100   0x00000024   Code   RO         2321    .text               startup_stm32f10x_md.o
    0x08000124   0x08000124   0x00000062   Code   RO         2361    .text               mc_w.l(uldiv.o)
    0x08000186   0x08000186   0x00000062   Code   RO         2363    .text               mc_w.l(ldiv.o)
    0x080001e8   0x080001e8   0x00000024   Code   RO         2365    .text               mc_w.l(memcpya.o)
    0x0800020c   0x0800020c   0x00000024   Code   RO         2367    .text               mc_w.l(memseta.o)
    0x08000230   0x08000230   0x0000001a   Code   RO         2369    .text               mc_w.l(memcmp.o)
    0x0800024a   0x0800024a   0x000000b0   Code   RO         2634    .text               mf_w.l(fadd.o)
    0x080002fa   0x080002fa   0x00000064   Code   RO         2636    .text               mf_w.l(fmul.o)
    0x0800035e   0x0800035e   0x0000007c   Code   RO         2638    .text               mf_w.l(fdiv.o)
    0x080003da   0x080003da   0x000000e4   Code   RO         2640    .text               mf_w.l(dmul.o)
    0x080004be   0x080004be   0x000000de   Code   RO         2642    .text               mf_w.l(ddiv.o)
    0x0800059c   0x0800059c   0x0000001c   Code   RO         2644    .text               mf_w.l(fcmple.o)
    0x080005b8   0x080005b8   0x0000001c   Code   RO         2646    .text               mf_w.l(fcmplt.o)
    0x080005d4   0x080005d4   0x0000001c   Code   RO         2650    .text               mf_w.l(fcmpeq.o)
    0x080005f0   0x080005f0   0x00000012   Code   RO         2652    .text               mf_w.l(fflti.o)
    0x08000602   0x08000602   0x0000000a   Code   RO         2654    .text               mf_w.l(ffltui.o)
    0x0800060c   0x0800060c   0x00000022   Code   RO         2656    .text               mf_w.l(dflti.o)
    0x0800062e   0x0800062e   0x00000032   Code   RO         2658    .text               mf_w.l(ffixi.o)
    0x08000660   0x08000660   0x0000003e   Code   RO         2660    .text               mf_w.l(dfixi.o)
    0x0800069e   0x0800069e   0x00000026   Code   RO         2662    .text               mf_w.l(f2d.o)
    0x080006c4   0x080006c4   0x00000038   Code   RO         2664    .text               mf_w.l(d2f.o)
    0x080006fc   0x080006fc   0x0000002c   Code   RO         2690    .text               mc_w.l(uidiv.o)
    0x08000728   0x08000728   0x0000001e   Code   RO         2692    .text               mc_w.l(llshl.o)
    0x08000746   0x08000746   0x00000020   Code   RO         2694    .text               mc_w.l(llushr.o)
    0x08000766   0x08000766   0x00000000   Code   RO         2696    .text               mc_w.l(iusefp.o)
    0x08000766   0x08000766   0x0000006e   Code   RO         2697    .text               mf_w.l(fepilogue.o)
    0x080007d4   0x080007d4   0x000000ba   Code   RO         2699    .text               mf_w.l(depilogue.o)
    0x0800088e   0x0800088e   0x0000014e   Code   RO         2701    .text               mf_w.l(dadd.o)
    0x080009dc   0x080009dc   0x00000088   Code   RO         2703    .text               mf_w.l(drnd.o)
    0x08000a64   0x08000a64   0x00000030   Code   RO         2705    .text               mf_w.l(dfixul.o)
    0x08000a94   0x08000a94   0x00000030   Code   RO         2707    .text               mf_w.l(cdcmple.o)
    0x08000ac4   0x08000ac4   0x00000030   Code   RO         2709    .text               mf_w.l(cdrcmple.o)
    0x08000af4   0x08000af4   0x00000030   Code   RO         2711    .text               mc_w.l(init.o)
    0x08000b24   0x08000b24   0x00000024   Code   RO         2713    .text               mc_w.l(llsshr.o)
    0x08000b48   0x08000b48   0x0000003e   Code   RO           30    .text.Delay_ms      delay.o
    0x08000b86   0x08000b86   0x00000002   PAD
    0x08000b88   0x08000b88   0x00000024   Code   RO           28    .text.Delay_us      delay.o
    0x08000bac   0x08000bac   0x00000032   Code   RO           10    .text.EXTI0_IRQHandler  cyberrypotter.o
    0x08000bde   0x08000bde   0x00000002   PAD
    0x08000be0   0x08000be0   0x00000054   Code   RO            8    .text.EXTI9_5_IRQHandler  cyberrypotter.o
    0x08000c34   0x08000c34   0x0000000c   Code   RO         1530    .text.EXTI_ClearITPendingBit  stm32f10x_exti.o
    0x08000c40   0x08000c40   0x0000001e   Code   RO         1528    .text.EXTI_GetITStatus  stm32f10x_exti.o
    0x08000c5e   0x08000c5e   0x00000002   PAD
    0x08000c60   0x08000c60   0x00000068   Code   RO         1518    .text.EXTI_Init     stm32f10x_exti.o
    0x08000cc8   0x08000cc8   0x00000022   Code   RO          139    .text.EXTI_Restore  hardware.o
    0x08000cea   0x08000cea   0x00000002   PAD
    0x08000cec   0x08000cec   0x00000022   Code   RO          137    .text.EXTI_Stop     hardware.o
    0x08000d0e   0x08000d0e   0x00000002   PAD
    0x08000d10   0x08000d10   0x000000fe   Code   RO         1554    .text.FLASH_ErasePage  stm32f10x_flash.o
    0x08000e0e   0x08000e0e   0x00000002   PAD
    0x08000e10   0x08000e10   0x00000012   Code   RO         1550    .text.FLASH_Lock    stm32f10x_flash.o
    0x08000e22   0x08000e22   0x00000002   PAD
    0x08000e24   0x08000e24   0x000001ec   Code   RO         1568    .text.FLASH_ProgramWord  stm32f10x_flash.o
    0x08001010   0x08001010   0x0000001e   Code   RO         1546    .text.FLASH_Unlock  stm32f10x_flash.o
    0x0800102e   0x0800102e   0x00000002   PAD
    0x08001030   0x08001030   0x00000036   Code   RO         1682    .text.GPIO_EXTILineConfig  stm32f10x_gpio.o
    0x08001066   0x08001066   0x00000002   PAD
    0x08001068   0x08001068   0x000000bc   Code   RO         1654    .text.GPIO_Init     stm32f10x_gpio.o
    0x08001124   0x08001124   0x00000080   Code   RO         1680    .text.GPIO_PinRemapConfig  stm32f10x_gpio.o
    0x080011a4   0x080011a4   0x0000000a   Code   RO         1658    .text.GPIO_ReadInputDataBit  stm32f10x_gpio.o
    0x080011ae   0x080011ae   0x00000002   PAD
    0x080011b0   0x080011b0   0x00000006   Code   RO         1664    .text.GPIO_ReadOutputData  stm32f10x_gpio.o
    0x080011b6   0x080011b6   0x00000002   PAD
    0x080011b8   0x080011b8   0x00000004   Code   RO         1672    .text.GPIO_Write    stm32f10x_gpio.o
    0x080011bc   0x080011bc   0x0000000c   Code   RO         1670    .text.GPIO_WriteBit  stm32f10x_gpio.o
    0x080011c8   0x080011c8   0x000001c4   Code   RO          133    .text.Hardware_Init  hardware.o
    0x0800138c   0x0800138c   0x00000042   Code   RO          149    .text.IIC_Init      iic.o
    0x080013ce   0x080013ce   0x00000002   PAD
    0x080013d0   0x080013d0   0x00000062   Code   RO          153    .text.IIC_Receive_Byte  iic.o
    0x08001432   0x08001432   0x00000002   PAD
    0x08001434   0x08001434   0x00000054   Code   RO          151    .text.IIC_Send_Byte  iic.o
    0x08001488   0x08001488   0x000001d0   Code   RO          157    .text.IIC_read      iic.o
    0x08001658   0x08001658   0x00000152   Code   RO          155    .text.IIC_write     iic.o
    0x080017aa   0x080017aa   0x00000002   PAD
    0x080017ac   0x080017ac   0x0000013c   Code   RO           44    .text.IMU_Get_Data  imu.o
    0x080018e8   0x080018e8   0x00000034   Code   RO           42    .text.IMU_Sample_Start  imu.o
    0x0800191c   0x0800191c   0x0000003c   Code   RO          373    .text.IR_Flash_Load  ir.o
    0x08001958   0x08001958   0x0000003c   Code   RO          371    .text.IR_Flash_Save  ir.o
    0x08001994   0x08001994   0x00000150   Code   RO          365    .text.IR_Init       ir.o
    0x08001ae4   0x08001ae4   0x00000078   Code   RO          369    .text.IR_Receive_Raw  ir.o
    0x08001b5c   0x08001b5c   0x00000044   Code   RO          367    .text.IR_Send_Raw   ir.o
    0x08001ba0   0x08001ba0   0x000000ba   Code   RO            6    .text.LED_Blink     cyberrypotter.o
    0x08001c5a   0x08001c5a   0x00000002   PAD
    0x08001c5c   0x08001c5c   0x00000114   Code   RO          167    .text.MPU6050_Init  mpu6050.o
    0x08001d70   0x08001d70   0x000000f8   Code   RO           61    .text.Model_LED     main.o
    0x08001e68   0x08001e68   0x0000005e   Code   RO         1200    .text.NVIC_Init     misc.o
    0x08001ec6   0x08001ec6   0x00000002   PAD
    0x08001ec8   0x08001ec8   0x00000014   Code   RO         1198    .text.NVIC_PriorityGroupConfig  misc.o
    0x08001edc   0x08001edc   0x00000018   Code   RO         1861    .text.RCC_APB1PeriphClockCmd  stm32f10x_rcc.o
    0x08001ef4   0x08001ef4   0x00000018   Code   RO         1859    .text.RCC_APB2PeriphClockCmd  stm32f10x_rcc.o
    0x08001f0c   0x08001f0c   0x0000008c   Code   RO         1855    .text.RCC_GetClocksFreq  stm32f10x_rcc.o
    0x08001f98   0x08001f98   0x00000110   Code   RO         2328    .text.SystemInit    system_stm32f10x.o
    0x080020a8   0x080020a8   0x00000040   Code   RO            2    .text.System_Init   cyberrypotter.o
    0x080020e8   0x080020e8   0x000000fc   Code   RO          377    .text.TIM3_IRQHandler  ir.o
    0x080021e4   0x080021e4   0x00000112   Code   RO           12    .text.TIM4_IRQHandler  cyberrypotter.o
    0x080022f6   0x080022f6   0x00000002   PAD
    0x080022f8   0x080022f8   0x00000014   Code   RO         2121    .text.TIM_ARRPreloadConfig  stm32f10x_tim.o
    0x0800230c   0x0800230c   0x00000006   Code   RO         2215    .text.TIM_ClearFlag  stm32f10x_tim.o
    0x08002312   0x08002312   0x00000002   PAD
    0x08002314   0x08002314   0x00000006   Code   RO         2219    .text.TIM_ClearITPendingBit  stm32f10x_tim.o
    0x0800231a   0x0800231a   0x00000002   PAD
    0x0800231c   0x0800231c   0x00000012   Code   RO         2081    .text.TIM_Cmd       stm32f10x_tim.o
    0x0800232e   0x0800232e   0x00000002   PAD
    0x08002330   0x08002330   0x00000004   Code   RO         2205    .text.TIM_GetCapture3  stm32f10x_tim.o
    0x08002334   0x08002334   0x00000018   Code   RO         2217    .text.TIM_GetITStatus  stm32f10x_tim.o
    0x0800234c   0x0800234c   0x00000260   Code   RO         2059    .text.TIM_ICInit    stm32f10x_tim.o
    0x080025ac   0x080025ac   0x0000000c   Code   RO         2077    .text.TIM_ICStructInit  stm32f10x_tim.o
    0x080025b8   0x080025b8   0x00000010   Code   RO         2085    .text.TIM_ITConfig  stm32f10x_tim.o
    0x080025c8   0x080025c8   0x00000070   Code   RO         2051    .text.TIM_OC1Init   stm32f10x_tim.o
    0x08002638   0x08002638   0x0000000c   Code   RO         2129    .text.TIM_OC1PreloadConfig  stm32f10x_tim.o
    0x08002644   0x08002644   0x0000000c   Code   RO         2075    .text.TIM_OCStructInit  stm32f10x_tim.o
    0x08002650   0x08002650   0x000000aa   Code   RO         2049    .text.TIM_TimeBaseInit  stm32f10x_tim.o
    0x080026fa   0x080026fa   0x00000002   PAD
    0x080026fc   0x080026fc   0x00000014   Code   RO         2073    .text.TIM_TimeBaseStructInit  stm32f10x_tim.o
    0x08002710   0x08002710   0x00000014   Code   RO         2239    .text.USART_Cmd     stm32f10x_usart.o
    0x08002724   0x08002724   0x0000002e   Code   RO         2241    .text.USART_ITConfig  stm32f10x_usart.o
    0x08002752   0x08002752   0x00000002   PAD
    0x08002754   0x08002754   0x000000b6   Code   RO         2231    .text.USART_Init    stm32f10x_usart.o
    0x0800280a   0x0800280a   0x00000002   PAD
    0x0800280c   0x0800280c   0x00000024   Code   RO          169    .text.__NVIC_SystemReset  mpu6050.o
    0x08002830   0x08002830   0x0000000e   Code   RO          766    .text.act_get_dec_bit  nnom_activation.o
    0x0800283e   0x0800283e   0x00000002   PAD
    0x08002840   0x08002840   0x00000020   Code   RO          726    .text.act_relu      nnom_activation.o
    0x08002860   0x08002860   0x000000b8   Code   RO          615    .text.check_model_version  nnom.o
    0x08002918   0x08002918   0x0000071c   Code   RO          591    .text.compile_layers  nnom.o
    0x08003034   0x08003034   0x00000102   Code   RO          828    .text.conv2d_build  nnom_conv2d.o
    0x08003136   0x08003136   0x00000002   PAD
    0x08003138   0x08003138   0x00000022   Code   RO          830    .text.conv2d_free   nnom_conv2d.o
    0x0800315a   0x0800315a   0x00000002   PAD
    0x0800315c   0x0800315c   0x000000fc   Code   RO          826    .text.conv2d_run    nnom_conv2d.o
    0x08003258   0x08003258   0x00000154   Code   RO          824    .text.conv2d_s      nnom_conv2d.o
    0x080033ac   0x080033ac   0x00000046   Code   RO          798    .text.default_build  nnom_baselayer.o
    0x080033f2   0x080033f2   0x00000002   PAD
    0x080033f4   0x080033f4   0x0000000a   Code   RO          665    .text.delete_tensor  nnom_tensor.o
    0x080033fe   0x080033fe   0x00000002   PAD
    0x08003400   0x08003400   0x000000ce   Code   RO          882    .text.dense_build   nnom_dense.o
    0x080034ce   0x080034ce   0x00000002   PAD
    0x080034d0   0x080034d0   0x00000022   Code   RO          884    .text.dense_free    nnom_dense.o
    0x080034f2   0x080034f2   0x00000002   PAD
    0x080034f4   0x080034f4   0x0000005a   Code   RO          880    .text.dense_run     nnom_dense.o
    0x0800354e   0x0800354e   0x00000002   PAD
    0x08003550   0x08003550   0x00000082   Code   RO          878    .text.dense_s       nnom_dense.o
    0x080035d2   0x080035d2   0x00000002   PAD
    0x080035d4   0x080035d4   0x0000000a   Code   RO          641    .text.dilation      nnom_layers.o
    0x080035de   0x080035de   0x00000002   PAD
    0x080035e0   0x080035e0   0x000002b0   Code   RO          323    .text.dmp_enable_feature  inv_mpu_dmp_motion_driver.o
    0x08003890   0x08003890   0x00000016   Code   RO          287    .text.dmp_load_motion_driver_firmware  inv_mpu_dmp_motion_driver.o
    0x080038a6   0x080038a6   0x00000002   PAD
    0x080038a8   0x080038a8   0x000000c0   Code   RO          293    .text.dmp_set_accel_bias  inv_mpu_dmp_motion_driver.o
    0x08003968   0x08003968   0x0000006e   Code   RO          295    .text.dmp_set_fifo_rate  inv_mpu_dmp_motion_driver.o
    0x080039d6   0x080039d6   0x00000002   PAD
    0x080039d8   0x080039d8   0x000000de   Code   RO          291    .text.dmp_set_gyro_bias  inv_mpu_dmp_motion_driver.o
    0x08003ab6   0x08003ab6   0x00000002   PAD
    0x08003ab8   0x08003ab8   0x00000110   Code   RO          289    .text.dmp_set_orientation  inv_mpu_dmp_motion_driver.o
    0x08003bc8   0x08003bc8   0x00000122   Code   RO          299    .text.dmp_set_tap_thresh  inv_mpu_dmp_motion_driver.o
    0x08003cea   0x08003cea   0x00000002   PAD
    0x08003cec   0x08003cec   0x00000054   Code   RO          918    .text.flatten_build  nnom_flatten.o
    0x08003d40   0x08003d40   0x00000004   Code   RO          916    .text.flatten_run   nnom_flatten.o
    0x08003d44   0x08003d44   0x0000005c   Code   RO          912    .text.flatten_s     nnom_flatten.o
    0x08003da0   0x08003da0   0x00000012   Code   RO          135    .text.fputc         hardware.o
    0x08003db2   0x08003db2   0x00000002   PAD
    0x08003db4   0x08003db4   0x0000031c   Code   RO          257    .text.get_st_biases  inv_mpu.o
    0x080040d0   0x080040d0   0x00000028   Code   RO          970    .text.input_build   nnom_input.o
    0x080040f8   0x080040f8   0x0000001e   Code   RO          968    .text.input_run     nnom_input.o
    0x08004116   0x08004116   0x00000002   PAD
    0x08004118   0x08004118   0x000000de   Code   RO          966    .text.input_s       nnom_input.o
    0x080041f6   0x080041f6   0x00000002   PAD
    0x080041f8   0x080041f8   0x00000008   Code   RO          645    .text.io_init       nnom_layers.o
    0x08004200   0x08004200   0x0000000a   Code   RO          637    .text.kernel        nnom_layers.o
    0x0800420a   0x0800420a   0x00000002   PAD
    0x0800420c   0x0800420c   0x00000242   Code   RO          495    .text.local_convolve_HWC_q15_nonsquare  nnom_local_q15.o
    0x0800444e   0x0800444e   0x00000002   PAD
    0x08004450   0x08004450   0x0000022c   Code   RO          409    .text.local_convolve_HWC_q7_nonsquare  nnom_local.o
    0x0800467c   0x0800467c   0x00000238   Code   RO          431    .text.local_fully_connected_q7_opt  nnom_local.o
    0x080048b4   0x080048b4   0x00000104   Code   RO          397    .text.local_maxpool_q7_HWC  nnom_local.o
    0x080049b8   0x080049b8   0x0000001e   Code   RO          527    .text.local_relu_q15  nnom_local_q15.o
    0x080049d6   0x080049d6   0x00000002   PAD
    0x080049d8   0x080049d8   0x0000001e   Code   RO          445    .text.local_relu_q7  nnom_local.o
    0x080049f6   0x080049f6   0x00000002   PAD
    0x080049f8   0x080049f8   0x00000092   Code   RO          435    .text.local_softmax_q7  nnom_local.o
    0x08004a8a   0x08004a8a   0x00000002   PAD
    0x08004a8c   0x08004a8c   0x000003e0   Code   RO           63    .text.main          main.o
    0x08004e6c   0x08004e6c   0x0000009c   Code   RO         1046    .text.maxpool_build  nnom_maxpool.o
    0x08004f08   0x08004f08   0x0000006c   Code   RO         1044    .text.maxpool_run   nnom_maxpool.o
    0x08004f74   0x08004f74   0x00000182   Code   RO         1040    .text.maxpool_s     nnom_maxpool.o
    0x080050f6   0x080050f6   0x00000002   PAD
    0x080050f8   0x080050f8   0x00000008   Code   RO          583    .text.model_active  nnom.o
    0x08005100   0x08005100   0x00000036   Code   RO          575    .text.model_add     nnom.o
    0x08005136   0x08005136   0x00000002   PAD
    0x08005138   0x08005138   0x000002b4   Code   RO          601    .text.model_compile  nnom.o
    0x080053ec   0x080053ec   0x00000086   Code   RO           57    .text.model_feed_data  main.o
    0x08005472   0x08005472   0x00000002   PAD
    0x08005474   0x08005474   0x000000d8   Code   RO           59    .text.model_get_output  main.o
    0x0800554c   0x0800554c   0x00000140   Code   RO          577    .text.model_hook    nnom.o
    0x0800568c   0x0800568c   0x0000000a   Code   RO          579    .text.model_merge   nnom.o
    0x08005696   0x08005696   0x00000002   PAD
    0x08005698   0x08005698   0x0000003a   Code   RO          581    .text.model_mergex  nnom.o
    0x080056d2   0x080056d2   0x00000002   PAD
    0x080056d4   0x080056d4   0x00000006   Code   RO          609    .text.model_run     nnom.o
    0x080056da   0x080056da   0x00000002   PAD
    0x080056dc   0x080056dc   0x00000104   Code   RO          607    .text.model_run_to  nnom.o
    0x080057e0   0x080057e0   0x000000a4   Code   RO          195    .text.mpu_configure_fifo  inv_mpu.o
    0x08005884   0x08005884   0x00000032   Code   RO          227    .text.mpu_get_accel_fsr  inv_mpu.o
    0x080058b6   0x080058b6   0x00000002   PAD
    0x080058b8   0x080058b8   0x00000034   Code   RO          239    .text.mpu_get_accel_sens  inv_mpu.o
    0x080058ec   0x080058ec   0x00000042   Code   RO          237    .text.mpu_get_gyro_sens  inv_mpu.o
    0x0800592e   0x0800592e   0x00000002   PAD
    0x08005930   0x08005930   0x00000100   Code   RO          185    .text.mpu_init      inv_mpu.o
    0x08005a30   0x08005a30   0x00000170   Code   RO          263    .text.mpu_load_firmware  inv_mpu.o
    0x08005ba0   0x08005ba0   0x000001e6   Code   RO          201    .text.mpu_lp_accel_mode  inv_mpu.o
    0x08005d86   0x08005d86   0x00000002   PAD
    0x08005d88   0x08005d88   0x00000176   Code   RO          223    .text.mpu_reset_fifo  inv_mpu.o
    0x08005efe   0x08005efe   0x00000002   PAD
    0x08005f00   0x08005f00   0x000004ac   Code   RO          253    .text.mpu_run_self_test  inv_mpu.o
    0x080063ac   0x080063ac   0x00000072   Code   RO          189    .text.mpu_set_accel_fsr  inv_mpu.o
    0x0800641e   0x0800641e   0x00000002   PAD
    0x08006420   0x08006420   0x000000ea   Code   RO          197    .text.mpu_set_bypass  inv_mpu.o
    0x0800650a   0x0800650a   0x00000002   PAD
    0x0800650c   0x0800650c   0x000000de   Code   RO          255    .text.mpu_set_dmp_state  inv_mpu.o
    0x080065ea   0x080065ea   0x00000002   PAD
    0x080065ec   0x080065ec   0x0000007a   Code   RO          187    .text.mpu_set_gyro_fsr  inv_mpu.o
    0x08006666   0x08006666   0x00000002   PAD
    0x08006668   0x08006668   0x0000006e   Code   RO          191    .text.mpu_set_lpf   inv_mpu.o
    0x080066d6   0x080066d6   0x00000002   PAD
    0x080066d8   0x080066d8   0x000000d8   Code   RO          193    .text.mpu_set_sample_rate  inv_mpu.o
    0x080067b0   0x080067b0   0x000000ee   Code   RO          199    .text.mpu_set_sensors  inv_mpu.o
    0x0800689e   0x0800689e   0x00000002   PAD
    0x080068a0   0x080068a0   0x0000006a   Code   RO          259    .text.mpu_write_mem  inv_mpu.o
    0x0800690a   0x0800690a   0x00000002   PAD
    0x0800690c   0x0800690c   0x000000b0   Code   RO          573    .text.new_model     nnom.o
    0x080069bc   0x080069bc   0x00000098   Code   RO          663    .text.new_tensor    nnom_tensor.o
    0x08006a54   0x08006a54   0x00000012   Code   RO          565    .text.nnom_alignto  nnom.o
    0x08006a66   0x08006a66   0x00000002   PAD
    0x08006a68   0x08006a68   0x00000002   Code   RO          567    .text.nnom_free     nnom.o
    0x08006a6a   0x08006a6a   0x00000002   PAD
    0x08006a6c   0x08006a6c   0x00000080   Code   RO          569    .text.nnom_mem      nnom.o
    0x08006aec   0x08006aec   0x00000022   Code   RO          561    .text.nnom_set_static_buf  nnom.o
    0x08006b0e   0x08006b0e   0x00000002   PAD
    0x08006b10   0x08006b10   0x00000020   Code   RO         1058    .text.output_run    nnom_output.o
    0x08006b30   0x08006b30   0x00000038   Code   RO         1056    .text.output_s      nnom_output.o
    0x08006b68   0x08006b68   0x00000024   Code   RO          748    .text.relu_run      nnom_activation.o
    0x08006b8c   0x08006b8c   0x00000008   Code   RO          635    .text.shape         nnom_layers.o
    0x08006b94   0x08006b94   0x00000036   Code   RO         1122    .text.softmax_build  nnom_softmax.o
    0x08006bca   0x08006bca   0x00000002   PAD
    0x08006bcc   0x08006bcc   0x00000024   Code   RO         1120    .text.softmax_run   nnom_softmax.o
    0x08006bf0   0x08006bf0   0x00000058   Code   RO         1116    .text.softmax_s     nnom_softmax.o
    0x08006c48   0x08006c48   0x0000000a   Code   RO          639    .text.stride        nnom_layers.o
    0x08006c52   0x08006c52   0x00000002   PAD
    0x08006c54   0x08006c54   0x00000062   Code   RO          671    .text.tensor_cpy_attr  nnom_tensor.o
    0x08006cb6   0x08006cb6   0x00000002   PAD
    0x08006cb8   0x08006cb8   0x0000000e   Code   RO          661    .text.tensor_get_num_channel  nnom_tensor.o
    0x08006cc6   0x08006cc6   0x00000002   PAD
    0x08006cc8   0x08006cc8   0x00000050   Code   RO          669    .text.tensor_set_attr  nnom_tensor.o
    0x08006d18   0x08006d18   0x0000002a   Code   RO          667    .text.tensor_set_attr_v  nnom_tensor.o
    0x08006d42   0x08006d42   0x00000002   PAD
    0x08006d44   0x08006d44   0x00000028   Code   RO          657    .text.tensor_size   nnom_tensor.o
    0x08006d6c   0x08006d6c   0x00000020   Code   RO         2606    i.__0printf         mc_w.l(printfa.o)
    0x08006d8c   0x08006d8c   0x0000000e   Code   RO         2717    i.__scatterload_copy  mc_w.l(handlers.o)
    0x08006d9a   0x08006d9a   0x00000002   Code   RO         2718    i.__scatterload_null  mc_w.l(handlers.o)
    0x08006d9c   0x08006d9c   0x0000000e   Code   RO         2719    i.__scatterload_zeroinit  mc_w.l(handlers.o)
    0x08006daa   0x08006daa   0x00000002   PAD
    0x08006dac   0x08006dac   0x00000184   Code   RO         2613    i._fp_digits        mc_w.l(printfa.o)
    0x08006f30   0x08006f30   0x000006dc   Code   RO         2614    i._printf_core      mc_w.l(printfa.o)
    0x0800760c   0x0800760c   0x00000024   Code   RO         2615    i._printf_post_padding  mc_w.l(printfa.o)
    0x08007630   0x08007630   0x0000002e   Code   RO         2616    i._printf_pre_padding  mc_w.l(printfa.o)
    0x0800765e   0x0800765e   0x00000002   PAD
    0x08007660   0x08007660   0x0000000c   Code   RO         2352    i.putchar           mc_w.l(putchar.o)
    0x0800766c   0x0800766c   0x00000024   Code   RO         2348    i.puts              mc_w.l(puts.o)
    0x08007690   0x08007690   0x00000094   Code   RO         2341    i.round             m_ws.l(round.o)
    0x08007724   0x08007724   0x00000003   Data   RO          343    .rodata..L__const.dmp_set_orientation.accel_axes  inv_mpu_dmp_motion_driver.o
    0x08007727   0x08007727   0x00000003   Data   RO          342    .rodata..L__const.dmp_set_orientation.gyro_axes  inv_mpu_dmp_motion_driver.o
    0x0800772a   0x0800772a   0x00000004   Data   RO         1880    .rodata.ADCPrescTable  stm32f10x_rcc.o
    0x0800772e   0x0800772e   0x00000010   Data   RO         1879    .rodata.APBAHBPrescTable  stm32f10x_rcc.o
    0x0800773e   0x0800773e   0x00000002   PAD
    0x08007740   0x08007740   0x00000004   Data   RO           96    .rodata.conv1d_1_bias_shift  main.o
    0x08007744   0x08007744   0x00000028   Data   RO           97    .rodata.conv1d_1_config  main.o
    0x0800776c   0x0800776c   0x00000004   Data   RO           95    .rodata.conv1d_1_output_shift  main.o
    0x08007770   0x08007770   0x00000004   Data   RO           83    .rodata.conv1d_bias_shift  main.o
    0x08007774   0x08007774   0x00000028   Data   RO           84    .rodata.conv1d_config  main.o
    0x0800779c   0x0800779c   0x00000004   Data   RO           82    .rodata.conv1d_output_shift  main.o
    0x080077a0   0x080077a0   0x00000008   Data   RO          277    .rodata.cst8        inv_mpu.o
    0x080077a8   0x080077a8   0x00000040   Data   RO          618    .rodata.default_activation_names  nnom.o
    0x080077e8   0x080077e8   0x00000020   Data   RO          619    .rodata.default_cell_names  nnom.o
    0x08007808   0x08007808   0x0000018c   Data   RO          617    .rodata.default_layer_names  nnom.o
    0x08007994   0x08007994   0x00000004   Data   RO          111    .rodata.dense_bias_shift  main.o
    0x08007998   0x08007998   0x00000018   Data   RO          112    .rodata.dense_config  main.o
    0x080079b0   0x080079b0   0x00000004   Data   RO          110    .rodata.dense_output_shift  main.o
    0x080079b4   0x080079b4   0x00000bf6   Data   RO          341    .rodata.dmp_memory  inv_mpu_dmp_motion_driver.o
    0x080085aa   0x080085aa   0x00000002   PAD
    0x080085ac   0x080085ac   0x00000004   Data   RO           99    .rodata.flatten_config  main.o
    0x080085b0   0x080085b0   0x0000000c   Data   RO          274    .rodata.hw          inv_mpu.o
    0x080085bc   0x080085bc   0x00000008   Data   RO           71    .rodata.input_1_config  main.o
    0x080085c4   0x080085c4   0x00000010   Data   RO           98    .rodata.max_pooling1d_config  main.o
    0x080085d4   0x080085d4   0x00000008   Data   RO          119    .rodata.output0_config  main.o
    0x080085dc   0x080085dc   0x0000001e   Data   RO          273    .rodata.reg         inv_mpu.o
    0x080085fa   0x080085fa   0x00000002   PAD
    0x080085fc   0x080085fc   0x00000004   Data   RO          113    .rodata.softmax_config  main.o
    0x08008600   0x08008600   0x00000022   Data   RO           19    .rodata.str1.1      cyberrypotter.o
    0x08008622   0x08008622   0x000000d4   Data   RO           70    .rodata.str1.1      main.o
    0x080086f6   0x080086f6   0x00000384   Data   RO          624    .rodata.str1.1      nnom.o
    0x08008a7a   0x08008a7a   0x00000002   PAD
    0x08008a7c   0x08008a7c   0x00000018   Data   RO           94    .rodata.tensor_conv1d_1_bias_0  main.o
    0x08008a94   0x08008a94   0x0000000f   Data   RO           90    .rodata.tensor_conv1d_1_bias_0_data  main.o
    0x08008aa3   0x08008aa3   0x00000001   PAD
    0x08008aa4   0x08008aa4   0x00000004   Data   RO           92    .rodata.tensor_conv1d_1_bias_0_dec  main.o
    0x08008aa8   0x08008aa8   0x00000002   Data   RO           91    .rodata.tensor_conv1d_1_bias_0_dim  main.o
    0x08008aaa   0x08008aaa   0x00000002   PAD
    0x08008aac   0x08008aac   0x00000004   Data   RO           93    .rodata.tensor_conv1d_1_bias_0_offset  main.o
    0x08008ab0   0x08008ab0   0x00000018   Data   RO           89    .rodata.tensor_conv1d_1_kernel_0  main.o
    0x08008ac8   0x08008ac8   0x00000546   Data   RO           85    .rodata.tensor_conv1d_1_kernel_0_data  main.o
    0x0800900e   0x0800900e   0x00000002   PAD
    0x08009010   0x08009010   0x00000004   Data   RO           87    .rodata.tensor_conv1d_1_kernel_0_dec  main.o
    0x08009014   0x08009014   0x00000006   Data   RO           86    .rodata.tensor_conv1d_1_kernel_0_dim  main.o
    0x0800901a   0x0800901a   0x00000002   PAD
    0x0800901c   0x0800901c   0x00000004   Data   RO           88    .rodata.tensor_conv1d_1_kernel_0_offset  main.o
    0x08009020   0x08009020   0x00000018   Data   RO           81    .rodata.tensor_conv1d_bias_0  main.o
    0x08009038   0x08009038   0x0000001e   Data   RO           77    .rodata.tensor_conv1d_bias_0_data  main.o
    0x08009056   0x08009056   0x00000002   PAD
    0x08009058   0x08009058   0x00000004   Data   RO           79    .rodata.tensor_conv1d_bias_0_dec  main.o
    0x0800905c   0x0800905c   0x00000002   Data   RO           78    .rodata.tensor_conv1d_bias_0_dim  main.o
    0x0800905e   0x0800905e   0x00000002   PAD
    0x08009060   0x08009060   0x00000004   Data   RO           80    .rodata.tensor_conv1d_bias_0_offset  main.o
    0x08009064   0x08009064   0x00000018   Data   RO           76    .rodata.tensor_conv1d_kernel_0  main.o
    0x0800907c   0x0800907c   0x0000010e   Data   RO           72    .rodata.tensor_conv1d_kernel_0_data  main.o
    0x0800918a   0x0800918a   0x00000002   PAD
    0x0800918c   0x0800918c   0x00000004   Data   RO           74    .rodata.tensor_conv1d_kernel_0_dec  main.o
    0x08009190   0x08009190   0x00000006   Data   RO           73    .rodata.tensor_conv1d_kernel_0_dim  main.o
    0x08009196   0x08009196   0x00000002   PAD
    0x08009198   0x08009198   0x00000004   Data   RO           75    .rodata.tensor_conv1d_kernel_0_offset  main.o
    0x0800919c   0x0800919c   0x00000018   Data   RO          109    .rodata.tensor_dense_bias_0  main.o
    0x080091b4   0x080091b4   0x0000000d   Data   RO          105    .rodata.tensor_dense_bias_0_data  main.o
    0x080091c1   0x080091c1   0x00000003   PAD
    0x080091c4   0x080091c4   0x00000004   Data   RO          107    .rodata.tensor_dense_bias_0_dec  main.o
    0x080091c8   0x080091c8   0x00000002   Data   RO          106    .rodata.tensor_dense_bias_0_dim  main.o
    0x080091ca   0x080091ca   0x00000002   PAD
    0x080091cc   0x080091cc   0x00000004   Data   RO          108    .rodata.tensor_dense_bias_0_offset  main.o
    0x080091d0   0x080091d0   0x00000018   Data   RO          104    .rodata.tensor_dense_kernel_0  main.o
    0x080091e8   0x080091e8   0x000003cf   Data   RO          100    .rodata.tensor_dense_kernel_0_data  main.o
    0x080095b7   0x080095b7   0x00000001   PAD
    0x080095b8   0x080095b8   0x00000004   Data   RO          102    .rodata.tensor_dense_kernel_0_dec  main.o
    0x080095bc   0x080095bc   0x00000004   Data   RO          101    .rodata.tensor_dense_kernel_0_dim  main.o
    0x080095c0   0x080095c0   0x00000004   Data   RO          103    .rodata.tensor_dense_kernel_0_offset  main.o
    0x080095c4   0x080095c4   0x00000018   Data   RO           69    .rodata.tensor_input_1  main.o
    0x080095dc   0x080095dc   0x00000004   Data   RO           66    .rodata.tensor_input_1_dec  main.o
    0x080095e0   0x080095e0   0x00000004   Data   RO           65    .rodata.tensor_input_1_dim  main.o
    0x080095e4   0x080095e4   0x00000004   Data   RO           67    .rodata.tensor_input_1_offset  main.o
    0x080095e8   0x080095e8   0x00000018   Data   RO          118    .rodata.tensor_output0  main.o
    0x08009600   0x08009600   0x00000004   Data   RO          115    .rodata.tensor_output0_dec  main.o
    0x08009604   0x08009604   0x00000002   Data   RO          114    .rodata.tensor_output0_dim  main.o
    0x08009606   0x08009606   0x00000002   PAD
    0x08009608   0x08009608   0x00000004   Data   RO          116    .rodata.tensor_output0_offset  main.o
    0x0800960c   0x0800960c   0x00000028   Data   RO          275    .rodata.test        inv_mpu.o
    0x08009634   0x08009634   0x00000020   Data   RO         2716    Region$$Table       anon$$obj.o


    Execution Region RW_IRAM1 (Exec base: 0x20000000, Load base: 0x08009658, Size: 0x00003630, Max: 0x00005000, ABSOLUTE)

    Exec Addr    Load Addr    Size         Type   Attr      Idx    E Section Name        Object

    0x20000000   0x08009658   0x00000004   Data   RW         2680    .data               mc_w.l(stdout.o)
    0x20000004   0x0800965c   0x00000001   Data   RW           18    .data.TIM4_IRQHandler.previous_stuatus  cyberrypotter.o
    0x20000005   0x0800965d   0x00000001   Data   RW          120    .data.model_output  main.o
    0x20000006   0x0800965e   0x00000002   PAD
    0x20000008   0x08009660   0x0000002c   Data   RW          276    .data.st            inv_mpu.o
    0x20000034   0x0800968c   0x00000004   PAD
    0x20000038        -       0x00000024   Zero   RW           17    .bss.Cyberry_Potter_Status  cyberrypotter.o
    0x2000005c        -       0x00000708   Zero   RW           47    .bss.IMU_Data_mAcc  imu.o
    0x20000764        -       0x00000708   Zero   RW           48    .bss.IMU_Data_mGyro  imu.o
    0x20000e6c        -       0x0000000c   Zero   RW           46    .bss.IMU_bias       imu.o
    0x20000e78        -       0x00000001   Zero   RW          383    .bss.TIM3_IRQHandler.first_edge  ir.o
    0x20000e79   0x0800968c   0x00000001   PAD
    0x20000e7a        -       0x00000002   Zero   RW          382    .bss.TIM3_IRQHandler.last_cap  ir.o
    0x20000e7c        -       0x00000001   Zero   RW          384    .bss.TIM3_IRQHandler.timeout_cnt  ir.o
    0x20000e7d   0x0800968c   0x00000003   PAD
    0x20000e80        -       0x00000002   Zero   RW          348    .bss.dmp.2          inv_mpu_dmp_motion_driver.o
    0x20000e82   0x0800968c   0x00000002   PAD
    0x20000e84        -       0x00000002   Zero   RW          349    .bss.dmp.3          inv_mpu_dmp_motion_driver.o
    0x20000e86   0x0800968c   0x00000002   PAD
    0x20000e88        -       0x00000002   Zero   RW          350    .bss.dmp.4          inv_mpu_dmp_motion_driver.o
    0x20000e8a        -       0x00000001   Zero   RW          351    .bss.dmp.5          inv_mpu_dmp_motion_driver.o
    0x20000e8b   0x0800968c   0x00000001   PAD
    0x20000e8c        -       0x00000002   Zero   RW           16    .bss.i              cyberrypotter.o
    0x20000e8e        -       0x00000001   Zero   RW          122    .bss.main.listen_count  main.o
    0x20000e8f        -       0x000001c2   Zero   RW           68    .bss.nnom_input_data  main.o
    0x20001051   0x0800968c   0x00000003   PAD
    0x20001054        -       0x00000004   Zero   RW          620    .bss.nnom_memory_taken  nnom.o
    0x20001058        -       0x00000088   Zero   RW          123    .bss.nnom_model_create.model  main.o
    0x200010e0        -       0x0000000d   Zero   RW          117    .bss.nnom_output_data  main.o
    0x200010ed   0x0800968c   0x00000003   PAD
    0x200010f0        -       0x00000004   Zero   RW          621    .bss.nnom_static_buf  nnom.o
    0x200010f4        -       0x00000004   Zero   RW          623    .bss.nnom_static_buf_curr  nnom.o
    0x200010f8        -       0x00000004   Zero   RW          622    .bss.nnom_static_buf_size  nnom.o
    0x200010fc        -       0x0000012e   Zero   RW          381    .bss.raw_buf        ir.o
    0x2000122a        -       0x00000001   Zero   RW          379    .bss.raw_len        ir.o
    0x2000122b        -       0x00000001   Zero   RW          380    .bss.raw_ready      ir.o
    0x2000122c        -       0x00002000   Zero   RW          121    .bss.static_buf     main.o
    0x2000322c        -       0x00000002   Zero   RW           14    .bss.time_hold_count_ms  cyberrypotter.o
    0x2000322e        -       0x00000002   Zero   RW           15    .bss.time_release_count_ms  cyberrypotter.o
    0x20003230        -       0x00000400   Zero   RW         2318    STACK               startup_stm32f10x_md.o


==============================================================================

Image component sizes


      Code (inc. data)   RO Data    RW Data    ZI Data      Debug   Object Name

       658          0         34          1         42       5126   cyberrypotter.o
        98          0          0          0          0       1458   delay.o
       538          0          0          0          0       5922   hardware.o
      1050          0          0          0          0       5261   iic.o
       368          0          0          0       3612       2408   imu.o
      5170         28         90         44          0      26248   inv_mpu.o
      1796          8       3068          0          7      11055   inv_mpu_dmp_motion_driver.o
       896          0          0          0        308       7439   ir.o
      1590        284       3317          1       8792      11968   main.o
       114          0          0          0          0       3540   misc.o
       312         20          0          0          0       2408   mpu6050.o
      3770        452       1392          0         16      22856   nnom.o
        82          0          0          0          0      12644   nnom_activation.o
        70          0          0          0          0       4760   nnom_baselayer.o
       884          0          0          0          0       7898   nnom_conv2d.o
       460          0          0          0          0       6249   nnom_dense.o
       180          0          0          0          0       4629   nnom_flatten.o
       292          0          0          0          0       5043   nnom_input.o
        46          0          0          0          0       5141   nnom_layers.o
      1560          0          0          0          0      43429   nnom_local.o
       608          0          0          0          0      45744   nnom_local_q15.o
       650          0          0          0          0       6720   nnom_maxpool.o
        88          0          0          0          0       4308   nnom_output.o
       178          0          0          0          0       4569   nnom_softmax.o
       436         36          0          0          0       6906   nnom_tensor.o
        36          8        236          0       1024        808   startup_stm32f10x_md.o
       146          0          0          0          0       2898   stm32f10x_exti.o
       794          0          0          0          0      18486   stm32f10x_flash.o
       402          0          0          0          0       6076   stm32f10x_gpio.o
       188          0         20          0          0       8445   stm32f10x_rcc.o
      1040          0          0          0          0      29808   stm32f10x_tim.o
       248          0          0          0          0       8754   stm32f10x_usart.o
       272          0          0          0          0       2784   system_stm32f10x.o

    ----------------------------------------------------------------------
     25160        836       8220         48      13820     341788   Object Totals
         0          0         32          0          0          0   (incl. Generated)
       140          0         31          2         19          0   (incl. Padding)

    ----------------------------------------------------------------------

      Code (inc. data)   RO Data    RW Data    ZI Data      Debug   Library Member Name

       148         12          0          0          0         88   round.o
         0          0          0          0          0          0   entry.o
         0          0          0          0          0          0   entry10a.o
         0          0          0          0          0          0   entry11a.o
         8          4          0          0          0          0   entry2.o
         4          0          0          0          0          0   entry5.o
         0          0          0          0          0          0   entry7b.o
         0          0          0          0          0          0   entry8b.o
         8          4          0          0          0          0   entry9a.o
        30          0          0          0          0          0   handlers.o
        48         10          0          0          0         68   init.o
         0          0          0          0          0          0   iusefp.o
        98          0          0          0          0         84   ldiv.o
        30          0          0          0          0         68   llshl.o
        36          0          0          0          0         68   llsshr.o
        32          0          0          0          0         68   llushr.o
        26          0          0          0          0         80   memcmp.o
        36          0          0          0          0         68   memcpya.o
        36          0          0          0          0        108   memseta.o
      2258         90          0          0          0        452   printfa.o
        12          6          0          0          0         68   putchar.o
        36          6          0          0          0         80   puts.o
         0          0          0          4          0          0   stdout.o
        44          0          0          0          0         80   uidiv.o
        98          0          0          0          0         92   uldiv.o
        48          0          0          0          0         68   cdcmple.o
        48          0          0          0          0         68   cdrcmple.o
        56          0          0          0          0         88   d2f.o
       334          0          0          0          0        148   dadd.o
       222          0          0          0          0        100   ddiv.o
       186          0          0          0          0        176   depilogue.o
        62          0          0          0          0         80   dfixi.o
        48          0          0          0          0         68   dfixul.o
        34          0          0          0          0         76   dflti.o
       228          0          0          0          0         96   dmul.o
       136          4          0          0          0         92   drnd.o
        38          0          0          0          0         68   f2d.o
       176          0          0          0          0        140   fadd.o
        28          0          0          0          0         68   fcmpeq.o
        28          0          0          0          0         68   fcmple.o
        28          0          0          0          0         68   fcmplt.o
       124          0          0          0          0         88   fdiv.o
       110          0          0          0          0        168   fepilogue.o
        50          0          0          0          0         68   ffixi.o
        18          0          0          0          0         68   fflti.o
        10          0          0          0          0         68   ffltui.o
       100          0          0          0          0         76   fmul.o

    ----------------------------------------------------------------------
      5104        136          0          4          0       3480   Library Totals
         4          0          0          0          0          0   (incl. Padding)

    ----------------------------------------------------------------------

      Code (inc. data)   RO Data    RW Data    ZI Data      Debug   Library Name

       148         12          0          0          0         88   m_ws.l
      2840        120          0          4          0       1384   mc_w.l
      2112          4          0          0          0       2008   mf_w.l

    ----------------------------------------------------------------------
      5104        136          0          4          0       3480   Library Totals

    ----------------------------------------------------------------------

==============================================================================


      Code (inc. data)   RO Data    RW Data    ZI Data      Debug   

     30264        972       8220         52      13820     342876   Grand Totals
     30264        972       8220         52      13820     342876   ELF Image Totals
     30264        972       8220         52          0          0   ROM Totals

==============================================================================

    Total RO  Size (Code + RO Data)                38484 (  37.58kB)
    Total RW  Size (RW Data + ZI Data)             13872 (  13.55kB)
    Total ROM Size (Code + RO Data + RW Data)      38536 (  37.63kB)

==============================================================================

